[2022-04-27T16:21:05.410-0700][gc,phases   ] GC(149)   Other: 3.0ms
[2022-04-27T16:21:05.410-0700][gc,heap     ] GC(149) Eden regions: 255->0(255)
[2022-04-27T16:21:05.410-0700][gc,heap     ] GC(149) Survivor regions: 1->1(32)
[2022-04-27T16:21:05.410-0700][gc,heap     ] GC(149) Old regions: 35->35
[2022-04-27T16:21:05.410-0700][gc,heap     ] GC(149) Archive regions: 2->2
[2022-04-27T16:21:05.410-0700][gc,heap     ] GC(149) Humongous regions: 14->14
[2022-04-27T16:21:05.410-0700][gc,metaspace] GC(149) Metaspace: 67982K(68544K)->67982K(68544K) NonClass: 59989K(60288K)->59989K(60288K) Class: 7993K(8256K)->7993K(8256K)
[2022-04-27T16:21:05.410-0700][gc          ] GC(149) Pause Young (Normal) (G1 Evacuation Pause) 305M->50M(512M) 24.917ms
[2022-04-27T16:21:05.411-0700][gc,cpu      ] GC(149) User=0.01s Sys=0.01s Real=0.03s
[2022-04-27T16:35:17.111-0700][gc,start    ] GC(150) Pause Young (Normal) (G1 Evacuation Pause)
[2022-04-27T16:35:17.111-0700][gc,task     ] GC(150) Using 9 workers of 9 for evacuation
[2022-04-27T16:35:17.135-0700][gc,phases   ] GC(150)   Pre Evacuate Collection Set: 0.6ms
[2022-04-27T16:35:17.135-0700][gc,phases   ] GC(150)   Merge Heap Roots: 0.2ms
[2022-04-27T16:35:17.135-0700][gc,phases   ] GC(150)   Evacuate Collection Set: 22.3ms
[2022-04-27T16:35:17.135-0700][gc,phases   ] GC(150)   Post Evacuate Collection Set: 0.8ms
[2022-04-27T16:35:17.135-0700][gc,phases   ] GC(150)   Other: 0.7ms
[2022-04-27T16:35:17.135-0700][gc,heap     ] GC(150) Eden regions: 255->0(255)
[2022-04-27T16:35:17.135-0700][gc,heap     ] GC(150) Survivor regions: 1->1(32)
[2022-04-27T16:35:17.135-0700][gc,heap     ] GC(150) Old regions: 35->35
[2022-04-27T16:35:17.135-0700][gc,heap     ] GC(150) Archive regions: 2->2
[2022-04-27T16:35:17.135-0700][gc,heap     ] GC(150) Humongous regions: 14->14
[2022-04-27T16:35:17.135-0700][gc,metaspace] GC(150) Metaspace: 67985K(68544K)->67985K(68544K) NonClass: 59992K(60288K)->59992K(60288K) Class: 7993K(8256K)->7993K(8256K)
[2022-04-27T16:35:17.135-0700][gc          ] GC(150) Pause Young (Normal) (G1 Evacuation Pause) 305M->50M(512M) 24.684ms
[2022-04-27T16:35:17.135-0700][gc,cpu      ] GC(150) User=0.00s Sys=0.01s Real=0.02s
[2022-04-27T16:49:32.139-0700][gc,start    ] GC(151) Pause Young (Normal) (G1 Evacuation Pause)
[2022-04-27T16:49:32.140-0700][gc,task     ] GC(151) Using 9 workers of 9 for evacuation
[2022-04-27T16:49:32.154-0700][gc,phases   ] GC(151)   Pre Evacuate Collection Set: 1.3ms
[2022-04-27T16:49:32.154-0700][gc,phases   ] GC(151)   Merge Heap Roots: 0.3ms
[2022-04-27T16:49:32.154-0700][gc,phases   ] GC(151)   Evacuate Collection Set: 11.8ms
[2022-04-27T16:49:32.154-0700][gc,phases   ] GC(151)   Post Evacuate Collection Set: 1.0ms
[2022-04-27T16:49:32.155-0700][gc,phases   ] GC(151)   Other: 1.3ms
[2022-04-27T16:49:32.155-0700][gc,heap     ] GC(151) Eden regions: 255->0(255)
[2022-04-27T16:49:32.155-0700][gc,heap     ] GC(151) Survivor regions: 1->1(32)
[2022-04-27T16:49:32.155-0700][gc,heap     ] GC(151) Old regions: 35->35
[2022-04-27T16:49:32.155-0700][gc,heap     ] GC(151) Archive regions: 2->2
[2022-04-27T16:49:32.155-0700][gc,heap     ] GC(151) Humongous regions: 20->20
[2022-04-27T16:49:32.155-0700][gc,metaspace] GC(151) Metaspace: 67986K(68544K)->67986K(68544K) NonClass: 59992K(60288K)->59992K(60288K) Class: 7993K(8256K)->7993K(8256K)
[2022-04-27T16:49:32.155-0700][gc          ] GC(151) Pause Young (Normal) (G1 Evacuation Pause) 311M->56M(512M) 15.825ms
[2022-04-27T16:49:32.155-0700][gc,cpu      ] GC(151) User=0.00s Sys=0.01s Real=0.02s
[2022-04-27T17:03:45.071-0700][gc,start    ] GC(152) Pause Young (Normal) (G1 Evacuation Pause)
[2022-04-27T17:03:45.073-0700][gc,task     ] GC(152) Using 9 workers of 9 for evacuation
[2022-04-27T17:03:45.094-0700][gc,phases   ] GC(152)   Pre Evacuate Collection Set: 1.0ms
[2022-04-27T17:03:45.094-0700][gc,phases   ] GC(152)   Merge Heap Roots: 0.3ms
[2022-04-27T17:03:45.094-0700][gc,phases   ] GC(152)   Evacuate Collection Set: 17.9ms
[2022-04-27T17:03:45.094-0700][gc,phases   ] GC(152)   Post Evacuate Collection Set: 1.2ms
[2022-04-27T17:03:45.094-0700][gc,phases   ] GC(152)   Other: 2.0ms
[2022-04-27T17:03:45.094-0700][gc,heap     ] GC(152) Eden regions: 255->0(255)
[2022-04-27T17:03:45.094-0700][gc,heap     ] GC(152) Survivor regions: 1->1(32)
[2022-04-27T17:03:45.094-0700][gc,heap     ] GC(152) Old regions: 35->35
[2022-04-27T17:03:45.094-0700][gc,heap     ] GC(152) Archive regions: 2->2
[2022-04-27T17:03:45.094-0700][gc,heap     ] GC(152) Humongous regions: 20->20
[2022-04-27T17:03:45.094-0700][gc,metaspace] GC(152) Metaspace: 67986K(68544K)->67986K(68544K) NonClass: 59992K(60288K)->59992K(60288K) Class: 7993K(8256K)->7993K(8256K)
[2022-04-27T17:03:45.094-0700][gc          ] GC(152) Pause Young (Normal) (G1 Evacuation Pause) 311M->56M(512M) 22.409ms
[2022-04-27T17:03:45.094-0700][gc,cpu      ] GC(152) User=0.01s Sys=0.02s Real=0.02s
[2022-04-27T17:17:58.081-0700][gc,start    ] GC(153) Pause Young (Normal) (G1 Evacuation Pause)
[2022-04-27T17:17:58.083-0700][gc,task     ] GC(153) Using 9 workers of 9 for evacuation
[2022-04-27T17:17:58.098-0700][gc,phases   ] GC(153)   Pre Evacuate Collection Set: 1.5ms
[2022-04-27T17:17:58.098-0700][gc,phases   ] GC(153)   Merge Heap Roots: 0.2ms
[2022-04-27T17:17:58.098-0700][gc,phases   ] GC(153)   Evacuate Collection Set: 10.9ms
[2022-04-27T17:17:58.098-0700][gc,phases   ] GC(153)   Post Evacuate Collection Set: 1.4ms
[2022-04-27T17:17:58.098-0700][gc,phases   ] GC(153)   Other: 3.1ms
[2022-04-27T17:17:58.098-0700][gc,heap     ] GC(153) Eden regions: 255->0(255)
[2022-04-27T17:17:58.098-0700][gc,heap     ] GC(153) Survivor regions: 1->1(32)
[2022-04-27T17:17:58.098-0700][gc,heap     ] GC(153) Old regions: 35->35
[2022-04-27T17:17:58.098-0700][gc,heap     ] GC(153) Archive regions: 2->2
[2022-04-27T17:17:58.098-0700][gc,heap     ] GC(153) Humongous regions: 20->20
[2022-04-27T17:17:58.098-0700][gc,metaspace] GC(153) Metaspace: 67986K(68544K)->67986K(68544K) NonClass: 59992K(60288K)->59992K(60288K) Class: 7993K(8256K)->7993K(8256K)
[2022-04-27T17:17:58.098-0700][gc          ] GC(153) Pause Young (Normal) (G1 Evacuation Pause) 311M->56M(512M) 17.146ms
[2022-04-27T17:17:58.098-0700][gc,cpu      ] GC(153) User=0.01s Sys=0.03s Real=0.01s
[2022-04-27T17:31:59.087-0700][gc,start    ] GC(154) Pause Young (Normal) (G1 Evacuation Pause)
[2022-04-27T17:31:59.089-0700][gc,task     ] GC(154) Using 9 workers of 9 for evacuation
[2022-04-27T17:31:59.101-0700][gc,phases   ] GC(154)   Pre Evacuate Collection Set: 0.7ms
[2022-04-27T17:31:59.101-0700][gc,phases   ] GC(154)   Merge Heap Roots: 0.4ms
[2022-04-27T17:31:59.101-0700][gc,phases   ] GC(154)   Evacuate Collection Set: 8.8ms
[2022-04-27T17:31:59.101-0700][gc,phases   ] GC(154)   Post Evacuate Collection Set: 1.3ms
[2022-04-27T17:31:59.101-0700][gc,phases   ] GC(154)   Other: 2.6ms
[2022-04-27T17:31:59.101-0700][gc,heap     ] GC(154) Eden regions: 255->0(255)
[2022-04-27T17:31:59.101-0700][gc,heap     ] GC(154) Survivor regions: 1->1(32)
[2022-04-27T17:31:59.101-0700][gc,heap     ] GC(154) Old regions: 35->35
[2022-04-27T17:31:59.101-0700][gc,heap     ] GC(154) Archive regions: 2->2
[2022-04-27T17:31:59.101-0700][gc,heap     ] GC(154) Humongous regions: 20->20
[2022-04-27T17:31:59.101-0700][gc,metaspace] GC(154) Metaspace: 67994K(68608K)->67994K(68608K) NonClass: 60000K(60352K)->60000K(60352K) Class: 7993K(8256K)->7993K(8256K)
[2022-04-27T17:31:59.101-0700][gc          ] GC(154) Pause Young (Normal) (G1 Evacuation Pause) 311M->56M(512M) 13.800ms
[2022-04-27T17:31:59.101-0700][gc,cpu      ] GC(154) User=0.01s Sys=0.02s Real=0.02s
[2022-04-27T17:46:15.584-0700][gc,start    ] GC(155) Pause Young (Normal) (G1 Evacuation Pause)
[2022-04-27T17:46:15.587-0700][gc,task     ] GC(155) Using 9 workers of 9 for evacuation
[2022-04-27T17:46:15.601-0700][gc,phases   ] GC(155)   Pre Evacuate Collection Set: 1.8ms
[2022-04-27T17:46:15.601-0700][gc,phases   ] GC(155)   Merge Heap Roots: 0.5ms
[2022-04-27T17:46:15.601-0700][gc,phases   ] GC(155)   Evacuate Collection Set: 9.6ms
[2022-04-27T17:46:15.601-0700][gc,phases   ] GC(155)   Post Evacuate Collection Set: 2.1ms
[2022-04-27T17:46:15.601-0700][gc,phases   ] GC(155)   Other: 2.6ms
[2022-04-27T17:46:15.601-0700][gc,heap     ] GC(155) Eden regions: 255->0(255)
[2022-04-27T17:46:15.601-0700][gc,heap     ] GC(155) Survivor regions: 1->1(32)
[2022-04-27T17:46:15.601-0700][gc,heap     ] GC(155) Old regions: 35->35
[2022-04-27T17:46:15.601-0700][gc,heap     ] GC(155) Archive regions: 2->2
[2022-04-27T17:46:15.601-0700][gc,heap     ] GC(155) Humongous regions: 20->20
[2022-04-27T17:46:15.601-0700][gc,metaspace] GC(155) Metaspace: 67994K(68608K)->67994K(68608K) NonClass: 60000K(60352K)->60000K(60352K) Class: 7993K(8256K)->7993K(8256K)
[2022-04-27T17:46:15.601-0700][gc          ] GC(155) Pause Young (Normal) (G1 Evacuation Pause) 311M->56M(512M) 16.777ms
[2022-04-27T17:46:15.601-0700][gc,cpu      ] GC(155) User=0.01s Sys=0.02s Real=0.02s
[2022-04-27T18:00:20.060-0700][gc,start    ] GC(156) Pause Young (Normal) (G1 Evacuation Pause)
[2022-04-27T18:00:20.061-0700][gc,task     ] GC(156) Using 9 workers of 9 for evacuation
[2022-04-27T18:00:20.087-0700][gc,phases   ] GC(156)   Pre Evacuate Collection Set: 1.0ms
[2022-04-27T18:00:20.087-0700][gc,phases   ] GC(156)   Merge Heap Roots: 0.3ms
[2022-04-27T18:00:20.087-0700][gc,phases   ] GC(156)   Evacuate Collection Set: 23.1ms
[2022-04-27T18:00:20.088-0700][gc,phases   ] GC(156)   Post Evacuate Collection Set: 1.5ms
[2022-04-27T18:00:20.088-0700][gc,phases   ] GC(156)   Other: 1.8ms
[2022-04-27T18:00:20.088-0700][gc,heap     ] GC(156) Eden regions: 255->0(255)
[2022-04-27T18:00:20.088-0700][gc,heap     ] GC(156) Survivor regions: 1->1(32)
[2022-04-27T18:00:20.088-0700][gc,heap     ] GC(156) Old regions: 35->35
[2022-04-27T18:00:20.088-0700][gc,heap     ] GC(156) Archive regions: 2->2
[2022-04-27T18:00:20.088-0700][gc,heap     ] GC(156) Humongous regions: 20->20
[2022-04-27T18:00:20.088-0700][gc,metaspace] GC(156) Metaspace: 67994K(68608K)->67994K(68608K) NonClass: 60000K(60352K)->60000K(60352K) Class: 7993K(8256K)->7993K(8256K)
[2022-04-27T18:00:20.088-0700][gc          ] GC(156) Pause Young (Normal) (G1 Evacuation Pause) 311M->56M(512M) 27.796ms
[2022-04-27T18:00:20.088-0700][gc,cpu      ] GC(156) User=0.01s Sys=0.02s Real=0.02s
[2022-04-27T18:15:41.905-0700][gc,start    ] GC(157) Pause Young (Normal) (G1 Evacuation Pause)
[2022-04-27T18:15:41.906-0700][gc,task     ] GC(157) Using 9 workers of 9 for evacuation
[2022-04-27T18:15:41.921-0700][gc,phases   ] GC(157)   Pre Evacuate Collection Set: 3.7ms
[2022-04-27T18:15:41.921-0700][gc,phases   ] GC(157)   Merge Heap Roots: 0.5ms
[2022-04-27T18:15:41.921-0700][gc,phases   ] GC(157)   Evacuate Collection Set: 5.7ms
[2022-04-27T18:15:41.921-0700][gc,phases   ] GC(157)   Post Evacuate Collection Set: 3.8ms
[2022-04-27T18:15:41.921-0700][gc,phases   ] GC(157)   Other: 3.2ms
[2022-04-27T18:15:41.921-0700][gc,heap     ] GC(157) Eden regions: 255->0(255)
[2022-04-27T18:15:41.921-0700][gc,heap     ] GC(157) Survivor regions: 1->1(32)
[2022-04-27T18:15:41.921-0700][gc,heap     ] GC(157) Old regions: 35->35
[2022-04-27T18:15:41.921-0700][gc,heap     ] GC(157) Archive regions: 2->2
[2022-04-27T18:15:41.921-0700][gc,heap     ] GC(157) Humongous regions: 20->20
[2022-04-27T18:15:41.921-0700][gc,metaspace] GC(157) Metaspace: 67994K(68608K)->67994K(68608K) NonClass: 60000K(60352K)->60000K(60352K) Class: 7993K(8256K)->7993K(8256K)
[2022-04-27T18:15:41.921-0700][gc          ] GC(157) Pause Young (Normal) (G1 Evacuation Pause) 311M->56M(512M) 16.870ms
[2022-04-27T18:15:41.921-0700][gc,cpu      ] GC(157) User=0.01s Sys=0.02s Real=0.02s
[2022-04-27T18:31:31.524-0700][gc,start    ] GC(158) Pause Young (Normal) (G1 Evacuation Pause)
[2022-04-27T18:31:31.525-0700][gc,task     ] GC(158) Using 9 workers of 9 for evacuation
[2022-04-27T18:31:31.534-0700][gc,phases   ] GC(158)   Pre Evacuate Collection Set: 0.5ms
[2022-04-27T18:31:31.535-0700][gc,phases   ] GC(158)   Merge Heap Roots: 0.2ms
[2022-04-27T18:31:31.535-0700][gc,phases   ] GC(158)   Evacuate Collection Set: 8.0ms
[2022-04-27T18:31:31.535-0700][gc,phases   ] GC(158)   Post Evacuate Collection Set: 1.0ms
[2022-04-27T18:31:31.535-0700][gc,phases   ] GC(158)   Other: 1.2ms
[2022-04-27T18:31:31.535-0700][gc,heap     ] GC(158) Eden regions: 255->0(255)
[2022-04-27T18:31:31.535-0700][gc,heap     ] GC(158) Survivor regions: 1->1(32)
[2022-04-27T18:31:31.535-0700][gc,heap     ] GC(158) Old regions: 35->35
[2022-04-27T18:31:31.535-0700][gc,heap     ] GC(158) Archive regions: 2->2
[2022-04-27T18:31:31.535-0700][gc,heap     ] GC(158) Humongous regions: 20->20
[2022-04-27T18:31:31.535-0700][gc,metaspace] GC(158) Metaspace: 67995K(68608K)->67995K(68608K) NonClass: 60001K(60352K)->60001K(60352K) Class: 7993K(8256K)->7993K(8256K)
[2022-04-27T18:31:31.535-0700][gc          ] GC(158) Pause Young (Normal) (G1 Evacuation Pause) 311M->56M(512M) 11.018ms
[2022-04-27T18:31:31.535-0700][gc,cpu      ] GC(158) User=0.01s Sys=0.01s Real=0.01s
[2022-04-27T18:47:41.513-0700][gc,start    ] GC(159) Pause Young (Normal) (G1 Evacuation Pause)
[2022-04-27T18:47:41.515-0700][gc,task     ] GC(159) Using 9 workers of 9 for evacuation
[2022-04-27T18:47:41.535-0700][gc,phases   ] GC(159)   Pre Evacuate Collection Set: 1.5ms
[2022-04-27T18:47:41.535-0700][gc,phases   ] GC(159)   Merge Heap Roots: 0.3ms
[2022-04-27T18:47:41.535-0700][gc,phases   ] GC(159)   Evacuate Collection Set: 16.5ms
[2022-04-27T18:47:41.535-0700][gc,phases   ] GC(159)   Post Evacuate Collection Set: 1.1ms
[2022-04-27T18:47:41.535-0700][gc,phases   ] GC(159)   Other: 2.2ms
[2022-04-27T18:47:41.535-0700][gc,heap     ] GC(159) Eden regions: 255->0(255)
[2022-04-27T18:47:41.535-0700][gc,heap     ] GC(159) Survivor regions: 1->1(32)
[2022-04-27T18:47:41.535-0700][gc,heap     ] GC(159) Old regions: 35->35
[2022-04-27T18:47:41.535-0700][gc,heap     ] GC(159) Archive regions: 2->2
[2022-04-27T18:47:41.535-0700][gc,heap     ] GC(159) Humongous regions: 20->20
[2022-04-27T18:47:41.535-0700][gc,metaspace] GC(159) Metaspace: 67995K(68608K)->67995K(68608K) NonClass: 60001K(60352K)->60001K(60352K) Class: 7993K(8256K)->7993K(8256K)
[2022-04-27T18:47:41.535-0700][gc          ] GC(159) Pause Young (Normal) (G1 Evacuation Pause) 311M->56M(512M) 21.748ms
[2022-04-27T18:47:41.535-0700][gc,cpu      ] GC(159) User=0.01s Sys=0.02s Real=0.02s
[2022-04-27T19:03:55.177-0700][gc,start    ] GC(160) Pause Young (Normal) (G1 Evacuation Pause)
[2022-04-27T19:03:55.179-0700][gc,task     ] GC(160) Using 9 workers of 9 for evacuation
[2022-04-27T19:03:55.202-0700][gc,phases   ] GC(160)   Pre Evacuate Collection Set: 0.7ms
[2022-04-27T19:03:55.202-0700][gc,phases   ] GC(160)   Merge Heap Roots: 0.3ms
[2022-04-27T19:03:55.202-0700][gc,phases   ] GC(160)   Evacuate Collection Set: 20.6ms
[2022-04-27T19:03:55.202-0700][gc,phases   ] GC(160)   Post Evacuate Collection Set: 1.3ms
[2022-04-27T19:03:55.202-0700][gc,phases   ] GC(160)   Other: 2.1ms
[2022-04-27T19:03:55.202-0700][gc,heap     ] GC(160) Eden regions: 255->0(255)
[2022-04-27T19:03:55.202-0700][gc,heap     ] GC(160) Survivor regions: 1->1(32)
[2022-04-27T19:03:55.202-0700][gc,heap     ] GC(160) Old regions: 35->35
[2022-04-27T19:03:55.202-0700][gc,heap     ] GC(160) Archive regions: 2->2
[2022-04-27T19:03:55.202-0700][gc,heap     ] GC(160) Humongous regions: 20->20
[2022-04-27T19:03:55.202-0700][gc,metaspace] GC(160) Metaspace: 67995K(68608K)->67995K(68608K) NonClass: 60001K(60352K)->60001K(60352K) Class: 7993K(8256K)->7993K(8256K)
[2022-04-27T19:03:55.202-0700][gc          ] GC(160) Pause Young (Normal) (G1 Evacuation Pause) 311M->56M(512M) 25.242ms
[2022-04-27T19:03:55.202-0700][gc,cpu      ] GC(160) User=0.01s Sys=0.02s Real=0.03s
[2022-04-27T19:22:05.865-0700][gc,start    ] GC(161) Pause Young (Normal) (G1 Evacuation Pause)
[2022-04-27T19:22:05.867-0700][gc,task     ] GC(161) Using 9 workers of 9 for evacuation
[2022-04-27T19:22:05.889-0700][gc,phases   ] GC(161)   Pre Evacuate Collection Set: 1.3ms
[2022-04-27T19:22:05.889-0700][gc,phases   ] GC(161)   Merge Heap Roots: 0.8ms
[2022-04-27T19:22:05.889-0700][gc,phases   ] GC(161)   Evacuate Collection Set: 18.9ms
[2022-04-27T19:22:05.889-0700][gc,phases   ] GC(161)   Post Evacuate Collection Set: 0.7ms
[2022-04-27T19:22:05.889-0700][gc,phases   ] GC(161)   Other: 2.4ms
[2022-04-27T19:22:05.889-0700][gc,heap     ] GC(161) Eden regions: 255->0(255)
[2022-04-27T19:22:05.889-0700][gc,heap     ] GC(161) Survivor regions: 1->1(32)
[2022-04-27T19:22:05.889-0700][gc,heap     ] GC(161) Old regions: 35->35
[2022-04-27T19:22:05.889-0700][gc,heap     ] GC(161) Archive regions: 2->2
[2022-04-27T19:22:05.889-0700][gc,heap     ] GC(161) Humongous regions: 20->20
[2022-04-27T19:22:05.889-0700][gc,metaspace] GC(161) Metaspace: 68006K(68608K)->68006K(68608K) NonClass: 60012K(60352K)->60012K(60352K) Class: 7993K(8256K)->7993K(8256K)
[2022-04-27T19:22:05.889-0700][gc          ] GC(161) Pause Young (Normal) (G1 Evacuation Pause) 311M->56M(512M) 24.158ms
[2022-04-27T19:22:05.889-0700][gc,cpu      ] GC(161) User=0.01s Sys=0.01s Real=0.02s
[2022-04-27T19:36:59.020-0700][gc,start    ] GC(162) Pause Young (Normal) (G1 Evacuation Pause)
[2022-04-27T19:36:59.022-0700][gc,task     ] GC(162) Using 9 workers of 9 for evacuation
[2022-04-27T19:36:59.049-0700][gc,phases   ] GC(162)   Pre Evacuate Collection Set: 1.0ms
[2022-04-27T19:36:59.049-0700][gc,phases   ] GC(162)   Merge Heap Roots: 0.8ms
[2022-04-27T19:36:59.049-0700][gc,phases   ] GC(162)   Evacuate Collection Set: 17.1ms
[2022-04-27T19:36:59.049-0700][gc,phases   ] GC(162)   Post Evacuate Collection Set: 8.2ms
[2022-04-27T19:36:59.049-0700][gc,phases   ] GC(162)   Other: 2.2ms
[2022-04-27T19:36:59.049-0700][gc,heap     ] GC(162) Eden regions: 255->0(255)
[2022-04-27T19:36:59.049-0700][gc,heap     ] GC(162) Survivor regions: 1->1(32)
[2022-04-27T19:36:59.049-0700][gc,heap     ] GC(162) Old regions: 35->35
[2022-04-27T19:36:59.049-0700][gc,heap     ] GC(162) Archive regions: 2->2
[2022-04-27T19:36:59.049-0700][gc,heap     ] GC(162) Humongous regions: 20->20
[2022-04-27T19:36:59.049-0700][gc,metaspace] GC(162) Metaspace: 68006K(68608K)->68006K(68608K) NonClass: 60012K(60352K)->60012K(60352K) Class: 7993K(8256K)->7993K(8256K)
[2022-04-27T19:36:59.049-0700][gc          ] GC(162) Pause Young (Normal) (G1 Evacuation Pause) 311M->56M(512M) 29.330ms
[2022-04-27T19:36:59.049-0700][gc,cpu      ] GC(162) User=0.01s Sys=0.03s Real=0.02s
[2022-04-27T19:51:12.294-0700][gc,start    ] GC(163) Pause Young (Normal) (G1 Evacuation Pause)
[2022-04-27T19:51:12.295-0700][gc,task     ] GC(163) Using 9 workers of 9 for evacuation
[2022-04-27T19:51:12.298-0700][gc,phases   ] GC(163)   Pre Evacuate Collection Set: 0.4ms
[2022-04-27T19:51:12.298-0700][gc,phases   ] GC(163)   Merge Heap Roots: 0.2ms
[2022-04-27T19:51:12.298-0700][gc,phases   ] GC(163)   Evacuate Collection Set: 1.6ms
[2022-04-27T19:51:12.298-0700][gc,phases   ] GC(163)   Post Evacuate Collection Set: 0.6ms
[2022-04-27T19:51:12.298-0700][gc,phases   ] GC(163)   Other: 1.8ms
[2022-04-27T19:51:12.298-0700][gc,heap     ] GC(163) Eden regions: 255->0(255)
[2022-04-27T19:51:12.298-0700][gc,heap     ] GC(163) Survivor regions: 1->1(32)
[2022-04-27T19:51:12.298-0700][gc,heap     ] GC(163) Old regions: 35->35
[2022-04-27T19:51:12.298-0700][gc,heap     ] GC(163) Archive regions: 2->2
[2022-04-27T19:51:12.298-0700][gc,heap     ] GC(163) Humongous regions: 20->20
[2022-04-27T19:51:12.298-0700][gc,metaspace] GC(163) Metaspace: 68006K(68608K)->68006K(68608K) NonClass: 60012K(60352K)->60012K(60352K) Class: 7993K(8256K)->7993K(8256K)
[2022-04-27T19:51:12.298-0700][gc          ] GC(163) Pause Young (Normal) (G1 Evacuation Pause) 311M->56M(512M) 4.635ms
[2022-04-27T19:51:12.298-0700][gc,cpu      ] GC(163) User=0.01s Sys=0.01s Real=0.00s
[2022-04-27T20:05:27.268-0700][gc,start    ] GC(164) Pause Young (Normal) (G1 Evacuation Pause)
[2022-04-27T20:05:27.270-0700][gc,task     ] GC(164) Using 9 workers of 9 for evacuation
[2022-04-27T20:05:27.292-0700][gc,phases   ] GC(164)   Pre Evacuate Collection Set: 2.0ms
[2022-04-27T20:05:27.292-0700][gc,phases   ] GC(164)   Merge Heap Roots: 0.5ms
[2022-04-27T20:05:27.292-0700][gc,phases   ] GC(164)   Evacuate Collection Set: 15.8ms
[2022-04-27T20:05:27.292-0700][gc,phases   ] GC(164)   Post Evacuate Collection Set: 2.7ms
[2022-04-27T20:05:27.292-0700][gc,phases   ] GC(164)   Other: 2.8ms
[2022-04-27T20:05:27.292-0700][gc,heap     ] GC(164) Eden regions: 255->0(255)
[2022-04-27T20:05:27.292-0700][gc,heap     ] GC(164) Survivor regions: 1->1(32)
[2022-04-27T20:05:27.292-0700][gc,heap     ] GC(164) Old regions: 35->35
[2022-04-27T20:05:27.292-0700][gc,heap     ] GC(164) Archive regions: 2->2
[2022-04-27T20:05:27.292-0700][gc,heap     ] GC(164) Humongous regions: 20->20
[2022-04-27T20:05:27.292-0700][gc,metaspace] GC(164) Metaspace: 68007K(68608K)->68007K(68608K) NonClass: 60013K(60352K)->60013K(60352K) Class: 7993K(8256K)->7993K(8256K)
[2022-04-27T20:05:27.292-0700][gc          ] GC(164) Pause Young (Normal) (G1 Evacuation Pause) 311M->56M(512M) 24.334ms
[2022-04-27T20:05:27.292-0700][gc,cpu      ] GC(164) User=0.02s Sys=0.02s Real=0.03s
[2022-04-27T20:19:41.756-0700][gc,start    ] GC(165) Pause Young (Normal) (G1 Evacuation Pause)
[2022-04-27T20:19:41.758-0700][gc,task     ] GC(165) Using 9 workers of 9 for evacuation
[2022-04-27T20:19:41.772-0700][gc,phases   ] GC(165)   Pre Evacuate Collection Set: 1.0ms
[2022-04-27T20:19:41.772-0700][gc,phases   ] GC(165)   Merge Heap Roots: 0.3ms
[2022-04-27T20:19:41.772-0700][gc,phases   ] GC(165)   Evacuate Collection Set: 9.7ms
[2022-04-27T20:19:41.772-0700][gc,phases   ] GC(165)   Post Evacuate Collection Set: 2.0ms
[2022-04-27T20:19:41.772-0700][gc,phases   ] GC(165)   Other: 3.0ms
[2022-04-27T20:19:41.772-0700][gc,heap     ] GC(165) Eden regions: 255->0(255)
[2022-04-27T20:19:41.772-0700][gc,heap     ] GC(165) Survivor regions: 1->1(32)
[2022-04-27T20:19:41.772-0700][gc,heap     ] GC(165) Old regions: 35->35
[2022-04-27T20:19:41.772-0700][gc,heap     ] GC(165) Archive regions: 2->2
[2022-04-27T20:19:41.772-0700][gc,heap     ] GC(165) Humongous regions: 20->20
[2022-04-27T20:19:41.772-0700][gc,metaspace] GC(165) Metaspace: 68007K(68608K)->68007K(68608K) NonClass: 60013K(60352K)->60013K(60352K) Class: 7993K(8256K)->7993K(8256K)
[2022-04-27T20:19:41.772-0700][gc          ] GC(165) Pause Young (Normal) (G1 Evacuation Pause) 311M->56M(512M) 16.319ms
[2022-04-27T20:19:41.772-0700][gc,cpu      ] GC(165) User=0.01s Sys=0.01s Real=0.02s
[2022-04-27T20:33:55.108-0700][gc,start    ] GC(166) Pause Young (Normal) (G1 Evacuation Pause)
[2022-04-27T20:33:55.109-0700][gc,task     ] GC(166) Using 9 workers of 9 for evacuation
[2022-04-27T20:33:55.117-0700][gc,phases   ] GC(166)   Pre Evacuate Collection Set: 1.3ms
[2022-04-27T20:33:55.117-0700][gc,phases   ] GC(166)   Merge Heap Roots: 0.3ms
[2022-04-27T20:33:55.117-0700][gc,phases   ] GC(166)   Evacuate Collection Set: 4.3ms
[2022-04-27T20:33:55.117-0700][gc,phases   ] GC(166)   Post Evacuate Collection Set: 1.3ms
[2022-04-27T20:33:55.117-0700][gc,phases   ] GC(166)   Other: 1.5ms
[2022-04-27T20:33:55.117-0700][gc,heap     ] GC(166) Eden regions: 255->0(255)
[2022-04-27T20:33:55.117-0700][gc,heap     ] GC(166) Survivor regions: 1->1(32)
[2022-04-27T20:33:55.117-0700][gc,heap     ] GC(166) Old regions: 35->35
[2022-04-27T20:33:55.117-0700][gc,heap     ] GC(166) Archive regions: 2->2
[2022-04-27T20:33:55.117-0700][gc,heap     ] GC(166) Humongous regions: 20->20
[2022-04-27T20:33:55.117-0700][gc,metaspace] GC(166) Metaspace: 68007K(68608K)->68007K(68608K) NonClass: 60013K(60352K)->60013K(60352K) Class: 7993K(8256K)->7993K(8256K)
[2022-04-27T20:33:55.117-0700][gc          ] GC(166) Pause Young (Normal) (G1 Evacuation Pause) 311M->56M(512M) 8.980ms
[2022-04-27T20:33:55.117-0700][gc,cpu      ] GC(166) User=0.01s Sys=0.03s Real=0.01s
[2022-04-27T20:48:08.005-0700][gc,start    ] GC(167) Pause Young (Normal) (G1 Evacuation Pause)
[2022-04-27T20:48:08.005-0700][gc,task     ] GC(167) Using 9 workers of 9 for evacuation
[2022-04-27T20:48:08.034-0700][gc,phases   ] GC(167)   Pre Evacuate Collection Set: 0.4ms
[2022-04-27T20:48:08.034-0700][gc,phases   ] GC(167)   Merge Heap Roots: 0.3ms
[2022-04-27T20:48:08.034-0700][gc,phases   ] GC(167)   Evacuate Collection Set: 14.0ms
[2022-04-27T20:48:08.034-0700][gc,phases   ] GC(167)   Post Evacuate Collection Set: 14.3ms
[2022-04-27T20:48:08.034-0700][gc,phases   ] GC(167)   Other: 1.0ms
[2022-04-27T20:48:08.034-0700][gc,heap     ] GC(167) Eden regions: 255->0(255)
[2022-04-27T20:48:08.034-0700][gc,heap     ] GC(167) Survivor regions: 1->1(32)
[2022-04-27T20:48:08.034-0700][gc,heap     ] GC(167) Old regions: 35->35
[2022-04-27T20:48:08.034-0700][gc,heap     ] GC(167) Archive regions: 2->2
[2022-04-27T20:48:08.034-0700][gc,heap     ] GC(167) Humongous regions: 20->20
[2022-04-27T20:48:08.034-0700][gc,metaspace] GC(167) Metaspace: 68007K(68608K)->68007K(68608K) NonClass: 60013K(60352K)->60013K(60352K) Class: 7993K(8256K)->7993K(8256K)
[2022-04-27T20:48:08.034-0700][gc          ] GC(167) Pause Young (Normal) (G1 Evacuation Pause) 311M->56M(512M) 29.910ms
[2022-04-27T20:48:08.034-0700][gc,cpu      ] GC(167) User=0.01s Sys=0.01s Real=0.03s
[2022-04-27T21:02:21.647-0700][gc,start    ] GC(168) Pause Young (Normal) (G1 Evacuation Pause)
[2022-04-27T21:02:21.648-0700][gc,task     ] GC(168) Using 9 workers of 9 for evacuation
[2022-04-27T21:02:21.661-0700][gc,phases   ] GC(168)   Pre Evacuate Collection Set: 0.9ms
[2022-04-27T21:02:21.661-0700][gc,phases   ] GC(168)   Merge Heap Roots: 0.2ms
[2022-04-27T21:02:21.661-0700][gc,phases   ] GC(168)   Evacuate Collection Set: 8.3ms
[2022-04-27T21:02:21.661-0700][gc,phases   ] GC(168)   Post Evacuate Collection Set: 3.1ms
[2022-04-27T21:02:21.661-0700][gc,phases   ] GC(168)   Other: 1.1ms
[2022-04-27T21:02:21.661-0700][gc,heap     ] GC(168) Eden regions: 255->0(255)
[2022-04-27T21:02:21.661-0700][gc,heap     ] GC(168) Survivor regions: 1->1(32)
[2022-04-27T21:02:21.661-0700][gc,heap     ] GC(168) Old regions: 35->35
[2022-04-27T21:02:21.661-0700][gc,heap     ] GC(168) Archive regions: 2->2
[2022-04-27T21:02:21.661-0700][gc,heap     ] GC(168) Humongous regions: 20->20
[2022-04-27T21:02:21.661-0700][gc,metaspace] GC(168) Metaspace: 68007K(68608K)->68007K(68608K) NonClass: 60013K(60352K)->60013K(60352K) Class: 7993K(8256K)->7993K(8256K)
[2022-04-27T21:02:21.661-0700][gc          ] GC(168) Pause Young (Normal) (G1 Evacuation Pause) 311M->56M(512M) 14.196ms
[2022-04-27T21:02:21.662-0700][gc,cpu      ] GC(168) User=0.01s Sys=0.01s Real=0.02s
[2022-04-27T21:16:35.644-0700][gc,start    ] GC(169) Pause Young (Normal) (G1 Evacuation Pause)
[2022-04-27T21:16:35.644-0700][gc,task     ] GC(169) Using 9 workers of 9 for evacuation
[2022-04-27T21:16:35.666-0700][gc,phases   ] GC(169)   Pre Evacuate Collection Set: 2.3ms
[2022-04-27T21:16:35.666-0700][gc,phases   ] GC(169)   Merge Heap Roots: 0.6ms
[2022-04-27T21:16:35.666-0700][gc,phases   ] GC(169)   Evacuate Collection Set: 16.3ms
[2022-04-27T21:16:35.666-0700][gc,phases   ] GC(169)   Post Evacuate Collection Set: 1.9ms
[2022-04-27T21:16:35.666-0700][gc,phases   ] GC(169)   Other: 1.6ms
[2022-04-27T21:16:35.666-0700][gc,heap     ] GC(169) Eden regions: 255->0(255)
[2022-04-27T21:16:35.666-0700][gc,heap     ] GC(169) Survivor regions: 1->1(32)
[2022-04-27T21:16:35.666-0700][gc,heap     ] GC(169) Old regions: 35->35
[2022-04-27T21:16:35.666-0700][gc,heap     ] GC(169) Archive regions: 2->2
[2022-04-27T21:16:35.666-0700][gc,heap     ] GC(169) Humongous regions: 20->20
[2022-04-27T21:16:35.666-0700][gc,metaspace] GC(169) Metaspace: 68007K(68608K)->68007K(68608K) NonClass: 60013K(60352K)->60013K(60352K) Class: 7993K(8256K)->7993K(8256K)
[2022-04-27T21:16:35.666-0700][gc          ] GC(169) Pause Young (Normal) (G1 Evacuation Pause) 311M->56M(512M) 22.753ms
[2022-04-27T21:16:35.666-0700][gc,cpu      ] GC(169) User=0.01s Sys=0.04s Real=0.02s
[2022-04-27T21:31:24.380-0700][gc,start    ] GC(170) Pause Young (Normal) (G1 Evacuation Pause)
[2022-04-27T21:31:24.383-0700][gc,task     ] GC(170) Using 9 workers of 9 for evacuation
[2022-04-27T21:31:24.401-0700][gc,phases   ] GC(170)   Pre Evacuate Collection Set: 1.9ms
[2022-04-27T21:31:24.401-0700][gc,phases   ] GC(170)   Merge Heap Roots: 0.6ms
[2022-04-27T21:31:24.401-0700][gc,phases   ] GC(170)   Evacuate Collection Set: 13.0ms
[2022-04-27T21:31:24.401-0700][gc,phases   ] GC(170)   Post Evacuate Collection Set: 1.6ms
[2022-04-27T21:31:24.401-0700][gc,phases   ] GC(170)   Other: 3.7ms
[2022-04-27T21:31:24.401-0700][gc,heap     ] GC(170) Eden regions: 255->0(255)
[2022-04-27T21:31:24.401-0700][gc,heap     ] GC(170) Survivor regions: 1->1(32)
[2022-04-27T21:31:24.401-0700][gc,heap     ] GC(170) Old regions: 35->35
[2022-04-27T21:31:24.401-0700][gc,heap     ] GC(170) Archive regions: 2->2
[2022-04-27T21:31:24.401-0700][gc,heap     ] GC(170) Humongous regions: 20->20
[2022-04-27T21:31:24.401-0700][gc,metaspace] GC(170) Metaspace: 68008K(68608K)->68008K(68608K) NonClass: 60014K(60352K)->60014K(60352K) Class: 7993K(8256K)->7993K(8256K)
[2022-04-27T21:31:24.401-0700][gc          ] GC(170) Pause Young (Normal) (G1 Evacuation Pause) 311M->56M(512M) 20.661ms
[2022-04-27T21:31:24.401-0700][gc,cpu      ] GC(170) User=0.01s Sys=0.02s Real=0.02s
[2022-04-27T21:45:36.922-0700][gc,start    ] GC(171) Pause Young (Normal) (G1 Evacuation Pause)
[2022-04-27T21:45:36.924-0700][gc,task     ] GC(171) Using 9 workers of 9 for evacuation
[2022-04-27T21:45:36.945-0700][gc,phases   ] GC(171)   Pre Evacuate Collection Set: 0.9ms
[2022-04-27T21:45:36.945-0700][gc,phases   ] GC(171)   Merge Heap Roots: 0.3ms
[2022-04-27T21:45:36.945-0700][gc,phases   ] GC(171)   Evacuate Collection Set: 16.5ms
[2022-04-27T21:45:36.945-0700][gc,phases   ] GC(171)   Post Evacuate Collection Set: 2.9ms
[2022-04-27T21:45:36.945-0700][gc,phases   ] GC(171)   Other: 1.8ms
[2022-04-27T21:45:36.945-0700][gc,heap     ] GC(171) Eden regions: 255->0(255)
[2022-04-27T21:45:36.945-0700][gc,heap     ] GC(171) Survivor regions: 1->1(32)
[2022-04-27T21:45:36.945-0700][gc,heap     ] GC(171) Old regions: 35->35
[2022-04-27T21:45:36.945-0700][gc,heap     ] GC(171) Archive regions: 2->2
[2022-04-27T21:45:36.945-0700][gc,heap     ] GC(171) Humongous regions: 20->20
[2022-04-27T21:45:36.945-0700][gc,metaspace] GC(171) Metaspace: 68008K(68608K)->68008K(68608K) NonClass: 60014K(60352K)->60014K(60352K) Class: 7993K(8256K)->7993K(8256K)
[2022-04-27T21:45:36.945-0700][gc          ] GC(171) Pause Young (Normal) (G1 Evacuation Pause) 311M->56M(512M) 22.639ms
[2022-04-27T21:45:36.945-0700][gc,cpu      ] GC(171) User=0.01s Sys=0.02s Real=0.02s
[2022-04-27T21:59:47.789-0700][gc,start    ] GC(172) Pause Young (Normal) (G1 Evacuation Pause)
[2022-04-27T21:59:47.790-0700][gc,task     ] GC(172) Using 9 workers of 9 for evacuation
[2022-04-27T21:59:47.823-0700][gc,phases   ] GC(172)   Pre Evacuate Collection Set: 1.3ms
[2022-04-27T21:59:47.823-0700][gc,phases   ] GC(172)   Merge Heap Roots: 0.4ms
[2022-04-27T21:59:47.823-0700][gc,phases   ] GC(172)   Evacuate Collection Set: 29.5ms
[2022-04-27T21:59:47.823-0700][gc,phases   ] GC(172)   Post Evacuate Collection Set: 0.9ms
[2022-04-27T21:59:47.823-0700][gc,phases   ] GC(172)   Other: 1.9ms
[2022-04-27T21:59:47.823-0700][gc,heap     ] GC(172) Eden regions: 255->0(255)
[2022-04-27T21:59:47.823-0700][gc,heap     ] GC(172) Survivor regions: 1->1(32)
[2022-04-27T21:59:47.823-0700][gc,heap     ] GC(172) Old regions: 35->35
[2022-04-27T21:59:47.823-0700][gc,heap     ] GC(172) Archive regions: 2->2
[2022-04-27T21:59:47.823-0700][gc,heap     ] GC(172) Humongous regions: 20->20
[2022-04-27T21:59:47.823-0700][gc,metaspace] GC(172) Metaspace: 68008K(68608K)->68008K(68608K) NonClass: 60014K(60352K)->60014K(60352K) Class: 7993K(8256K)->7993K(8256K)
[2022-04-27T21:59:47.823-0700][gc          ] GC(172) Pause Young (Normal) (G1 Evacuation Pause) 311M->56M(512M) 34.102ms
[2022-04-27T21:59:47.823-0700][gc,cpu      ] GC(172) User=0.01s Sys=0.02s Real=0.04s
[2022-04-27T22:14:21.309-0700][gc,start    ] GC(173) Pause Young (Normal) (G1 Evacuation Pause)
[2022-04-27T22:14:21.311-0700][gc,task     ] GC(173) Using 9 workers of 9 for evacuation
[2022-04-27T22:14:21.331-0700][gc,phases   ] GC(173)   Pre Evacuate Collection Set: 1.1ms
[2022-04-27T22:14:21.332-0700][gc,phases   ] GC(173)   Merge Heap Roots: 2.2ms
[2022-04-27T22:14:21.332-0700][gc,phases   ] GC(173)   Evacuate Collection Set: 15.4ms
[2022-04-27T22:14:21.332-0700][gc,phases   ] GC(173)   Post Evacuate Collection Set: 1.3ms
[2022-04-27T22:14:21.332-0700][gc,phases   ] GC(173)   Other: 2.8ms
[2022-04-27T22:14:21.332-0700][gc,heap     ] GC(173) Eden regions: 255->0(255)
[2022-04-27T22:14:21.332-0700][gc,heap     ] GC(173) Survivor regions: 1->1(32)
[2022-04-27T22:14:21.332-0700][gc,heap     ] GC(173) Old regions: 35->36
[2022-04-27T22:14:21.332-0700][gc,heap     ] GC(173) Archive regions: 2->2
[2022-04-27T22:14:21.332-0700][gc,heap     ] GC(173) Humongous regions: 20->20
[2022-04-27T22:14:21.332-0700][gc,metaspace] GC(173) Metaspace: 68015K(68608K)->68015K(68608K) NonClass: 60021K(60352K)->60021K(60352K) Class: 7993K(8256K)->7993K(8256K)
[2022-04-27T22:14:21.332-0700][gc          ] GC(173) Pause Young (Normal) (G1 Evacuation Pause) 311M->56M(512M) 22.878ms
[2022-04-27T22:14:21.332-0700][gc,cpu      ] GC(173) User=0.00s Sys=0.02s Real=0.03s
[2022-04-27T22:28:37.481-0700][gc,start    ] GC(174) Pause Young (Normal) (G1 Evacuation Pause)
[2022-04-27T22:28:37.483-0700][gc,task     ] GC(174) Using 9 workers of 9 for evacuation
[2022-04-27T22:28:37.501-0700][gc,phases   ] GC(174)   Pre Evacuate Collection Set: 2.3ms
[2022-04-27T22:28:37.501-0700][gc,phases   ] GC(174)   Merge Heap Roots: 0.4ms
[2022-04-27T22:28:37.501-0700][gc,phases   ] GC(174)   Evacuate Collection Set: 12.7ms
[2022-04-27T22:28:37.501-0700][gc,phases   ] GC(174)   Post Evacuate Collection Set: 1.8ms
[2022-04-27T22:28:37.501-0700][gc,phases   ] GC(174)   Other: 2.7ms
[2022-04-27T22:28:37.501-0700][gc,heap     ] GC(174) Eden regions: 255->0(255)
[2022-04-27T22:28:37.501-0700][gc,heap     ] GC(174) Survivor regions: 1->1(32)
[2022-04-27T22:28:37.501-0700][gc,heap     ] GC(174) Old regions: 36->36
[2022-04-27T22:28:37.501-0700][gc,heap     ] GC(174) Archive regions: 2->2
[2022-04-27T22:28:37.501-0700][gc,heap     ] GC(174) Humongous regions: 20->20
[2022-04-27T22:28:37.501-0700][gc,metaspace] GC(174) Metaspace: 68015K(68608K)->68015K(68608K) NonClass: 60021K(60352K)->60021K(60352K) Class: 7993K(8256K)->7993K(8256K)
[2022-04-27T22:28:37.501-0700][gc          ] GC(174) Pause Young (Normal) (G1 Evacuation Pause) 311M->56M(512M) 20.197ms
[2022-04-27T22:28:37.501-0700][gc,cpu      ] GC(174) User=0.02s Sys=0.01s Real=0.02s
[2022-04-27T22:42:52.763-0700][gc,start    ] GC(175) Pause Young (Normal) (G1 Evacuation Pause)
[2022-04-27T22:42:52.764-0700][gc,task     ] GC(175) Using 9 workers of 9 for evacuation
[2022-04-27T22:42:52.779-0700][gc,phases   ] GC(175)   Pre Evacuate Collection Set: 1.4ms
[2022-04-27T22:42:52.779-0700][gc,phases   ] GC(175)   Merge Heap Roots: 0.3ms
[2022-04-27T22:42:52.779-0700][gc,phases   ] GC(175)   Evacuate Collection Set: 10.7ms
[2022-04-27T22:42:52.779-0700][gc,phases   ] GC(175)   Post Evacuate Collection Set: 2.4ms
[2022-04-27T22:42:52.779-0700][gc,phases   ] GC(175)   Other: 1.5ms
[2022-04-27T22:42:52.779-0700][gc,heap     ] GC(175) Eden regions: 255->0(255)
[2022-04-27T22:42:52.779-0700][gc,heap     ] GC(175) Survivor regions: 1->1(32)
[2022-04-27T22:42:52.779-0700][gc,heap     ] GC(175) Old regions: 36->36
[2022-04-27T22:42:52.779-0700][gc,heap     ] GC(175) Archive regions: 2->2
[2022-04-27T22:42:52.779-0700][gc,heap     ] GC(175) Humongous regions: 20->20
[2022-04-27T22:42:52.779-0700][gc,metaspace] GC(175) Metaspace: 68015K(68608K)->68015K(68608K) NonClass: 60021K(60352K)->60021K(60352K) Class: 7993K(8256K)->7993K(8256K)
[2022-04-27T22:42:52.779-0700][gc          ] GC(175) Pause Young (Normal) (G1 Evacuation Pause) 311M->56M(512M) 16.338ms
[2022-04-27T22:42:52.779-0700][gc,cpu      ] GC(175) User=0.01s Sys=0.01s Real=0.01s
[2022-04-27T22:57:02.839-0700][gc,start    ] GC(176) Pause Young (Normal) (G1 Evacuation Pause)
[2022-04-27T22:57:02.841-0700][gc,task     ] GC(176) Using 9 workers of 9 for evacuation
[2022-04-27T22:57:02.864-0700][gc,phases   ] GC(176)   Pre Evacuate Collection Set: 1.8ms
[2022-04-27T22:57:02.864-0700][gc,phases   ] GC(176)   Merge Heap Roots: 0.2ms
[2022-04-27T22:57:02.864-0700][gc,phases   ] GC(176)   Evacuate Collection Set: 19.2ms
[2022-04-27T22:57:02.864-0700][gc,phases   ] GC(176)   Post Evacuate Collection Set: 1.4ms
[2022-04-27T22:57:02.864-0700][gc,phases   ] GC(176)   Other: 3.1ms
[2022-04-27T22:57:02.864-0700][gc,heap     ] GC(176) Eden regions: 255->0(255)
[2022-04-27T22:57:02.864-0700][gc,heap     ] GC(176) Survivor regions: 1->1(32)
[2022-04-27T22:57:02.864-0700][gc,heap     ] GC(176) Old regions: 36->36
[2022-04-27T22:57:02.864-0700][gc,heap     ] GC(176) Archive regions: 2->2
[2022-04-27T22:57:02.864-0700][gc,heap     ] GC(176) Humongous regions: 20->20
[2022-04-27T22:57:02.864-0700][gc,metaspace] GC(176) Metaspace: 68015K(68608K)->68015K(68608K) NonClass: 60021K(60352K)->60021K(60352K) Class: 7993K(8256K)->7993K(8256K)
[2022-04-27T22:57:02.864-0700][gc          ] GC(176) Pause Young (Normal) (G1 Evacuation Pause) 311M->56M(512M) 25.740ms
[2022-04-27T22:57:02.864-0700][gc,cpu      ] GC(176) User=0.01s Sys=0.02s Real=0.03s
[2022-04-27T23:11:16.675-0700][gc,start    ] GC(177) Pause Young (Normal) (G1 Evacuation Pause)
[2022-04-27T23:11:16.677-0700][gc,task     ] GC(177) Using 9 workers of 9 for evacuation
[2022-04-27T23:11:16.692-0700][gc,phases   ] GC(177)   Pre Evacuate Collection Set: 1.6ms
[2022-04-27T23:11:16.693-0700][gc,phases   ] GC(177)   Merge Heap Roots: 0.4ms
[2022-04-27T23:11:16.693-0700][gc,phases   ] GC(177)   Evacuate Collection Set: 10.4ms
[2022-04-27T23:11:16.693-0700][gc,phases   ] GC(177)   Post Evacuate Collection Set: 1.9ms
[2022-04-27T23:11:16.693-0700][gc,phases   ] GC(177)   Other: 3.3ms
[2022-04-27T23:11:16.693-0700][gc,heap     ] GC(177) Eden regions: 255->0(255)
[2022-04-27T23:11:16.693-0700][gc,heap     ] GC(177) Survivor regions: 1->1(32)
[2022-04-27T23:11:16.693-0700][gc,heap     ] GC(177) Old regions: 36->36
[2022-04-27T23:11:16.693-0700][gc,heap     ] GC(177) Archive regions: 2->2
[2022-04-27T23:11:16.693-0700][gc,heap     ] GC(177) Humongous regions: 20->20
[2022-04-27T23:11:16.693-0700][gc,metaspace] GC(177) Metaspace: 68015K(68608K)->68015K(68608K) NonClass: 60021K(60352K)->60021K(60352K) Class: 7993K(8256K)->7993K(8256K)
[2022-04-27T23:11:16.693-0700][gc          ] GC(177) Pause Young (Normal) (G1 Evacuation Pause) 311M->56M(512M) 17.847ms
[2022-04-27T23:11:16.693-0700][gc,cpu      ] GC(177) User=0.01s Sys=0.01s Real=0.02s
[2022-04-27T23:25:30.620-0700][gc,start    ] GC(178) Pause Young (Normal) (G1 Evacuation Pause)
[2022-04-27T23:25:30.623-0700][gc,task     ] GC(178) Using 9 workers of 9 for evacuation
[2022-04-27T23:25:30.645-0700][gc,phases   ] GC(178)   Pre Evacuate Collection Set: 1.7ms
[2022-04-27T23:25:30.645-0700][gc,phases   ] GC(178)   Merge Heap Roots: 0.3ms
[2022-04-27T23:25:30.645-0700][gc,phases   ] GC(178)   Evacuate Collection Set: 18.3ms
[2022-04-27T23:25:30.645-0700][gc,phases   ] GC(178)   Post Evacuate Collection Set: 1.2ms
[2022-04-27T23:25:30.645-0700][gc,phases   ] GC(178)   Other: 3.1ms
[2022-04-27T23:25:30.645-0700][gc,heap     ] GC(178) Eden regions: 255->0(255)
[2022-04-27T23:25:30.645-0700][gc,heap     ] GC(178) Survivor regions: 1->1(32)
[2022-04-27T23:25:30.645-0700][gc,heap     ] GC(178) Old regions: 36->36
[2022-04-27T23:25:30.645-0700][gc,heap     ] GC(178) Archive regions: 2->2
[2022-04-27T23:25:30.645-0700][gc,heap     ] GC(178) Humongous regions: 20->20
[2022-04-27T23:25:30.645-0700][gc,metaspace] GC(178) Metaspace: 68019K(68608K)->68019K(68608K) NonClass: 60025K(60352K)->60025K(60352K) Class: 7993K(8256K)->7993K(8256K)
[2022-04-27T23:25:30.645-0700][gc          ] GC(178) Pause Young (Normal) (G1 Evacuation Pause) 311M->56M(512M) 24.578ms
[2022-04-27T23:25:30.645-0700][gc,cpu      ] GC(178) User=0.01s Sys=0.01s Real=0.02s
[2022-04-27T23:39:45.950-0700][gc,start    ] GC(179) Pause Young (Normal) (G1 Evacuation Pause)
[2022-04-27T23:39:45.952-0700][gc,task     ] GC(179) Using 9 workers of 9 for evacuation
[2022-04-27T23:39:45.964-0700][gc,phases   ] GC(179)   Pre Evacuate Collection Set: 0.7ms
[2022-04-27T23:39:45.964-0700][gc,phases   ] GC(179)   Merge Heap Roots: 0.2ms
[2022-04-27T23:39:45.964-0700][gc,phases   ] GC(179)   Evacuate Collection Set: 8.5ms
[2022-04-27T23:39:45.964-0700][gc,phases   ] GC(179)   Post Evacuate Collection Set: 2.2ms
[2022-04-27T23:39:45.964-0700][gc,phases   ] GC(179)   Other: 2.0ms
[2022-04-27T23:39:45.964-0700][gc,heap     ] GC(179) Eden regions: 255->0(255)
[2022-04-27T23:39:45.964-0700][gc,heap     ] GC(179) Survivor regions: 1->1(32)
[2022-04-27T23:39:45.964-0700][gc,heap     ] GC(179) Old regions: 36->36
[2022-04-27T23:39:45.964-0700][gc,heap     ] GC(179) Archive regions: 2->2
[2022-04-27T23:39:45.964-0700][gc,heap     ] GC(179) Humongous regions: 20->20
[2022-04-27T23:39:45.964-0700][gc,metaspace] GC(179) Metaspace: 68019K(68608K)->68019K(68608K) NonClass: 60025K(60352K)->60025K(60352K) Class: 7993K(8256K)->7993K(8256K)
[2022-04-27T23:39:45.964-0700][gc          ] GC(179) Pause Young (Normal) (G1 Evacuation Pause) 311M->56M(512M) 13.898ms
[2022-04-27T23:39:45.964-0700][gc,cpu      ] GC(179) User=0.01s Sys=0.01s Real=0.01s
[2022-04-27T23:54:03.837-0700][gc,start    ] GC(180) Pause Young (Normal) (G1 Evacuation Pause)
[2022-04-27T23:54:03.839-0700][gc,task     ] GC(180) Using 9 workers of 9 for evacuation
[2022-04-27T23:54:03.849-0700][gc,phases   ] GC(180)   Pre Evacuate Collection Set: 1.1ms
[2022-04-27T23:54:03.849-0700][gc,phases   ] GC(180)   Merge Heap Roots: 0.3ms
[2022-04-27T23:54:03.849-0700][gc,phases   ] GC(180)   Evacuate Collection Set: 7.0ms
[2022-04-27T23:54:03.849-0700][gc,phases   ] GC(180)   Post Evacuate Collection Set: 1.3ms
[2022-04-27T23:54:03.849-0700][gc,phases   ] GC(180)   Other: 2.1ms
[2022-04-27T23:54:03.849-0700][gc,heap     ] GC(180) Eden regions: 255->0(255)
[2022-04-27T23:54:03.849-0700][gc,heap     ] GC(180) Survivor regions: 1->1(32)
[2022-04-27T23:54:03.849-0700][gc,heap     ] GC(180) Old regions: 36->36
[2022-04-27T23:54:03.849-0700][gc,heap     ] GC(180) Archive regions: 2->2
[2022-04-27T23:54:03.849-0700][gc,heap     ] GC(180) Humongous regions: 20->20
[2022-04-27T23:54:03.849-0700][gc,metaspace] GC(180) Metaspace: 68019K(68608K)->68019K(68608K) NonClass: 60025K(60352K)->60025K(60352K) Class: 7993K(8256K)->7993K(8256K)
[2022-04-27T23:54:03.849-0700][gc          ] GC(180) Pause Young (Normal) (G1 Evacuation Pause) 311M->56M(512M) 11.940ms
[2022-04-27T23:54:03.849-0700][gc,cpu      ] GC(180) User=0.01s Sys=0.01s Real=0.01s
[2022-04-28T00:07:55.179-0700][gc,start    ] GC(181) Pause Young (Normal) (G1 Evacuation Pause)
[2022-04-28T00:07:55.180-0700][gc,task     ] GC(181) Using 9 workers of 9 for evacuation
[2022-04-28T00:07:55.196-0700][gc,phases   ] GC(181)   Pre Evacuate Collection Set: 1.4ms
[2022-04-28T00:07:55.196-0700][gc,phases   ] GC(181)   Merge Heap Roots: 0.2ms
[2022-04-28T00:07:55.196-0700][gc,phases   ] GC(181)   Evacuate Collection Set: 11.9ms
[2022-04-28T00:07:55.196-0700][gc,phases   ] GC(181)   Post Evacuate Collection Set: 1.7ms
[2022-04-28T00:07:55.196-0700][gc,phases   ] GC(181)   Other: 1.5ms
[2022-04-28T00:07:55.196-0700][gc,heap     ] GC(181) Eden regions: 255->0(255)
[2022-04-28T00:07:55.196-0700][gc,heap     ] GC(181) Survivor regions: 1->1(32)
[2022-04-28T00:07:55.196-0700][gc,heap     ] GC(181) Old regions: 36->36
[2022-04-28T00:07:55.196-0700][gc,heap     ] GC(181) Archive regions: 2->2
[2022-04-28T00:07:55.196-0700][gc,heap     ] GC(181) Humongous regions: 20->20
[2022-04-28T00:07:55.196-0700][gc,metaspace] GC(181) Metaspace: 68019K(68608K)->68019K(68608K) NonClass: 60025K(60352K)->60025K(60352K) Class: 7993K(8256K)->7993K(8256K)
[2022-04-28T00:07:55.196-0700][gc          ] GC(181) Pause Young (Normal) (G1 Evacuation Pause) 311M->56M(512M) 16.860ms
[2022-04-28T00:07:55.197-0700][gc,cpu      ] GC(181) User=0.01s Sys=0.02s Real=0.02s
[2022-04-28T00:22:11.532-0700][gc,start    ] GC(182) Pause Young (Normal) (G1 Evacuation Pause)
[2022-04-28T00:22:11.533-0700][gc,task     ] GC(182) Using 9 workers of 9 for evacuation
[2022-04-28T00:22:11.537-0700][gc,phases   ] GC(182)   Pre Evacuate Collection Set: 0.3ms
[2022-04-28T00:22:11.537-0700][gc,phases   ] GC(182)   Merge Heap Roots: 0.2ms
[2022-04-28T00:22:11.537-0700][gc,phases   ] GC(182)   Evacuate Collection Set: 3.1ms
[2022-04-28T00:22:11.537-0700][gc,phases   ] GC(182)   Post Evacuate Collection Set: 0.6ms
[2022-04-28T00:22:11.537-0700][gc,phases   ] GC(182)   Other: 1.5ms
[2022-04-28T00:22:11.537-0700][gc,heap     ] GC(182) Eden regions: 255->0(255)
[2022-04-28T00:22:11.537-0700][gc,heap     ] GC(182) Survivor regions: 1->1(32)
[2022-04-28T00:22:11.537-0700][gc,heap     ] GC(182) Old regions: 36->36
[2022-04-28T00:22:11.537-0700][gc,heap     ] GC(182) Archive regions: 2->2
[2022-04-28T00:22:11.537-0700][gc,heap     ] GC(182) Humongous regions: 20->20
[2022-04-28T00:22:11.537-0700][gc,metaspace] GC(182) Metaspace: 68019K(68608K)->68019K(68608K) NonClass: 60025K(60352K)->60025K(60352K) Class: 7993K(8256K)->7993K(8256K)
[2022-04-28T00:22:11.537-0700][gc          ] GC(182) Pause Young (Normal) (G1 Evacuation Pause) 311M->56M(512M) 5.767ms
[2022-04-28T00:22:11.537-0700][gc,cpu      ] GC(182) User=0.01s Sys=0.00s Real=0.00s
[2022-04-28T00:36:28.875-0700][gc,start    ] GC(183) Pause Young (Normal) (G1 Evacuation Pause)
[2022-04-28T00:36:28.880-0700][gc,task     ] GC(183) Using 9 workers of 9 for evacuation
[2022-04-28T00:36:28.888-0700][gc,phases   ] GC(183)   Pre Evacuate Collection Set: 1.1ms
[2022-04-28T00:36:28.888-0700][gc,phases   ] GC(183)   Merge Heap Roots: 0.2ms
[2022-04-28T00:36:28.888-0700][gc,phases   ] GC(183)   Evacuate Collection Set: 5.0ms
[2022-04-28T00:36:28.888-0700][gc,phases   ] GC(183)   Post Evacuate Collection Set: 1.6ms
[2022-04-28T00:36:28.888-0700][gc,phases   ] GC(183)   Other: 5.0ms
[2022-04-28T00:36:28.888-0700][gc,heap     ] GC(183) Eden regions: 255->0(255)
[2022-04-28T00:36:28.888-0700][gc,heap     ] GC(183) Survivor regions: 1->1(32)
[2022-04-28T00:36:28.888-0700][gc,heap     ] GC(183) Old regions: 36->36
[2022-04-28T00:36:28.888-0700][gc,heap     ] GC(183) Archive regions: 2->2
[2022-04-28T00:36:28.888-0700][gc,heap     ] GC(183) Humongous regions: 20->20
[2022-04-28T00:36:28.888-0700][gc,metaspace] GC(183) Metaspace: 68019K(68608K)->68019K(68608K) NonClass: 60025K(60352K)->60025K(60352K) Class: 7993K(8256K)->7993K(8256K)
[2022-04-28T00:36:28.888-0700][gc          ] GC(183) Pause Young (Normal) (G1 Evacuation Pause) 311M->56M(512M) 12.948ms
[2022-04-28T00:36:28.888-0700][gc,cpu      ] GC(183) User=0.01s Sys=0.01s Real=0.01s
[2022-04-28T00:50:45.010-0700][gc,start    ] GC(184) Pause Young (Normal) (G1 Evacuation Pause)
[2022-04-28T00:50:45.012-0700][gc,task     ] GC(184) Using 9 workers of 9 for evacuation
[2022-04-28T00:50:45.028-0700][gc,phases   ] GC(184)   Pre Evacuate Collection Set: 9.3ms
[2022-04-28T00:50:45.028-0700][gc,phases   ] GC(184)   Merge Heap Roots: 0.1ms
[2022-04-28T00:50:45.028-0700][gc,phases   ] GC(184)   Evacuate Collection Set: 5.1ms
[2022-04-28T00:50:45.028-0700][gc,phases   ] GC(184)   Post Evacuate Collection Set: 0.8ms
[2022-04-28T00:50:45.028-0700][gc,phases   ] GC(184)   Other: 2.0ms
[2022-04-28T00:50:45.028-0700][gc,heap     ] GC(184) Eden regions: 255->0(255)
[2022-04-28T00:50:45.028-0700][gc,heap     ] GC(184) Survivor regions: 1->1(32)
[2022-04-28T00:50:45.028-0700][gc,heap     ] GC(184) Old regions: 36->36
[2022-04-28T00:50:45.028-0700][gc,heap     ] GC(184) Archive regions: 2->2
[2022-04-28T00:50:45.028-0700][gc,heap     ] GC(184) Humongous regions: 20->20
[2022-04-28T00:50:45.028-0700][gc,metaspace] GC(184) Metaspace: 68019K(68608K)->68019K(68608K) NonClass: 60025K(60352K)->60025K(60352K) Class: 7993K(8256K)->7993K(8256K)
[2022-04-28T00:50:45.028-0700][gc          ] GC(184) Pause Young (Normal) (G1 Evacuation Pause) 311M->56M(512M) 17.444ms
[2022-04-28T00:50:45.028-0700][gc,cpu      ] GC(184) User=0.01s Sys=0.01s Real=0.01s
[2022-04-28T01:05:01.315-0700][gc,start    ] GC(185) Pause Young (Normal) (G1 Evacuation Pause)
[2022-04-28T01:05:01.317-0700][gc,task     ] GC(185) Using 9 workers of 9 for evacuation
[2022-04-28T01:05:01.333-0700][gc,phases   ] GC(185)   Pre Evacuate Collection Set: 1.1ms
[2022-04-28T01:05:01.334-0700][gc,phases   ] GC(185)   Merge Heap Roots: 0.2ms
[2022-04-28T01:05:01.334-0700][gc,phases   ] GC(185)   Evacuate Collection Set: 13.4ms
[2022-04-28T01:05:01.334-0700][gc,phases   ] GC(185)   Post Evacuate Collection Set: 1.4ms
[2022-04-28T01:05:01.334-0700][gc,phases   ] GC(185)   Other: 2.7ms
[2022-04-28T01:05:01.334-0700][gc,heap     ] GC(185) Eden regions: 255->0(255)
[2022-04-28T01:05:01.334-0700][gc,heap     ] GC(185) Survivor regions: 1->1(32)
[2022-04-28T01:05:01.334-0700][gc,heap     ] GC(185) Old regions: 36->36
[2022-04-28T01:05:01.334-0700][gc,heap     ] GC(185) Archive regions: 2->2
[2022-04-28T01:05:01.334-0700][gc,heap     ] GC(185) Humongous regions: 20->20
[2022-04-28T01:05:01.334-0700][gc,metaspace] GC(185) Metaspace: 68019K(68608K)->68019K(68608K) NonClass: 60025K(60352K)->60025K(60352K) Class: 7993K(8256K)->7993K(8256K)
[2022-04-28T01:05:01.334-0700][gc          ] GC(185) Pause Young (Normal) (G1 Evacuation Pause) 311M->56M(512M) 18.802ms
[2022-04-28T01:05:01.334-0700][gc,cpu      ] GC(185) User=0.01s Sys=0.02s Real=0.02s
[2022-04-28T01:19:13.135-0700][gc,start    ] GC(186) Pause Young (Normal) (G1 Evacuation Pause)
[2022-04-28T01:19:13.137-0700][gc,task     ] GC(186) Using 9 workers of 9 for evacuation
[2022-04-28T01:19:13.160-0700][gc,phases   ] GC(186)   Pre Evacuate Collection Set: 15.9ms
[2022-04-28T01:19:13.161-0700][gc,phases   ] GC(186)   Merge Heap Roots: 0.4ms
[2022-04-28T01:19:13.161-0700][gc,phases   ] GC(186)   Evacuate Collection Set: 5.5ms
[2022-04-28T01:19:13.161-0700][gc,phases   ] GC(186)   Post Evacuate Collection Set: 0.9ms
[2022-04-28T01:19:13.161-0700][gc,phases   ] GC(186)   Other: 3.0ms
[2022-04-28T01:19:13.161-0700][gc,heap     ] GC(186) Eden regions: 255->0(255)
[2022-04-28T01:19:13.161-0700][gc,heap     ] GC(186) Survivor regions: 1->1(32)
[2022-04-28T01:19:13.161-0700][gc,heap     ] GC(186) Old regions: 36->36
[2022-04-28T01:19:13.161-0700][gc,heap     ] GC(186) Archive regions: 2->2
[2022-04-28T01:19:13.161-0700][gc,heap     ] GC(186) Humongous regions: 20->20
[2022-04-28T01:19:13.161-0700][gc,metaspace] GC(186) Metaspace: 68019K(68608K)->68019K(68608K) NonClass: 60025K(60352K)->60025K(60352K) Class: 7993K(8256K)->7993K(8256K)
[2022-04-28T01:19:13.161-0700][gc          ] GC(186) Pause Young (Normal) (G1 Evacuation Pause) 311M->56M(512M) 25.843ms
[2022-04-28T01:19:13.161-0700][gc,cpu      ] GC(186) User=0.01s Sys=0.01s Real=0.03s
[2022-04-28T01:33:33.445-0700][gc,start    ] GC(187) Pause Young (Normal) (G1 Evacuation Pause)
[2022-04-28T01:33:33.447-0700][gc,task     ] GC(187) Using 9 workers of 9 for evacuation
[2022-04-28T01:33:33.470-0700][gc,phases   ] GC(187)   Pre Evacuate Collection Set: 0.8ms
[2022-04-28T01:33:33.470-0700][gc,phases   ] GC(187)   Merge Heap Roots: 0.4ms
[2022-04-28T01:33:33.470-0700][gc,phases   ] GC(187)   Evacuate Collection Set: 8.3ms
[2022-04-28T01:33:33.470-0700][gc,phases   ] GC(187)   Post Evacuate Collection Set: 12.7ms
[2022-04-28T01:33:33.470-0700][gc,phases   ] GC(187)   Other: 2.7ms
[2022-04-28T01:33:33.470-0700][gc,heap     ] GC(187) Eden regions: 255->0(255)
[2022-04-28T01:33:33.470-0700][gc,heap     ] GC(187) Survivor regions: 1->1(32)
[2022-04-28T01:33:33.470-0700][gc,heap     ] GC(187) Old regions: 36->36
[2022-04-28T01:33:33.470-0700][gc,heap     ] GC(187) Archive regions: 2->2
[2022-04-28T01:33:33.470-0700][gc,heap     ] GC(187) Humongous regions: 20->20
[2022-04-28T01:33:33.470-0700][gc,metaspace] GC(187) Metaspace: 68024K(68608K)->68024K(68608K) NonClass: 60030K(60352K)->60030K(60352K) Class: 7993K(8256K)->7993K(8256K)
[2022-04-28T01:33:33.470-0700][gc          ] GC(187) Pause Young (Normal) (G1 Evacuation Pause) 311M->57M(512M) 25.126ms
[2022-04-28T01:33:33.470-0700][gc,cpu      ] GC(187) User=0.01s Sys=0.02s Real=0.03s
[2022-04-28T01:47:46.316-0700][gc,start    ] GC(188) Pause Young (Normal) (G1 Evacuation Pause)
[2022-04-28T01:47:46.319-0700][gc,task     ] GC(188) Using 9 workers of 9 for evacuation
[2022-04-28T01:47:46.334-0700][gc,phases   ] GC(188)   Pre Evacuate Collection Set: 1.3ms
[2022-04-28T01:47:46.334-0700][gc,phases   ] GC(188)   Merge Heap Roots: 0.3ms
[2022-04-28T01:47:46.335-0700][gc,phases   ] GC(188)   Evacuate Collection Set: 11.1ms
[2022-04-28T01:47:46.335-0700][gc,phases   ] GC(188)   Post Evacuate Collection Set: 2.4ms
[2022-04-28T01:47:46.335-0700][gc,phases   ] GC(188)   Other: 3.5ms
[2022-04-28T01:47:46.335-0700][gc,heap     ] GC(188) Eden regions: 255->0(255)
[2022-04-28T01:47:46.335-0700][gc,heap     ] GC(188) Survivor regions: 1->1(32)
[2022-04-28T01:47:46.335-0700][gc,heap     ] GC(188) Old regions: 36->36
[2022-04-28T01:47:46.335-0700][gc,heap     ] GC(188) Archive regions: 2->2
[2022-04-28T01:47:46.335-0700][gc,heap     ] GC(188) Humongous regions: 20->20
[2022-04-28T01:47:46.335-0700][gc,metaspace] GC(188) Metaspace: 68024K(68608K)->68024K(68608K) NonClass: 60030K(60352K)->60030K(60352K) Class: 7993K(8256K)->7993K(8256K)
[2022-04-28T01:47:46.335-0700][gc          ] GC(188) Pause Young (Normal) (G1 Evacuation Pause) 312M->56M(512M) 18.823ms
[2022-04-28T01:47:46.335-0700][gc,cpu      ] GC(188) User=0.01s Sys=0.01s Real=0.02s
[2022-04-28T02:02:02.583-0700][gc,start    ] GC(189) Pause Young (Normal) (G1 Evacuation Pause)
[2022-04-28T02:02:02.585-0700][gc,task     ] GC(189) Using 9 workers of 9 for evacuation
[2022-04-28T02:02:02.595-0700][gc,phases   ] GC(189)   Pre Evacuate Collection Set: 0.7ms
[2022-04-28T02:02:02.595-0700][gc,phases   ] GC(189)   Merge Heap Roots: 0.2ms
[2022-04-28T02:02:02.595-0700][gc,phases   ] GC(189)   Evacuate Collection Set: 6.7ms
[2022-04-28T02:02:02.595-0700][gc,phases   ] GC(189)   Post Evacuate Collection Set: 2.1ms
[2022-04-28T02:02:02.595-0700][gc,phases   ] GC(189)   Other: 2.3ms
[2022-04-28T02:02:02.595-0700][gc,heap     ] GC(189) Eden regions: 255->0(255)
[2022-04-28T02:02:02.595-0700][gc,heap     ] GC(189) Survivor regions: 1->1(32)
[2022-04-28T02:02:02.595-0700][gc,heap     ] GC(189) Old regions: 36->36
[2022-04-28T02:02:02.595-0700][gc,heap     ] GC(189) Archive regions: 2->2
[2022-04-28T02:02:02.595-0700][gc,heap     ] GC(189) Humongous regions: 20->20
[2022-04-28T02:02:02.595-0700][gc,metaspace] GC(189) Metaspace: 68024K(68608K)->68024K(68608K) NonClass: 60030K(60352K)->60030K(60352K) Class: 7993K(8256K)->7993K(8256K)
[2022-04-28T02:02:02.596-0700][gc          ] GC(189) Pause Young (Normal) (G1 Evacuation Pause) 311M->56M(512M) 12.180ms
[2022-04-28T02:02:02.596-0700][gc,cpu      ] GC(189) User=0.01s Sys=0.00s Real=0.01s
[2022-04-28T02:16:19.234-0700][gc,start    ] GC(190) Pause Young (Normal) (G1 Evacuation Pause)
[2022-04-28T02:16:19.237-0700][gc,task     ] GC(190) Using 9 workers of 9 for evacuation
[2022-04-28T02:16:19.263-0700][gc,phases   ] GC(190)   Pre Evacuate Collection Set: 2.0ms
[2022-04-28T02:16:19.263-0700][gc,phases   ] GC(190)   Merge Heap Roots: 0.3ms
[2022-04-28T02:16:19.263-0700][gc,phases   ] GC(190)   Evacuate Collection Set: 9.5ms
[2022-04-28T02:16:19.263-0700][gc,phases   ] GC(190)   Post Evacuate Collection Set: 13.7ms
[2022-04-28T02:16:19.263-0700][gc,phases   ] GC(190)   Other: 3.6ms
[2022-04-28T02:16:19.263-0700][gc,heap     ] GC(190) Eden regions: 255->0(255)
[2022-04-28T02:16:19.263-0700][gc,heap     ] GC(190) Survivor regions: 1->1(32)
[2022-04-28T02:16:19.263-0700][gc,heap     ] GC(190) Old regions: 36->36
[2022-04-28T02:16:19.263-0700][gc,heap     ] GC(190) Archive regions: 2->2
[2022-04-28T02:16:19.263-0700][gc,heap     ] GC(190) Humongous regions: 20->20
[2022-04-28T02:16:19.263-0700][gc,metaspace] GC(190) Metaspace: 68024K(68608K)->68024K(68608K) NonClass: 60030K(60352K)->60030K(60352K) Class: 7993K(8256K)->7993K(8256K)
[2022-04-28T02:16:19.263-0700][gc          ] GC(190) Pause Young (Normal) (G1 Evacuation Pause) 311M->56M(512M) 29.191ms
[2022-04-28T02:16:19.263-0700][gc,cpu      ] GC(190) User=0.01s Sys=0.02s Real=0.03s
[2022-04-28T02:30:35.591-0700][gc,start    ] GC(191) Pause Young (Normal) (G1 Evacuation Pause)
[2022-04-28T02:30:35.592-0700][gc,task     ] GC(191) Using 9 workers of 9 for evacuation
[2022-04-28T02:30:35.599-0700][gc,phases   ] GC(191)   Pre Evacuate Collection Set: 0.5ms
[2022-04-28T02:30:35.599-0700][gc,phases   ] GC(191)   Merge Heap Roots: 0.1ms
[2022-04-28T02:30:35.599-0700][gc,phases   ] GC(191)   Evacuate Collection Set: 3.9ms
[2022-04-28T02:30:35.599-0700][gc,phases   ] GC(191)   Post Evacuate Collection Set: 2.1ms
[2022-04-28T02:30:35.600-0700][gc,phases   ] GC(191)   Other: 1.8ms
[2022-04-28T02:30:35.600-0700][gc,heap     ] GC(191) Eden regions: 255->0(255)
[2022-04-28T02:30:35.600-0700][gc,heap     ] GC(191) Survivor regions: 1->1(32)
[2022-04-28T02:30:35.600-0700][gc,heap     ] GC(191) Old regions: 36->36
[2022-04-28T02:30:35.600-0700][gc,heap     ] GC(191) Archive regions: 2->2
[2022-04-28T02:30:35.600-0700][gc,heap     ] GC(191) Humongous regions: 20->20
[2022-04-28T02:30:35.600-0700][gc,metaspace] GC(191) Metaspace: 68024K(68608K)->68024K(68608K) NonClass: 60030K(60352K)->60030K(60352K) Class: 7993K(8256K)->7993K(8256K)
[2022-04-28T02:30:35.600-0700][gc          ] GC(191) Pause Young (Normal) (G1 Evacuation Pause) 311M->56M(512M) 8.769ms
[2022-04-28T02:30:35.600-0700][gc,cpu      ] GC(191) User=0.00s Sys=0.00s Real=0.01s
[2022-04-28T02:44:53.137-0700][gc,start    ] GC(192) Pause Young (Normal) (G1 Evacuation Pause)
[2022-04-28T02:44:53.138-0700][gc,task     ] GC(192) Using 9 workers of 9 for evacuation
[2022-04-28T02:44:53.159-0700][gc,phases   ] GC(192)   Pre Evacuate Collection Set: 1.2ms
[2022-04-28T02:44:53.159-0700][gc,phases   ] GC(192)   Merge Heap Roots: 0.3ms
[2022-04-28T02:44:53.159-0700][gc,phases   ] GC(192)   Evacuate Collection Set: 16.4ms
[2022-04-28T02:44:53.159-0700][gc,phases   ] GC(192)   Post Evacuate Collection Set: 2.7ms
[2022-04-28T02:44:53.159-0700][gc,phases   ] GC(192)   Other: 1.8ms
[2022-04-28T02:44:53.159-0700][gc,heap     ] GC(192) Eden regions: 255->0(255)
[2022-04-28T02:44:53.159-0700][gc,heap     ] GC(192) Survivor regions: 1->1(32)
[2022-04-28T02:44:53.159-0700][gc,heap     ] GC(192) Old regions: 36->36
[2022-04-28T02:44:53.159-0700][gc,heap     ] GC(192) Archive regions: 2->2
[2022-04-28T02:44:53.159-0700][gc,heap     ] GC(192) Humongous regions: 20->20
[2022-04-28T02:44:53.159-0700][gc,metaspace] GC(192) Metaspace: 68028K(68608K)->68028K(68608K) NonClass: 60034K(60352K)->60034K(60352K) Class: 7993K(8256K)->7993K(8256K)
[2022-04-28T02:44:53.160-0700][gc          ] GC(192) Pause Young (Normal) (G1 Evacuation Pause) 311M->56M(512M) 22.575ms
[2022-04-28T02:44:53.160-0700][gc,cpu      ] GC(192) User=0.01s Sys=0.01s Real=0.03s
[2022-04-28T02:59:10.649-0700][gc,start    ] GC(193) Pause Young (Normal) (G1 Evacuation Pause)
[2022-04-28T02:59:10.651-0700][gc,task     ] GC(193) Using 9 workers of 9 for evacuation
[2022-04-28T02:59:10.660-0700][gc,phases   ] GC(193)   Pre Evacuate Collection Set: 0.9ms
[2022-04-28T02:59:10.660-0700][gc,phases   ] GC(193)   Merge Heap Roots: 0.1ms
[2022-04-28T02:59:10.660-0700][gc,phases   ] GC(193)   Evacuate Collection Set: 5.6ms
[2022-04-28T02:59:10.660-0700][gc,phases   ] GC(193)   Post Evacuate Collection Set: 2.6ms
[2022-04-28T02:59:10.660-0700][gc,phases   ] GC(193)   Other: 1.4ms
[2022-04-28T02:59:10.660-0700][gc,heap     ] GC(193) Eden regions: 255->0(255)
[2022-04-28T02:59:10.660-0700][gc,heap     ] GC(193) Survivor regions: 1->1(32)
[2022-04-28T02:59:10.660-0700][gc,heap     ] GC(193) Old regions: 36->36
[2022-04-28T02:59:10.660-0700][gc,heap     ] GC(193) Archive regions: 2->2
[2022-04-28T02:59:10.660-0700][gc,heap     ] GC(193) Humongous regions: 20->20
[2022-04-28T02:59:10.660-0700][gc,metaspace] GC(193) Metaspace: 68028K(68608K)->68028K(68608K) NonClass: 60034K(60352K)->60034K(60352K) Class: 7993K(8256K)->7993K(8256K)
[2022-04-28T02:59:10.661-0700][gc          ] GC(193) Pause Young (Normal) (G1 Evacuation Pause) 311M->57M(512M) 11.073ms
[2022-04-28T02:59:10.661-0700][gc,cpu      ] GC(193) User=0.00s Sys=0.00s Real=0.02s
[2022-04-28T03:13:27.283-0700][gc,start    ] GC(194) Pause Young (Normal) (G1 Evacuation Pause)
[2022-04-28T03:13:27.284-0700][gc,task     ] GC(194) Using 9 workers of 9 for evacuation
[2022-04-28T03:13:27.307-0700][gc,phases   ] GC(194)   Pre Evacuate Collection Set: 1.1ms
[2022-04-28T03:13:27.307-0700][gc,phases   ] GC(194)   Merge Heap Roots: 0.1ms
[2022-04-28T03:13:27.307-0700][gc,phases   ] GC(194)   Evacuate Collection Set: 17.5ms
[2022-04-28T03:13:27.308-0700][gc,phases   ] GC(194)   Post Evacuate Collection Set: 4.1ms
[2022-04-28T03:13:27.308-0700][gc,phases   ] GC(194)   Other: 1.8ms
[2022-04-28T03:13:27.308-0700][gc,heap     ] GC(194) Eden regions: 255->0(255)
[2022-04-28T03:13:27.308-0700][gc,heap     ] GC(194) Survivor regions: 1->1(32)
[2022-04-28T03:13:27.308-0700][gc,heap     ] GC(194) Old regions: 36->36
[2022-04-28T03:13:27.308-0700][gc,heap     ] GC(194) Archive regions: 2->2
[2022-04-28T03:13:27.308-0700][gc,heap     ] GC(194) Humongous regions: 20->20
[2022-04-28T03:13:27.308-0700][gc,metaspace] GC(194) Metaspace: 68028K(68608K)->68028K(68608K) NonClass: 60034K(60352K)->60034K(60352K) Class: 7993K(8256K)->7993K(8256K)
[2022-04-28T03:13:27.308-0700][gc          ] GC(194) Pause Young (Normal) (G1 Evacuation Pause) 312M->57M(512M) 24.998ms
[2022-04-28T03:13:27.308-0700][gc,cpu      ] GC(194) User=0.01s Sys=0.01s Real=0.02s
[2022-04-28T03:27:46.355-0700][gc,start    ] GC(195) Pause Young (Normal) (G1 Evacuation Pause)
[2022-04-28T03:27:46.357-0700][gc,task     ] GC(195) Using 9 workers of 9 for evacuation
[2022-04-28T03:27:46.368-0700][gc,phases   ] GC(195)   Pre Evacuate Collection Set: 1.7ms
[2022-04-28T03:27:46.368-0700][gc,phases   ] GC(195)   Merge Heap Roots: 0.2ms
[2022-04-28T03:27:46.368-0700][gc,phases   ] GC(195)   Evacuate Collection Set: 7.5ms
[2022-04-28T03:27:46.368-0700][gc,phases   ] GC(195)   Post Evacuate Collection Set: 1.8ms
[2022-04-28T03:27:46.368-0700][gc,phases   ] GC(195)   Other: 2.6ms
[2022-04-28T03:27:46.368-0700][gc,heap     ] GC(195) Eden regions: 255->0(255)
[2022-04-28T03:27:46.368-0700][gc,heap     ] GC(195) Survivor regions: 1->1(32)
[2022-04-28T03:27:46.368-0700][gc,heap     ] GC(195) Old regions: 36->36
[2022-04-28T03:27:46.368-0700][gc,heap     ] GC(195) Archive regions: 2->2
[2022-04-28T03:27:46.368-0700][gc,heap     ] GC(195) Humongous regions: 20->20
[2022-04-28T03:27:46.368-0700][gc,metaspace] GC(195) Metaspace: 68028K(68608K)->68028K(68608K) NonClass: 60034K(60352K)->60034K(60352K) Class: 7993K(8256K)->7993K(8256K)
[2022-04-28T03:27:46.369-0700][gc          ] GC(195) Pause Young (Normal) (G1 Evacuation Pause) 312M->57M(512M) 13.959ms
[2022-04-28T03:27:46.369-0700][gc,cpu      ] GC(195) User=0.01s Sys=0.01s Real=0.01s
[2022-04-28T03:42:04.197-0700][gc,start    ] GC(196) Pause Young (Normal) (G1 Evacuation Pause)
[2022-04-28T03:42:04.199-0700][gc,task     ] GC(196) Using 9 workers of 9 for evacuation
[2022-04-28T03:42:04.206-0700][gc,phases   ] GC(196)   Pre Evacuate Collection Set: 0.6ms
[2022-04-28T03:42:04.207-0700][gc,phases   ] GC(196)   Merge Heap Roots: 0.1ms
[2022-04-28T03:42:04.207-0700][gc,phases   ] GC(196)   Evacuate Collection Set: 5.7ms
[2022-04-28T03:42:04.207-0700][gc,phases   ] GC(196)   Post Evacuate Collection Set: 1.0ms
[2022-04-28T03:42:04.207-0700][gc,phases   ] GC(196)   Other: 2.0ms
[2022-04-28T03:42:04.207-0700][gc,heap     ] GC(196) Eden regions: 255->0(255)
[2022-04-28T03:42:04.207-0700][gc,heap     ] GC(196) Survivor regions: 1->1(32)
[2022-04-28T03:42:04.207-0700][gc,heap     ] GC(196) Old regions: 36->36
[2022-04-28T03:42:04.207-0700][gc,heap     ] GC(196) Archive regions: 2->2
[2022-04-28T03:42:04.207-0700][gc,heap     ] GC(196) Humongous regions: 20->20
[2022-04-28T03:42:04.207-0700][gc,metaspace] GC(196) Metaspace: 68028K(68608K)->68028K(68608K) NonClass: 60034K(60352K)->60034K(60352K) Class: 7993K(8256K)->7993K(8256K)
[2022-04-28T03:42:04.207-0700][gc          ] GC(196) Pause Young (Normal) (G1 Evacuation Pause) 312M->57M(512M) 9.828ms
[2022-04-28T03:42:04.207-0700][gc,cpu      ] GC(196) User=0.00s Sys=0.00s Real=0.01s
[2022-04-28T03:56:19.524-0700][gc,start    ] GC(197) Pause Young (Normal) (G1 Evacuation Pause)
[2022-04-28T03:56:19.524-0700][gc,task     ] GC(197) Using 9 workers of 9 for evacuation
[2022-04-28T03:56:19.530-0700][gc,phases   ] GC(197)   Pre Evacuate Collection Set: 0.7ms
[2022-04-28T03:56:19.530-0700][gc,phases   ] GC(197)   Merge Heap Roots: 0.1ms
[2022-04-28T03:56:19.531-0700][gc,phases   ] GC(197)   Evacuate Collection Set: 4.0ms
[2022-04-28T03:56:19.531-0700][gc,phases   ] GC(197)   Post Evacuate Collection Set: 1.2ms
[2022-04-28T03:56:19.531-0700][gc,phases   ] GC(197)   Other: 0.8ms
[2022-04-28T03:56:19.531-0700][gc,heap     ] GC(197) Eden regions: 255->0(255)
[2022-04-28T03:56:19.531-0700][gc,heap     ] GC(197) Survivor regions: 1->1(32)
[2022-04-28T03:56:19.531-0700][gc,heap     ] GC(197) Old regions: 36->36
[2022-04-28T03:56:19.531-0700][gc,heap     ] GC(197) Archive regions: 2->2
[2022-04-28T03:56:19.531-0700][gc,heap     ] GC(197) Humongous regions: 20->20
[2022-04-28T03:56:19.531-0700][gc,metaspace] GC(197) Metaspace: 68028K(68608K)->68028K(68608K) NonClass: 60034K(60352K)->60034K(60352K) Class: 7993K(8256K)->7993K(8256K)
[2022-04-28T03:56:19.531-0700][gc          ] GC(197) Pause Young (Normal) (G1 Evacuation Pause) 312M->57M(512M) 7.058ms
[2022-04-28T03:56:19.531-0700][gc,cpu      ] GC(197) User=0.01s Sys=0.00s Real=0.01s
[2022-04-28T04:10:35.208-0700][gc,start    ] GC(198) Pause Young (Normal) (G1 Evacuation Pause)
[2022-04-28T04:10:35.210-0700][gc,task     ] GC(198) Using 9 workers of 9 for evacuation
[2022-04-28T04:10:35.226-0700][gc,phases   ] GC(198)   Pre Evacuate Collection Set: 2.6ms
[2022-04-28T04:10:35.227-0700][gc,phases   ] GC(198)   Merge Heap Roots: 0.6ms
[2022-04-28T04:10:35.227-0700][gc,phases   ] GC(198)   Evacuate Collection Set: 10.9ms
[2022-04-28T04:10:35.227-0700][gc,phases   ] GC(198)   Post Evacuate Collection Set: 2.2ms
[2022-04-28T04:10:35.227-0700][gc,phases   ] GC(198)   Other: 2.2ms
[2022-04-28T04:10:35.227-0700][gc,heap     ] GC(198) Eden regions: 255->0(255)
[2022-04-28T04:10:35.227-0700][gc,heap     ] GC(198) Survivor regions: 1->1(32)
[2022-04-28T04:10:35.227-0700][gc,heap     ] GC(198) Old regions: 36->36
[2022-04-28T04:10:35.227-0700][gc,heap     ] GC(198) Archive regions: 2->2
[2022-04-28T04:10:35.227-0700][gc,heap     ] GC(198) Humongous regions: 20->20
[2022-04-28T04:10:35.227-0700][gc,metaspace] GC(198) Metaspace: 68028K(68608K)->68028K(68608K) NonClass: 60034K(60352K)->60034K(60352K) Class: 7993K(8256K)->7993K(8256K)
[2022-04-28T04:10:35.227-0700][gc          ] GC(198) Pause Young (Normal) (G1 Evacuation Pause) 312M->57M(512M) 18.679ms
[2022-04-28T04:10:35.227-0700][gc,cpu      ] GC(198) User=0.02s Sys=0.02s Real=0.02s
[2022-04-28T04:24:53.117-0700][gc,start    ] GC(199) Pause Young (Normal) (G1 Evacuation Pause)
[2022-04-28T04:24:53.120-0700][gc,task     ] GC(199) Using 9 workers of 9 for evacuation
[2022-04-28T04:24:53.135-0700][gc,phases   ] GC(199)   Pre Evacuate Collection Set: 2.8ms
[2022-04-28T04:24:53.135-0700][gc,phases   ] GC(199)   Merge Heap Roots: 0.4ms
[2022-04-28T04:24:53.135-0700][gc,phases   ] GC(199)   Evacuate Collection Set: 10.7ms
[2022-04-28T04:24:53.135-0700][gc,phases   ] GC(199)   Post Evacuate Collection Set: 1.2ms
[2022-04-28T04:24:53.135-0700][gc,phases   ] GC(199)   Other: 3.1ms
[2022-04-28T04:24:53.135-0700][gc,heap     ] GC(199) Eden regions: 255->0(255)
[2022-04-28T04:24:53.135-0700][gc,heap     ] GC(199) Survivor regions: 1->1(32)
[2022-04-28T04:24:53.135-0700][gc,heap     ] GC(199) Old regions: 36->36
[2022-04-28T04:24:53.136-0700][gc,heap     ] GC(199) Archive regions: 2->2
[2022-04-28T04:24:53.136-0700][gc,heap     ] GC(199) Humongous regions: 20->20
[2022-04-28T04:24:53.136-0700][gc,metaspace] GC(199) Metaspace: 68032K(68608K)->68032K(68608K) NonClass: 60039K(60352K)->60039K(60352K) Class: 7993K(8256K)->7993K(8256K)
[2022-04-28T04:24:53.136-0700][gc          ] GC(199) Pause Young (Normal) (G1 Evacuation Pause) 312M->57M(512M) 18.230ms
[2022-04-28T04:24:53.136-0700][gc,cpu      ] GC(199) User=0.02s Sys=0.02s Real=0.02s
[2022-04-28T04:39:10.915-0700][gc,start    ] GC(200) Pause Young (Normal) (G1 Evacuation Pause)
[2022-04-28T04:39:10.916-0700][gc,task     ] GC(200) Using 9 workers of 9 for evacuation
[2022-04-28T04:39:10.925-0700][gc,phases   ] GC(200)   Pre Evacuate Collection Set: 0.8ms
[2022-04-28T04:39:10.925-0700][gc,phases   ] GC(200)   Merge Heap Roots: 0.2ms
[2022-04-28T04:39:10.925-0700][gc,phases   ] GC(200)   Evacuate Collection Set: 5.3ms
[2022-04-28T04:39:10.925-0700][gc,phases   ] GC(200)   Post Evacuate Collection Set: 1.9ms
[2022-04-28T04:39:10.925-0700][gc,phases   ] GC(200)   Other: 2.0ms
[2022-04-28T04:39:10.925-0700][gc,heap     ] GC(200) Eden regions: 255->0(255)
[2022-04-28T04:39:10.925-0700][gc,heap     ] GC(200) Survivor regions: 1->1(32)
[2022-04-28T04:39:10.925-0700][gc,heap     ] GC(200) Old regions: 36->36
[2022-04-28T04:39:10.925-0700][gc,heap     ] GC(200) Archive regions: 2->2
[2022-04-28T04:39:10.925-0700][gc,heap     ] GC(200) Humongous regions: 20->20
[2022-04-28T04:39:10.925-0700][gc,metaspace] GC(200) Metaspace: 68032K(68608K)->68032K(68608K) NonClass: 60039K(60352K)->60039K(60352K) Class: 7993K(8256K)->7993K(8256K)
[2022-04-28T04:39:10.925-0700][gc          ] GC(200) Pause Young (Normal) (G1 Evacuation Pause) 312M->57M(512M) 10.429ms
[2022-04-28T04:39:10.925-0700][gc,cpu      ] GC(200) User=0.01s Sys=0.01s Real=0.01s
[2022-04-28T04:53:25.451-0700][gc,start    ] GC(201) Pause Young (Normal) (G1 Evacuation Pause)
[2022-04-28T04:53:25.452-0700][gc,task     ] GC(201) Using 9 workers of 9 for evacuation
[2022-04-28T04:53:25.470-0700][gc,phases   ] GC(201)   Pre Evacuate Collection Set: 1.1ms
[2022-04-28T04:53:25.470-0700][gc,phases   ] GC(201)   Merge Heap Roots: 0.2ms
[2022-04-28T04:53:25.470-0700][gc,phases   ] GC(201)   Evacuate Collection Set: 13.7ms
[2022-04-28T04:53:25.470-0700][gc,phases   ] GC(201)   Post Evacuate Collection Set: 1.7ms
[2022-04-28T04:53:25.470-0700][gc,phases   ] GC(201)   Other: 2.4ms
[2022-04-28T04:53:25.470-0700][gc,heap     ] GC(201) Eden regions: 255->0(255)
[2022-04-28T04:53:25.470-0700][gc,heap     ] GC(201) Survivor regions: 1->1(32)
[2022-04-28T04:53:25.470-0700][gc,heap     ] GC(201) Old regions: 36->36
[2022-04-28T04:53:25.470-0700][gc,heap     ] GC(201) Archive regions: 2->2
[2022-04-28T04:53:25.470-0700][gc,heap     ] GC(201) Humongous regions: 20->20
[2022-04-28T04:53:25.470-0700][gc,metaspace] GC(201) Metaspace: 68032K(68608K)->68032K(68608K) NonClass: 60039K(60352K)->60039K(60352K) Class: 7993K(8256K)->7993K(8256K)
[2022-04-28T04:53:25.470-0700][gc          ] GC(201) Pause Young (Normal) (G1 Evacuation Pause) 312M->57M(512M) 19.416ms
[2022-04-28T04:53:25.470-0700][gc,cpu      ] GC(201) User=0.01s Sys=0.01s Real=0.02s
[2022-04-28T05:07:46.578-0700][gc,start    ] GC(202) Pause Young (Normal) (G1 Evacuation Pause)
[2022-04-28T05:07:46.581-0700][gc,task     ] GC(202) Using 9 workers of 9 for evacuation
[2022-04-28T05:07:46.596-0700][gc,phases   ] GC(202)   Pre Evacuate Collection Set: 1.2ms
[2022-04-28T05:07:46.596-0700][gc,phases   ] GC(202)   Merge Heap Roots: 0.3ms
[2022-04-28T05:07:46.596-0700][gc,phases   ] GC(202)   Evacuate Collection Set: 7.9ms
[2022-04-28T05:07:46.596-0700][gc,phases   ] GC(202)   Post Evacuate Collection Set: 3.7ms
[2022-04-28T05:07:46.596-0700][gc,phases   ] GC(202)   Other: 4.6ms
[2022-04-28T05:07:46.596-0700][gc,heap     ] GC(202) Eden regions: 255->0(255)
[2022-04-28T05:07:46.596-0700][gc,heap     ] GC(202) Survivor regions: 1->1(32)
[2022-04-28T05:07:46.596-0700][gc,heap     ] GC(202) Old regions: 36->36
[2022-04-28T05:07:46.596-0700][gc,heap     ] GC(202) Archive regions: 2->2
[2022-04-28T05:07:46.596-0700][gc,heap     ] GC(202) Humongous regions: 20->20
[2022-04-28T05:07:46.596-0700][gc,metaspace] GC(202) Metaspace: 68032K(68608K)->68032K(68608K) NonClass: 60039K(60352K)->60039K(60352K) Class: 7993K(8256K)->7993K(8256K)
[2022-04-28T05:07:46.596-0700][gc          ] GC(202) Pause Young (Normal) (G1 Evacuation Pause) 312M->57M(512M) 17.825ms
[2022-04-28T05:07:46.596-0700][gc,cpu      ] GC(202) User=0.01s Sys=0.01s Real=0.02s
[2022-04-28T05:21:59.973-0700][gc,start    ] GC(203) Pause Young (Normal) (G1 Evacuation Pause)
[2022-04-28T05:21:59.974-0700][gc,task     ] GC(203) Using 9 workers of 9 for evacuation
[2022-04-28T05:21:59.980-0700][gc,phases   ] GC(203)   Pre Evacuate Collection Set: 0.8ms
[2022-04-28T05:21:59.981-0700][gc,phases   ] GC(203)   Merge Heap Roots: 0.1ms
[2022-04-28T05:21:59.981-0700][gc,phases   ] GC(203)   Evacuate Collection Set: 4.2ms
[2022-04-28T05:21:59.981-0700][gc,phases   ] GC(203)   Post Evacuate Collection Set: 0.9ms
[2022-04-28T05:21:59.981-0700][gc,phases   ] GC(203)   Other: 2.1ms
[2022-04-28T05:21:59.981-0700][gc,heap     ] GC(203) Eden regions: 255->0(255)
[2022-04-28T05:21:59.981-0700][gc,heap     ] GC(203) Survivor regions: 1->1(32)
[2022-04-28T05:21:59.981-0700][gc,heap     ] GC(203) Old regions: 36->36
[2022-04-28T05:21:59.981-0700][gc,heap     ] GC(203) Archive regions: 2->2
[2022-04-28T05:21:59.981-0700][gc,heap     ] GC(203) Humongous regions: 20->20
[2022-04-28T05:21:59.981-0700][gc,metaspace] GC(203) Metaspace: 68032K(68608K)->68032K(68608K) NonClass: 60039K(60352K)->60039K(60352K) Class: 7993K(8256K)->7993K(8256K)
[2022-04-28T05:21:59.981-0700][gc          ] GC(203) Pause Young (Normal) (G1 Evacuation Pause) 312M->57M(512M) 8.134ms
[2022-04-28T05:21:59.981-0700][gc,cpu      ] GC(203) User=0.01s Sys=0.02s Real=0.01s
[2022-04-28T05:36:20.007-0700][gc,start    ] GC(204) Pause Young (Normal) (G1 Evacuation Pause)
[2022-04-28T05:36:20.009-0700][gc,task     ] GC(204) Using 9 workers of 9 for evacuation
[2022-04-28T05:36:20.033-0700][gc,phases   ] GC(204)   Pre Evacuate Collection Set: 1.5ms
[2022-04-28T05:36:20.033-0700][gc,phases   ] GC(204)   Merge Heap Roots: 0.3ms
[2022-04-28T05:36:20.033-0700][gc,phases   ] GC(204)   Evacuate Collection Set: 20.9ms
[2022-04-28T05:36:20.033-0700][gc,phases   ] GC(204)   Post Evacuate Collection Set: 1.2ms
[2022-04-28T05:36:20.033-0700][gc,phases   ] GC(204)   Other: 3.2ms
[2022-04-28T05:36:20.033-0700][gc,heap     ] GC(204) Eden regions: 255->0(255)
[2022-04-28T05:36:20.033-0700][gc,heap     ] GC(204) Survivor regions: 1->1(32)
[2022-04-28T05:36:20.033-0700][gc,heap     ] GC(204) Old regions: 36->36
[2022-04-28T05:36:20.033-0700][gc,heap     ] GC(204) Archive regions: 2->2
[2022-04-28T05:36:20.033-0700][gc,heap     ] GC(204) Humongous regions: 20->20
[2022-04-28T05:36:20.033-0700][gc,metaspace] GC(204) Metaspace: 68032K(68608K)->68032K(68608K) NonClass: 60039K(60352K)->60039K(60352K) Class: 7993K(8256K)->7993K(8256K)
[2022-04-28T05:36:20.034-0700][gc          ] GC(204) Pause Young (Normal) (G1 Evacuation Pause) 312M->57M(512M) 26.781ms
[2022-04-28T05:36:20.034-0700][gc,cpu      ] GC(204) User=0.01s Sys=0.02s Real=0.03s
[2022-04-28T05:50:36.151-0700][gc,start    ] GC(205) Pause Young (Normal) (G1 Evacuation Pause)
[2022-04-28T05:50:36.153-0700][gc,task     ] GC(205) Using 9 workers of 9 for evacuation
[2022-04-28T05:50:36.171-0700][gc,phases   ] GC(205)   Pre Evacuate Collection Set: 0.9ms
[2022-04-28T05:50:36.171-0700][gc,phases   ] GC(205)   Merge Heap Roots: 0.2ms
[2022-04-28T05:50:36.171-0700][gc,phases   ] GC(205)   Evacuate Collection Set: 16.0ms
[2022-04-28T05:50:36.171-0700][gc,phases   ] GC(205)   Post Evacuate Collection Set: 0.8ms
[2022-04-28T05:50:36.171-0700][gc,phases   ] GC(205)   Other: 2.0ms
[2022-04-28T05:50:36.171-0700][gc,heap     ] GC(205) Eden regions: 255->0(255)
[2022-04-28T05:50:36.171-0700][gc,heap     ] GC(205) Survivor regions: 1->1(32)
[2022-04-28T05:50:36.171-0700][gc,heap     ] GC(205) Old regions: 36->36
[2022-04-28T05:50:36.171-0700][gc,heap     ] GC(205) Archive regions: 2->2
[2022-04-28T05:50:36.171-0700][gc,heap     ] GC(205) Humongous regions: 20->20
[2022-04-28T05:50:36.171-0700][gc,metaspace] GC(205) Metaspace: 68032K(68608K)->68032K(68608K) NonClass: 60039K(60352K)->60039K(60352K) Class: 7993K(8256K)->7993K(8256K)
[2022-04-28T05:50:36.172-0700][gc          ] GC(205) Pause Young (Normal) (G1 Evacuation Pause) 312M->57M(512M) 20.232ms
[2022-04-28T05:50:36.172-0700][gc,cpu      ] GC(205) User=0.01s Sys=0.01s Real=0.02s
[2022-04-28T06:04:53.858-0700][gc,start    ] GC(206) Pause Young (Normal) (G1 Evacuation Pause)
[2022-04-28T06:04:53.860-0700][gc,task     ] GC(206) Using 9 workers of 9 for evacuation
[2022-04-28T06:04:53.864-0700][gc,phases   ] GC(206)   Pre Evacuate Collection Set: 0.6ms
[2022-04-28T06:04:53.864-0700][gc,phases   ] GC(206)   Merge Heap Roots: 0.1ms
[2022-04-28T06:04:53.864-0700][gc,phases   ] GC(206)   Evacuate Collection Set: 2.4ms
[2022-04-28T06:04:53.864-0700][gc,phases   ] GC(206)   Post Evacuate Collection Set: 0.9ms
[2022-04-28T06:04:53.864-0700][gc,phases   ] GC(206)   Other: 1.6ms
[2022-04-28T06:04:53.864-0700][gc,heap     ] GC(206) Eden regions: 255->0(255)
[2022-04-28T06:04:53.864-0700][gc,heap     ] GC(206) Survivor regions: 1->1(32)
[2022-04-28T06:04:53.864-0700][gc,heap     ] GC(206) Old regions: 36->36
[2022-04-28T06:04:53.864-0700][gc,heap     ] GC(206) Archive regions: 2->2
[2022-04-28T06:04:53.864-0700][gc,heap     ] GC(206) Humongous regions: 20->20
[2022-04-28T06:04:53.864-0700][gc,metaspace] GC(206) Metaspace: 68032K(68608K)->68032K(68608K) NonClass: 60039K(60352K)->60039K(60352K) Class: 7993K(8256K)->7993K(8256K)
[2022-04-28T06:04:53.864-0700][gc          ] GC(206) Pause Young (Normal) (G1 Evacuation Pause) 312M->57M(512M) 5.865ms
[2022-04-28T06:04:53.864-0700][gc,cpu      ] GC(206) User=0.00s Sys=0.01s Real=0.01s
[2022-04-28T06:19:12.290-0700][gc,start    ] GC(207) Pause Young (Normal) (G1 Evacuation Pause)
[2022-04-28T06:19:12.291-0700][gc,task     ] GC(207) Using 9 workers of 9 for evacuation
[2022-04-28T06:19:12.302-0700][gc,phases   ] GC(207)   Pre Evacuate Collection Set: 0.7ms
[2022-04-28T06:19:12.302-0700][gc,phases   ] GC(207)   Merge Heap Roots: 0.5ms
[2022-04-28T06:19:12.302-0700][gc,phases   ] GC(207)   Evacuate Collection Set: 6.8ms
[2022-04-28T06:19:12.302-0700][gc,phases   ] GC(207)   Post Evacuate Collection Set: 2.3ms
[2022-04-28T06:19:12.302-0700][gc,phases   ] GC(207)   Other: 1.8ms
[2022-04-28T06:19:12.302-0700][gc,heap     ] GC(207) Eden regions: 255->0(255)
[2022-04-28T06:19:12.302-0700][gc,heap     ] GC(207) Survivor regions: 1->1(32)
[2022-04-28T06:19:12.302-0700][gc,heap     ] GC(207) Old regions: 36->36
[2022-04-28T06:19:12.302-0700][gc,heap     ] GC(207) Archive regions: 2->2
[2022-04-28T06:19:12.302-0700][gc,heap     ] GC(207) Humongous regions: 20->20
[2022-04-28T06:19:12.302-0700][gc,metaspace] GC(207) Metaspace: 68032K(68608K)->68032K(68608K) NonClass: 60039K(60352K)->60039K(60352K) Class: 7993K(8256K)->7993K(8256K)
[2022-04-28T06:19:12.302-0700][gc          ] GC(207) Pause Young (Normal) (G1 Evacuation Pause) 312M->57M(512M) 12.389ms
[2022-04-28T06:19:12.302-0700][gc,cpu      ] GC(207) User=0.01s Sys=0.01s Real=0.01s
[2022-04-28T06:33:26.053-0700][gc,start    ] GC(208) Pause Young (Normal) (G1 Evacuation Pause)
[2022-04-28T06:33:26.054-0700][gc,task     ] GC(208) Using 9 workers of 9 for evacuation
[2022-04-28T06:33:26.067-0700][gc,phases   ] GC(208)   Pre Evacuate Collection Set: 0.7ms
[2022-04-28T06:33:26.067-0700][gc,phases   ] GC(208)   Merge Heap Roots: 0.7ms
[2022-04-28T06:33:26.067-0700][gc,phases   ] GC(208)   Evacuate Collection Set: 7.8ms
[2022-04-28T06:33:26.067-0700][gc,phases   ] GC(208)   Post Evacuate Collection Set: 3.3ms
[2022-04-28T06:33:26.067-0700][gc,phases   ] GC(208)   Other: 1.3ms
[2022-04-28T06:33:26.067-0700][gc,heap     ] GC(208) Eden regions: 255->0(255)
[2022-04-28T06:33:26.067-0700][gc,heap     ] GC(208) Survivor regions: 1->1(32)
[2022-04-28T06:33:26.067-0700][gc,heap     ] GC(208) Old regions: 36->36
[2022-04-28T06:33:26.067-0700][gc,heap     ] GC(208) Archive regions: 2->2
[2022-04-28T06:33:26.067-0700][gc,heap     ] GC(208) Humongous regions: 20->20
[2022-04-28T06:33:26.067-0700][gc,metaspace] GC(208) Metaspace: 68032K(68608K)->68032K(68608K) NonClass: 60039K(60352K)->60039K(60352K) Class: 7993K(8256K)->7993K(8256K)
[2022-04-28T06:33:26.067-0700][gc          ] GC(208) Pause Young (Normal) (G1 Evacuation Pause) 312M->57M(512M) 14.081ms
[2022-04-28T06:33:26.067-0700][gc,cpu      ] GC(208) User=0.00s Sys=0.01s Real=0.01s
[2022-04-28T06:47:43.991-0700][gc,start    ] GC(209) Pause Young (Normal) (G1 Evacuation Pause)
[2022-04-28T06:47:43.994-0700][gc,task     ] GC(209) Using 9 workers of 9 for evacuation
[2022-04-28T06:47:44.008-0700][gc,phases   ] GC(209)   Pre Evacuate Collection Set: 1.6ms
[2022-04-28T06:47:44.008-0700][gc,phases   ] GC(209)   Merge Heap Roots: 0.4ms
[2022-04-28T06:47:44.008-0700][gc,phases   ] GC(209)   Evacuate Collection Set: 9.6ms
[2022-04-28T06:47:44.008-0700][gc,phases   ] GC(209)   Post Evacuate Collection Set: 2.1ms
[2022-04-28T06:47:44.008-0700][gc,phases   ] GC(209)   Other: 3.2ms
[2022-04-28T06:47:44.008-0700][gc,heap     ] GC(209) Eden regions: 255->0(255)
[2022-04-28T06:47:44.008-0700][gc,heap     ] GC(209) Survivor regions: 1->1(32)
[2022-04-28T06:47:44.008-0700][gc,heap     ] GC(209) Old regions: 36->36
[2022-04-28T06:47:44.008-0700][gc,heap     ] GC(209) Archive regions: 2->2
[2022-04-28T06:47:44.008-0700][gc,heap     ] GC(209) Humongous regions: 20->20
[2022-04-28T06:47:44.008-0700][gc,metaspace] GC(209) Metaspace: 68033K(68608K)->68033K(68608K) NonClass: 60039K(60352K)->60039K(60352K) Class: 7993K(8256K)->7993K(8256K)
[2022-04-28T06:47:44.008-0700][gc          ] GC(209) Pause Young (Normal) (G1 Evacuation Pause) 312M->57M(512M) 17.136ms
[2022-04-28T06:47:44.008-0700][gc,cpu      ] GC(209) User=0.01s Sys=0.01s Real=0.01s
[2022-04-28T07:01:59.676-0700][gc,start    ] GC(210) Pause Young (Normal) (G1 Evacuation Pause)
[2022-04-28T07:01:59.677-0700][gc,task     ] GC(210) Using 9 workers of 9 for evacuation
[2022-04-28T07:01:59.693-0700][gc,phases   ] GC(210)   Pre Evacuate Collection Set: 0.8ms
[2022-04-28T07:01:59.693-0700][gc,phases   ] GC(210)   Merge Heap Roots: 0.4ms
[2022-04-28T07:01:59.693-0700][gc,phases   ] GC(210)   Evacuate Collection Set: 10.4ms
[2022-04-28T07:01:59.693-0700][gc,phases   ] GC(210)   Post Evacuate Collection Set: 4.1ms
[2022-04-28T07:01:59.693-0700][gc,phases   ] GC(210)   Other: 0.8ms
[2022-04-28T07:01:59.693-0700][gc,heap     ] GC(210) Eden regions: 255->0(255)
[2022-04-28T07:01:59.693-0700][gc,heap     ] GC(210) Survivor regions: 1->1(32)
[2022-04-28T07:01:59.693-0700][gc,heap     ] GC(210) Old regions: 36->36
[2022-04-28T07:01:59.693-0700][gc,heap     ] GC(210) Archive regions: 2->2
[2022-04-28T07:01:59.693-0700][gc,heap     ] GC(210) Humongous regions: 20->20
[2022-04-28T07:01:59.693-0700][gc,metaspace] GC(210) Metaspace: 68033K(68608K)->68033K(68608K) NonClass: 60039K(60352K)->60039K(60352K) Class: 7993K(8256K)->7993K(8256K)
[2022-04-28T07:01:59.693-0700][gc          ] GC(210) Pause Young (Normal) (G1 Evacuation Pause) 312M->57M(512M) 16.671ms
[2022-04-28T07:01:59.693-0700][gc,cpu      ] GC(210) User=0.00s Sys=0.01s Real=0.02s
[2022-04-28T07:16:13.983-0700][gc,start    ] GC(211) Pause Young (Normal) (G1 Evacuation Pause)
[2022-04-28T07:16:13.984-0700][gc,task     ] GC(211) Using 9 workers of 9 for evacuation
[2022-04-28T07:16:13.994-0700][gc,phases   ] GC(211)   Pre Evacuate Collection Set: 0.9ms
[2022-04-28T07:16:13.994-0700][gc,phases   ] GC(211)   Merge Heap Roots: 0.4ms
[2022-04-28T07:16:13.994-0700][gc,phases   ] GC(211)   Evacuate Collection Set: 6.2ms
[2022-04-28T07:16:13.994-0700][gc,phases   ] GC(211)   Post Evacuate Collection Set: 1.9ms
[2022-04-28T07:16:13.994-0700][gc,phases   ] GC(211)   Other: 1.9ms
[2022-04-28T07:16:13.994-0700][gc,heap     ] GC(211) Eden regions: 255->0(255)
[2022-04-28T07:16:13.994-0700][gc,heap     ] GC(211) Survivor regions: 1->1(32)
[2022-04-28T07:16:13.994-0700][gc,heap     ] GC(211) Old regions: 36->36
[2022-04-28T07:16:13.994-0700][gc,heap     ] GC(211) Archive regions: 2->2
[2022-04-28T07:16:13.994-0700][gc,heap     ] GC(211) Humongous regions: 20->20
[2022-04-28T07:16:13.994-0700][gc,metaspace] GC(211) Metaspace: 68033K(68608K)->68033K(68608K) NonClass: 60039K(60352K)->60039K(60352K) Class: 7993K(8256K)->7993K(8256K)
[2022-04-28T07:16:13.994-0700][gc          ] GC(211) Pause Young (Normal) (G1 Evacuation Pause) 312M->57M(512M) 11.529ms
[2022-04-28T07:16:13.994-0700][gc,cpu      ] GC(211) User=0.01s Sys=0.01s Real=0.01s
[2022-04-28T07:30:32.160-0700][gc,start    ] GC(212) Pause Young (Normal) (G1 Evacuation Pause)
[2022-04-28T07:30:32.162-0700][gc,task     ] GC(212) Using 9 workers of 9 for evacuation
[2022-04-28T07:30:32.176-0700][gc,phases   ] GC(212)   Pre Evacuate Collection Set: 1.6ms
[2022-04-28T07:30:32.176-0700][gc,phases   ] GC(212)   Merge Heap Roots: 0.4ms
[2022-04-28T07:30:32.176-0700][gc,phases   ] GC(212)   Evacuate Collection Set: 9.5ms
[2022-04-28T07:30:32.176-0700][gc,phases   ] GC(212)   Post Evacuate Collection Set: 1.8ms
[2022-04-28T07:30:32.176-0700][gc,phases   ] GC(212)   Other: 2.1ms
[2022-04-28T07:30:32.176-0700][gc,heap     ] GC(212) Eden regions: 255->0(255)
[2022-04-28T07:30:32.176-0700][gc,heap     ] GC(212) Survivor regions: 1->1(32)
[2022-04-28T07:30:32.176-0700][gc,heap     ] GC(212) Old regions: 36->36
[2022-04-28T07:30:32.176-0700][gc,heap     ] GC(212) Archive regions: 2->2
[2022-04-28T07:30:32.176-0700][gc,heap     ] GC(212) Humongous regions: 20->20
[2022-04-28T07:30:32.176-0700][gc,metaspace] GC(212) Metaspace: 68033K(68608K)->68033K(68608K) NonClass: 60039K(60352K)->60039K(60352K) Class: 7993K(8256K)->7993K(8256K)
[2022-04-28T07:30:32.176-0700][gc          ] GC(212) Pause Young (Normal) (G1 Evacuation Pause) 312M->57M(512M) 15.804ms
[2022-04-28T07:30:32.176-0700][gc,cpu      ] GC(212) User=0.01s Sys=0.02s Real=0.01s
[2022-04-28T07:44:52.235-0700][gc,start    ] GC(213) Pause Young (Normal) (G1 Evacuation Pause)
[2022-04-28T07:44:52.237-0700][gc,task     ] GC(213) Using 9 workers of 9 for evacuation
[2022-04-28T07:44:52.252-0700][gc,phases   ] GC(213)   Pre Evacuate Collection Set: 1.4ms
[2022-04-28T07:44:52.252-0700][gc,phases   ] GC(213)   Merge Heap Roots: 0.7ms
[2022-04-28T07:44:52.252-0700][gc,phases   ] GC(213)   Evacuate Collection Set: 10.0ms
[2022-04-28T07:44:52.252-0700][gc,phases   ] GC(213)   Post Evacuate Collection Set: 2.3ms
[2022-04-28T07:44:52.252-0700][gc,phases   ] GC(213)   Other: 2.8ms
[2022-04-28T07:44:52.252-0700][gc,heap     ] GC(213) Eden regions: 255->0(255)
[2022-04-28T07:44:52.252-0700][gc,heap     ] GC(213) Survivor regions: 1->1(32)
[2022-04-28T07:44:52.252-0700][gc,heap     ] GC(213) Old regions: 36->36
[2022-04-28T07:44:52.252-0700][gc,heap     ] GC(213) Archive regions: 2->2
[2022-04-28T07:44:52.252-0700][gc,heap     ] GC(213) Humongous regions: 20->20
[2022-04-28T07:44:52.252-0700][gc,metaspace] GC(213) Metaspace: 68033K(68608K)->68033K(68608K) NonClass: 60039K(60352K)->60039K(60352K) Class: 7993K(8256K)->7993K(8256K)
[2022-04-28T07:44:52.252-0700][gc          ] GC(213) Pause Young (Normal) (G1 Evacuation Pause) 312M->57M(512M) 17.467ms
[2022-04-28T07:44:52.252-0700][gc,cpu      ] GC(213) User=0.01s Sys=0.02s Real=0.02s
[2022-04-28T07:58:57.913-0700][gc,start    ] GC(214) Pause Young (Normal) (G1 Evacuation Pause)
[2022-04-28T07:58:57.914-0700][gc,task     ] GC(214) Using 9 workers of 9 for evacuation
[2022-04-28T07:58:57.943-0700][gc,phases   ] GC(214)   Pre Evacuate Collection Set: 1.0ms
[2022-04-28T07:58:57.943-0700][gc,phases   ] GC(214)   Merge Heap Roots: 0.7ms
[2022-04-28T07:58:57.943-0700][gc,phases   ] GC(214)   Evacuate Collection Set: 20.5ms
[2022-04-28T07:58:57.943-0700][gc,phases   ] GC(214)   Post Evacuate Collection Set: 6.8ms
[2022-04-28T07:58:57.943-0700][gc,phases   ] GC(214)   Other: 1.2ms
[2022-04-28T07:58:57.943-0700][gc,heap     ] GC(214) Eden regions: 255->0(255)
[2022-04-28T07:58:57.943-0700][gc,heap     ] GC(214) Survivor regions: 1->1(32)
[2022-04-28T07:58:57.943-0700][gc,heap     ] GC(214) Old regions: 36->36
[2022-04-28T07:58:57.943-0700][gc,heap     ] GC(214) Archive regions: 2->2
[2022-04-28T07:58:57.943-0700][gc,heap     ] GC(214) Humongous regions: 20->20
[2022-04-28T07:58:57.943-0700][gc,metaspace] GC(214) Metaspace: 68033K(68608K)->68033K(68608K) NonClass: 60040K(60352K)->60040K(60352K) Class: 7993K(8256K)->7993K(8256K)
[2022-04-28T07:58:57.944-0700][gc          ] GC(214) Pause Young (Normal) (G1 Evacuation Pause) 312M->57M(512M) 30.341ms
[2022-04-28T07:58:57.944-0700][gc,cpu      ] GC(214) User=0.01s Sys=0.02s Real=0.03s
[2022-04-28T08:14:24.249-0700][gc,start    ] GC(215) Pause Young (Normal) (G1 Evacuation Pause)
[2022-04-28T08:14:24.250-0700][gc,task     ] GC(215) Using 9 workers of 9 for evacuation
[2022-04-28T08:14:24.277-0700][gc,phases   ] GC(215)   Pre Evacuate Collection Set: 1.0ms
[2022-04-28T08:14:24.277-0700][gc,phases   ] GC(215)   Merge Heap Roots: 0.4ms
[2022-04-28T08:14:24.277-0700][gc,phases   ] GC(215)   Evacuate Collection Set: 22.3ms
[2022-04-28T08:14:24.277-0700][gc,phases   ] GC(215)   Post Evacuate Collection Set: 1.7ms
[2022-04-28T08:14:24.277-0700][gc,phases   ] GC(215)   Other: 2.8ms
[2022-04-28T08:14:24.277-0700][gc,heap     ] GC(215) Eden regions: 255->0(255)
[2022-04-28T08:14:24.277-0700][gc,heap     ] GC(215) Survivor regions: 1->1(32)
[2022-04-28T08:14:24.277-0700][gc,heap     ] GC(215) Old regions: 36->36
[2022-04-28T08:14:24.277-0700][gc,heap     ] GC(215) Archive regions: 2->2
[2022-04-28T08:14:24.277-0700][gc,heap     ] GC(215) Humongous regions: 20->20
[2022-04-28T08:14:24.277-0700][gc,metaspace] GC(215) Metaspace: 68033K(68608K)->68033K(68608K) NonClass: 60040K(60352K)->60040K(60352K) Class: 7993K(8256K)->7993K(8256K)
[2022-04-28T08:14:24.277-0700][gc          ] GC(215) Pause Young (Normal) (G1 Evacuation Pause) 312M->57M(512M) 28.209ms
[2022-04-28T08:14:24.277-0700][gc,cpu      ] GC(215) User=0.01s Sys=0.02s Real=0.03s
[2022-04-28T08:29:26.671-0700][gc,start    ] GC(216) Pause Young (Normal) (G1 Evacuation Pause)
[2022-04-28T08:29:26.671-0700][gc,task     ] GC(216) Using 9 workers of 9 for evacuation
[2022-04-28T08:29:26.701-0700][gc,phases   ] GC(216)   Pre Evacuate Collection Set: 4.5ms
[2022-04-28T08:29:26.701-0700][gc,phases   ] GC(216)   Merge Heap Roots: 0.2ms
[2022-04-28T08:29:26.701-0700][gc,phases   ] GC(216)   Evacuate Collection Set: 18.2ms
[2022-04-28T08:29:26.701-0700][gc,phases   ] GC(216)   Post Evacuate Collection Set: 2.6ms
[2022-04-28T08:29:26.701-0700][gc,phases   ] GC(216)   Other: 4.6ms
[2022-04-28T08:29:26.701-0700][gc,heap     ] GC(216) Eden regions: 255->0(255)
[2022-04-28T08:29:26.701-0700][gc,heap     ] GC(216) Survivor regions: 1->1(32)
[2022-04-28T08:29:26.701-0700][gc,heap     ] GC(216) Old regions: 36->36
[2022-04-28T08:29:26.701-0700][gc,heap     ] GC(216) Archive regions: 2->2
[2022-04-28T08:29:26.701-0700][gc,heap     ] GC(216) Humongous regions: 20->20
[2022-04-28T08:29:26.701-0700][gc,metaspace] GC(216) Metaspace: 68034K(68608K)->68034K(68608K) NonClass: 60040K(60352K)->60040K(60352K) Class: 7993K(8256K)->7993K(8256K)
[2022-04-28T08:29:26.701-0700][gc          ] GC(216) Pause Young (Normal) (G1 Evacuation Pause) 312M->57M(512M) 30.333ms
[2022-04-28T08:29:26.701-0700][gc,cpu      ] GC(216) User=0.00s Sys=0.02s Real=0.03s
[2022-04-28T08:43:40.374-0700][gc,start    ] GC(217) Pause Young (Normal) (G1 Evacuation Pause)
[2022-04-28T08:43:40.375-0700][gc,task     ] GC(217) Using 9 workers of 9 for evacuation
[2022-04-28T08:43:40.387-0700][gc,phases   ] GC(217)   Pre Evacuate Collection Set: 0.8ms
[2022-04-28T08:43:40.387-0700][gc,phases   ] GC(217)   Merge Heap Roots: 0.5ms
[2022-04-28T08:43:40.387-0700][gc,phases   ] GC(217)   Evacuate Collection Set: 9.6ms
[2022-04-28T08:43:40.387-0700][gc,phases   ] GC(217)   Post Evacuate Collection Set: 1.2ms
[2022-04-28T08:43:40.387-0700][gc,phases   ] GC(217)   Other: 1.7ms
[2022-04-28T08:43:40.387-0700][gc,heap     ] GC(217) Eden regions: 255->0(255)
[2022-04-28T08:43:40.387-0700][gc,heap     ] GC(217) Survivor regions: 1->1(32)
[2022-04-28T08:43:40.387-0700][gc,heap     ] GC(217) Old regions: 36->36
[2022-04-28T08:43:40.387-0700][gc,heap     ] GC(217) Archive regions: 2->2
[2022-04-28T08:43:40.387-0700][gc,heap     ] GC(217) Humongous regions: 20->20
[2022-04-28T08:43:40.387-0700][gc,metaspace] GC(217) Metaspace: 68034K(68608K)->68034K(68608K) NonClass: 60040K(60352K)->60040K(60352K) Class: 7993K(8256K)->7993K(8256K)
[2022-04-28T08:43:40.388-0700][gc          ] GC(217) Pause Young (Normal) (G1 Evacuation Pause) 312M->57M(512M) 14.349ms
[2022-04-28T08:43:40.388-0700][gc,cpu      ] GC(217) User=0.01s Sys=0.01s Real=0.01s
[2022-04-28T08:57:57.412-0700][gc,start    ] GC(218) Pause Young (Normal) (G1 Evacuation Pause)
[2022-04-28T08:57:57.414-0700][gc,task     ] GC(218) Using 9 workers of 9 for evacuation
[2022-04-28T08:57:57.423-0700][gc,phases   ] GC(218)   Pre Evacuate Collection Set: 1.1ms
[2022-04-28T08:57:57.423-0700][gc,phases   ] GC(218)   Merge Heap Roots: 0.3ms
[2022-04-28T08:57:57.423-0700][gc,phases   ] GC(218)   Evacuate Collection Set: 4.9ms
[2022-04-28T08:57:57.423-0700][gc,phases   ] GC(218)   Post Evacuate Collection Set: 2.7ms
[2022-04-28T08:57:57.423-0700][gc,phases   ] GC(218)   Other: 14.0ms
[2022-04-28T08:57:57.423-0700][gc,heap     ] GC(218) Eden regions: 255->0(255)
[2022-04-28T08:57:57.423-0700][gc,heap     ] GC(218) Survivor regions: 1->1(32)
[2022-04-28T08:57:57.423-0700][gc,heap     ] GC(218) Old regions: 36->36
[2022-04-28T08:57:57.423-0700][gc,heap     ] GC(218) Archive regions: 2->2
[2022-04-28T08:57:57.423-0700][gc,heap     ] GC(218) Humongous regions: 20->20
[2022-04-28T08:57:57.423-0700][gc,metaspace] GC(218) Metaspace: 68036K(68608K)->68036K(68608K) NonClass: 60042K(60352K)->60042K(60352K) Class: 7993K(8256K)->7993K(8256K)
[2022-04-28T08:57:57.423-0700][gc          ] GC(218) Pause Young (Normal) (G1 Evacuation Pause) 312M->57M(512M) 11.302ms
[2022-04-28T08:57:57.423-0700][gc,cpu      ] GC(218) User=0.00s Sys=0.02s Real=0.01s
[2022-04-28T09:14:20.650-0700][gc,start    ] GC(219) Pause Young (Normal) (G1 Evacuation Pause)
[2022-04-28T09:14:20.651-0700][gc,task     ] GC(219) Using 9 workers of 9 for evacuation
[2022-04-28T09:14:20.669-0700][gc,phases   ] GC(219)   Pre Evacuate Collection Set: 5.0ms
[2022-04-28T09:14:20.669-0700][gc,phases   ] GC(219)   Merge Heap Roots: 3.2ms
[2022-04-28T09:14:20.669-0700][gc,phases   ] GC(219)   Evacuate Collection Set: 8.3ms
[2022-04-28T09:14:20.669-0700][gc,phases   ] GC(219)   Post Evacuate Collection Set: 1.2ms
[2022-04-28T09:14:20.669-0700][gc,phases   ] GC(219)   Other: 1.9ms
[2022-04-28T09:14:20.669-0700][gc,heap     ] GC(219) Eden regions: 255->0(255)
[2022-04-28T09:14:20.669-0700][gc,heap     ] GC(219) Survivor regions: 1->1(32)
[2022-04-28T09:14:20.669-0700][gc,heap     ] GC(219) Old regions: 36->36
[2022-04-28T09:14:20.669-0700][gc,heap     ] GC(219) Archive regions: 2->2
[2022-04-28T09:14:20.669-0700][gc,heap     ] GC(219) Humongous regions: 20->20
[2022-04-28T09:14:20.669-0700][gc,metaspace] GC(219) Metaspace: 68037K(68608K)->68037K(68608K) NonClass: 60043K(60352K)->60043K(60352K) Class: 7993K(8256K)->7993K(8256K)
[2022-04-28T09:14:20.669-0700][gc          ] GC(219) Pause Young (Normal) (G1 Evacuation Pause) 312M->57M(512M) 19.603ms
[2022-04-28T09:14:20.669-0700][gc,cpu      ] GC(219) User=0.01s Sys=0.00s Real=0.01s
[2022-04-28T09:30:31.654-0700][gc,start    ] GC(220) Pause Young (Normal) (G1 Evacuation Pause)
[2022-04-28T09:30:31.658-0700][gc,task     ] GC(220) Using 9 workers of 9 for evacuation
[2022-04-28T09:30:31.675-0700][gc,phases   ] GC(220)   Pre Evacuate Collection Set: 1.2ms
[2022-04-28T09:30:31.675-0700][gc,phases   ] GC(220)   Merge Heap Roots: 0.2ms
[2022-04-28T09:30:31.675-0700][gc,phases   ] GC(220)   Evacuate Collection Set: 14.0ms
[2022-04-28T09:30:31.675-0700][gc,phases   ] GC(220)   Post Evacuate Collection Set: 1.5ms
[2022-04-28T09:30:31.675-0700][gc,phases   ] GC(220)   Other: 3.8ms
[2022-04-28T09:30:31.675-0700][gc,heap     ] GC(220) Eden regions: 255->0(255)
[2022-04-28T09:30:31.675-0700][gc,heap     ] GC(220) Survivor regions: 1->1(32)
[2022-04-28T09:30:31.675-0700][gc,heap     ] GC(220) Old regions: 36->36
[2022-04-28T09:30:31.675-0700][gc,heap     ] GC(220) Archive regions: 2->2
[2022-04-28T09:30:31.675-0700][gc,heap     ] GC(220) Humongous regions: 20->20
[2022-04-28T09:30:31.675-0700][gc,metaspace] GC(220) Metaspace: 68042K(68608K)->68042K(68608K) NonClass: 60048K(60352K)->60048K(60352K) Class: 7993K(8256K)->7993K(8256K)
[2022-04-28T09:30:31.675-0700][gc          ] GC(220) Pause Young (Normal) (G1 Evacuation Pause) 312M->57M(512M) 20.780ms
[2022-04-28T09:30:31.675-0700][gc,cpu      ] GC(220) User=0.01s Sys=0.01s Real=0.02s
[2022-04-28T09:45:44.490-0700][gc,start    ] GC(221) Pause Young (Normal) (G1 Evacuation Pause)
[2022-04-28T09:45:44.491-0700][gc,task     ] GC(221) Using 9 workers of 9 for evacuation
[2022-04-28T09:45:44.506-0700][gc,phases   ] GC(221)   Pre Evacuate Collection Set: 1.5ms
[2022-04-28T09:45:44.506-0700][gc,phases   ] GC(221)   Merge Heap Roots: 0.3ms
[2022-04-28T09:45:44.506-0700][gc,phases   ] GC(221)   Evacuate Collection Set: 12.5ms
[2022-04-28T09:45:44.506-0700][gc,phases   ] GC(221)   Post Evacuate Collection Set: 1.0ms
[2022-04-28T09:45:44.506-0700][gc,phases   ] GC(221)   Other: 1.2ms
[2022-04-28T09:45:44.506-0700][gc,heap     ] GC(221) Eden regions: 255->0(255)
[2022-04-28T09:45:44.506-0700][gc,heap     ] GC(221) Survivor regions: 1->1(32)
[2022-04-28T09:45:44.506-0700][gc,heap     ] GC(221) Old regions: 36->36
[2022-04-28T09:45:44.506-0700][gc,heap     ] GC(221) Archive regions: 2->2
[2022-04-28T09:45:44.506-0700][gc,heap     ] GC(221) Humongous regions: 20->20
[2022-04-28T09:45:44.506-0700][gc,metaspace] GC(221) Metaspace: 68043K(68608K)->68043K(68608K) NonClass: 60049K(60352K)->60049K(60352K) Class: 7993K(8256K)->7993K(8256K)
[2022-04-28T09:45:44.506-0700][gc          ] GC(221) Pause Young (Normal) (G1 Evacuation Pause) 312M->57M(512M) 16.544ms
[2022-04-28T09:45:44.506-0700][gc,cpu      ] GC(221) User=0.01s Sys=0.02s Real=0.01s
[2022-04-28T09:59:21.066-0700][gc,start    ] GC(222) Pause Young (Normal) (G1 Evacuation Pause)
[2022-04-28T09:59:21.069-0700][gc,task     ] GC(222) Using 9 workers of 9 for evacuation
[2022-04-28T09:59:21.096-0700][gc,phases   ] GC(222)   Pre Evacuate Collection Set: 2.7ms
[2022-04-28T09:59:21.096-0700][gc,phases   ] GC(222)   Merge Heap Roots: 0.8ms
[2022-04-28T09:59:21.096-0700][gc,phases   ] GC(222)   Evacuate Collection Set: 21.5ms
[2022-04-28T09:59:21.096-0700][gc,phases   ] GC(222)   Post Evacuate Collection Set: 1.7ms
[2022-04-28T09:59:21.096-0700][gc,phases   ] GC(222)   Other: 3.2ms
[2022-04-28T09:59:21.096-0700][gc,heap     ] GC(222) Eden regions: 255->0(255)
[2022-04-28T09:59:21.096-0700][gc,heap     ] GC(222) Survivor regions: 1->1(32)
[2022-04-28T09:59:21.096-0700][gc,heap     ] GC(222) Old regions: 36->36
[2022-04-28T09:59:21.096-0700][gc,heap     ] GC(222) Archive regions: 2->2
[2022-04-28T09:59:21.096-0700][gc,heap     ] GC(222) Humongous regions: 20->20
[2022-04-28T09:59:21.096-0700][gc,metaspace] GC(222) Metaspace: 68043K(68608K)->68043K(68608K) NonClass: 60049K(60352K)->60049K(60352K) Class: 7993K(8256K)->7993K(8256K)
[2022-04-28T09:59:21.096-0700][gc          ] GC(222) Pause Young (Normal) (G1 Evacuation Pause) 312M->57M(512M) 29.942ms
[2022-04-28T09:59:21.096-0700][gc,cpu      ] GC(222) User=0.01s Sys=0.03s Real=0.03s
[2022-04-28T10:13:31.266-0700][gc,start    ] GC(223) Pause Young (Normal) (G1 Evacuation Pause)
[2022-04-28T10:13:31.277-0700][gc,task     ] GC(223) Using 9 workers of 9 for evacuation
[2022-04-28T10:13:31.296-0700][gc,phases   ] GC(223)   Pre Evacuate Collection Set: 4.6ms
[2022-04-28T10:13:31.296-0700][gc,phases   ] GC(223)   Merge Heap Roots: 0.1ms
[2022-04-28T10:13:31.296-0700][gc,phases   ] GC(223)   Evacuate Collection Set: 12.6ms
[2022-04-28T10:13:31.296-0700][gc,phases   ] GC(223)   Post Evacuate Collection Set: 1.1ms
[2022-04-28T10:13:31.296-0700][gc,phases   ] GC(223)   Other: 11.7ms
[2022-04-28T10:13:31.296-0700][gc,heap     ] GC(223) Eden regions: 255->0(255)
[2022-04-28T10:13:31.296-0700][gc,heap     ] GC(223) Survivor regions: 1->1(32)
[2022-04-28T10:13:31.296-0700][gc,heap     ] GC(223) Old regions: 36->36
[2022-04-28T10:13:31.296-0700][gc,heap     ] GC(223) Archive regions: 2->2
[2022-04-28T10:13:31.296-0700][gc,heap     ] GC(223) Humongous regions: 20->20
[2022-04-28T10:13:31.296-0700][gc,metaspace] GC(223) Metaspace: 68043K(68608K)->68043K(68608K) NonClass: 60049K(60352K)->60049K(60352K) Class: 7993K(8256K)->7993K(8256K)
[2022-04-28T10:13:31.296-0700][gc          ] GC(223) Pause Young (Normal) (G1 Evacuation Pause) 312M->57M(512M) 30.252ms
[2022-04-28T10:13:31.296-0700][gc,cpu      ] GC(223) User=0.01s Sys=0.04s Real=0.03s
[2022-04-28T10:28:09.510-0700][gc,start    ] GC(224) Pause Young (Normal) (G1 Evacuation Pause)
[2022-04-28T10:28:09.512-0700][gc,task     ] GC(224) Using 9 workers of 9 for evacuation
[2022-04-28T10:28:09.524-0700][gc,phases   ] GC(224)   Pre Evacuate Collection Set: 1.3ms
[2022-04-28T10:28:09.524-0700][gc,phases   ] GC(224)   Merge Heap Roots: 0.3ms
[2022-04-28T10:28:09.524-0700][gc,phases   ] GC(224)   Evacuate Collection Set: 7.6ms
[2022-04-28T10:28:09.524-0700][gc,phases   ] GC(224)   Post Evacuate Collection Set: 2.2ms
[2022-04-28T10:28:09.524-0700][gc,phases   ] GC(224)   Other: 2.3ms
[2022-04-28T10:28:09.524-0700][gc,heap     ] GC(224) Eden regions: 255->0(255)
[2022-04-28T10:28:09.524-0700][gc,heap     ] GC(224) Survivor regions: 1->1(32)
[2022-04-28T10:28:09.524-0700][gc,heap     ] GC(224) Old regions: 36->36
