[2022-04-23T14:10:28.659-0700][gc] Using G1
[2022-04-23T14:10:28.659-0700][gc,init] Version: 17.0.2+0 (release)
[2022-04-23T14:10:28.659-0700][gc,init] CPUs: 10 total, 10 available
[2022-04-23T14:10:28.659-0700][gc,init] Memory: 16384M
[2022-04-23T14:10:28.659-0700][gc,init] Large Page Support: Disabled
[2022-04-23T14:10:28.659-0700][gc,init] NUMA Support: Disabled
[2022-04-23T14:10:28.659-0700][gc,init] Compressed Oops: Enabled (Zero based)
[2022-04-23T14:10:28.659-0700][gc,init] Heap Region Size: 1M
[2022-04-23T14:10:28.659-0700][gc,init] Heap Min Capacity: 512M
[2022-04-23T14:10:28.660-0700][gc,init] Heap Initial Capacity: 512M
[2022-04-23T14:10:28.660-0700][gc,init] Heap Max Capacity: 512M
[2022-04-23T14:10:28.660-0700][gc,init] Pre-touch: Disabled
[2022-04-23T14:10:28.660-0700][gc,init] Parallel Workers: 9
[2022-04-23T14:10:28.660-0700][gc,init] Concurrent Workers: 2
[2022-04-23T14:10:28.660-0700][gc,init] Concurrent Refinement Workers: 9
[2022-04-23T14:10:28.660-0700][gc,init] Periodic GC: Disabled
[2022-04-23T14:10:28.660-0700][gc,metaspace] CDS archive(s) mapped at: [0x0000000800000000-0x0000000800bd4000-0x0000000800bd4000), size 12402688, SharedBaseAddress: 0x0000000800000000, ArchiveRelocationMode: 0.
[2022-04-23T14:10:28.660-0700][gc,metaspace] Compressed class space mapped at: 0x0000000800c00000-0x0000000840c00000, reserved size: 1073741824
[2022-04-23T14:10:28.660-0700][gc,metaspace] Narrow klass base: 0x0000000800000000, Narrow klass shift: 0, Narrow klass range: 0x100000000
[2022-04-23T14:10:29.330-0700][gc,start    ] GC(0) Pause Young (Normal) (G1 Evacuation Pause)
[2022-04-23T14:10:29.330-0700][gc,task     ] GC(0) Using 9 workers of 9 for evacuation
[2022-04-23T14:10:29.334-0700][gc,phases   ] GC(0)   Pre Evacuate Collection Set: 0.1ms
[2022-04-23T14:10:29.334-0700][gc,phases   ] GC(0)   Merge Heap Roots: 0.1ms
[2022-04-23T14:10:29.334-0700][gc,phases   ] GC(0)   Evacuate Collection Set: 3.2ms
[2022-04-23T14:10:29.334-0700][gc,phases   ] GC(0)   Post Evacuate Collection Set: 0.5ms
[2022-04-23T14:10:29.334-0700][gc,phases   ] GC(0)   Other: 0.3ms
[2022-04-23T14:10:29.334-0700][gc,heap     ] GC(0) Eden regions: 256->0(249)
[2022-04-23T14:10:29.334-0700][gc,heap     ] GC(0) Survivor regions: 0->7(32)
[2022-04-23T14:10:29.334-0700][gc,heap     ] GC(0) Old regions: 0->0
[2022-04-23T14:10:29.334-0700][gc,heap     ] GC(0) Archive regions: 2->2
[2022-04-23T14:10:29.334-0700][gc,heap     ] GC(0) Humongous regions: 0->0
[2022-04-23T14:10:29.334-0700][gc,metaspace] GC(0) Metaspace: 16904K(17152K)->16904K(17152K) NonClass: 14807K(14912K)->14807K(14912K) Class: 2096K(2240K)->2096K(2240K)
[2022-04-23T14:10:29.334-0700][gc          ] GC(0) Pause Young (Normal) (G1 Evacuation Pause) 256M->7M(512M) 4.265ms
[2022-04-23T14:10:29.334-0700][gc,cpu      ] GC(0) User=0.02s Sys=0.00s Real=0.00s
[2022-04-23T14:10:29.742-0700][gc,start    ] GC(1) Pause Young (Concurrent Start) (Metadata GC Threshold)
[2022-04-23T14:10:29.742-0700][gc,task     ] GC(1) Using 9 workers of 9 for evacuation
[2022-04-23T14:10:29.745-0700][gc,phases   ] GC(1)   Pre Evacuate Collection Set: 0.1ms
[2022-04-23T14:10:29.745-0700][gc,phases   ] GC(1)   Merge Heap Roots: 0.1ms
[2022-04-23T14:10:29.745-0700][gc,phases   ] GC(1)   Evacuate Collection Set: 2.6ms
[2022-04-23T14:10:29.745-0700][gc,phases   ] GC(1)   Post Evacuate Collection Set: 0.5ms
[2022-04-23T14:10:29.745-0700][gc,phases   ] GC(1)   Other: 0.1ms
[2022-04-23T14:10:29.745-0700][gc,heap     ] GC(1) Eden regions: 191->0(245)
[2022-04-23T14:10:29.745-0700][gc,heap     ] GC(1) Survivor regions: 7->11(32)
[2022-04-23T14:10:29.745-0700][gc,heap     ] GC(1) Old regions: 0->0
[2022-04-23T14:10:29.745-0700][gc,heap     ] GC(1) Archive regions: 2->2
[2022-04-23T14:10:29.745-0700][gc,heap     ] GC(1) Humongous regions: 0->0
[2022-04-23T14:10:29.745-0700][gc,metaspace] GC(1) Metaspace: 21290K(21504K)->21290K(21504K) NonClass: 18668K(18752K)->18668K(18752K) Class: 2621K(2752K)->2621K(2752K)
[2022-04-23T14:10:29.746-0700][gc          ] GC(1) Pause Young (Concurrent Start) (Metadata GC Threshold) 198M->11M(512M) 3.475ms
[2022-04-23T14:10:29.746-0700][gc,cpu      ] GC(1) User=0.02s Sys=0.01s Real=0.00s
[2022-04-23T14:10:29.746-0700][gc          ] GC(2) Concurrent Mark Cycle
[2022-04-23T14:10:29.746-0700][gc,marking  ] GC(2) Concurrent Clear Claimed Marks
[2022-04-23T14:10:29.746-0700][gc,marking  ] GC(2) Concurrent Clear Claimed Marks 0.015ms
[2022-04-23T14:10:29.746-0700][gc,marking  ] GC(2) Concurrent Scan Root Regions
[2022-04-23T14:10:29.748-0700][gc,marking  ] GC(2) Concurrent Scan Root Regions 2.032ms
[2022-04-23T14:10:29.748-0700][gc,marking  ] GC(2) Concurrent Mark
[2022-04-23T14:10:29.748-0700][gc,marking  ] GC(2) Concurrent Mark From Roots
[2022-04-23T14:10:29.748-0700][gc,task     ] GC(2) Using 2 workers of 2 for marking
[2022-04-23T14:10:29.748-0700][gc,marking  ] GC(2) Concurrent Mark From Roots 0.667ms
[2022-04-23T14:10:29.748-0700][gc,marking  ] GC(2) Concurrent Preclean
[2022-04-23T14:10:29.748-0700][gc,marking  ] GC(2) Concurrent Preclean 0.015ms
[2022-04-23T14:10:29.748-0700][gc,start    ] GC(2) Pause Remark
[2022-04-23T14:10:29.749-0700][gc          ] GC(2) Pause Remark 13M->13M(512M) 0.838ms
[2022-04-23T14:10:29.749-0700][gc,cpu      ] GC(2) User=0.00s Sys=0.00s Real=0.00s
[2022-04-23T14:10:29.749-0700][gc,marking  ] GC(2) Concurrent Mark 1.677ms
[2022-04-23T14:10:29.749-0700][gc,marking  ] GC(2) Concurrent Rebuild Remembered Sets
[2022-04-23T14:10:29.749-0700][gc,marking  ] GC(2) Concurrent Rebuild Remembered Sets 0.004ms
[2022-04-23T14:10:29.749-0700][gc,start    ] GC(2) Pause Cleanup
[2022-04-23T14:10:29.749-0700][gc          ] GC(2) Pause Cleanup 13M->13M(512M) 0.014ms
[2022-04-23T14:10:29.749-0700][gc,cpu      ] GC(2) User=0.00s Sys=0.00s Real=0.00s
[2022-04-23T14:10:29.754-0700][gc,marking  ] GC(2) Concurrent Cleanup for Next Mark
[2022-04-23T14:10:29.754-0700][gc,marking  ] GC(2) Concurrent Cleanup for Next Mark 0.761ms
[2022-04-23T14:10:29.754-0700][gc          ] GC(2) Concurrent Mark Cycle 8.760ms
[2022-04-23T14:10:30.100-0700][gc,start    ] GC(3) Pause Young (Normal) (G1 Evacuation Pause)
[2022-04-23T14:10:30.100-0700][gc,task     ] GC(3) Using 9 workers of 9 for evacuation
[2022-04-23T14:10:30.105-0700][gc,phases   ] GC(3)   Pre Evacuate Collection Set: 0.1ms
[2022-04-23T14:10:30.105-0700][gc,phases   ] GC(3)   Merge Heap Roots: 0.1ms
[2022-04-23T14:10:30.105-0700][gc,phases   ] GC(3)   Evacuate Collection Set: 3.8ms
[2022-04-23T14:10:30.105-0700][gc,phases   ] GC(3)   Post Evacuate Collection Set: 0.5ms
[2022-04-23T14:10:30.105-0700][gc,phases   ] GC(3)   Other: 0.1ms
[2022-04-23T14:10:30.105-0700][gc,heap     ] GC(3) Eden regions: 245->0(242)
[2022-04-23T14:10:30.105-0700][gc,heap     ] GC(3) Survivor regions: 11->14(32)
[2022-04-23T14:10:30.105-0700][gc,heap     ] GC(3) Old regions: 0->0
[2022-04-23T14:10:30.105-0700][gc,heap     ] GC(3) Archive regions: 2->2
[2022-04-23T14:10:30.105-0700][gc,heap     ] GC(3) Humongous regions: 0->0
[2022-04-23T14:10:30.105-0700][gc,metaspace] GC(3) Metaspace: 24370K(24640K)->24370K(24640K) NonClass: 21316K(21440K)->21316K(21440K) Class: 3054K(3200K)->3054K(3200K)
[2022-04-23T14:10:30.105-0700][gc          ] GC(3) Pause Young (Normal) (G1 Evacuation Pause) 256M->14M(512M) 4.646ms
[2022-04-23T14:10:30.105-0700][gc,cpu      ] GC(3) User=0.03s Sys=0.01s Real=0.00s
[2022-04-23T14:10:30.759-0700][gc,start    ] GC(4) Pause Young (Concurrent Start) (Metadata GC Threshold)
[2022-04-23T14:10:30.759-0700][gc,task     ] GC(4) Using 9 workers of 9 for evacuation
[2022-04-23T14:10:30.764-0700][gc,phases   ] GC(4)   Pre Evacuate Collection Set: 0.1ms
[2022-04-23T14:10:30.764-0700][gc,phases   ] GC(4)   Merge Heap Roots: 0.1ms
[2022-04-23T14:10:30.764-0700][gc,phases   ] GC(4)   Evacuate Collection Set: 4.1ms
[2022-04-23T14:10:30.764-0700][gc,phases   ] GC(4)   Post Evacuate Collection Set: 0.6ms
[2022-04-23T14:10:30.764-0700][gc,phases   ] GC(4)   Other: 0.1ms
[2022-04-23T14:10:30.764-0700][gc,heap     ] GC(4) Eden regions: 197->0(236)
[2022-04-23T14:10:30.764-0700][gc,heap     ] GC(4) Survivor regions: 14->20(32)
[2022-04-23T14:10:30.764-0700][gc,heap     ] GC(4) Old regions: 0->0
[2022-04-23T14:10:30.764-0700][gc,heap     ] GC(4) Archive regions: 2->2
[2022-04-23T14:10:30.764-0700][gc,heap     ] GC(4) Humongous regions: 0->0
[2022-04-23T14:10:30.764-0700][gc,metaspace] GC(4) Metaspace: 35692K(35968K)->35692K(35968K) NonClass: 31284K(31424K)->31284K(31424K) Class: 4408K(4544K)->4408K(4544K)
[2022-04-23T14:10:30.764-0700][gc          ] GC(4) Pause Young (Concurrent Start) (Metadata GC Threshold) 211M->20M(512M) 5.126ms
[2022-04-23T14:10:30.764-0700][gc,cpu      ] GC(4) User=0.04s Sys=0.00s Real=0.01s
[2022-04-23T14:10:30.764-0700][gc          ] GC(5) Concurrent Mark Cycle
[2022-04-23T14:10:30.764-0700][gc,marking  ] GC(5) Concurrent Clear Claimed Marks
[2022-04-23T14:10:30.764-0700][gc,marking  ] GC(5) Concurrent Clear Claimed Marks 0.029ms
[2022-04-23T14:10:30.764-0700][gc,marking  ] GC(5) Concurrent Scan Root Regions
[2022-04-23T14:10:30.768-0700][gc,marking  ] GC(5) Concurrent Scan Root Regions 3.798ms
[2022-04-23T14:10:30.768-0700][gc,marking  ] GC(5) Concurrent Mark
[2022-04-23T14:10:30.768-0700][gc,marking  ] GC(5) Concurrent Mark From Roots
[2022-04-23T14:10:30.768-0700][gc,task     ] GC(5) Using 2 workers of 2 for marking
[2022-04-23T14:10:30.769-0700][gc,marking  ] GC(5) Concurrent Mark From Roots 0.637ms
[2022-04-23T14:10:30.769-0700][gc,marking  ] GC(5) Concurrent Preclean
[2022-04-23T14:10:30.769-0700][gc,marking  ] GC(5) Concurrent Preclean 0.015ms
[2022-04-23T14:10:30.769-0700][gc,start    ] GC(5) Pause Remark
[2022-04-23T14:10:30.770-0700][gc          ] GC(5) Pause Remark 23M->23M(512M) 0.892ms
[2022-04-23T14:10:30.770-0700][gc,cpu      ] GC(5) User=0.00s Sys=0.00s Real=0.01s
[2022-04-23T14:10:30.770-0700][gc,marking  ] GC(5) Concurrent Mark 1.679ms
[2022-04-23T14:10:30.770-0700][gc,marking  ] GC(5) Concurrent Rebuild Remembered Sets
[2022-04-23T14:10:30.770-0700][gc,marking  ] GC(5) Concurrent Rebuild Remembered Sets 0.005ms
[2022-04-23T14:10:30.770-0700][gc,start    ] GC(5) Pause Cleanup
[2022-04-23T14:10:30.770-0700][gc          ] GC(5) Pause Cleanup 23M->23M(512M) 0.014ms
[2022-04-23T14:10:30.770-0700][gc,cpu      ] GC(5) User=0.00s Sys=0.00s Real=0.00s
[2022-04-23T14:10:30.770-0700][gc,marking  ] GC(5) Concurrent Cleanup for Next Mark
[2022-04-23T14:10:30.771-0700][gc,marking  ] GC(5) Concurrent Cleanup for Next Mark 0.662ms
[2022-04-23T14:10:30.771-0700][gc          ] GC(5) Concurrent Mark Cycle 6.369ms
[2022-04-23T14:10:32.061-0700][gc,start    ] GC(6) Pause Young (Normal) (G1 Evacuation Pause)
[2022-04-23T14:10:32.075-0700][gc,task     ] GC(6) Using 9 workers of 9 for evacuation
[2022-04-23T14:10:32.100-0700][gc,phases   ] GC(6)   Pre Evacuate Collection Set: 0.2ms
[2022-04-23T14:10:32.117-0700][gc,phases   ] GC(6)   Merge Heap Roots: 0.1ms
[2022-04-23T14:10:32.117-0700][gc,phases   ] GC(6)   Evacuate Collection Set: 22.1ms
[2022-04-23T14:10:32.117-0700][gc,phases   ] GC(6)   Post Evacuate Collection Set: 2.7ms
[2022-04-23T14:10:32.117-0700][gc,phases   ] GC(6)   Other: 14.6ms
[2022-04-23T14:10:32.117-0700][gc,heap     ] GC(6) Eden regions: 236->0(234)
[2022-04-23T14:10:32.117-0700][gc,heap     ] GC(6) Survivor regions: 20->22(32)
[2022-04-23T14:10:32.117-0700][gc,heap     ] GC(6) Old regions: 0->7
[2022-04-23T14:10:32.117-0700][gc,heap     ] GC(6) Archive regions: 2->2
[2022-04-23T14:10:32.117-0700][gc,heap     ] GC(6) Humongous regions: 0->0
[2022-04-23T14:10:32.117-0700][gc,metaspace] GC(6) Metaspace: 52290K(52736K)->52290K(52736K) NonClass: 45836K(46080K)->45836K(46080K) Class: 6453K(6656K)->6453K(6656K)
[2022-04-23T14:10:32.117-0700][gc          ] GC(6) Pause Young (Normal) (G1 Evacuation Pause) 256M->29M(512M) 55.837ms
[2022-04-23T14:10:32.117-0700][gc,cpu      ] GC(6) User=0.09s Sys=0.00s Real=0.05s
[2022-04-23T14:10:41.836-0700][gc,start    ] GC(7) Pause Young (Concurrent Start) (Metadata GC Threshold)
[2022-04-23T14:10:41.836-0700][gc,task     ] GC(7) Using 9 workers of 9 for evacuation
[2022-04-23T14:10:41.879-0700][gc,phases   ] GC(7)   Pre Evacuate Collection Set: 0.3ms
[2022-04-23T14:10:41.879-0700][gc,phases   ] GC(7)   Merge Heap Roots: 0.2ms
[2022-04-23T14:10:41.879-0700][gc,phases   ] GC(7)   Evacuate Collection Set: 41.6ms
[2022-04-23T14:10:41.880-0700][gc,phases   ] GC(7)   Post Evacuate Collection Set: 0.8ms
[2022-04-23T14:10:41.880-0700][gc,phases   ] GC(7)   Other: 0.3ms
[2022-04-23T14:10:41.880-0700][gc,heap     ] GC(7) Eden regions: 194->0(236)
[2022-04-23T14:10:41.880-0700][gc,heap     ] GC(7) Survivor regions: 22->20(32)
[2022-04-23T14:10:41.880-0700][gc,heap     ] GC(7) Old regions: 7->11
[2022-04-23T14:10:41.880-0700][gc,heap     ] GC(7) Archive regions: 2->2
[2022-04-23T14:10:41.880-0700][gc,heap     ] GC(7) Humongous regions: 2->2
[2022-04-23T14:10:41.880-0700][gc,metaspace] GC(7) Metaspace: 59780K(60288K)->59780K(60288K) NonClass: 52297K(52544K)->52297K(52544K) Class: 7482K(7744K)->7482K(7744K)
[2022-04-23T14:10:41.880-0700][gc          ] GC(7) Pause Young (Concurrent Start) (Metadata GC Threshold) 225M->33M(512M) 43.386ms
[2022-04-23T14:10:41.880-0700][gc,cpu      ] GC(7) User=0.06s Sys=0.09s Real=0.05s
[2022-04-23T14:10:41.880-0700][gc          ] GC(8) Concurrent Mark Cycle
[2022-04-23T14:10:41.880-0700][gc,marking  ] GC(8) Concurrent Clear Claimed Marks
[2022-04-23T14:10:41.880-0700][gc,marking  ] GC(8) Concurrent Clear Claimed Marks 0.056ms
[2022-04-23T14:10:41.880-0700][gc,marking  ] GC(8) Concurrent Scan Root Regions
[2022-04-23T14:10:41.888-0700][gc,marking  ] GC(8) Concurrent Scan Root Regions 8.407ms
[2022-04-23T14:10:41.888-0700][gc,marking  ] GC(8) Concurrent Mark
[2022-04-23T14:10:41.888-0700][gc,marking  ] GC(8) Concurrent Mark From Roots
[2022-04-23T14:10:41.888-0700][gc,task     ] GC(8) Using 2 workers of 2 for marking
[2022-04-23T14:10:41.894-0700][gc,marking  ] GC(8) Concurrent Mark From Roots 5.960ms
[2022-04-23T14:10:41.894-0700][gc,marking  ] GC(8) Concurrent Preclean
[2022-04-23T14:10:41.894-0700][gc,marking  ] GC(8) Concurrent Preclean 0.050ms
[2022-04-23T14:10:41.894-0700][gc,start    ] GC(8) Pause Remark
[2022-04-23T14:10:41.897-0700][gc          ] GC(8) Pause Remark 38M->38M(512M) 2.329ms
[2022-04-23T14:10:41.897-0700][gc,cpu      ] GC(8) User=0.01s Sys=0.00s Real=0.00s
[2022-04-23T14:10:41.897-0700][gc,marking  ] GC(8) Concurrent Mark 8.617ms
[2022-04-23T14:10:41.897-0700][gc,marking  ] GC(8) Concurrent Rebuild Remembered Sets
[2022-04-23T14:10:41.902-0700][gc,marking  ] GC(8) Concurrent Rebuild Remembered Sets 5.072ms
[2022-04-23T14:10:41.902-0700][gc,start    ] GC(8) Pause Cleanup
[2022-04-23T14:10:41.902-0700][gc          ] GC(8) Pause Cleanup 38M->38M(512M) 0.127ms
[2022-04-23T14:10:41.902-0700][gc,cpu      ] GC(8) User=0.00s Sys=0.00s Real=0.00s
[2022-04-23T14:10:41.902-0700][gc,marking  ] GC(8) Concurrent Cleanup for Next Mark
[2022-04-23T14:10:41.904-0700][gc,marking  ] GC(8) Concurrent Cleanup for Next Mark 1.942ms
[2022-04-23T14:10:41.904-0700][gc          ] GC(8) Concurrent Mark Cycle 24.589ms
[2022-04-23T14:30:00.962-0700][gc,start    ] GC(9) Pause Young (Normal) (G1 Evacuation Pause)
[2022-04-23T14:30:00.963-0700][gc,task     ] GC(9) Using 9 workers of 9 for evacuation
[2022-04-23T14:30:00.998-0700][gc,phases   ] GC(9)   Pre Evacuate Collection Set: 0.4ms
[2022-04-23T14:30:00.998-0700][gc,phases   ] GC(9)   Merge Heap Roots: 0.3ms
[2022-04-23T14:30:00.998-0700][gc,phases   ] GC(9)   Evacuate Collection Set: 33.0ms
[2022-04-23T14:30:00.998-0700][gc,phases   ] GC(9)   Post Evacuate Collection Set: 1.1ms
[2022-04-23T14:30:00.998-0700][gc,phases   ] GC(9)   Other: 0.6ms
[2022-04-23T14:30:00.998-0700][gc,heap     ] GC(9) Eden regions: 236->0(239)
[2022-04-23T14:30:00.998-0700][gc,heap     ] GC(9) Survivor regions: 20->17(32)
[2022-04-23T14:30:00.998-0700][gc,heap     ] GC(9) Old regions: 11->16
[2022-04-23T14:30:00.998-0700][gc,heap     ] GC(9) Archive regions: 2->2
[2022-04-23T14:30:00.998-0700][gc,heap     ] GC(9) Humongous regions: 12->12
[2022-04-23T14:30:00.998-0700][gc,metaspace] GC(9) Metaspace: 65238K(65856K)->65238K(65856K) NonClass: 57409K(57728K)->57409K(57728K) Class: 7829K(8128K)->7829K(8128K)
[2022-04-23T14:30:00.998-0700][gc          ] GC(9) Pause Young (Normal) (G1 Evacuation Pause) 279M->45M(512M) 35.539ms
[2022-04-23T14:30:00.998-0700][gc,cpu      ] GC(9) User=0.05s Sys=0.06s Real=0.03s
[2022-04-23T14:52:24.353-0700][gc,start    ] GC(10) Pause Young (Normal) (G1 Evacuation Pause)
[2022-04-23T14:52:24.354-0700][gc,task     ] GC(10) Using 9 workers of 9 for evacuation
[2022-04-23T14:52:24.392-0700][gc,phases   ] GC(10)   Pre Evacuate Collection Set: 0.5ms
[2022-04-23T14:52:24.392-0700][gc,phases   ] GC(10)   Merge Heap Roots: 7.5ms
[2022-04-23T14:52:24.392-0700][gc,phases   ] GC(10)   Evacuate Collection Set: 28.0ms
[2022-04-23T14:52:24.392-0700][gc,phases   ] GC(10)   Post Evacuate Collection Set: 1.3ms
[2022-04-23T14:52:24.392-0700][gc,phases   ] GC(10)   Other: 1.4ms
[2022-04-23T14:52:24.392-0700][gc,heap     ] GC(10) Eden regions: 239->0(240)
[2022-04-23T14:52:24.392-0700][gc,heap     ] GC(10) Survivor regions: 17->16(32)
[2022-04-23T14:52:24.392-0700][gc,heap     ] GC(10) Old regions: 16->16
[2022-04-23T14:52:24.392-0700][gc,heap     ] GC(10) Archive regions: 2->2
[2022-04-23T14:52:24.392-0700][gc,heap     ] GC(10) Humongous regions: 12->12
[2022-04-23T14:52:24.392-0700][gc,metaspace] GC(10) Metaspace: 65495K(66112K)->65495K(66112K) NonClass: 57665K(57984K)->57665K(57984K) Class: 7829K(8128K)->7829K(8128K)
[2022-04-23T14:52:24.392-0700][gc          ] GC(10) Pause Young (Normal) (G1 Evacuation Pause) 284M->44M(512M) 38.775ms
[2022-04-23T14:52:24.392-0700][gc,cpu      ] GC(10) User=0.05s Sys=0.06s Real=0.04s
[2022-04-23T15:15:04.758-0700][gc,start    ] GC(11) Pause Young (Normal) (G1 Evacuation Pause)
[2022-04-23T15:15:04.760-0700][gc,task     ] GC(11) Using 9 workers of 9 for evacuation
[2022-04-23T15:15:04.791-0700][gc,phases   ] GC(11)   Pre Evacuate Collection Set: 1.3ms
[2022-04-23T15:15:04.791-0700][gc,phases   ] GC(11)   Merge Heap Roots: 1.6ms
[2022-04-23T15:15:04.791-0700][gc,phases   ] GC(11)   Evacuate Collection Set: 27.0ms
[2022-04-23T15:15:04.791-0700][gc,phases   ] GC(11)   Post Evacuate Collection Set: 0.9ms
[2022-04-23T15:15:04.791-0700][gc,phases   ] GC(11)   Other: 2.8ms
[2022-04-23T15:15:04.791-0700][gc,heap     ] GC(11) Eden regions: 240->0(239)
[2022-04-23T15:15:04.791-0700][gc,heap     ] GC(11) Survivor regions: 16->17(32)
[2022-04-23T15:15:04.791-0700][gc,heap     ] GC(11) Old regions: 16->16
[2022-04-23T15:15:04.791-0700][gc,heap     ] GC(11) Archive regions: 2->2
[2022-04-23T15:15:04.791-0700][gc,heap     ] GC(11) Humongous regions: 12->12
[2022-04-23T15:15:04.791-0700][gc,metaspace] GC(11) Metaspace: 65706K(66304K)->65706K(66304K) NonClass: 57874K(58176K)->57874K(58176K) Class: 7831K(8128K)->7831K(8128K)
[2022-04-23T15:15:04.791-0700][gc          ] GC(11) Pause Young (Normal) (G1 Evacuation Pause) 284M->45M(512M) 33.430ms
[2022-04-23T15:15:04.791-0700][gc,cpu      ] GC(11) User=0.04s Sys=0.06s Real=0.04s
[2022-04-23T15:37:56.191-0700][gc,start    ] GC(12) Pause Young (Normal) (G1 Evacuation Pause)
[2022-04-23T15:37:56.193-0700][gc,task     ] GC(12) Using 9 workers of 9 for evacuation
[2022-04-23T15:37:56.223-0700][gc,phases   ] GC(12)   Pre Evacuate Collection Set: 0.3ms
[2022-04-23T15:37:56.223-0700][gc,phases   ] GC(12)   Merge Heap Roots: 0.1ms
[2022-04-23T15:37:56.223-0700][gc,phases   ] GC(12)   Evacuate Collection Set: 29.0ms
[2022-04-23T15:37:56.223-0700][gc,phases   ] GC(12)   Post Evacuate Collection Set: 1.0ms
[2022-04-23T15:37:56.223-0700][gc,phases   ] GC(12)   Other: 1.6ms
[2022-04-23T15:37:56.223-0700][gc,heap     ] GC(12) Eden regions: 239->0(240)
[2022-04-23T15:37:56.223-0700][gc,heap     ] GC(12) Survivor regions: 17->16(32)
[2022-04-23T15:37:56.223-0700][gc,heap     ] GC(12) Old regions: 16->16
[2022-04-23T15:37:56.223-0700][gc,heap     ] GC(12) Archive regions: 2->2
[2022-04-23T15:37:56.223-0700][gc,heap     ] GC(12) Humongous regions: 12->12
[2022-04-23T15:37:56.223-0700][gc,metaspace] GC(12) Metaspace: 65783K(66368K)->65783K(66368K) NonClass: 57945K(58240K)->57945K(58240K) Class: 7837K(8128K)->7837K(8128K)
[2022-04-23T15:37:56.223-0700][gc          ] GC(12) Pause Young (Normal) (G1 Evacuation Pause) 284M->44M(512M) 32.167ms
[2022-04-23T15:37:56.223-0700][gc,cpu      ] GC(12) User=0.03s Sys=0.06s Real=0.03s
[2022-04-23T16:02:23.349-0700][gc,start    ] GC(13) Pause Young (Normal) (G1 Evacuation Pause)
[2022-04-23T16:02:23.351-0700][gc,task     ] GC(13) Using 9 workers of 9 for evacuation
[2022-04-23T16:02:23.394-0700][gc,phases   ] GC(13)   Pre Evacuate Collection Set: 0.9ms
[2022-04-23T16:02:23.394-0700][gc,phases   ] GC(13)   Merge Heap Roots: 0.5ms
[2022-04-23T16:02:23.394-0700][gc,phases   ] GC(13)   Evacuate Collection Set: 40.2ms
[2022-04-23T16:02:23.394-0700][gc,phases   ] GC(13)   Post Evacuate Collection Set: 1.1ms
[2022-04-23T16:02:23.394-0700][gc,phases   ] GC(13)   Other: 3.1ms
[2022-04-23T16:02:23.395-0700][gc,heap     ] GC(13) Eden regions: 240->0(239)
[2022-04-23T16:02:23.395-0700][gc,heap     ] GC(13) Survivor regions: 16->17(32)
[2022-04-23T16:02:23.395-0700][gc,heap     ] GC(13) Old regions: 16->16
[2022-04-23T16:02:23.395-0700][gc,heap     ] GC(13) Archive regions: 2->2
[2022-04-23T16:02:23.395-0700][gc,heap     ] GC(13) Humongous regions: 12->12
[2022-04-23T16:02:23.395-0700][gc,metaspace] GC(13) Metaspace: 65805K(66432K)->65805K(66432K) NonClass: 57967K(58304K)->57967K(58304K) Class: 7838K(8128K)->7838K(8128K)
[2022-04-23T16:02:23.395-0700][gc          ] GC(13) Pause Young (Normal) (G1 Evacuation Pause) 284M->45M(512M) 45.724ms
[2022-04-23T16:02:23.395-0700][gc,cpu      ] GC(13) User=0.04s Sys=0.08s Real=0.05s
[2022-04-23T16:26:18.999-0700][gc,start    ] GC(14) Pause Young (Normal) (G1 Evacuation Pause)
[2022-04-23T16:26:19.000-0700][gc,task     ] GC(14) Using 9 workers of 9 for evacuation
[2022-04-23T16:26:19.022-0700][gc,phases   ] GC(14)   Pre Evacuate Collection Set: 0.4ms
[2022-04-23T16:26:19.022-0700][gc,phases   ] GC(14)   Merge Heap Roots: 0.4ms
[2022-04-23T16:26:19.022-0700][gc,phases   ] GC(14)   Evacuate Collection Set: 20.3ms
[2022-04-23T16:26:19.022-0700][gc,phases   ] GC(14)   Post Evacuate Collection Set: 0.8ms
[2022-04-23T16:26:19.022-0700][gc,phases   ] GC(14)   Other: 0.8ms
[2022-04-23T16:26:19.022-0700][gc,heap     ] GC(14) Eden regions: 239->0(239)
[2022-04-23T16:26:19.022-0700][gc,heap     ] GC(14) Survivor regions: 17->17(32)
[2022-04-23T16:26:19.022-0700][gc,heap     ] GC(14) Old regions: 16->16
[2022-04-23T16:26:19.022-0700][gc,heap     ] GC(14) Archive regions: 2->2
[2022-04-23T16:26:19.022-0700][gc,heap     ] GC(14) Humongous regions: 12->12
[2022-04-23T16:26:19.022-0700][gc,metaspace] GC(14) Metaspace: 65835K(66432K)->65835K(66432K) NonClass: 57996K(58304K)->57996K(58304K) Class: 7838K(8128K)->7838K(8128K)
[2022-04-23T16:26:19.022-0700][gc          ] GC(14) Pause Young (Normal) (G1 Evacuation Pause) 284M->45M(512M) 22.794ms
[2022-04-23T16:26:19.022-0700][gc,cpu      ] GC(14) User=0.03s Sys=0.05s Real=0.03s
[2022-04-23T16:50:06.994-0700][gc,start    ] GC(15) Pause Young (Normal) (G1 Evacuation Pause)
[2022-04-23T16:50:06.996-0700][gc,task     ] GC(15) Using 9 workers of 9 for evacuation
[2022-04-23T16:50:07.016-0700][gc,phases   ] GC(15)   Pre Evacuate Collection Set: 0.3ms
[2022-04-23T16:50:07.016-0700][gc,phases   ] GC(15)   Merge Heap Roots: 0.1ms
[2022-04-23T16:50:07.016-0700][gc,phases   ] GC(15)   Evacuate Collection Set: 18.9ms
[2022-04-23T16:50:07.016-0700][gc,phases   ] GC(15)   Post Evacuate Collection Set: 0.7ms
[2022-04-23T16:50:07.016-0700][gc,phases   ] GC(15)   Other: 1.7ms
[2022-04-23T16:50:07.016-0700][gc,heap     ] GC(15) Eden regions: 239->0(240)
[2022-04-23T16:50:07.016-0700][gc,heap     ] GC(15) Survivor regions: 17->16(32)
[2022-04-23T16:50:07.016-0700][gc,heap     ] GC(15) Old regions: 16->16
[2022-04-23T16:50:07.016-0700][gc,heap     ] GC(15) Archive regions: 2->2
[2022-04-23T16:50:07.016-0700][gc,heap     ] GC(15) Humongous regions: 12->12
[2022-04-23T16:50:07.016-0700][gc,metaspace] GC(15) Metaspace: 65840K(66432K)->65840K(66432K) NonClass: 58001K(58304K)->58001K(58304K) Class: 7838K(8128K)->7838K(8128K)
[2022-04-23T16:50:07.016-0700][gc          ] GC(15) Pause Young (Normal) (G1 Evacuation Pause) 284M->44M(512M) 21.797ms
[2022-04-23T16:50:07.016-0700][gc,cpu      ] GC(15) User=0.02s Sys=0.05s Real=0.02s
[2022-04-23T17:14:10.644-0700][gc,start    ] GC(16) Pause Young (Normal) (G1 Evacuation Pause)
[2022-04-23T17:14:10.645-0700][gc,task     ] GC(16) Using 9 workers of 9 for evacuation
[2022-04-23T17:14:10.679-0700][gc,phases   ] GC(16)   Pre Evacuate Collection Set: 0.3ms
[2022-04-23T17:14:10.679-0700][gc,phases   ] GC(16)   Merge Heap Roots: 0.2ms
[2022-04-23T17:14:10.679-0700][gc,phases   ] GC(16)   Evacuate Collection Set: 32.8ms
[2022-04-23T17:14:10.679-0700][gc,phases   ] GC(16)   Post Evacuate Collection Set: 0.9ms
[2022-04-23T17:14:10.679-0700][gc,phases   ] GC(16)   Other: 0.8ms
[2022-04-23T17:14:10.679-0700][gc,heap     ] GC(16) Eden regions: 240->0(240)
[2022-04-23T17:14:10.679-0700][gc,heap     ] GC(16) Survivor regions: 16->16(32)
[2022-04-23T17:14:10.679-0700][gc,heap     ] GC(16) Old regions: 16->16
[2022-04-23T17:14:10.679-0700][gc,heap     ] GC(16) Archive regions: 2->2
[2022-04-23T17:14:10.679-0700][gc,heap     ] GC(16) Humongous regions: 12->12
[2022-04-23T17:14:10.679-0700][gc,metaspace] GC(16) Metaspace: 65855K(66432K)->65855K(66432K) NonClass: 58015K(58304K)->58015K(58304K) Class: 7840K(8128K)->7840K(8128K)
[2022-04-23T17:14:10.679-0700][gc          ] GC(16) Pause Young (Normal) (G1 Evacuation Pause) 284M->44M(512M) 35.058ms
[2022-04-23T17:14:10.679-0700][gc,cpu      ] GC(16) User=0.02s Sys=0.06s Real=0.03s
[2022-04-23T17:37:26.083-0700][gc,start    ] GC(17) Pause Young (Normal) (G1 Evacuation Pause)
[2022-04-23T17:37:26.083-0700][gc,task     ] GC(17) Using 9 workers of 9 for evacuation
[2022-04-23T17:37:26.108-0700][gc,phases   ] GC(17)   Pre Evacuate Collection Set: 0.4ms
[2022-04-23T17:37:26.108-0700][gc,phases   ] GC(17)   Merge Heap Roots: 0.2ms
[2022-04-23T17:37:26.108-0700][gc,phases   ] GC(17)   Evacuate Collection Set: 22.3ms
[2022-04-23T17:37:26.108-0700][gc,phases   ] GC(17)   Post Evacuate Collection Set: 0.7ms
[2022-04-23T17:37:26.108-0700][gc,phases   ] GC(17)   Other: 1.0ms
[2022-04-23T17:37:26.108-0700][gc,heap     ] GC(17) Eden regions: 240->0(240)
[2022-04-23T17:37:26.108-0700][gc,heap     ] GC(17) Survivor regions: 16->16(32)
[2022-04-23T17:37:26.108-0700][gc,heap     ] GC(17) Old regions: 16->16
[2022-04-23T17:37:26.108-0700][gc,heap     ] GC(17) Archive regions: 2->2
[2022-04-23T17:37:26.108-0700][gc,heap     ] GC(17) Humongous regions: 12->12
[2022-04-23T17:37:26.108-0700][gc,metaspace] GC(17) Metaspace: 65863K(66432K)->65863K(66432K) NonClass: 58023K(58304K)->58023K(58304K) Class: 7840K(8128K)->7840K(8128K)
[2022-04-23T17:37:26.108-0700][gc          ] GC(17) Pause Young (Normal) (G1 Evacuation Pause) 284M->44M(512M) 25.558ms
[2022-04-23T17:37:26.108-0700][gc,cpu      ] GC(17) User=0.04s Sys=0.04s Real=0.02s
[2022-04-23T18:00:30.430-0700][gc,start    ] GC(18) Pause Young (Normal) (G1 Evacuation Pause)
[2022-04-23T18:00:30.431-0700][gc,task     ] GC(18) Using 9 workers of 9 for evacuation
[2022-04-23T18:00:30.461-0700][gc,phases   ] GC(18)   Pre Evacuate Collection Set: 0.3ms
[2022-04-23T18:00:30.461-0700][gc,phases   ] GC(18)   Merge Heap Roots: 0.2ms
[2022-04-23T18:00:30.461-0700][gc,phases   ] GC(18)   Evacuate Collection Set: 27.8ms
[2022-04-23T18:00:30.461-0700][gc,phases   ] GC(18)   Post Evacuate Collection Set: 1.6ms
[2022-04-23T18:00:30.461-0700][gc,phases   ] GC(18)   Other: 1.6ms
[2022-04-23T18:00:30.461-0700][gc,heap     ] GC(18) Eden regions: 240->0(239)
[2022-04-23T18:00:30.461-0700][gc,heap     ] GC(18) Survivor regions: 16->17(32)
[2022-04-23T18:00:30.461-0700][gc,heap     ] GC(18) Old regions: 16->16
[2022-04-23T18:00:30.461-0700][gc,heap     ] GC(18) Archive regions: 2->2
[2022-04-23T18:00:30.461-0700][gc,heap     ] GC(18) Humongous regions: 12->12
[2022-04-23T18:00:30.461-0700][gc,metaspace] GC(18) Metaspace: 65871K(66432K)->65871K(66432K) NonClass: 58031K(58304K)->58031K(58304K) Class: 7840K(8128K)->7840K(8128K)
[2022-04-23T18:00:30.461-0700][gc          ] GC(18) Pause Young (Normal) (G1 Evacuation Pause) 284M->45M(512M) 31.694ms
[2022-04-23T18:00:30.461-0700][gc,cpu      ] GC(18) User=0.02s Sys=0.06s Real=0.03s
[2022-04-23T18:23:37.887-0700][gc,start    ] GC(19) Pause Young (Normal) (G1 Evacuation Pause)
[2022-04-23T18:23:37.889-0700][gc,task     ] GC(19) Using 9 workers of 9 for evacuation
[2022-04-23T18:23:37.927-0700][gc,phases   ] GC(19)   Pre Evacuate Collection Set: 6.9ms
[2022-04-23T18:23:37.927-0700][gc,phases   ] GC(19)   Merge Heap Roots: 0.5ms
[2022-04-23T18:23:37.927-0700][gc,phases   ] GC(19)   Evacuate Collection Set: 29.4ms
[2022-04-23T18:23:37.927-0700][gc,phases   ] GC(19)   Post Evacuate Collection Set: 1.0ms
[2022-04-23T18:23:37.927-0700][gc,phases   ] GC(19)   Other: 1.9ms
[2022-04-23T18:23:37.927-0700][gc,heap     ] GC(19) Eden regions: 239->0(240)
[2022-04-23T18:23:37.927-0700][gc,heap     ] GC(19) Survivor regions: 17->16(32)
[2022-04-23T18:23:37.927-0700][gc,heap     ] GC(19) Old regions: 16->16
[2022-04-23T18:23:37.927-0700][gc,heap     ] GC(19) Archive regions: 2->2
[2022-04-23T18:23:37.927-0700][gc,heap     ] GC(19) Humongous regions: 12->12
[2022-04-23T18:23:37.927-0700][gc,metaspace] GC(19) Metaspace: 65881K(66432K)->65881K(66432K) NonClass: 58041K(58304K)->58041K(58304K) Class: 7840K(8128K)->7840K(8128K)
[2022-04-23T18:23:37.927-0700][gc          ] GC(19) Pause Young (Normal) (G1 Evacuation Pause) 284M->44M(512M) 39.800ms
[2022-04-23T18:23:37.927-0700][gc,cpu      ] GC(19) User=0.04s Sys=0.05s Real=0.04s
[2022-04-23T20:12:32.384-0700][gc,start    ] GC(20) Pause Young (Normal) (G1 Evacuation Pause)
[2022-04-23T20:12:32.387-0700][gc,task     ] GC(20) Using 9 workers of 9 for evacuation
[2022-04-23T20:12:32.422-0700][gc,phases   ] GC(20)   Pre Evacuate Collection Set: 0.9ms
[2022-04-23T20:12:32.422-0700][gc,phases   ] GC(20)   Merge Heap Roots: 0.6ms
[2022-04-23T20:12:32.422-0700][gc,phases   ] GC(20)   Evacuate Collection Set: 32.3ms
[2022-04-23T20:12:32.422-0700][gc,phases   ] GC(20)   Post Evacuate Collection Set: 1.3ms
[2022-04-23T20:12:32.422-0700][gc,phases   ] GC(20)   Other: 3.5ms
[2022-04-23T20:12:32.422-0700][gc,heap     ] GC(20) Eden regions: 240->0(240)
[2022-04-23T20:12:32.422-0700][gc,heap     ] GC(20) Survivor regions: 16->16(32)
[2022-04-23T20:12:32.422-0700][gc,heap     ] GC(20) Old regions: 16->16
[2022-04-23T20:12:32.422-0700][gc,heap     ] GC(20) Archive regions: 2->2
[2022-04-23T20:12:32.422-0700][gc,heap     ] GC(20) Humongous regions: 12->12
[2022-04-23T20:12:32.422-0700][gc,metaspace] GC(20) Metaspace: 65922K(66496K)->65922K(66496K) NonClass: 58082K(58368K)->58082K(58368K) Class: 7840K(8128K)->7840K(8128K)
[2022-04-23T20:12:32.422-0700][gc          ] GC(20) Pause Young (Normal) (G1 Evacuation Pause) 284M->44M(512M) 38.618ms
[2022-04-23T20:12:32.422-0700][gc,cpu      ] GC(20) User=0.04s Sys=0.07s Real=0.04s
[2022-04-23T22:29:26.648-0700][gc,start    ] GC(21) Pause Young (Normal) (G1 Evacuation Pause)
[2022-04-23T22:29:26.650-0700][gc,task     ] GC(21) Using 9 workers of 9 for evacuation
[2022-04-23T22:29:26.692-0700][gc,phases   ] GC(21)   Pre Evacuate Collection Set: 3.1ms
[2022-04-23T22:29:26.693-0700][gc,phases   ] GC(21)   Merge Heap Roots: 0.4ms
[2022-04-23T22:29:26.693-0700][gc,phases   ] GC(21)   Evacuate Collection Set: 36.6ms
[2022-04-23T22:29:26.693-0700][gc,phases   ] GC(21)   Post Evacuate Collection Set: 0.9ms
[2022-04-23T22:29:26.693-0700][gc,phases   ] GC(21)   Other: 3.5ms
[2022-04-23T22:29:26.693-0700][gc,heap     ] GC(21) Eden regions: 240->0(240)
[2022-04-23T22:29:26.693-0700][gc,heap     ] GC(21) Survivor regions: 16->16(32)
[2022-04-23T22:29:26.693-0700][gc,heap     ] GC(21) Old regions: 16->16
[2022-04-23T22:29:26.693-0700][gc,heap     ] GC(21) Archive regions: 2->2
[2022-04-23T22:29:26.693-0700][gc,heap     ] GC(21) Humongous regions: 12->12
[2022-04-23T22:29:26.693-0700][gc,metaspace] GC(21) Metaspace: 65958K(66496K)->65958K(66496K) NonClass: 58117K(58368K)->58117K(58368K) Class: 7840K(8128K)->7840K(8128K)
[2022-04-23T22:29:26.693-0700][gc          ] GC(21) Pause Young (Normal) (G1 Evacuation Pause) 284M->44M(512M) 44.423ms
[2022-04-23T22:29:26.693-0700][gc,cpu      ] GC(21) User=0.05s Sys=0.07s Real=0.05s
[2022-04-24T00:46:19.371-0700][gc,start    ] GC(22) Pause Young (Normal) (G1 Evacuation Pause)
[2022-04-24T00:46:19.373-0700][gc,task     ] GC(22) Using 9 workers of 9 for evacuation
[2022-04-24T00:46:19.421-0700][gc,phases   ] GC(22)   Pre Evacuate Collection Set: 1.1ms
[2022-04-24T00:46:19.421-0700][gc,phases   ] GC(22)   Merge Heap Roots: 0.6ms
[2022-04-24T00:46:19.421-0700][gc,phases   ] GC(22)   Evacuate Collection Set: 44.6ms
[2022-04-24T00:46:19.421-0700][gc,phases   ] GC(22)   Post Evacuate Collection Set: 1.0ms
[2022-04-24T00:46:19.421-0700][gc,phases   ] GC(22)   Other: 2.9ms
[2022-04-24T00:46:19.421-0700][gc,heap     ] GC(22) Eden regions: 240->0(247)
[2022-04-24T00:46:19.421-0700][gc,heap     ] GC(22) Survivor regions: 16->9(32)
[2022-04-24T00:46:19.421-0700][gc,heap     ] GC(22) Old regions: 16->24
[2022-04-24T00:46:19.421-0700][gc,heap     ] GC(22) Archive regions: 2->2
[2022-04-24T00:46:19.421-0700][gc,heap     ] GC(22) Humongous regions: 12->12
[2022-04-24T00:46:19.421-0700][gc,metaspace] GC(22) Metaspace: 66022K(66624K)->66022K(66624K) NonClass: 58180K(58496K)->58180K(58496K) Class: 7842K(8128K)->7842K(8128K)
[2022-04-24T00:46:19.421-0700][gc          ] GC(22) Pause Young (Normal) (G1 Evacuation Pause) 284M->44M(512M) 50.019ms
[2022-04-24T00:46:19.421-0700][gc,cpu      ] GC(22) User=0.04s Sys=0.09s Real=0.05s
[2022-04-24T03:11:33.219-0700][gc,start    ] GC(23) Pause Young (Normal) (G1 Evacuation Pause)
[2022-04-24T03:11:33.222-0700][gc,task     ] GC(23) Using 9 workers of 9 for evacuation
[2022-04-24T03:11:33.255-0700][gc,phases   ] GC(23)   Pre Evacuate Collection Set: 0.9ms
[2022-04-24T03:11:33.255-0700][gc,phases   ] GC(23)   Merge Heap Roots: 0.6ms
[2022-04-24T03:11:33.255-0700][gc,phases   ] GC(23)   Evacuate Collection Set: 30.3ms
[2022-04-24T03:11:33.255-0700][gc,phases   ] GC(23)   Post Evacuate Collection Set: 0.7ms
[2022-04-24T03:11:33.255-0700][gc,phases   ] GC(23)   Other: 3.4ms
[2022-04-24T03:11:33.255-0700][gc,heap     ] GC(23) Eden regions: 247->0(251)
[2022-04-24T03:11:33.255-0700][gc,heap     ] GC(23) Survivor regions: 9->5(32)
[2022-04-24T03:11:33.255-0700][gc,heap     ] GC(23) Old regions: 24->28
[2022-04-24T03:11:33.255-0700][gc,heap     ] GC(23) Archive regions: 2->2
[2022-04-24T03:11:33.255-0700][gc,heap     ] GC(23) Humongous regions: 12->12
[2022-04-24T03:11:33.255-0700][gc,metaspace] GC(23) Metaspace: 66059K(66688K)->66059K(66688K) NonClass: 58216K(58560K)->58216K(58560K) Class: 7842K(8128K)->7842K(8128K)
[2022-04-24T03:11:33.255-0700][gc          ] GC(23) Pause Young (Normal) (G1 Evacuation Pause) 291M->45M(512M) 35.792ms
[2022-04-24T03:11:33.255-0700][gc,cpu      ] GC(23) User=0.04s Sys=0.07s Real=0.04s
[2022-04-24T05:38:48.252-0700][gc,start    ] GC(24) Pause Young (Normal) (G1 Evacuation Pause)
[2022-04-24T05:38:48.255-0700][gc,task     ] GC(24) Using 9 workers of 9 for evacuation
[2022-04-24T05:38:48.297-0700][gc,phases   ] GC(24)   Pre Evacuate Collection Set: 1.3ms
[2022-04-24T05:38:48.297-0700][gc,phases   ] GC(24)   Merge Heap Roots: 0.4ms
[2022-04-24T05:38:48.297-0700][gc,phases   ] GC(24)   Evacuate Collection Set: 38.6ms
[2022-04-24T05:38:48.297-0700][gc,phases   ] GC(24)   Post Evacuate Collection Set: 1.2ms
[2022-04-24T05:38:48.297-0700][gc,phases   ] GC(24)   Other: 2.9ms
[2022-04-24T05:38:48.297-0700][gc,heap     ] GC(24) Eden regions: 251->0(254)
[2022-04-24T05:38:48.297-0700][gc,heap     ] GC(24) Survivor regions: 5->2(32)
[2022-04-24T05:38:48.297-0700][gc,heap     ] GC(24) Old regions: 28->31
[2022-04-24T05:38:48.297-0700][gc,heap     ] GC(24) Archive regions: 2->2
[2022-04-24T05:38:48.297-0700][gc,heap     ] GC(24) Humongous regions: 12->12
[2022-04-24T05:38:48.297-0700][gc,metaspace] GC(24) Metaspace: 66112K(66688K)->66112K(66688K) NonClass: 58269K(58560K)->58269K(58560K) Class: 7843K(8128K)->7843K(8128K)
[2022-04-24T05:38:48.297-0700][gc          ] GC(24) Pause Young (Normal) (G1 Evacuation Pause) 296M->44M(512M) 44.288ms
[2022-04-24T05:38:48.297-0700][gc,cpu      ] GC(24) User=0.03s Sys=0.06s Real=0.04s
[2022-04-24T08:06:07.720-0700][gc,start    ] GC(25) Pause Young (Normal) (G1 Evacuation Pause)
[2022-04-24T08:06:07.722-0700][gc,task     ] GC(25) Using 9 workers of 9 for evacuation
[2022-04-24T08:06:07.753-0700][gc,phases   ] GC(25)   Pre Evacuate Collection Set: 1.2ms
[2022-04-24T08:06:07.753-0700][gc,phases   ] GC(25)   Merge Heap Roots: 0.4ms
[2022-04-24T08:06:07.753-0700][gc,phases   ] GC(25)   Evacuate Collection Set: 26.8ms
[2022-04-24T08:06:07.753-0700][gc,phases   ] GC(25)   Post Evacuate Collection Set: 2.0ms
[2022-04-24T08:06:07.753-0700][gc,phases   ] GC(25)   Other: 2.8ms
[2022-04-24T08:06:07.753-0700][gc,heap     ] GC(25) Eden regions: 254->0(254)
[2022-04-24T08:06:07.753-0700][gc,heap     ] GC(25) Survivor regions: 2->2(32)
[2022-04-24T08:06:07.753-0700][gc,heap     ] GC(25) Old regions: 31->31
[2022-04-24T08:06:07.753-0700][gc,heap     ] GC(25) Archive regions: 2->2
[2022-04-24T08:06:07.753-0700][gc,heap     ] GC(25) Humongous regions: 12->12
[2022-04-24T08:06:07.753-0700][gc,metaspace] GC(25) Metaspace: 66118K(66752K)->66118K(66752K) NonClass: 58275K(58624K)->58275K(58624K) Class: 7843K(8128K)->7843K(8128K)
[2022-04-24T08:06:07.753-0700][gc          ] GC(25) Pause Young (Normal) (G1 Evacuation Pause) 298M->45M(512M) 33.156ms
[2022-04-24T08:06:07.753-0700][gc,cpu      ] GC(25) User=0.01s Sys=0.02s Real=0.03s
[2022-04-24T10:35:53.342-0700][gc,start    ] GC(26) Pause Young (Normal) (G1 Evacuation Pause)
[2022-04-24T10:35:53.344-0700][gc,task     ] GC(26) Using 9 workers of 9 for evacuation
[2022-04-24T10:35:53.364-0700][gc,phases   ] GC(26)   Pre Evacuate Collection Set: 2.6ms
[2022-04-24T10:35:53.364-0700][gc,phases   ] GC(26)   Merge Heap Roots: 0.3ms
[2022-04-24T10:35:53.364-0700][gc,phases   ] GC(26)   Evacuate Collection Set: 14.9ms
[2022-04-24T10:35:53.364-0700][gc,phases   ] GC(26)   Post Evacuate Collection Set: 1.9ms
[2022-04-24T10:35:53.364-0700][gc,phases   ] GC(26)   Other: 3.1ms
[2022-04-24T10:35:53.364-0700][gc,heap     ] GC(26) Eden regions: 254->0(255)
[2022-04-24T10:35:53.364-0700][gc,heap     ] GC(26) Survivor regions: 2->1(32)
[2022-04-24T10:35:53.364-0700][gc,heap     ] GC(26) Old regions: 31->31
[2022-04-24T10:35:53.364-0700][gc,heap     ] GC(26) Archive regions: 2->2
[2022-04-24T10:35:53.365-0700][gc,heap     ] GC(26) Humongous regions: 12->12
[2022-04-24T10:35:53.365-0700][gc,metaspace] GC(26) Metaspace: 66155K(66752K)->66155K(66752K) NonClass: 58311K(58624K)->58311K(58624K) Class: 7844K(8128K)->7844K(8128K)
[2022-04-24T10:35:53.365-0700][gc          ] GC(26) Pause Young (Normal) (G1 Evacuation Pause) 299M->44M(512M) 22.790ms
[2022-04-24T10:35:53.365-0700][gc,cpu      ] GC(26) User=0.01s Sys=0.02s Real=0.02s
[2022-04-24T13:06:14.695-0700][gc,start    ] GC(27) Pause Young (Normal) (G1 Evacuation Pause)
[2022-04-24T13:06:14.698-0700][gc,task     ] GC(27) Using 9 workers of 9 for evacuation
[2022-04-24T13:06:14.720-0700][gc,phases   ] GC(27)   Pre Evacuate Collection Set: 1.4ms
[2022-04-24T13:06:14.721-0700][gc,phases   ] GC(27)   Merge Heap Roots: 0.2ms
[2022-04-24T13:06:14.721-0700][gc,phases   ] GC(27)   Evacuate Collection Set: 19.4ms
[2022-04-24T13:06:14.721-0700][gc,phases   ] GC(27)   Post Evacuate Collection Set: 1.4ms
[2022-04-24T13:06:14.721-0700][gc,phases   ] GC(27)   Other: 2.9ms
[2022-04-24T13:06:14.721-0700][gc,heap     ] GC(27) Eden regions: 255->0(255)
[2022-04-24T13:06:14.721-0700][gc,heap     ] GC(27) Survivor regions: 1->1(32)
[2022-04-24T13:06:14.721-0700][gc,heap     ] GC(27) Old regions: 31->32
[2022-04-24T13:06:14.721-0700][gc,heap     ] GC(27) Archive regions: 2->2
[2022-04-24T13:06:14.721-0700][gc,heap     ] GC(27) Humongous regions: 12->12
[2022-04-24T13:06:14.721-0700][gc,metaspace] GC(27) Metaspace: 66190K(66816K)->66190K(66816K) NonClass: 58346K(58688K)->58346K(58688K) Class: 7844K(8128K)->7844K(8128K)
[2022-04-24T13:06:14.721-0700][gc          ] GC(27) Pause Young (Normal) (G1 Evacuation Pause) 299M->45M(512M) 25.312ms
[2022-04-24T13:06:14.721-0700][gc,cpu      ] GC(27) User=0.02s Sys=0.02s Real=0.03s
[2022-04-24T14:41:21.486-0700][gc,start    ] GC(28) Pause Young (Normal) (G1 Evacuation Pause)
[2022-04-24T14:41:21.488-0700][gc,task     ] GC(28) Using 9 workers of 9 for evacuation
[2022-04-24T14:41:21.511-0700][gc,phases   ] GC(28)   Pre Evacuate Collection Set: 0.8ms
[2022-04-24T14:41:21.511-0700][gc,phases   ] GC(28)   Merge Heap Roots: 0.2ms
[2022-04-24T14:41:21.511-0700][gc,phases   ] GC(28)   Evacuate Collection Set: 21.0ms
[2022-04-24T14:41:21.511-0700][gc,phases   ] GC(28)   Post Evacuate Collection Set: 0.8ms
[2022-04-24T14:41:21.511-0700][gc,phases   ] GC(28)   Other: 2.3ms
[2022-04-24T14:41:21.511-0700][gc,heap     ] GC(28) Eden regions: 255->0(254)
[2022-04-24T14:41:21.511-0700][gc,heap     ] GC(28) Survivor regions: 1->2(32)
[2022-04-24T14:41:21.511-0700][gc,heap     ] GC(28) Old regions: 32->32
[2022-04-24T14:41:21.511-0700][gc,heap     ] GC(28) Archive regions: 2->2
[2022-04-24T14:41:21.511-0700][gc,heap     ] GC(28) Humongous regions: 12->12
[2022-04-24T14:41:21.511-0700][gc,metaspace] GC(28) Metaspace: 66192K(66816K)->66192K(66816K) NonClass: 58347K(58688K)->58347K(58688K) Class: 7844K(8128K)->7844K(8128K)
[2022-04-24T14:41:21.511-0700][gc          ] GC(28) Pause Young (Normal) (G1 Evacuation Pause) 300M->45M(512M) 25.104ms
[2022-04-24T14:41:21.511-0700][gc,cpu      ] GC(28) User=0.01s Sys=0.03s Real=0.03s
[2022-04-24T15:05:46.708-0700][gc,start    ] GC(29) Pause Young (Normal) (G1 Evacuation Pause)
[2022-04-24T15:05:46.709-0700][gc,task     ] GC(29) Using 9 workers of 9 for evacuation
[2022-04-24T15:05:46.715-0700][gc,phases   ] GC(29)   Pre Evacuate Collection Set: 0.7ms
[2022-04-24T15:05:46.715-0700][gc,phases   ] GC(29)   Merge Heap Roots: 0.4ms
[2022-04-24T15:05:46.715-0700][gc,phases   ] GC(29)   Evacuate Collection Set: 3.9ms
[2022-04-24T15:05:46.715-0700][gc,phases   ] GC(29)   Post Evacuate Collection Set: 0.9ms
[2022-04-24T15:05:46.715-0700][gc,phases   ] GC(29)   Other: 1.1ms
[2022-04-24T15:05:46.715-0700][gc,heap     ] GC(29) Eden regions: 254->0(254)
[2022-04-24T15:05:46.715-0700][gc,heap     ] GC(29) Survivor regions: 2->2(32)
[2022-04-24T15:05:46.715-0700][gc,heap     ] GC(29) Old regions: 32->32
[2022-04-24T15:05:46.715-0700][gc,heap     ] GC(29) Archive regions: 2->2
[2022-04-24T15:05:46.715-0700][gc,heap     ] GC(29) Humongous regions: 12->12
[2022-04-24T15:05:46.715-0700][gc,metaspace] GC(29) Metaspace: 67289K(67904K)->67289K(67904K) NonClass: 59308K(59648K)->59308K(59648K) Class: 7981K(8256K)->7981K(8256K)
[2022-04-24T15:05:46.715-0700][gc          ] GC(29) Pause Young (Normal) (G1 Evacuation Pause) 299M->45M(512M) 6.855ms
[2022-04-24T15:05:46.715-0700][gc,cpu      ] GC(29) User=0.03s Sys=0.01s Real=0.01s
[2022-04-24T15:33:27.573-0700][gc,start    ] GC(30) Pause Young (Normal) (G1 Evacuation Pause)
[2022-04-24T15:33:27.574-0700][gc,task     ] GC(30) Using 9 workers of 9 for evacuation
[2022-04-24T15:33:27.609-0700][gc,phases   ] GC(30)   Pre Evacuate Collection Set: 6.6ms
[2022-04-24T15:33:27.609-0700][gc,phases   ] GC(30)   Merge Heap Roots: 7.1ms
[2022-04-24T15:33:27.609-0700][gc,phases   ] GC(30)   Evacuate Collection Set: 18.4ms
[2022-04-24T15:33:27.609-0700][gc,phases   ] GC(30)   Post Evacuate Collection Set: 1.8ms
[2022-04-24T15:33:27.609-0700][gc,phases   ] GC(30)   Other: 2.5ms
[2022-04-24T15:33:27.609-0700][gc,heap     ] GC(30) Eden regions: 254->0(254)
[2022-04-24T15:33:27.609-0700][gc,heap     ] GC(30) Survivor regions: 2->2(32)
[2022-04-24T15:33:27.610-0700][gc,heap     ] GC(30) Old regions: 32->32
[2022-04-24T15:33:27.610-0700][gc,heap     ] GC(30) Archive regions: 2->2
[2022-04-24T15:33:27.610-0700][gc,heap     ] GC(30) Humongous regions: 12->12
[2022-04-24T15:33:27.610-0700][gc,metaspace] GC(30) Metaspace: 67290K(67904K)->67290K(67904K) NonClass: 59309K(59648K)->59309K(59648K) Class: 7981K(8256K)->7981K(8256K)
[2022-04-24T15:33:27.610-0700][gc          ] GC(30) Pause Young (Normal) (G1 Evacuation Pause) 299M->45M(512M) 36.142ms
[2022-04-24T15:33:27.610-0700][gc,cpu      ] GC(30) User=0.00s Sys=0.03s Real=0.04s
[2022-04-24T16:00:39.902-0700][gc,start    ] GC(31) Pause Young (Normal) (G1 Evacuation Pause)
[2022-04-24T16:00:39.904-0700][gc,task     ] GC(31) Using 9 workers of 9 for evacuation
[2022-04-24T16:00:39.923-0700][gc,phases   ] GC(31)   Pre Evacuate Collection Set: 0.9ms
[2022-04-24T16:00:39.924-0700][gc,phases   ] GC(31)   Merge Heap Roots: 0.3ms
[2022-04-24T16:00:39.924-0700][gc,phases   ] GC(31)   Evacuate Collection Set: 16.4ms
[2022-04-24T16:00:39.924-0700][gc,phases   ] GC(31)   Post Evacuate Collection Set: 1.3ms
[2022-04-24T16:00:39.924-0700][gc,phases   ] GC(31)   Other: 2.2ms
[2022-04-24T16:00:39.924-0700][gc,heap     ] GC(31) Eden regions: 254->0(253)
[2022-04-24T16:00:39.924-0700][gc,heap     ] GC(31) Survivor regions: 2->3(32)
[2022-04-24T16:00:39.924-0700][gc,heap     ] GC(31) Old regions: 32->32
[2022-04-24T16:00:39.924-0700][gc,heap     ] GC(31) Archive regions: 2->2
[2022-04-24T16:00:39.924-0700][gc,heap     ] GC(31) Humongous regions: 12->12
[2022-04-24T16:00:39.924-0700][gc,metaspace] GC(31) Metaspace: 67351K(67968K)->67351K(67968K) NonClass: 59366K(59712K)->59366K(59712K) Class: 7985K(8256K)->7985K(8256K)
[2022-04-24T16:00:39.924-0700][gc          ] GC(31) Pause Young (Normal) (G1 Evacuation Pause) 299M->46M(512M) 21.217ms
[2022-04-24T16:00:39.924-0700][gc,cpu      ] GC(31) User=0.01s Sys=0.04s Real=0.02s
[2022-04-24T16:27:46.748-0700][gc,start    ] GC(32) Pause Young (Normal) (G1 Evacuation Pause)
[2022-04-24T16:27:46.749-0700][gc,task     ] GC(32) Using 9 workers of 9 for evacuation
[2022-04-24T16:27:46.779-0700][gc,phases   ] GC(32)   Pre Evacuate Collection Set: 0.8ms
[2022-04-24T16:27:46.779-0700][gc,phases   ] GC(32)   Merge Heap Roots: 0.5ms
[2022-04-24T16:27:46.779-0700][gc,phases   ] GC(32)   Evacuate Collection Set: 28.0ms
[2022-04-24T16:27:46.779-0700][gc,phases   ] GC(32)   Post Evacuate Collection Set: 1.2ms
[2022-04-24T16:27:46.779-0700][gc,phases   ] GC(32)   Other: 1.0ms
[2022-04-24T16:27:46.779-0700][gc,heap     ] GC(32) Eden regions: 253->0(253)
[2022-04-24T16:27:46.779-0700][gc,heap     ] GC(32) Survivor regions: 3->3(32)
[2022-04-24T16:27:46.779-0700][gc,heap     ] GC(32) Old regions: 32->32
[2022-04-24T16:27:46.779-0700][gc,heap     ] GC(32) Archive regions: 2->2
[2022-04-24T16:27:46.779-0700][gc,heap     ] GC(32) Humongous regions: 12->12
[2022-04-24T16:27:46.779-0700][gc,metaspace] GC(32) Metaspace: 67360K(67968K)->67360K(67968K) NonClass: 59375K(59712K)->59375K(59712K) Class: 7985K(8256K)->7985K(8256K)
[2022-04-24T16:27:46.779-0700][gc          ] GC(32) Pause Young (Normal) (G1 Evacuation Pause) 299M->46M(512M) 31.428ms
[2022-04-24T16:27:46.780-0700][gc,cpu      ] GC(32) User=0.01s Sys=0.05s Real=0.04s
[2022-04-24T16:55:32.929-0700][gc,start    ] GC(33) Pause Young (Normal) (G1 Evacuation Pause)
[2022-04-24T16:55:32.930-0700][gc,task     ] GC(33) Using 9 workers of 9 for evacuation
[2022-04-24T16:55:32.953-0700][gc,phases   ] GC(33)   Pre Evacuate Collection Set: 1.6ms
[2022-04-24T16:55:32.953-0700][gc,phases   ] GC(33)   Merge Heap Roots: 0.4ms
[2022-04-24T16:55:32.953-0700][gc,phases   ] GC(33)   Evacuate Collection Set: 19.5ms
[2022-04-24T16:55:32.953-0700][gc,phases   ] GC(33)   Post Evacuate Collection Set: 0.9ms
[2022-04-24T16:55:32.953-0700][gc,phases   ] GC(33)   Other: 1.2ms
[2022-04-24T16:55:32.953-0700][gc,heap     ] GC(33) Eden regions: 253->0(253)
[2022-04-24T16:55:32.953-0700][gc,heap     ] GC(33) Survivor regions: 3->3(32)
[2022-04-24T16:55:32.953-0700][gc,heap     ] GC(33) Old regions: 32->32
[2022-04-24T16:55:32.953-0700][gc,heap     ] GC(33) Archive regions: 2->2
[2022-04-24T16:55:32.953-0700][gc,heap     ] GC(33) Humongous regions: 12->12
[2022-04-24T16:55:32.953-0700][gc,metaspace] GC(33) Metaspace: 67399K(67968K)->67399K(67968K) NonClass: 59411K(59712K)->59411K(59712K) Class: 7987K(8256K)->7987K(8256K)
[2022-04-24T16:55:32.953-0700][gc          ] GC(33) Pause Young (Normal) (G1 Evacuation Pause) 299M->46M(512M) 23.689ms
[2022-04-24T16:55:32.953-0700][gc,cpu      ] GC(33) User=0.01s Sys=0.02s Real=0.03s
[2022-04-24T17:21:50.295-0700][gc,start    ] GC(34) Pause Young (Normal) (G1 Evacuation Pause)
[2022-04-24T17:21:50.296-0700][gc,task     ] GC(34) Using 9 workers of 9 for evacuation
[2022-04-24T17:21:50.313-0700][gc,phases   ] GC(34)   Pre Evacuate Collection Set: 1.3ms
[2022-04-24T17:21:50.313-0700][gc,phases   ] GC(34)   Merge Heap Roots: 0.1ms
[2022-04-24T17:21:50.313-0700][gc,phases   ] GC(34)   Evacuate Collection Set: 14.7ms
[2022-04-24T17:21:50.313-0700][gc,phases   ] GC(34)   Post Evacuate Collection Set: 0.7ms
[2022-04-24T17:21:50.313-0700][gc,phases   ] GC(34)   Other: 0.6ms
[2022-04-24T17:21:50.313-0700][gc,heap     ] GC(34) Eden regions: 253->0(253)
[2022-04-24T17:21:50.313-0700][gc,heap     ] GC(34) Survivor regions: 3->3(32)
[2022-04-24T17:21:50.313-0700][gc,heap     ] GC(34) Old regions: 32->32
[2022-04-24T17:21:50.313-0700][gc,heap     ] GC(34) Archive regions: 2->2
[2022-04-24T17:21:50.313-0700][gc,heap     ] GC(34) Humongous regions: 12->12
[2022-04-24T17:21:50.313-0700][gc,metaspace] GC(34) Metaspace: 67403K(67968K)->67403K(67968K) NonClass: 59415K(59712K)->59415K(59712K) Class: 7987K(8256K)->7987K(8256K)
[2022-04-24T17:21:50.313-0700][gc          ] GC(34) Pause Young (Normal) (G1 Evacuation Pause) 299M->46M(512M) 17.615ms
[2022-04-24T17:21:50.313-0700][gc,cpu      ] GC(34) User=0.01s Sys=0.03s Real=0.02s
[2022-04-24T17:46:16.750-0700][gc,start    ] GC(35) Pause Young (Normal) (G1 Evacuation Pause)
[2022-04-24T17:46:16.751-0700][gc,task     ] GC(35) Using 9 workers of 9 for evacuation
[2022-04-24T17:46:16.757-0700][gc,phases   ] GC(35)   Pre Evacuate Collection Set: 0.6ms
[2022-04-24T17:46:16.757-0700][gc,phases   ] GC(35)   Merge Heap Roots: 0.2ms
[2022-04-24T17:46:16.757-0700][gc,phases   ] GC(35)   Evacuate Collection Set: 4.3ms
[2022-04-24T17:46:16.757-0700][gc,phases   ] GC(35)   Post Evacuate Collection Set: 0.6ms
[2022-04-24T17:46:16.757-0700][gc,phases   ] GC(35)   Other: 1.5ms
[2022-04-24T17:46:16.757-0700][gc,heap     ] GC(35) Eden regions: 253->0(253)
[2022-04-24T17:46:16.757-0700][gc,heap     ] GC(35) Survivor regions: 3->3(32)
[2022-04-24T17:46:16.757-0700][gc,heap     ] GC(35) Old regions: 32->32
[2022-04-24T17:46:16.757-0700][gc,heap     ] GC(35) Archive regions: 2->2
[2022-04-24T17:46:16.757-0700][gc,heap     ] GC(35) Humongous regions: 12->12
[2022-04-24T17:46:16.757-0700][gc,metaspace] GC(35) Metaspace: 67403K(67968K)->67403K(67968K) NonClass: 59415K(59712K)->59415K(59712K) Class: 7987K(8256K)->7987K(8256K)
[2022-04-24T17:46:16.757-0700][gc          ] GC(35) Pause Young (Normal) (G1 Evacuation Pause) 299M->46M(512M) 7.385ms
[2022-04-24T17:46:16.757-0700][gc,cpu      ] GC(35) User=0.01s Sys=0.03s Real=0.01s
[2022-04-24T18:10:39.283-0700][gc,start    ] GC(36) Pause Young (Normal) (G1 Evacuation Pause)
[2022-04-24T18:10:39.283-0700][gc,task     ] GC(36) Using 9 workers of 9 for evacuation
[2022-04-24T18:10:39.293-0700][gc,phases   ] GC(36)   Pre Evacuate Collection Set: 0.3ms
[2022-04-24T18:10:39.293-0700][gc,phases   ] GC(36)   Merge Heap Roots: 0.2ms
[2022-04-24T18:10:39.293-0700][gc,phases   ] GC(36)   Evacuate Collection Set: 8.8ms
[2022-04-24T18:10:39.293-0700][gc,phases   ] GC(36)   Post Evacuate Collection Set: 0.5ms
[2022-04-24T18:10:39.293-0700][gc,phases   ] GC(36)   Other: 0.5ms
[2022-04-24T18:10:39.293-0700][gc,heap     ] GC(36) Eden regions: 253->0(253)
[2022-04-24T18:10:39.293-0700][gc,heap     ] GC(36) Survivor regions: 3->3(32)
[2022-04-24T18:10:39.293-0700][gc,heap     ] GC(36) Old regions: 32->32
[2022-04-24T18:10:39.293-0700][gc,heap     ] GC(36) Archive regions: 2->2
[2022-04-24T18:10:39.293-0700][gc,heap     ] GC(36) Humongous regions: 12->12
[2022-04-24T18:10:39.293-0700][gc,metaspace] GC(36) Metaspace: 67409K(67968K)->67409K(67968K) NonClass: 59422K(59712K)->59422K(59712K) Class: 7987K(8256K)->7987K(8256K)
[2022-04-24T18:10:39.293-0700][gc          ] GC(36) Pause Young (Normal) (G1 Evacuation Pause) 299M->46M(512M) 10.381ms
[2022-04-24T18:10:39.293-0700][gc,cpu      ] GC(36) User=0.01s Sys=0.03s Real=0.01s
[2022-04-24T18:34:58.959-0700][gc,start    ] GC(37) Pause Young (Normal) (G1 Evacuation Pause)
[2022-04-24T18:34:58.960-0700][gc,task     ] GC(37) Using 9 workers of 9 for evacuation
[2022-04-24T18:34:58.967-0700][gc,phases   ] GC(37)   Pre Evacuate Collection Set: 0.5ms
[2022-04-24T18:34:58.968-0700][gc,phases   ] GC(37)   Merge Heap Roots: 0.1ms
[2022-04-24T18:34:58.968-0700][gc,phases   ] GC(37)   Evacuate Collection Set: 6.3ms
[2022-04-24T18:34:58.968-0700][gc,phases   ] GC(37)   Post Evacuate Collection Set: 0.7ms
[2022-04-24T18:34:58.968-0700][gc,phases   ] GC(37)   Other: 1.4ms
[2022-04-24T18:34:58.968-0700][gc,heap     ] GC(37) Eden regions: 253->0(254)
[2022-04-24T18:34:58.968-0700][gc,heap     ] GC(37) Survivor regions: 3->2(32)
[2022-04-24T18:34:58.968-0700][gc,heap     ] GC(37) Old regions: 32->32
[2022-04-24T18:34:58.968-0700][gc,heap     ] GC(37) Archive regions: 2->2
[2022-04-24T18:34:58.968-0700][gc,heap     ] GC(37) Humongous regions: 12->12
[2022-04-24T18:34:58.968-0700][gc,metaspace] GC(37) Metaspace: 67438K(68032K)->67438K(68032K) NonClass: 59450K(59776K)->59450K(59776K) Class: 7987K(8256K)->7987K(8256K)
[2022-04-24T18:34:58.968-0700][gc          ] GC(37) Pause Young (Normal) (G1 Evacuation Pause) 299M->46M(512M) 9.068ms
[2022-04-24T18:34:58.968-0700][gc,cpu      ] GC(37) User=0.00s Sys=0.02s Real=0.01s
[2022-04-24T18:56:48.417-0700][gc,start    ] GC(38) Pause Young (Normal) (G1 Evacuation Pause)
[2022-04-24T18:56:48.418-0700][gc,task     ] GC(38) Using 9 workers of 9 for evacuation
[2022-04-24T18:56:48.429-0700][gc,phases   ] GC(38)   Pre Evacuate Collection Set: 0.6ms
[2022-04-24T18:56:48.429-0700][gc,phases   ] GC(38)   Merge Heap Roots: 0.1ms
[2022-04-24T18:56:48.429-0700][gc,phases   ] GC(38)   Evacuate Collection Set: 8.4ms
[2022-04-24T18:56:48.429-0700][gc,phases   ] GC(38)   Post Evacuate Collection Set: 1.6ms
[2022-04-24T18:56:48.429-0700][gc,phases   ] GC(38)   Other: 0.8ms
[2022-04-24T18:56:48.429-0700][gc,heap     ] GC(38) Eden regions: 254->0(254)
[2022-04-24T18:56:48.429-0700][gc,heap     ] GC(38) Survivor regions: 2->2(32)
[2022-04-24T18:56:48.429-0700][gc,heap     ] GC(38) Old regions: 32->32
[2022-04-24T18:56:48.429-0700][gc,heap     ] GC(38) Archive regions: 2->2
[2022-04-24T18:56:48.429-0700][gc,heap     ] GC(38) Humongous regions: 12->12
[2022-04-24T18:56:48.429-0700][gc,metaspace] GC(38) Metaspace: 67446K(68032K)->67446K(68032K) NonClass: 59459K(59776K)->59459K(59776K) Class: 7987K(8256K)->7987K(8256K)
[2022-04-24T18:56:48.429-0700][gc          ] GC(38) Pause Young (Normal) (G1 Evacuation Pause) 300M->46M(512M) 11.624ms
[2022-04-24T18:56:48.429-0700][gc,cpu      ] GC(38) User=0.01s Sys=0.02s Real=0.01s
[2022-04-24T19:16:14.983-0700][gc,start    ] GC(39) Pause Young (Normal) (G1 Evacuation Pause)
[2022-04-24T19:16:14.984-0700][gc,task     ] GC(39) Using 9 workers of 9 for evacuation
[2022-04-24T19:16:14.999-0700][gc,phases   ] GC(39)   Pre Evacuate Collection Set: 0.6ms
[2022-04-24T19:16:14.999-0700][gc,phases   ] GC(39)   Merge Heap Roots: 0.1ms
[2022-04-24T19:16:14.999-0700][gc,phases   ] GC(39)   Evacuate Collection Set: 13.0ms
[2022-04-24T19:16:14.999-0700][gc,phases   ] GC(39)   Post Evacuate Collection Set: 0.8ms
[2022-04-24T19:16:14.999-0700][gc,phases   ] GC(39)   Other: 1.5ms
[2022-04-24T19:16:14.999-0700][gc,heap     ] GC(39) Eden regions: 254->0(254)
[2022-04-24T19:16:14.999-0700][gc,heap     ] GC(39) Survivor regions: 2->2(32)
[2022-04-24T19:16:14.999-0700][gc,heap     ] GC(39) Old regions: 32->32
[2022-04-24T19:16:14.999-0700][gc,heap     ] GC(39) Archive regions: 2->2
[2022-04-24T19:16:14.999-0700][gc,heap     ] GC(39) Humongous regions: 12->12
[2022-04-24T19:16:14.999-0700][gc,metaspace] GC(39) Metaspace: 67448K(68032K)->67448K(68032K) NonClass: 59460K(59776K)->59460K(59776K) Class: 7987K(8256K)->7987K(8256K)
[2022-04-24T19:16:14.999-0700][gc          ] GC(39) Pause Young (Normal) (G1 Evacuation Pause) 300M->46M(512M) 16.082ms
[2022-04-24T19:16:14.999-0700][gc,cpu      ] GC(39) User=0.01s Sys=0.03s Real=0.01s
[2022-04-24T19:35:40.913-0700][gc,start    ] GC(40) Pause Young (Normal) (G1 Evacuation Pause)
[2022-04-24T19:35:40.915-0700][gc,task     ] GC(40) Using 9 workers of 9 for evacuation
[2022-04-24T19:35:40.932-0700][gc,phases   ] GC(40)   Pre Evacuate Collection Set: 1.4ms
[2022-04-24T19:35:40.932-0700][gc,phases   ] GC(40)   Merge Heap Roots: 1.5ms
[2022-04-24T19:35:40.932-0700][gc,phases   ] GC(40)   Evacuate Collection Set: 12.6ms
[2022-04-24T19:35:40.932-0700][gc,phases   ] GC(40)   Post Evacuate Collection Set: 1.0ms
[2022-04-24T19:35:40.932-0700][gc,phases   ] GC(40)   Other: 2.8ms
[2022-04-24T19:35:40.932-0700][gc,heap     ] GC(40) Eden regions: 254->0(254)
[2022-04-24T19:35:40.932-0700][gc,heap     ] GC(40) Survivor regions: 2->2(32)
[2022-04-24T19:35:40.932-0700][gc,heap     ] GC(40) Old regions: 32->32
[2022-04-24T19:35:40.932-0700][gc,heap     ] GC(40) Archive regions: 2->2
[2022-04-24T19:35:40.932-0700][gc,heap     ] GC(40) Humongous regions: 12->12
[2022-04-24T19:35:40.932-0700][gc,metaspace] GC(40) Metaspace: 67455K(68032K)->67455K(68032K) NonClass: 59468K(59776K)->59468K(59776K) Class: 7987K(8256K)->7987K(8256K)
[2022-04-24T19:35:40.932-0700][gc          ] GC(40) Pause Young (Normal) (G1 Evacuation Pause) 300M->46M(512M) 19.240ms
[2022-04-24T19:35:40.932-0700][gc,cpu      ] GC(40) User=0.01s Sys=0.06s Real=0.02s
[2022-04-24T19:55:00.051-0700][gc,start    ] GC(41) Pause Young (Normal) (G1 Evacuation Pause)
[2022-04-24T19:55:00.057-0700][gc,task     ] GC(41) Using 9 workers of 9 for evacuation
[2022-04-24T19:55:00.082-0700][gc,phases   ] GC(41)   Pre Evacuate Collection Set: 1.0ms
[2022-04-24T19:55:00.082-0700][gc,phases   ] GC(41)   Merge Heap Roots: 1.1ms
[2022-04-24T19:55:00.082-0700][gc,phases   ] GC(41)   Evacuate Collection Set: 22.1ms
[2022-04-24T19:55:00.082-0700][gc,phases   ] GC(41)   Post Evacuate Collection Set: 0.7ms
[2022-04-24T19:55:00.082-0700][gc,phases   ] GC(41)   Other: 5.8ms
[2022-04-24T19:55:00.082-0700][gc,heap     ] GC(41) Eden regions: 254->0(254)
[2022-04-24T19:55:00.082-0700][gc,heap     ] GC(41) Survivor regions: 2->2(32)
[2022-04-24T19:55:00.082-0700][gc,heap     ] GC(41) Old regions: 32->32
[2022-04-24T19:55:00.082-0700][gc,heap     ] GC(41) Archive regions: 2->2
[2022-04-24T19:55:00.082-0700][gc,heap     ] GC(41) Humongous regions: 12->12
[2022-04-24T19:55:00.082-0700][gc,metaspace] GC(41) Metaspace: 67458K(68032K)->67458K(68032K) NonClass: 59470K(59776K)->59470K(59776K) Class: 7987K(8256K)->7987K(8256K)
[2022-04-24T19:55:00.082-0700][gc          ] GC(41) Pause Young (Normal) (G1 Evacuation Pause) 300M->46M(512M) 30.717ms
[2022-04-24T19:55:00.082-0700][gc,cpu      ] GC(41) User=0.01s Sys=0.05s Real=0.03s
[2022-04-24T20:14:24.100-0700][gc,start    ] GC(42) Pause Young (Normal) (G1 Evacuation Pause)
[2022-04-24T20:14:24.100-0700][gc,task     ] GC(42) Using 9 workers of 9 for evacuation
[2022-04-24T20:14:24.118-0700][gc,phases   ] GC(42)   Pre Evacuate Collection Set: 0.6ms
[2022-04-24T20:14:24.118-0700][gc,phases   ] GC(42)   Merge Heap Roots: 0.2ms
[2022-04-24T20:14:24.118-0700][gc,phases   ] GC(42)   Evacuate Collection Set: 16.3ms
[2022-04-24T20:14:24.118-0700][gc,phases   ] GC(42)   Post Evacuate Collection Set: 0.7ms
[2022-04-24T20:14:24.118-0700][gc,phases   ] GC(42)   Other: 0.7ms
[2022-04-24T20:14:24.118-0700][gc,heap     ] GC(42) Eden regions: 254->0(254)
[2022-04-24T20:14:24.118-0700][gc,heap     ] GC(42) Survivor regions: 2->2(32)
[2022-04-24T20:14:24.118-0700][gc,heap     ] GC(42) Old regions: 32->32
[2022-04-24T20:14:24.118-0700][gc,heap     ] GC(42) Archive regions: 2->2
[2022-04-24T20:14:24.118-0700][gc,heap     ] GC(42) Humongous regions: 12->12
[2022-04-24T20:14:24.118-0700][gc,metaspace] GC(42) Metaspace: 67458K(68032K)->67458K(68032K) NonClass: 59470K(59776K)->59470K(59776K) Class: 7987K(8256K)->7987K(8256K)
[2022-04-24T20:14:24.118-0700][gc          ] GC(42) Pause Young (Normal) (G1 Evacuation Pause) 300M->46M(512M) 18.493ms
[2022-04-24T20:14:24.118-0700][gc,cpu      ] GC(42) User=0.01s Sys=0.03s Real=0.01s
[2022-04-24T20:33:53.558-0700][gc,start    ] GC(43) Pause Young (Normal) (G1 Evacuation Pause)
[2022-04-24T20:33:53.560-0700][gc,task     ] GC(43) Using 9 workers of 9 for evacuation
[2022-04-24T20:33:53.568-0700][gc,phases   ] GC(43)   Pre Evacuate Collection Set: 0.4ms
[2022-04-24T20:33:53.569-0700][gc,phases   ] GC(43)   Merge Heap Roots: 0.2ms
[2022-04-24T20:33:53.569-0700][gc,phases   ] GC(43)   Evacuate Collection Set: 7.8ms
[2022-04-24T20:33:53.569-0700][gc,phases   ] GC(43)   Post Evacuate Collection Set: 0.4ms
[2022-04-24T20:33:53.569-0700][gc,phases   ] GC(43)   Other: 1.3ms
[2022-04-24T20:33:53.569-0700][gc,heap     ] GC(43) Eden regions: 254->0(254)
[2022-04-24T20:33:53.569-0700][gc,heap     ] GC(43) Survivor regions: 2->2(32)
[2022-04-24T20:33:53.569-0700][gc,heap     ] GC(43) Old regions: 32->32
[2022-04-24T20:33:53.569-0700][gc,heap     ] GC(43) Archive regions: 2->2
[2022-04-24T20:33:53.569-0700][gc,heap     ] GC(43) Humongous regions: 12->12
[2022-04-24T20:33:53.569-0700][gc,metaspace] GC(43) Metaspace: 67459K(68032K)->67459K(68032K) NonClass: 59471K(59776K)->59471K(59776K) Class: 7987K(8256K)->7987K(8256K)
[2022-04-24T20:33:53.569-0700][gc          ] GC(43) Pause Young (Normal) (G1 Evacuation Pause) 300M->46M(512M) 10.140ms
[2022-04-24T20:33:53.569-0700][gc,cpu      ] GC(43) User=0.00s Sys=0.02s Real=0.01s
[2022-04-24T20:53:16.054-0700][gc,start    ] GC(44) Pause Young (Normal) (G1 Evacuation Pause)
[2022-04-24T20:53:16.056-0700][gc,task     ] GC(44) Using 9 workers of 9 for evacuation
[2022-04-24T20:53:16.070-0700][gc,phases   ] GC(44)   Pre Evacuate Collection Set: 1.0ms
[2022-04-24T20:53:16.070-0700][gc,phases   ] GC(44)   Merge Heap Roots: 0.3ms
[2022-04-24T20:53:16.070-0700][gc,phases   ] GC(44)   Evacuate Collection Set: 8.1ms
[2022-04-24T20:53:16.070-0700][gc,phases   ] GC(44)   Post Evacuate Collection Set: 4.5ms
[2022-04-24T20:53:16.070-0700][gc,phases   ] GC(44)   Other: 2.1ms
[2022-04-24T20:53:16.070-0700][gc,heap     ] GC(44) Eden regions: 254->0(254)
[2022-04-24T20:53:16.070-0700][gc,heap     ] GC(44) Survivor regions: 2->2(32)
[2022-04-24T20:53:16.070-0700][gc,heap     ] GC(44) Old regions: 32->33
[2022-04-24T20:53:16.070-0700][gc,heap     ] GC(44) Archive regions: 2->2
[2022-04-24T20:53:16.070-0700][gc,heap     ] GC(44) Humongous regions: 12->12
[2022-04-24T20:53:16.070-0700][gc,metaspace] GC(44) Metaspace: 67459K(68032K)->67459K(68032K) NonClass: 59471K(59776K)->59471K(59776K) Class: 7987K(8256K)->7987K(8256K)
[2022-04-24T20:53:16.070-0700][gc          ] GC(44) Pause Young (Normal) (G1 Evacuation Pause) 300M->46M(512M) 16.176ms
[2022-04-24T20:53:16.070-0700][gc,cpu      ] GC(44) User=0.01s Sys=0.04s Real=0.02s
[2022-04-24T21:12:37.599-0700][gc,start    ] GC(45) Pause Young (Normal) (G1 Evacuation Pause)
[2022-04-24T21:12:37.599-0700][gc,task     ] GC(45) Using 9 workers of 9 for evacuation
[2022-04-24T21:12:37.617-0700][gc,phases   ] GC(45)   Pre Evacuate Collection Set: 0.5ms
[2022-04-24T21:12:37.617-0700][gc,phases   ] GC(45)   Merge Heap Roots: 0.3ms
[2022-04-24T21:12:37.617-0700][gc,phases   ] GC(45)   Evacuate Collection Set: 15.4ms
[2022-04-24T21:12:37.617-0700][gc,phases   ] GC(45)   Post Evacuate Collection Set: 1.7ms
[2022-04-24T21:12:37.617-0700][gc,phases   ] GC(45)   Other: 1.0ms
[2022-04-24T21:12:37.617-0700][gc,heap     ] GC(45) Eden regions: 254->0(254)
[2022-04-24T21:12:37.617-0700][gc,heap     ] GC(45) Survivor regions: 2->2(32)
[2022-04-24T21:12:37.617-0700][gc,heap     ] GC(45) Old regions: 33->33
[2022-04-24T21:12:37.617-0700][gc,heap     ] GC(45) Archive regions: 2->2
[2022-04-24T21:12:37.617-0700][gc,heap     ] GC(45) Humongous regions: 12->12
[2022-04-24T21:12:37.617-0700][gc,metaspace] GC(45) Metaspace: 67464K(68032K)->67464K(68032K) NonClass: 59477K(59776K)->59477K(59776K) Class: 7987K(8256K)->7987K(8256K)
[2022-04-24T21:12:37.617-0700][gc          ] GC(45) Pause Young (Normal) (G1 Evacuation Pause) 300M->46M(512M) 18.527ms
[2022-04-24T21:12:37.617-0700][gc,cpu      ] GC(45) User=0.01s Sys=0.03s Real=0.02s
[2022-04-24T21:31:50.914-0700][gc,start    ] GC(46) Pause Young (Normal) (G1 Evacuation Pause)
[2022-04-24T21:31:50.915-0700][gc,task     ] GC(46) Using 9 workers of 9 for evacuation
[2022-04-24T21:31:50.928-0700][gc,phases   ] GC(46)   Pre Evacuate Collection Set: 0.4ms
[2022-04-24T21:31:50.928-0700][gc,phases   ] GC(46)   Merge Heap Roots: 0.1ms
[2022-04-24T21:31:50.928-0700][gc,phases   ] GC(46)   Evacuate Collection Set: 10.5ms
[2022-04-24T21:31:50.928-0700][gc,phases   ] GC(46)   Post Evacuate Collection Set: 0.9ms
[2022-04-24T21:31:50.928-0700][gc,phases   ] GC(46)   Other: 0.9ms
[2022-04-24T21:31:50.928-0700][gc,heap     ] GC(46) Eden regions: 254->0(255)
[2022-04-24T21:31:50.928-0700][gc,heap     ] GC(46) Survivor regions: 2->1(32)
[2022-04-24T21:31:50.928-0700][gc,heap     ] GC(46) Old regions: 33->33
[2022-04-24T21:31:50.928-0700][gc,heap     ] GC(46) Archive regions: 2->2
[2022-04-24T21:31:50.928-0700][gc,heap     ] GC(46) Humongous regions: 12->12
[2022-04-24T21:31:50.928-0700][gc,metaspace] GC(46) Metaspace: 67465K(68032K)->67465K(68032K) NonClass: 59478K(59776K)->59478K(59776K) Class: 7987K(8256K)->7987K(8256K)
[2022-04-24T21:31:50.929-0700][gc          ] GC(46) Pause Young (Normal) (G1 Evacuation Pause) 300M->46M(512M) 14.692ms
[2022-04-24T21:31:50.929-0700][gc,cpu      ] GC(46) User=0.01s Sys=0.03s Real=0.01s
[2022-04-24T21:51:21.332-0700][gc,start    ] GC(47) Pause Young (Normal) (G1 Evacuation Pause)
[2022-04-24T21:51:21.334-0700][gc,task     ] GC(47) Using 9 workers of 9 for evacuation
[2022-04-24T21:51:21.364-0700][gc,phases   ] GC(47)   Pre Evacuate Collection Set: 1.7ms
[2022-04-24T21:51:21.364-0700][gc,phases   ] GC(47)   Merge Heap Roots: 0.3ms
[2022-04-24T21:51:21.364-0700][gc,phases   ] GC(47)   Evacuate Collection Set: 26.4ms
[2022-04-24T21:51:21.364-0700][gc,phases   ] GC(47)   Post Evacuate Collection Set: 0.8ms
[2022-04-24T21:51:21.364-0700][gc,phases   ] GC(47)   Other: 2.8ms
[2022-04-24T21:51:21.364-0700][gc,heap     ] GC(47) Eden regions: 255->0(255)
[2022-04-24T21:51:21.364-0700][gc,heap     ] GC(47) Survivor regions: 1->1(32)
[2022-04-24T21:51:21.364-0700][gc,heap     ] GC(47) Old regions: 33->33
[2022-04-24T21:51:21.364-0700][gc,heap     ] GC(47) Archive regions: 2->2
[2022-04-24T21:51:21.364-0700][gc,heap     ] GC(47) Humongous regions: 12->12
[2022-04-24T21:51:21.364-0700][gc,metaspace] GC(47) Metaspace: 67466K(68032K)->67466K(68032K) NonClass: 59478K(59776K)->59478K(59776K) Class: 7987K(8256K)->7987K(8256K)
[2022-04-24T21:51:21.364-0700][gc          ] GC(47) Pause Young (Normal) (G1 Evacuation Pause) 301M->46M(512M) 32.179ms
[2022-04-24T21:51:21.364-0700][gc,cpu      ] GC(47) User=0.01s Sys=0.03s Real=0.03s
[2022-04-24T22:10:43.937-0700][gc,start    ] GC(48) Pause Young (Normal) (G1 Evacuation Pause)
[2022-04-24T22:10:43.939-0700][gc,task     ] GC(48) Using 9 workers of 9 for evacuation
[2022-04-24T22:10:43.950-0700][gc,phases   ] GC(48)   Pre Evacuate Collection Set: 0.7ms
[2022-04-24T22:10:43.950-0700][gc,phases   ] GC(48)   Merge Heap Roots: 0.2ms
[2022-04-24T22:10:43.950-0700][gc,phases   ] GC(48)   Evacuate Collection Set: 9.4ms
[2022-04-24T22:10:43.950-0700][gc,phases   ] GC(48)   Post Evacuate Collection Set: 0.7ms
[2022-04-24T22:10:43.950-0700][gc,phases   ] GC(48)   Other: 2.0ms
[2022-04-24T22:10:43.950-0700][gc,heap     ] GC(48) Eden regions: 255->0(255)
[2022-04-24T22:10:43.950-0700][gc,heap     ] GC(48) Survivor regions: 1->1(32)
[2022-04-24T22:10:43.950-0700][gc,heap     ] GC(48) Old regions: 33->33
[2022-04-24T22:10:43.950-0700][gc,heap     ] GC(48) Archive regions: 2->2
[2022-04-24T22:10:43.950-0700][gc,heap     ] GC(48) Humongous regions: 12->12
[2022-04-24T22:10:43.950-0700][gc,metaspace] GC(48) Metaspace: 67476K(68032K)->67476K(68032K) NonClass: 59489K(59776K)->59489K(59776K) Class: 7987K(8256K)->7987K(8256K)
[2022-04-24T22:10:43.950-0700][gc          ] GC(48) Pause Young (Normal) (G1 Evacuation Pause) 301M->46M(512M) 12.952ms
[2022-04-24T22:10:43.950-0700][gc,cpu      ] GC(48) User=0.01s Sys=0.02s Real=0.02s
[2022-04-24T22:30:27.611-0700][gc,start    ] GC(49) Pause Young (Normal) (G1 Evacuation Pause)
[2022-04-24T22:30:27.612-0700][gc,task     ] GC(49) Using 9 workers of 9 for evacuation
[2022-04-24T22:30:27.634-0700][gc,phases   ] GC(49)   Pre Evacuate Collection Set: 0.9ms
[2022-04-24T22:30:27.634-0700][gc,phases   ] GC(49)   Merge Heap Roots: 0.2ms
[2022-04-24T22:30:27.634-0700][gc,phases   ] GC(49)   Evacuate Collection Set: 18.7ms
[2022-04-24T22:30:27.634-0700][gc,phases   ] GC(49)   Post Evacuate Collection Set: 1.4ms
[2022-04-24T22:30:27.634-0700][gc,phases   ] GC(49)   Other: 1.0ms
[2022-04-24T22:30:27.634-0700][gc,heap     ] GC(49) Eden regions: 255->0(255)
[2022-04-24T22:30:27.634-0700][gc,heap     ] GC(49) Survivor regions: 1->1(32)
[2022-04-24T22:30:27.634-0700][gc,heap     ] GC(49) Old regions: 33->33
[2022-04-24T22:30:27.634-0700][gc,heap     ] GC(49) Archive regions: 2->2
[2022-04-24T22:30:27.634-0700][gc,heap     ] GC(49) Humongous regions: 12->12
[2022-04-24T22:30:27.634-0700][gc,metaspace] GC(49) Metaspace: 67477K(68032K)->67477K(68032K) NonClass: 59490K(59776K)->59490K(59776K) Class: 7987K(8256K)->7987K(8256K)
[2022-04-24T22:30:27.634-0700][gc          ] GC(49) Pause Young (Normal) (G1 Evacuation Pause) 301M->46M(512M) 22.465ms
[2022-04-24T22:30:27.634-0700][gc,cpu      ] GC(49) User=0.01s Sys=0.01s Real=0.02s
[2022-04-24T22:50:37.726-0700][gc,start    ] GC(50) Pause Young (Normal) (G1 Evacuation Pause)
[2022-04-24T22:50:37.727-0700][gc,task     ] GC(50) Using 9 workers of 9 for evacuation
[2022-04-24T22:50:37.744-0700][gc,phases   ] GC(50)   Pre Evacuate Collection Set: 1.1ms
[2022-04-24T22:50:37.744-0700][gc,phases   ] GC(50)   Merge Heap Roots: 0.3ms
[2022-04-24T22:50:37.744-0700][gc,phases   ] GC(50)   Evacuate Collection Set: 12.6ms
[2022-04-24T22:50:37.744-0700][gc,phases   ] GC(50)   Post Evacuate Collection Set: 1.7ms
[2022-04-24T22:50:37.744-0700][gc,phases   ] GC(50)   Other: 3.2ms
[2022-04-24T22:50:37.744-0700][gc,heap     ] GC(50) Eden regions: 255->0(255)
[2022-04-24T22:50:37.744-0700][gc,heap     ] GC(50) Survivor regions: 1->1(32)
[2022-04-24T22:50:37.744-0700][gc,heap     ] GC(50) Old regions: 33->33
[2022-04-24T22:50:37.744-0700][gc,heap     ] GC(50) Archive regions: 2->2
[2022-04-24T22:50:37.744-0700][gc,heap     ] GC(50) Humongous regions: 12->12
[2022-04-24T22:50:37.744-0700][gc,metaspace] GC(50) Metaspace: 67480K(68032K)->67480K(68032K) NonClass: 59492K(59776K)->59492K(59776K) Class: 7987K(8256K)->7987K(8256K)
[2022-04-24T22:50:37.744-0700][gc          ] GC(50) Pause Young (Normal) (G1 Evacuation Pause) 301M->46M(512M) 18.396ms
[2022-04-24T22:50:37.744-0700][gc,cpu      ] GC(50) User=0.00s Sys=0.01s Real=0.02s
[2022-04-24T23:10:06.524-0700][gc,start    ] GC(51) Pause Young (Normal) (G1 Evacuation Pause)
[2022-04-24T23:10:06.526-0700][gc,task     ] GC(51) Using 9 workers of 9 for evacuation
[2022-04-24T23:10:06.544-0700][gc,phases   ] GC(51)   Pre Evacuate Collection Set: 1.2ms
[2022-04-24T23:10:06.544-0700][gc,phases   ] GC(51)   Merge Heap Roots: 0.3ms
[2022-04-24T23:10:06.544-0700][gc,phases   ] GC(51)   Evacuate Collection Set: 14.7ms
[2022-04-24T23:10:06.544-0700][gc,phases   ] GC(51)   Post Evacuate Collection Set: 1.5ms
[2022-04-24T23:10:06.544-0700][gc,phases   ] GC(51)   Other: 2.6ms
[2022-04-24T23:10:06.544-0700][gc,heap     ] GC(51) Eden regions: 255->0(255)
[2022-04-24T23:10:06.544-0700][gc,heap     ] GC(51) Survivor regions: 1->1(32)
[2022-04-24T23:10:06.544-0700][gc,heap     ] GC(51) Old regions: 33->33
[2022-04-24T23:10:06.544-0700][gc,heap     ] GC(51) Archive regions: 2->2
[2022-04-24T23:10:06.544-0700][gc,heap     ] GC(51) Humongous regions: 12->12
[2022-04-24T23:10:06.544-0700][gc,metaspace] GC(51) Metaspace: 67480K(68032K)->67480K(68032K) NonClass: 59492K(59776K)->59492K(59776K) Class: 7987K(8256K)->7987K(8256K)
[2022-04-24T23:10:06.545-0700][gc          ] GC(51) Pause Young (Normal) (G1 Evacuation Pause) 301M->46M(512M) 20.405ms
[2022-04-24T23:10:06.545-0700][gc,cpu      ] GC(51) User=0.01s Sys=0.03s Real=0.02s
[2022-04-24T23:29:37.815-0700][gc,start    ] GC(52) Pause Young (Normal) (G1 Evacuation Pause)
[2022-04-24T23:29:37.816-0700][gc,task     ] GC(52) Using 9 workers of 9 for evacuation
[2022-04-24T23:29:37.839-0700][gc,phases   ] GC(52)   Pre Evacuate Collection Set: 0.9ms
[2022-04-24T23:29:37.839-0700][gc,phases   ] GC(52)   Merge Heap Roots: 0.5ms
[2022-04-24T23:29:37.839-0700][gc,phases   ] GC(52)   Evacuate Collection Set: 19.7ms
[2022-04-24T23:29:37.839-0700][gc,phases   ] GC(52)   Post Evacuate Collection Set: 1.1ms
[2022-04-24T23:29:37.839-0700][gc,phases   ] GC(52)   Other: 2.0ms
[2022-04-24T23:29:37.839-0700][gc,heap     ] GC(52) Eden regions: 255->0(255)
[2022-04-24T23:29:37.839-0700][gc,heap     ] GC(52) Survivor regions: 1->1(32)
[2022-04-24T23:29:37.839-0700][gc,heap     ] GC(52) Old regions: 33->33
[2022-04-24T23:29:37.839-0700][gc,heap     ] GC(52) Archive regions: 2->2
[2022-04-24T23:29:37.839-0700][gc,heap     ] GC(52) Humongous regions: 12->12
[2022-04-24T23:29:37.839-0700][gc,metaspace] GC(52) Metaspace: 67482K(68032K)->67482K(68032K) NonClass: 59494K(59776K)->59494K(59776K) Class: 7987K(8256K)->7987K(8256K)
[2022-04-24T23:29:37.839-0700][gc          ] GC(52) Pause Young (Normal) (G1 Evacuation Pause) 301M->46M(512M) 24.276ms
[2022-04-24T23:29:37.839-0700][gc,cpu      ] GC(52) User=0.00s Sys=0.01s Real=0.02s
[2022-04-24T23:49:08.109-0700][gc,start    ] GC(53) Pause Young (Normal) (G1 Evacuation Pause)
[2022-04-24T23:49:08.111-0700][gc,task     ] GC(53) Using 9 workers of 9 for evacuation
[2022-04-24T23:49:08.127-0700][gc,phases   ] GC(53)   Pre Evacuate Collection Set: 0.5ms
[2022-04-24T23:49:08.127-0700][gc,phases   ] GC(53)   Merge Heap Roots: 0.1ms
[2022-04-24T23:49:08.127-0700][gc,phases   ] GC(53)   Evacuate Collection Set: 8.4ms
[2022-04-24T23:49:08.127-0700][gc,phases   ] GC(53)   Post Evacuate Collection Set: 6.6ms
[2022-04-24T23:49:08.127-0700][gc,phases   ] GC(53)   Other: 1.9ms
[2022-04-24T23:49:08.127-0700][gc,heap     ] GC(53) Eden regions: 255->0(255)
[2022-04-24T23:49:08.127-0700][gc,heap     ] GC(53) Survivor regions: 1->1(32)
[2022-04-24T23:49:08.127-0700][gc,heap     ] GC(53) Old regions: 33->33
[2022-04-24T23:49:08.127-0700][gc,heap     ] GC(53) Archive regions: 2->2
[2022-04-24T23:49:08.127-0700][gc,heap     ] GC(53) Humongous regions: 12->12
[2022-04-24T23:49:08.127-0700][gc,metaspace] GC(53) Metaspace: 67483K(68032K)->67483K(68032K) NonClass: 59495K(59776K)->59495K(59776K) Class: 7987K(8256K)->7987K(8256K)
[2022-04-24T23:49:08.127-0700][gc          ] GC(53) Pause Young (Normal) (G1 Evacuation Pause) 301M->46M(512M) 17.898ms
[2022-04-24T23:49:08.127-0700][gc,cpu      ] GC(53) User=0.01s Sys=0.03s Real=0.02s
[2022-04-25T00:08:13.337-0700][gc,start    ] GC(54) Pause Young (Normal) (G1 Evacuation Pause)
[2022-04-25T00:08:13.339-0700][gc,task     ] GC(54) Using 9 workers of 9 for evacuation
[2022-04-25T00:08:13.357-0700][gc,phases   ] GC(54)   Pre Evacuate Collection Set: 0.8ms
[2022-04-25T00:08:13.357-0700][gc,phases   ] GC(54)   Merge Heap Roots: 0.1ms
[2022-04-25T00:08:13.357-0700][gc,phases   ] GC(54)   Evacuate Collection Set: 15.6ms
[2022-04-25T00:08:13.357-0700][gc,phases   ] GC(54)   Post Evacuate Collection Set: 0.7ms
[2022-04-25T00:08:13.357-0700][gc,phases   ] GC(54)   Other: 3.1ms
[2022-04-25T00:08:13.357-0700][gc,heap     ] GC(54) Eden regions: 255->0(255)
[2022-04-25T00:08:13.357-0700][gc,heap     ] GC(54) Survivor regions: 1->1(32)
[2022-04-25T00:08:13.357-0700][gc,heap     ] GC(54) Old regions: 33->33
[2022-04-25T00:08:13.357-0700][gc,heap     ] GC(54) Archive regions: 2->2
[2022-04-25T00:08:13.357-0700][gc,heap     ] GC(54) Humongous regions: 12->12
[2022-04-25T00:08:13.357-0700][gc,metaspace] GC(54) Metaspace: 67488K(68032K)->67488K(68032K) NonClass: 59500K(59776K)->59500K(59776K) Class: 7987K(8256K)->7987K(8256K)
[2022-04-25T00:08:13.357-0700][gc          ] GC(54) Pause Young (Normal) (G1 Evacuation Pause) 301M->46M(512M) 20.433ms
[2022-04-25T00:08:13.357-0700][gc,cpu      ] GC(54) User=0.00s Sys=0.01s Real=0.02s
[2022-04-25T00:27:26.362-0700][gc,start    ] GC(55) Pause Young (Normal) (G1 Evacuation Pause)
[2022-04-25T00:27:26.364-0700][gc,task     ] GC(55) Using 9 workers of 9 for evacuation
[2022-04-25T00:27:26.377-0700][gc,phases   ] GC(55)   Pre Evacuate Collection Set: 1.7ms
[2022-04-25T00:27:26.377-0700][gc,phases   ] GC(55)   Merge Heap Roots: 0.5ms
[2022-04-25T00:27:26.377-0700][gc,phases   ] GC(55)   Evacuate Collection Set: 10.4ms
[2022-04-25T00:27:26.377-0700][gc,phases   ] GC(55)   Post Evacuate Collection Set: 0.9ms
[2022-04-25T00:27:26.377-0700][gc,phases   ] GC(55)   Other: 2.0ms
[2022-04-25T00:27:26.377-0700][gc,heap     ] GC(55) Eden regions: 255->0(255)
[2022-04-25T00:27:26.377-0700][gc,heap     ] GC(55) Survivor regions: 1->1(32)
[2022-04-25T00:27:26.377-0700][gc,heap     ] GC(55) Old regions: 33->33
[2022-04-25T00:27:26.377-0700][gc,heap     ] GC(55) Archive regions: 2->2
[2022-04-25T00:27:26.377-0700][gc,heap     ] GC(55) Humongous regions: 12->12
[2022-04-25T00:27:26.377-0700][gc,metaspace] GC(55) Metaspace: 67494K(68032K)->67494K(68032K) NonClass: 59507K(59776K)->59507K(59776K) Class: 7987K(8256K)->7987K(8256K)
[2022-04-25T00:27:26.378-0700][gc          ] GC(55) Pause Young (Normal) (G1 Evacuation Pause) 301M->46M(512M) 15.409ms
[2022-04-25T00:27:26.378-0700][gc,cpu      ] GC(55) User=0.01s Sys=0.02s Real=0.01s
[2022-04-25T00:47:12.664-0700][gc,start    ] GC(56) Pause Young (Normal) (G1 Evacuation Pause)
[2022-04-25T00:47:12.666-0700][gc,task     ] GC(56) Using 9 workers of 9 for evacuation
[2022-04-25T00:47:12.690-0700][gc,phases   ] GC(56)   Pre Evacuate Collection Set: 1.5ms
[2022-04-25T00:47:12.690-0700][gc,phases   ] GC(56)   Merge Heap Roots: 0.1ms
[2022-04-25T00:47:12.690-0700][gc,phases   ] GC(56)   Evacuate Collection Set: 20.7ms
[2022-04-25T00:47:12.690-0700][gc,phases   ] GC(56)   Post Evacuate Collection Set: 1.3ms
[2022-04-25T00:47:12.690-0700][gc,phases   ] GC(56)   Other: 3.2ms
[2022-04-25T00:47:12.690-0700][gc,heap     ] GC(56) Eden regions: 255->0(255)
[2022-04-25T00:47:12.690-0700][gc,heap     ] GC(56) Survivor regions: 1->1(32)
[2022-04-25T00:47:12.690-0700][gc,heap     ] GC(56) Old regions: 33->33
[2022-04-25T00:47:12.690-0700][gc,heap     ] GC(56) Archive regions: 2->2
[2022-04-25T00:47:12.690-0700][gc,heap     ] GC(56) Humongous regions: 12->12
[2022-04-25T00:47:12.690-0700][gc,metaspace] GC(56) Metaspace: 67513K(68032K)->67513K(68032K) NonClass: 59526K(59776K)->59526K(59776K) Class: 7987K(8256K)->7987K(8256K)
[2022-04-25T00:47:12.691-0700][gc          ] GC(56) Pause Young (Normal) (G1 Evacuation Pause) 301M->46M(512M) 26.836ms
[2022-04-25T00:47:12.691-0700][gc,cpu      ] GC(56) User=0.01s Sys=0.03s Real=0.03s
[2022-04-25T01:06:34.222-0700][gc,start    ] GC(57) Pause Young (Normal) (G1 Evacuation Pause)
[2022-04-25T01:06:34.223-0700][gc,task     ] GC(57) Using 9 workers of 9 for evacuation
[2022-04-25T01:06:34.257-0700][gc,phases   ] GC(57)   Pre Evacuate Collection Set: 0.9ms
[2022-04-25T01:06:34.257-0700][gc,phases   ] GC(57)   Merge Heap Roots: 0.2ms
[2022-04-25T01:06:34.257-0700][gc,phases   ] GC(57)   Evacuate Collection Set: 21.4ms
[2022-04-25T01:06:34.257-0700][gc,phases   ] GC(57)   Post Evacuate Collection Set: 11.5ms
[2022-04-25T01:06:34.257-0700][gc,phases   ] GC(57)   Other: 1.0ms
[2022-04-25T01:06:34.257-0700][gc,heap     ] GC(57) Eden regions: 255->0(255)
[2022-04-25T01:06:34.257-0700][gc,heap     ] GC(57) Survivor regions: 1->1(32)
[2022-04-25T01:06:34.257-0700][gc,heap     ] GC(57) Old regions: 33->33
[2022-04-25T01:06:34.257-0700][gc,heap     ] GC(57) Archive regions: 2->2
[2022-04-25T01:06:34.257-0700][gc,heap     ] GC(57) Humongous regions: 12->12
[2022-04-25T01:06:34.257-0700][gc,metaspace] GC(57) Metaspace: 67525K(68096K)->67525K(68096K) NonClass: 59537K(59840K)->59537K(59840K) Class: 7987K(8256K)->7987K(8256K)
[2022-04-25T01:06:34.257-0700][gc          ] GC(57) Pause Young (Normal) (G1 Evacuation Pause) 301M->46M(512M) 35.167ms
[2022-04-25T01:06:34.257-0700][gc,cpu      ] GC(57) User=0.01s Sys=0.02s Real=0.03s
[2022-04-25T01:25:41.027-0700][gc,start    ] GC(58) Pause Young (Normal) (G1 Evacuation Pause)
[2022-04-25T01:25:41.029-0700][gc,task     ] GC(58) Using 9 workers of 9 for evacuation
[2022-04-25T01:25:41.047-0700][gc,phases   ] GC(58)   Pre Evacuate Collection Set: 1.4ms
[2022-04-25T01:25:41.047-0700][gc,phases   ] GC(58)   Merge Heap Roots: 0.2ms
[2022-04-25T01:25:41.047-0700][gc,phases   ] GC(58)   Evacuate Collection Set: 15.1ms
[2022-04-25T01:25:41.047-0700][gc,phases   ] GC(58)   Post Evacuate Collection Set: 0.9ms
[2022-04-25T01:25:41.047-0700][gc,phases   ] GC(58)   Other: 2.4ms
[2022-04-25T01:25:41.047-0700][gc,heap     ] GC(58) Eden regions: 255->0(255)
[2022-04-25T01:25:41.047-0700][gc,heap     ] GC(58) Survivor regions: 1->1(32)
[2022-04-25T01:25:41.047-0700][gc,heap     ] GC(58) Old regions: 33->33
[2022-04-25T01:25:41.047-0700][gc,heap     ] GC(58) Archive regions: 2->2
[2022-04-25T01:25:41.047-0700][gc,heap     ] GC(58) Humongous regions: 12->12
[2022-04-25T01:25:41.047-0700][gc,metaspace] GC(58) Metaspace: 67533K(68096K)->67533K(68096K) NonClass: 59546K(59840K)->59546K(59840K) Class: 7987K(8256K)->7987K(8256K)
[2022-04-25T01:25:41.047-0700][gc          ] GC(58) Pause Young (Normal) (G1 Evacuation Pause) 301M->46M(512M) 20.066ms
[2022-04-25T01:25:41.047-0700][gc,cpu      ] GC(58) User=0.01s Sys=0.02s Real=0.02s
[2022-04-25T01:44:59.059-0700][gc,start    ] GC(59) Pause Young (Normal) (G1 Evacuation Pause)
[2022-04-25T01:44:59.063-0700][gc,task     ] GC(59) Using 9 workers of 9 for evacuation
[2022-04-25T01:44:59.083-0700][gc,phases   ] GC(59)   Pre Evacuate Collection Set: 1.5ms
[2022-04-25T01:44:59.083-0700][gc,phases   ] GC(59)   Merge Heap Roots: 0.2ms
[2022-04-25T01:44:59.083-0700][gc,phases   ] GC(59)   Evacuate Collection Set: 17.2ms
[2022-04-25T01:44:59.083-0700][gc,phases   ] GC(59)   Post Evacuate Collection Set: 0.8ms
[2022-04-25T01:44:59.083-0700][gc,phases   ] GC(59)   Other: 4.1ms
[2022-04-25T01:44:59.083-0700][gc,heap     ] GC(59) Eden regions: 255->0(255)
[2022-04-25T01:44:59.083-0700][gc,heap     ] GC(59) Survivor regions: 1->1(32)
[2022-04-25T01:44:59.083-0700][gc,heap     ] GC(59) Old regions: 33->33
[2022-04-25T01:44:59.083-0700][gc,heap     ] GC(59) Archive regions: 2->2
[2022-04-25T01:44:59.083-0700][gc,heap     ] GC(59) Humongous regions: 12->12
[2022-04-25T01:44:59.083-0700][gc,metaspace] GC(59) Metaspace: 67543K(68096K)->67543K(68096K) NonClass: 59556K(59840K)->59556K(59840K) Class: 7987K(8256K)->7987K(8256K)
[2022-04-25T01:44:59.083-0700][gc          ] GC(59) Pause Young (Normal) (G1 Evacuation Pause) 301M->46M(512M) 23.670ms
[2022-04-25T01:44:59.083-0700][gc,cpu      ] GC(59) User=0.01s Sys=0.04s Real=0.03s
[2022-04-25T02:04:10.138-0700][gc,start    ] GC(60) Pause Young (Normal) (G1 Evacuation Pause)
[2022-04-25T02:04:10.140-0700][gc,task     ] GC(60) Using 9 workers of 9 for evacuation
[2022-04-25T02:04:10.157-0700][gc,phases   ] GC(60)   Pre Evacuate Collection Set: 1.5ms
[2022-04-25T02:04:10.157-0700][gc,phases   ] GC(60)   Merge Heap Roots: 0.1ms
[2022-04-25T02:04:10.157-0700][gc,phases   ] GC(60)   Evacuate Collection Set: 12.5ms
[2022-04-25T02:04:10.157-0700][gc,phases   ] GC(60)   Post Evacuate Collection Set: 2.0ms
[2022-04-25T02:04:10.157-0700][gc,phases   ] GC(60)   Other: 2.7ms
[2022-04-25T02:04:10.157-0700][gc,heap     ] GC(60) Eden regions: 255->0(255)
[2022-04-25T02:04:10.157-0700][gc,heap     ] GC(60) Survivor regions: 1->1(32)
[2022-04-25T02:04:10.157-0700][gc,heap     ] GC(60) Old regions: 33->33
[2022-04-25T02:04:10.157-0700][gc,heap     ] GC(60) Archive regions: 2->2
[2022-04-25T02:04:10.157-0700][gc,heap     ] GC(60) Humongous regions: 12->12
[2022-04-25T02:04:10.157-0700][gc,metaspace] GC(60) Metaspace: 67547K(68096K)->67547K(68096K) NonClass: 59560K(59840K)->59560K(59840K) Class: 7987K(8256K)->7987K(8256K)
[2022-04-25T02:04:10.157-0700][gc          ] GC(60) Pause Young (Normal) (G1 Evacuation Pause) 301M->46M(512M) 18.857ms
[2022-04-25T02:04:10.157-0700][gc,cpu      ] GC(60) User=0.01s Sys=0.02s Real=0.02s
[2022-04-25T02:23:36.818-0700][gc,start    ] GC(61) Pause Young (Normal) (G1 Evacuation Pause)
[2022-04-25T02:23:36.820-0700][gc,task     ] GC(61) Using 9 workers of 9 for evacuation
[2022-04-25T02:23:36.846-0700][gc,phases   ] GC(61)   Pre Evacuate Collection Set: 0.6ms
[2022-04-25T02:23:36.846-0700][gc,phases   ] GC(61)   Merge Heap Roots: 0.3ms
[2022-04-25T02:23:36.846-0700][gc,phases   ] GC(61)   Evacuate Collection Set: 23.5ms
[2022-04-25T02:23:36.846-0700][gc,phases   ] GC(61)   Post Evacuate Collection Set: 1.9ms
[2022-04-25T02:23:36.846-0700][gc,phases   ] GC(61)   Other: 1.7ms
[2022-04-25T02:23:36.846-0700][gc,heap     ] GC(61) Eden regions: 255->0(255)
[2022-04-25T02:23:36.846-0700][gc,heap     ] GC(61) Survivor regions: 1->1(32)
[2022-04-25T02:23:36.846-0700][gc,heap     ] GC(61) Old regions: 33->33
[2022-04-25T02:23:36.846-0700][gc,heap     ] GC(61) Archive regions: 2->2
[2022-04-25T02:23:36.846-0700][gc,heap     ] GC(61) Humongous regions: 12->12
[2022-04-25T02:23:36.846-0700][gc,metaspace] GC(61) Metaspace: 67550K(68096K)->67550K(68096K) NonClass: 59562K(59840K)->59562K(59840K) Class: 7987K(8256K)->7987K(8256K)
[2022-04-25T02:23:36.847-0700][gc          ] GC(61) Pause Young (Normal) (G1 Evacuation Pause) 301M->46M(512M) 28.521ms
[2022-04-25T02:23:36.847-0700][gc,cpu      ] GC(61) User=0.01s Sys=0.02s Real=0.03s
[2022-04-25T02:43:04.703-0700][gc,start    ] GC(62) Pause Young (Normal) (G1 Evacuation Pause)
[2022-04-25T02:43:04.704-0700][gc,task     ] GC(62) Using 9 workers of 9 for evacuation
[2022-04-25T02:43:04.723-0700][gc,phases   ] GC(62)   Pre Evacuate Collection Set: 1.2ms
[2022-04-25T02:43:04.723-0700][gc,phases   ] GC(62)   Merge Heap Roots: 0.3ms
[2022-04-25T02:43:04.723-0700][gc,phases   ] GC(62)   Evacuate Collection Set: 8.2ms
[2022-04-25T02:43:04.723-0700][gc,phases   ] GC(62)   Post Evacuate Collection Set: 8.1ms
[2022-04-25T02:43:04.723-0700][gc,phases   ] GC(62)   Other: 2.1ms
[2022-04-25T02:43:04.723-0700][gc,heap     ] GC(62) Eden regions: 255->0(255)
[2022-04-25T02:43:04.723-0700][gc,heap     ] GC(62) Survivor regions: 1->1(32)
[2022-04-25T02:43:04.723-0700][gc,heap     ] GC(62) Old regions: 33->33
[2022-04-25T02:43:04.724-0700][gc,heap     ] GC(62) Archive regions: 2->2
[2022-04-25T02:43:04.724-0700][gc,heap     ] GC(62) Humongous regions: 12->12
[2022-04-25T02:43:04.724-0700][gc,metaspace] GC(62) Metaspace: 67561K(68160K)->67561K(68160K) NonClass: 59573K(59904K)->59573K(59904K) Class: 7987K(8256K)->7987K(8256K)
[2022-04-25T02:43:04.724-0700][gc          ] GC(62) Pause Young (Normal) (G1 Evacuation Pause) 301M->46M(512M) 20.623ms
[2022-04-25T02:43:04.724-0700][gc,cpu      ] GC(62) User=0.01s Sys=0.01s Real=0.02s
[2022-04-25T03:02:35.679-0700][gc,start    ] GC(63) Pause Young (Normal) (G1 Evacuation Pause)
[2022-04-25T03:02:35.681-0700][gc,task     ] GC(63) Using 9 workers of 9 for evacuation
[2022-04-25T03:02:35.698-0700][gc,phases   ] GC(63)   Pre Evacuate Collection Set: 1.3ms
[2022-04-25T03:02:35.699-0700][gc,phases   ] GC(63)   Merge Heap Roots: 0.3ms
[2022-04-25T03:02:35.699-0700][gc,phases   ] GC(63)   Evacuate Collection Set: 12.5ms
[2022-04-25T03:02:35.699-0700][gc,phases   ] GC(63)   Post Evacuate Collection Set: 2.9ms
[2022-04-25T03:02:35.699-0700][gc,phases   ] GC(63)   Other: 3.0ms
[2022-04-25T03:02:35.699-0700][gc,heap     ] GC(63) Eden regions: 255->0(255)
[2022-04-25T03:02:35.699-0700][gc,heap     ] GC(63) Survivor regions: 1->1(32)
[2022-04-25T03:02:35.699-0700][gc,heap     ] GC(63) Old regions: 33->33
[2022-04-25T03:02:35.699-0700][gc,heap     ] GC(63) Archive regions: 2->2
[2022-04-25T03:02:35.699-0700][gc,heap     ] GC(63) Humongous regions: 12->12
[2022-04-25T03:02:35.699-0700][gc,metaspace] GC(63) Metaspace: 67565K(68160K)->67565K(68160K) NonClass: 59577K(59904K)->59577K(59904K) Class: 7987K(8256K)->7987K(8256K)
[2022-04-25T03:02:35.699-0700][gc          ] GC(63) Pause Young (Normal) (G1 Evacuation Pause) 301M->46M(512M) 20.215ms
[2022-04-25T03:02:35.699-0700][gc,cpu      ] GC(63) User=0.01s Sys=0.01s Real=0.02s
[2022-04-25T03:22:10.660-0700][gc,start    ] GC(64) Pause Young (Normal) (G1 Evacuation Pause)
[2022-04-25T03:22:10.662-0700][gc,task     ] GC(64) Using 9 workers of 9 for evacuation
[2022-04-25T03:22:10.674-0700][gc,phases   ] GC(64)   Pre Evacuate Collection Set: 1.1ms
[2022-04-25T03:22:10.675-0700][gc,phases   ] GC(64)   Merge Heap Roots: 0.3ms
[2022-04-25T03:22:10.675-0700][gc,phases   ] GC(64)   Evacuate Collection Set: 8.7ms
[2022-04-25T03:22:10.675-0700][gc,phases   ] GC(64)   Post Evacuate Collection Set: 2.0ms
[2022-04-25T03:22:10.675-0700][gc,phases   ] GC(64)   Other: 2.6ms
[2022-04-25T03:22:10.675-0700][gc,heap     ] GC(64) Eden regions: 255->0(255)
[2022-04-25T03:22:10.675-0700][gc,heap     ] GC(64) Survivor regions: 1->1(32)
[2022-04-25T03:22:10.675-0700][gc,heap     ] GC(64) Old regions: 33->33
[2022-04-25T03:22:10.675-0700][gc,heap     ] GC(64) Archive regions: 2->2
[2022-04-25T03:22:10.675-0700][gc,heap     ] GC(64) Humongous regions: 12->12
[2022-04-25T03:22:10.675-0700][gc,metaspace] GC(64) Metaspace: 67565K(68160K)->67565K(68160K) NonClass: 59577K(59904K)->59577K(59904K) Class: 7987K(8256K)->7987K(8256K)
[2022-04-25T03:22:10.675-0700][gc          ] GC(64) Pause Young (Normal) (G1 Evacuation Pause) 301M->46M(512M) 15.253ms
[2022-04-25T03:22:10.675-0700][gc,cpu      ] GC(64) User=0.01s Sys=0.02s Real=0.01s
[2022-04-25T03:41:47.895-0700][gc,start    ] GC(65) Pause Young (Normal) (G1 Evacuation Pause)
[2022-04-25T03:41:47.896-0700][gc,task     ] GC(65) Using 9 workers of 9 for evacuation
[2022-04-25T03:41:47.913-0700][gc,phases   ] GC(65)   Pre Evacuate Collection Set: 1.1ms
[2022-04-25T03:41:47.913-0700][gc,phases   ] GC(65)   Merge Heap Roots: 0.5ms
[2022-04-25T03:41:47.913-0700][gc,phases   ] GC(65)   Evacuate Collection Set: 12.9ms
[2022-04-25T03:41:47.913-0700][gc,phases   ] GC(65)   Post Evacuate Collection Set: 2.0ms
[2022-04-25T03:41:47.913-0700][gc,phases   ] GC(65)   Other: 1.4ms
[2022-04-25T03:41:47.913-0700][gc,heap     ] GC(65) Eden regions: 255->0(255)
[2022-04-25T03:41:47.913-0700][gc,heap     ] GC(65) Survivor regions: 1->1(32)
[2022-04-25T03:41:47.913-0700][gc,heap     ] GC(65) Old regions: 33->33
[2022-04-25T03:41:47.913-0700][gc,heap     ] GC(65) Archive regions: 2->2
[2022-04-25T03:41:47.913-0700][gc,heap     ] GC(65) Humongous regions: 12->12
[2022-04-25T03:41:47.913-0700][gc,metaspace] GC(65) Metaspace: 67565K(68160K)->67565K(68160K) NonClass: 59577K(59904K)->59577K(59904K) Class: 7987K(8256K)->7987K(8256K)
[2022-04-25T03:41:47.913-0700][gc          ] GC(65) Pause Young (Normal) (G1 Evacuation Pause) 301M->46M(512M) 17.966ms
[2022-04-25T03:41:47.913-0700][gc,cpu      ] GC(65) User=0.01s Sys=0.01s Real=0.02s
[2022-04-25T04:01:20.966-0700][gc,start    ] GC(66) Pause Young (Normal) (G1 Evacuation Pause)
[2022-04-25T04:01:20.968-0700][gc,task     ] GC(66) Using 9 workers of 9 for evacuation
[2022-04-25T04:01:20.984-0700][gc,phases   ] GC(66)   Pre Evacuate Collection Set: 1.7ms
[2022-04-25T04:01:20.984-0700][gc,phases   ] GC(66)   Merge Heap Roots: 0.6ms
[2022-04-25T04:01:20.984-0700][gc,phases   ] GC(66)   Evacuate Collection Set: 11.3ms
[2022-04-25T04:01:20.984-0700][gc,phases   ] GC(66)   Post Evacuate Collection Set: 2.1ms
[2022-04-25T04:01:20.985-0700][gc,phases   ] GC(66)   Other: 2.8ms
[2022-04-25T04:01:20.985-0700][gc,heap     ] GC(66) Eden regions: 255->0(255)
[2022-04-25T04:01:20.985-0700][gc,heap     ] GC(66) Survivor regions: 1->1(32)
[2022-04-25T04:01:20.985-0700][gc,heap     ] GC(66) Old regions: 33->33
[2022-04-25T04:01:20.985-0700][gc,heap     ] GC(66) Archive regions: 2->2
[2022-04-25T04:01:20.985-0700][gc,heap     ] GC(66) Humongous regions: 12->12
[2022-04-25T04:01:20.985-0700][gc,metaspace] GC(66) Metaspace: 67565K(68160K)->67565K(68160K) NonClass: 59578K(59904K)->59578K(59904K) Class: 7987K(8256K)->7987K(8256K)
[2022-04-25T04:01:20.985-0700][gc          ] GC(66) Pause Young (Normal) (G1 Evacuation Pause) 301M->46M(512M) 18.529ms
[2022-04-25T04:01:20.985-0700][gc,cpu      ] GC(66) User=0.01s Sys=0.01s Real=0.02s
[2022-04-25T04:20:54.745-0700][gc,start    ] GC(67) Pause Young (Normal) (G1 Evacuation Pause)
[2022-04-25T04:20:54.747-0700][gc,task     ] GC(67) Using 9 workers of 9 for evacuation
[2022-04-25T04:20:54.763-0700][gc,phases   ] GC(67)   Pre Evacuate Collection Set: 1.8ms
[2022-04-25T04:20:54.763-0700][gc,phases   ] GC(67)   Merge Heap Roots: 0.9ms
[2022-04-25T04:20:54.763-0700][gc,phases   ] GC(67)   Evacuate Collection Set: 10.4ms
[2022-04-25T04:20:54.763-0700][gc,phases   ] GC(67)   Post Evacuate Collection Set: 2.0ms
[2022-04-25T04:20:54.763-0700][gc,phases   ] GC(67)   Other: 3.0ms
[2022-04-25T04:20:54.763-0700][gc,heap     ] GC(67) Eden regions: 255->0(255)
[2022-04-25T04:20:54.763-0700][gc,heap     ] GC(67) Survivor regions: 1->1(32)
[2022-04-25T04:20:54.763-0700][gc,heap     ] GC(67) Old regions: 33->34
[2022-04-25T04:20:54.763-0700][gc,heap     ] GC(67) Archive regions: 2->2
[2022-04-25T04:20:54.763-0700][gc,heap     ] GC(67) Humongous regions: 12->12
[2022-04-25T04:20:54.763-0700][gc,metaspace] GC(67) Metaspace: 67565K(68160K)->67565K(68160K) NonClass: 59578K(59904K)->59578K(59904K) Class: 7987K(8256K)->7987K(8256K)
[2022-04-25T04:20:54.763-0700][gc          ] GC(67) Pause Young (Normal) (G1 Evacuation Pause) 301M->46M(512M) 18.246ms
[2022-04-25T04:20:54.763-0700][gc,cpu      ] GC(67) User=0.01s Sys=0.01s Real=0.02s
[2022-04-25T04:40:30.141-0700][gc,start    ] GC(68) Pause Young (Normal) (G1 Evacuation Pause)
[2022-04-25T04:40:30.143-0700][gc,task     ] GC(68) Using 9 workers of 9 for evacuation
[2022-04-25T04:40:30.167-0700][gc,phases   ] GC(68)   Pre Evacuate Collection Set: 1.8ms
[2022-04-25T04:40:30.167-0700][gc,phases   ] GC(68)   Merge Heap Roots: 0.4ms
[2022-04-25T04:40:30.167-0700][gc,phases   ] GC(68)   Evacuate Collection Set: 20.1ms
[2022-04-25T04:40:30.167-0700][gc,phases   ] GC(68)   Post Evacuate Collection Set: 1.4ms
[2022-04-25T04:40:30.167-0700][gc,phases   ] GC(68)   Other: 2.8ms
[2022-04-25T04:40:30.167-0700][gc,heap     ] GC(68) Eden regions: 255->0(255)
[2022-04-25T04:40:30.167-0700][gc,heap     ] GC(68) Survivor regions: 1->1(32)
[2022-04-25T04:40:30.167-0700][gc,heap     ] GC(68) Old regions: 34->34
[2022-04-25T04:40:30.167-0700][gc,heap     ] GC(68) Archive regions: 2->2
[2022-04-25T04:40:30.167-0700][gc,heap     ] GC(68) Humongous regions: 12->12
[2022-04-25T04:40:30.167-0700][gc,metaspace] GC(68) Metaspace: 67566K(68160K)->67566K(68160K) NonClass: 59578K(59904K)->59578K(59904K) Class: 7987K(8256K)->7987K(8256K)
[2022-04-25T04:40:30.168-0700][gc          ] GC(68) Pause Young (Normal) (G1 Evacuation Pause) 301M->46M(512M) 26.534ms
[2022-04-25T04:40:30.168-0700][gc,cpu      ] GC(68) User=0.02s Sys=0.02s Real=0.02s
[2022-04-25T04:59:56.530-0700][gc,start    ] GC(69) Pause Young (Normal) (G1 Evacuation Pause)
[2022-04-25T04:59:56.532-0700][gc,task     ] GC(69) Using 9 workers of 9 for evacuation
[2022-04-25T04:59:56.538-0700][gc,phases   ] GC(69)   Pre Evacuate Collection Set: 0.9ms
[2022-04-25T04:59:56.538-0700][gc,phases   ] GC(69)   Merge Heap Roots: 0.5ms
[2022-04-25T04:59:56.538-0700][gc,phases   ] GC(69)   Evacuate Collection Set: 3.0ms
[2022-04-25T04:59:56.538-0700][gc,phases   ] GC(69)   Post Evacuate Collection Set: 0.8ms
[2022-04-25T04:59:56.538-0700][gc,phases   ] GC(69)   Other: 2.8ms
[2022-04-25T04:59:56.538-0700][gc,heap     ] GC(69) Eden regions: 255->0(255)
[2022-04-25T04:59:56.538-0700][gc,heap     ] GC(69) Survivor regions: 1->1(32)
[2022-04-25T04:59:56.538-0700][gc,heap     ] GC(69) Old regions: 34->34
[2022-04-25T04:59:56.538-0700][gc,heap     ] GC(69) Archive regions: 2->2
[2022-04-25T04:59:56.538-0700][gc,heap     ] GC(69) Humongous regions: 12->12
[2022-04-25T04:59:56.538-0700][gc,metaspace] GC(69) Metaspace: 67566K(68160K)->67566K(68160K) NonClass: 59578K(59904K)->59578K(59904K) Class: 7987K(8256K)->7987K(8256K)
[2022-04-25T04:59:56.538-0700][gc          ] GC(69) Pause Young (Normal) (G1 Evacuation Pause) 301M->46M(512M) 7.931ms
[2022-04-25T04:59:56.538-0700][gc,cpu      ] GC(69) User=0.01s Sys=0.02s Real=0.00s
[2022-04-25T05:19:24.086-0700][gc,start    ] GC(70) Pause Young (Normal) (G1 Evacuation Pause)
[2022-04-25T05:19:24.088-0700][gc,task     ] GC(70) Using 9 workers of 9 for evacuation
[2022-04-25T05:19:24.106-0700][gc,phases   ] GC(70)   Pre Evacuate Collection Set: 1.2ms
[2022-04-25T05:19:24.106-0700][gc,phases   ] GC(70)   Merge Heap Roots: 0.3ms
[2022-04-25T05:19:24.106-0700][gc,phases   ] GC(70)   Evacuate Collection Set: 11.8ms
[2022-04-25T05:19:24.106-0700][gc,phases   ] GC(70)   Post Evacuate Collection Set: 3.5ms
[2022-04-25T05:19:24.106-0700][gc,phases   ] GC(70)   Other: 2.9ms
[2022-04-25T05:19:24.106-0700][gc,heap     ] GC(70) Eden regions: 255->0(255)
[2022-04-25T05:19:24.106-0700][gc,heap     ] GC(70) Survivor regions: 1->1(32)
[2022-04-25T05:19:24.106-0700][gc,heap     ] GC(70) Old regions: 34->34
[2022-04-25T05:19:24.106-0700][gc,heap     ] GC(70) Archive regions: 2->2
[2022-04-25T05:19:24.106-0700][gc,heap     ] GC(70) Humongous regions: 12->12
[2022-04-25T05:19:24.106-0700][gc,metaspace] GC(70) Metaspace: 67566K(68160K)->67566K(68160K) NonClass: 59578K(59904K)->59578K(59904K) Class: 7987K(8256K)->7987K(8256K)
[2022-04-25T05:19:24.106-0700][gc          ] GC(70) Pause Young (Normal) (G1 Evacuation Pause) 301M->46M(512M) 20.123ms
[2022-04-25T05:19:24.106-0700][gc,cpu      ] GC(70) User=0.01s Sys=0.01s Real=0.02s
[2022-04-25T05:38:53.032-0700][gc,start    ] GC(71) Pause Young (Normal) (G1 Evacuation Pause)
[2022-04-25T05:38:53.034-0700][gc,task     ] GC(71) Using 9 workers of 9 for evacuation
[2022-04-25T05:38:53.048-0700][gc,phases   ] GC(71)   Pre Evacuate Collection Set: 1.2ms
[2022-04-25T05:38:53.048-0700][gc,phases   ] GC(71)   Merge Heap Roots: 0.5ms
[2022-04-25T05:38:53.048-0700][gc,phases   ] GC(71)   Evacuate Collection Set: 9.8ms
[2022-04-25T05:38:53.048-0700][gc,phases   ] GC(71)   Post Evacuate Collection Set: 2.1ms
[2022-04-25T05:38:53.048-0700][gc,phases   ] GC(71)   Other: 2.7ms
[2022-04-25T05:38:53.048-0700][gc,heap     ] GC(71) Eden regions: 255->0(255)
[2022-04-25T05:38:53.048-0700][gc,heap     ] GC(71) Survivor regions: 1->1(32)
[2022-04-25T05:38:53.048-0700][gc,heap     ] GC(71) Old regions: 34->34
[2022-04-25T05:38:53.048-0700][gc,heap     ] GC(71) Archive regions: 2->2
[2022-04-25T05:38:53.048-0700][gc,heap     ] GC(71) Humongous regions: 12->12
[2022-04-25T05:38:53.048-0700][gc,metaspace] GC(71) Metaspace: 67570K(68160K)->67570K(68160K) NonClass: 59582K(59904K)->59582K(59904K) Class: 7988K(8256K)->7988K(8256K)
[2022-04-25T05:38:53.048-0700][gc          ] GC(71) Pause Young (Normal) (G1 Evacuation Pause) 301M->46M(512M) 16.635ms
[2022-04-25T05:38:53.049-0700][gc,cpu      ] GC(71) User=0.02s Sys=0.01s Real=0.01s
[2022-04-25T05:58:25.813-0700][gc,start    ] GC(72) Pause Young (Normal) (G1 Evacuation Pause)
[2022-04-25T05:58:25.816-0700][gc,task     ] GC(72) Using 9 workers of 9 for evacuation
[2022-04-25T05:58:25.831-0700][gc,phases   ] GC(72)   Pre Evacuate Collection Set: 1.1ms
[2022-04-25T05:58:25.831-0700][gc,phases   ] GC(72)   Merge Heap Roots: 0.4ms
[2022-04-25T05:58:25.831-0700][gc,phases   ] GC(72)   Evacuate Collection Set: 10.3ms
[2022-04-25T05:58:25.832-0700][gc,phases   ] GC(72)   Post Evacuate Collection Set: 3.0ms
[2022-04-25T05:58:25.832-0700][gc,phases   ] GC(72)   Other: 3.2ms
[2022-04-25T05:58:25.832-0700][gc,heap     ] GC(72) Eden regions: 255->0(255)
[2022-04-25T05:58:25.832-0700][gc,heap     ] GC(72) Survivor regions: 1->1(32)
[2022-04-25T05:58:25.832-0700][gc,heap     ] GC(72) Old regions: 34->34
[2022-04-25T05:58:25.832-0700][gc,heap     ] GC(72) Archive regions: 2->2
[2022-04-25T05:58:25.832-0700][gc,heap     ] GC(72) Humongous regions: 12->12
[2022-04-25T05:58:25.832-0700][gc,metaspace] GC(72) Metaspace: 67570K(68160K)->67570K(68160K) NonClass: 59582K(59904K)->59582K(59904K) Class: 7988K(8256K)->7988K(8256K)
[2022-04-25T05:58:25.832-0700][gc          ] GC(72) Pause Young (Normal) (G1 Evacuation Pause) 301M->46M(512M) 18.346ms
[2022-04-25T05:58:25.832-0700][gc,cpu      ] GC(72) User=0.02s Sys=0.01s Real=0.02s
[2022-04-25T06:17:55.952-0700][gc,start    ] GC(73) Pause Young (Normal) (G1 Evacuation Pause)
[2022-04-25T06:17:55.955-0700][gc,task     ] GC(73) Using 9 workers of 9 for evacuation
[2022-04-25T06:17:55.975-0700][gc,phases   ] GC(73)   Pre Evacuate Collection Set: 1.2ms
[2022-04-25T06:17:55.975-0700][gc,phases   ] GC(73)   Merge Heap Roots: 0.3ms
[2022-04-25T06:17:55.975-0700][gc,phases   ] GC(73)   Evacuate Collection Set: 17.7ms
[2022-04-25T06:17:55.975-0700][gc,phases   ] GC(73)   Post Evacuate Collection Set: 0.9ms
[2022-04-25T06:17:55.975-0700][gc,phases   ] GC(73)   Other: 2.9ms
[2022-04-25T06:17:55.975-0700][gc,heap     ] GC(73) Eden regions: 255->0(255)
[2022-04-25T06:17:55.975-0700][gc,heap     ] GC(73) Survivor regions: 1->1(32)
[2022-04-25T06:17:55.975-0700][gc,heap     ] GC(73) Old regions: 34->34
[2022-04-25T06:17:55.975-0700][gc,heap     ] GC(73) Archive regions: 2->2
[2022-04-25T06:17:55.975-0700][gc,heap     ] GC(73) Humongous regions: 12->12
[2022-04-25T06:17:55.975-0700][gc,metaspace] GC(73) Metaspace: 67581K(68160K)->67581K(68160K) NonClass: 59593K(59904K)->59593K(59904K) Class: 7988K(8256K)->7988K(8256K)
