[2022-04-22T11:41:36.805-0700][gc] Using G1
[2022-04-22T11:41:36.806-0700][gc,init] Version: 17.0.2+0 (release)
[2022-04-22T11:41:36.806-0700][gc,init] CPUs: 10 total, 10 available
[2022-04-22T11:41:36.806-0700][gc,init] Memory: 16384M
[2022-04-22T11:41:36.806-0700][gc,init] Large Page Support: Disabled
[2022-04-22T11:41:36.806-0700][gc,init] NUMA Support: Disabled
[2022-04-22T11:41:36.806-0700][gc,init] Compressed Oops: Enabled (Zero based)
[2022-04-22T11:41:36.806-0700][gc,init] Heap Region Size: 1M
[2022-04-22T11:41:36.806-0700][gc,init] Heap Min Capacity: 512M
[2022-04-22T11:41:36.806-0700][gc,init] Heap Initial Capacity: 512M
[2022-04-22T11:41:36.806-0700][gc,init] Heap Max Capacity: 512M
[2022-04-22T11:41:36.806-0700][gc,init] Pre-touch: Disabled
[2022-04-22T11:41:36.806-0700][gc,init] Parallel Workers: 9
[2022-04-22T11:41:36.806-0700][gc,init] Concurrent Workers: 2
[2022-04-22T11:41:36.806-0700][gc,init] Concurrent Refinement Workers: 9
[2022-04-22T11:41:36.806-0700][gc,init] Periodic GC: Disabled
[2022-04-22T11:41:36.808-0700][gc,metaspace] CDS archive(s) mapped at: [0x0000000800000000-0x0000000800bd4000-0x0000000800bd4000), size 12402688, SharedBaseAddress: 0x0000000800000000, ArchiveRelocationMode: 0.
[2022-04-22T11:41:36.808-0700][gc,metaspace] Compressed class space mapped at: 0x0000000800c00000-0x0000000840c00000, reserved size: 1073741824
[2022-04-22T11:41:36.808-0700][gc,metaspace] Narrow klass base: 0x0000000800000000, Narrow klass shift: 0, Narrow klass range: 0x100000000
[2022-04-22T11:41:37.729-0700][gc,start    ] GC(0) Pause Young (Normal) (G1 Evacuation Pause)
[2022-04-22T11:41:37.729-0700][gc,task     ] GC(0) Using 9 workers of 9 for evacuation
[2022-04-22T11:41:37.736-0700][gc,phases   ] GC(0)   Pre Evacuate Collection Set: 0.1ms
[2022-04-22T11:41:37.736-0700][gc,phases   ] GC(0)   Merge Heap Roots: 0.1ms
[2022-04-22T11:41:37.736-0700][gc,phases   ] GC(0)   Evacuate Collection Set: 5.8ms
[2022-04-22T11:41:37.736-0700][gc,phases   ] GC(0)   Post Evacuate Collection Set: 0.5ms
[2022-04-22T11:41:37.736-0700][gc,phases   ] GC(0)   Other: 0.3ms
[2022-04-22T11:41:37.736-0700][gc,heap     ] GC(0) Eden regions: 256->0(249)
[2022-04-22T11:41:37.736-0700][gc,heap     ] GC(0) Survivor regions: 0->7(32)
[2022-04-22T11:41:37.736-0700][gc,heap     ] GC(0) Old regions: 0->0
[2022-04-22T11:41:37.736-0700][gc,heap     ] GC(0) Archive regions: 2->2
[2022-04-22T11:41:37.736-0700][gc,heap     ] GC(0) Humongous regions: 0->0
[2022-04-22T11:41:37.736-0700][gc,metaspace] GC(0) Metaspace: 17210K(17408K)->17210K(17408K) NonClass: 15057K(15168K)->15057K(15168K) Class: 2152K(2240K)->2152K(2240K)
[2022-04-22T11:41:37.736-0700][gc          ] GC(0) Pause Young (Normal) (G1 Evacuation Pause) 256M->7M(512M) 6.820ms
[2022-04-22T11:41:37.736-0700][gc,cpu      ] GC(0) User=0.02s Sys=0.01s Real=0.01s
[2022-04-22T11:41:38.132-0700][gc,start    ] GC(1) Pause Young (Concurrent Start) (Metadata GC Threshold)
[2022-04-22T11:41:38.132-0700][gc,task     ] GC(1) Using 9 workers of 9 for evacuation
[2022-04-22T11:41:38.136-0700][gc,phases   ] GC(1)   Pre Evacuate Collection Set: 0.1ms
[2022-04-22T11:41:38.137-0700][gc,phases   ] GC(1)   Merge Heap Roots: 0.1ms
[2022-04-22T11:41:38.137-0700][gc,phases   ] GC(1)   Evacuate Collection Set: 2.8ms
[2022-04-22T11:41:38.137-0700][gc,phases   ] GC(1)   Post Evacuate Collection Set: 0.4ms
[2022-04-22T11:41:38.137-0700][gc,phases   ] GC(1)   Other: 1.0ms
[2022-04-22T11:41:38.137-0700][gc,heap     ] GC(1) Eden regions: 144->0(245)
[2022-04-22T11:41:38.137-0700][gc,heap     ] GC(1) Survivor regions: 7->11(32)
[2022-04-22T11:41:38.137-0700][gc,heap     ] GC(1) Old regions: 0->0
[2022-04-22T11:41:38.137-0700][gc,heap     ] GC(1) Archive regions: 2->2
[2022-04-22T11:41:38.137-0700][gc,heap     ] GC(1) Humongous regions: 0->0
[2022-04-22T11:41:38.137-0700][gc,metaspace] GC(1) Metaspace: 21272K(21504K)->21272K(21504K) NonClass: 18644K(18752K)->18644K(18752K) Class: 2628K(2752K)->2628K(2752K)
[2022-04-22T11:41:38.137-0700][gc          ] GC(1) Pause Young (Concurrent Start) (Metadata GC Threshold) 151M->11M(512M) 4.406ms
[2022-04-22T11:41:38.137-0700][gc,cpu      ] GC(1) User=0.02s Sys=0.01s Real=0.00s
[2022-04-22T11:41:38.137-0700][gc          ] GC(2) Concurrent Mark Cycle
[2022-04-22T11:41:38.137-0700][gc,marking  ] GC(2) Concurrent Clear Claimed Marks
[2022-04-22T11:41:38.137-0700][gc,marking  ] GC(2) Concurrent Clear Claimed Marks 0.019ms
[2022-04-22T11:41:38.137-0700][gc,marking  ] GC(2) Concurrent Scan Root Regions
[2022-04-22T11:41:38.139-0700][gc,marking  ] GC(2) Concurrent Scan Root Regions 2.123ms
[2022-04-22T11:41:38.139-0700][gc,marking  ] GC(2) Concurrent Mark
[2022-04-22T11:41:38.139-0700][gc,marking  ] GC(2) Concurrent Mark From Roots
[2022-04-22T11:41:38.139-0700][gc,task     ] GC(2) Using 2 workers of 2 for marking
[2022-04-22T11:41:38.140-0700][gc,marking  ] GC(2) Concurrent Mark From Roots 1.233ms
[2022-04-22T11:41:38.140-0700][gc,marking  ] GC(2) Concurrent Preclean
[2022-04-22T11:41:38.140-0700][gc,marking  ] GC(2) Concurrent Preclean 0.022ms
[2022-04-22T11:41:38.141-0700][gc,start    ] GC(2) Pause Remark
[2022-04-22T11:41:38.142-0700][gc          ] GC(2) Pause Remark 13M->13M(512M) 1.105ms
[2022-04-22T11:41:38.142-0700][gc,cpu      ] GC(2) User=0.01s Sys=0.00s Real=0.00s
[2022-04-22T11:41:38.142-0700][gc,marking  ] GC(2) Concurrent Mark 2.882ms
[2022-04-22T11:41:38.142-0700][gc,marking  ] GC(2) Concurrent Rebuild Remembered Sets
[2022-04-22T11:41:38.142-0700][gc,marking  ] GC(2) Concurrent Rebuild Remembered Sets 0.004ms
[2022-04-22T11:41:38.142-0700][gc,start    ] GC(2) Pause Cleanup
[2022-04-22T11:41:38.142-0700][gc          ] GC(2) Pause Cleanup 13M->13M(512M) 0.018ms
[2022-04-22T11:41:38.142-0700][gc,cpu      ] GC(2) User=0.00s Sys=0.00s Real=0.00s
[2022-04-22T11:41:38.142-0700][gc,marking  ] GC(2) Concurrent Cleanup for Next Mark
[2022-04-22T11:41:38.143-0700][gc,marking  ] GC(2) Concurrent Cleanup for Next Mark 0.637ms
[2022-04-22T11:41:38.143-0700][gc          ] GC(2) Concurrent Mark Cycle 5.989ms
[2022-04-22T11:41:38.519-0700][gc,start    ] GC(3) Pause Young (Normal) (G1 Evacuation Pause)
[2022-04-22T11:41:38.519-0700][gc,task     ] GC(3) Using 9 workers of 9 for evacuation
[2022-04-22T11:41:38.523-0700][gc,phases   ] GC(3)   Pre Evacuate Collection Set: 0.0ms
[2022-04-22T11:41:38.523-0700][gc,phases   ] GC(3)   Merge Heap Roots: 0.1ms
[2022-04-22T11:41:38.523-0700][gc,phases   ] GC(3)   Evacuate Collection Set: 3.0ms
[2022-04-22T11:41:38.523-0700][gc,phases   ] GC(3)   Post Evacuate Collection Set: 0.5ms
[2022-04-22T11:41:38.523-0700][gc,phases   ] GC(3)   Other: 0.1ms
[2022-04-22T11:41:38.523-0700][gc,heap     ] GC(3) Eden regions: 245->0(242)
[2022-04-22T11:41:38.523-0700][gc,heap     ] GC(3) Survivor regions: 11->14(32)
[2022-04-22T11:41:38.523-0700][gc,heap     ] GC(3) Old regions: 0->0
[2022-04-22T11:41:38.523-0700][gc,heap     ] GC(3) Archive regions: 2->2
[2022-04-22T11:41:38.523-0700][gc,heap     ] GC(3) Humongous regions: 0->0
[2022-04-22T11:41:38.523-0700][gc,metaspace] GC(3) Metaspace: 24397K(24704K)->24397K(24704K) NonClass: 21329K(21504K)->21329K(21504K) Class: 3068K(3200K)->3068K(3200K)
[2022-04-22T11:41:38.523-0700][gc          ] GC(3) Pause Young (Normal) (G1 Evacuation Pause) 256M->14M(512M) 3.772ms
[2022-04-22T11:41:38.523-0700][gc,cpu      ] GC(3) User=0.02s Sys=0.00s Real=0.01s
[2022-04-22T11:41:39.145-0700][gc,start    ] GC(4) Pause Young (Concurrent Start) (Metadata GC Threshold)
[2022-04-22T11:41:39.145-0700][gc,task     ] GC(4) Using 9 workers of 9 for evacuation
[2022-04-22T11:41:39.150-0700][gc,phases   ] GC(4)   Pre Evacuate Collection Set: 0.1ms
[2022-04-22T11:41:39.150-0700][gc,phases   ] GC(4)   Merge Heap Roots: 0.0ms
[2022-04-22T11:41:39.150-0700][gc,phases   ] GC(4)   Evacuate Collection Set: 4.4ms
[2022-04-22T11:41:39.150-0700][gc,phases   ] GC(4)   Post Evacuate Collection Set: 0.5ms
[2022-04-22T11:41:39.150-0700][gc,phases   ] GC(4)   Other: 0.1ms
[2022-04-22T11:41:39.150-0700][gc,heap     ] GC(4) Eden regions: 189->0(236)
[2022-04-22T11:41:39.150-0700][gc,heap     ] GC(4) Survivor regions: 14->20(32)
[2022-04-22T11:41:39.150-0700][gc,heap     ] GC(4) Old regions: 0->0
[2022-04-22T11:41:39.150-0700][gc,heap     ] GC(4) Archive regions: 2->2
[2022-04-22T11:41:39.150-0700][gc,heap     ] GC(4) Humongous regions: 0->0
[2022-04-22T11:41:39.150-0700][gc,metaspace] GC(4) Metaspace: 35658K(35968K)->35658K(35968K) NonClass: 31249K(31424K)->31249K(31424K) Class: 4408K(4544K)->4408K(4544K)
[2022-04-22T11:41:39.150-0700][gc          ] GC(4) Pause Young (Concurrent Start) (Metadata GC Threshold) 203M->20M(512M) 5.251ms
[2022-04-22T11:41:39.150-0700][gc,cpu      ] GC(4) User=0.03s Sys=0.00s Real=0.01s
[2022-04-22T11:41:39.150-0700][gc          ] GC(5) Concurrent Mark Cycle
[2022-04-22T11:41:39.150-0700][gc,marking  ] GC(5) Concurrent Clear Claimed Marks
[2022-04-22T11:41:39.150-0700][gc,marking  ] GC(5) Concurrent Clear Claimed Marks 0.028ms
[2022-04-22T11:41:39.150-0700][gc,marking  ] GC(5) Concurrent Scan Root Regions
[2022-04-22T11:41:39.154-0700][gc,marking  ] GC(5) Concurrent Scan Root Regions 3.678ms
[2022-04-22T11:41:39.154-0700][gc,marking  ] GC(5) Concurrent Mark
[2022-04-22T11:41:39.154-0700][gc,marking  ] GC(5) Concurrent Mark From Roots
[2022-04-22T11:41:39.154-0700][gc,task     ] GC(5) Using 2 workers of 2 for marking
[2022-04-22T11:41:39.155-0700][gc,marking  ] GC(5) Concurrent Mark From Roots 0.656ms
[2022-04-22T11:41:39.155-0700][gc,marking  ] GC(5) Concurrent Preclean
[2022-04-22T11:41:39.155-0700][gc,marking  ] GC(5) Concurrent Preclean 0.015ms
[2022-04-22T11:41:39.155-0700][gc,start    ] GC(5) Pause Remark
[2022-04-22T11:41:39.156-0700][gc          ] GC(5) Pause Remark 22M->22M(512M) 0.960ms
[2022-04-22T11:41:39.156-0700][gc,cpu      ] GC(5) User=0.01s Sys=0.01s Real=0.00s
[2022-04-22T11:41:39.156-0700][gc,marking  ] GC(5) Concurrent Mark 1.722ms
[2022-04-22T11:41:39.156-0700][gc,marking  ] GC(5) Concurrent Rebuild Remembered Sets
[2022-04-22T11:41:39.156-0700][gc,marking  ] GC(5) Concurrent Rebuild Remembered Sets 0.005ms
[2022-04-22T11:41:39.156-0700][gc,start    ] GC(5) Pause Cleanup
[2022-04-22T11:41:39.156-0700][gc          ] GC(5) Pause Cleanup 22M->22M(512M) 0.007ms
[2022-04-22T11:41:39.156-0700][gc,cpu      ] GC(5) User=0.00s Sys=0.00s Real=0.00s
[2022-04-22T11:41:39.156-0700][gc,marking  ] GC(5) Concurrent Cleanup for Next Mark
[2022-04-22T11:41:39.157-0700][gc,marking  ] GC(5) Concurrent Cleanup for Next Mark 0.868ms
[2022-04-22T11:41:39.157-0700][gc          ] GC(5) Concurrent Mark Cycle 6.430ms
[2022-04-22T11:42:46.189-0700][gc,heap,exit] Heap
[2022-04-22T11:42:46.190-0700][gc,heap,exit]  garbage-first heap   total 524288K, used 155616K [0x00000007e0000000, 0x0000000800000000)
[2022-04-22T11:42:46.190-0700][gc,heap,exit]   region size 1024K, 151 young (154624K), 20 survivors (20480K)
[2022-04-22T11:42:46.190-0700][gc,heap,exit]  Metaspace       used 42046K, committed 42496K, reserved 1089536K
[2022-04-22T11:42:46.190-0700][gc,heap,exit]   class space    used 5230K, committed 5440K, reserved 1048576K
