[2022-05-02T19:35:09.485-0700][gc] Using G1
[2022-05-02T19:35:09.486-0700][gc,init] Version: 17.0.2+0 (release)
[2022-05-02T19:35:09.486-0700][gc,init] CPUs: 10 total, 10 available
[2022-05-02T19:35:09.486-0700][gc,init] Memory: 16384M
[2022-05-02T19:35:09.486-0700][gc,init] Large Page Support: Disabled
[2022-05-02T19:35:09.486-0700][gc,init] NUMA Support: Disabled
[2022-05-02T19:35:09.486-0700][gc,init] Compressed Oops: Enabled (Zero based)
[2022-05-02T19:35:09.486-0700][gc,init] Heap Region Size: 1M
[2022-05-02T19:35:09.486-0700][gc,init] Heap Min Capacity: 512M
[2022-05-02T19:35:09.486-0700][gc,init] Heap Initial Capacity: 512M
[2022-05-02T19:35:09.486-0700][gc,init] Heap Max Capacity: 512M
[2022-05-02T19:35:09.486-0700][gc,init] Pre-touch: Disabled
[2022-05-02T19:35:09.486-0700][gc,init] Parallel Workers: 9
[2022-05-02T19:35:09.486-0700][gc,init] Concurrent Workers: 2
[2022-05-02T19:35:09.486-0700][gc,init] Concurrent Refinement Workers: 9
[2022-05-02T19:35:09.486-0700][gc,init] Periodic GC: Disabled
[2022-05-02T19:35:09.486-0700][gc,metaspace] CDS archive(s) mapped at: [0x0000000800000000-0x0000000800bd4000-0x0000000800bd4000), size 12402688, SharedBaseAddress: 0x0000000800000000, ArchiveRelocationMode: 0.
[2022-05-02T19:35:09.486-0700][gc,metaspace] Compressed class space mapped at: 0x0000000800c00000-0x0000000840c00000, reserved size: 1073741824
[2022-05-02T19:35:09.486-0700][gc,metaspace] Narrow klass base: 0x0000000800000000, Narrow klass shift: 0, Narrow klass range: 0x100000000
[2022-05-02T19:35:10.255-0700][gc,start    ] GC(0) Pause Young (Normal) (G1 Evacuation Pause)
[2022-05-02T19:35:10.255-0700][gc,task     ] GC(0) Using 9 workers of 9 for evacuation
[2022-05-02T19:35:10.259-0700][gc,phases   ] GC(0)   Pre Evacuate Collection Set: 0.1ms
[2022-05-02T19:35:10.259-0700][gc,phases   ] GC(0)   Merge Heap Roots: 0.1ms
[2022-05-02T19:35:10.259-0700][gc,phases   ] GC(0)   Evacuate Collection Set: 2.8ms
[2022-05-02T19:35:10.259-0700][gc,phases   ] GC(0)   Post Evacuate Collection Set: 0.3ms
[2022-05-02T19:35:10.259-0700][gc,phases   ] GC(0)   Other: 0.8ms
[2022-05-02T19:35:10.259-0700][gc,heap     ] GC(0) Eden regions: 256->0(249)
[2022-05-02T19:35:10.259-0700][gc,heap     ] GC(0) Survivor regions: 0->7(32)
[2022-05-02T19:35:10.259-0700][gc,heap     ] GC(0) Old regions: 0->0
[2022-05-02T19:35:10.259-0700][gc,heap     ] GC(0) Archive regions: 2->2
[2022-05-02T19:35:10.259-0700][gc,heap     ] GC(0) Humongous regions: 0->0
[2022-05-02T19:35:10.259-0700][gc,metaspace] GC(0) Metaspace: 16961K(17216K)->16961K(17216K) NonClass: 14862K(14976K)->14862K(14976K) Class: 2098K(2240K)->2098K(2240K)
[2022-05-02T19:35:10.259-0700][gc          ] GC(0) Pause Young (Normal) (G1 Evacuation Pause) 256M->7M(512M) 3.643ms
[2022-05-02T19:35:10.259-0700][gc,cpu      ] GC(0) User=0.01s Sys=0.01s Real=0.00s
[2022-05-02T19:35:10.672-0700][gc,start    ] GC(1) Pause Young (Concurrent Start) (Metadata GC Threshold)
[2022-05-02T19:35:10.672-0700][gc,task     ] GC(1) Using 9 workers of 9 for evacuation
[2022-05-02T19:35:10.676-0700][gc,phases   ] GC(1)   Pre Evacuate Collection Set: 0.1ms
[2022-05-02T19:35:10.711-0700][gc,phases   ] GC(1)   Merge Heap Roots: 0.1ms
[2022-05-02T19:35:10.711-0700][gc,phases   ] GC(1)   Evacuate Collection Set: 2.8ms
[2022-05-02T19:35:10.712-0700][gc,phases   ] GC(1)   Post Evacuate Collection Set: 0.3ms
[2022-05-02T19:35:10.712-0700][gc,phases   ] GC(1)   Other: 0.5ms
[2022-05-02T19:35:10.712-0700][gc,heap     ] GC(1) Eden regions: 213->0(245)
[2022-05-02T19:35:10.712-0700][gc,heap     ] GC(1) Survivor regions: 7->11(32)
[2022-05-02T19:35:10.712-0700][gc,heap     ] GC(1) Old regions: 0->0
[2022-05-02T19:35:10.712-0700][gc,heap     ] GC(1) Archive regions: 2->2
[2022-05-02T19:35:10.712-0700][gc,heap     ] GC(1) Humongous regions: 0->0
[2022-05-02T19:35:10.712-0700][gc,metaspace] GC(1) Metaspace: 21270K(21504K)->21270K(21504K) NonClass: 18648K(18752K)->18648K(18752K) Class: 2621K(2752K)->2621K(2752K)
[2022-05-02T19:35:10.712-0700][gc          ] GC(1) Pause Young (Concurrent Start) (Metadata GC Threshold) 220M->11M(512M) 39.630ms
[2022-05-02T19:35:10.712-0700][gc,cpu      ] GC(1) User=0.02s Sys=0.00s Real=0.04s
[2022-05-02T19:35:10.712-0700][gc          ] GC(2) Concurrent Mark Cycle
[2022-05-02T19:35:10.712-0700][gc,marking  ] GC(2) Concurrent Clear Claimed Marks
[2022-05-02T19:35:10.712-0700][gc,marking  ] GC(2) Concurrent Clear Claimed Marks 0.018ms
[2022-05-02T19:35:10.712-0700][gc,marking  ] GC(2) Concurrent Scan Root Regions
[2022-05-02T19:35:10.714-0700][gc,marking  ] GC(2) Concurrent Scan Root Regions 2.312ms
[2022-05-02T19:35:10.730-0700][gc,marking  ] GC(2) Concurrent Mark
[2022-05-02T19:35:10.730-0700][gc,marking  ] GC(2) Concurrent Mark From Roots
[2022-05-02T19:35:10.730-0700][gc,task     ] GC(2) Using 2 workers of 2 for marking
[2022-05-02T19:35:10.731-0700][gc,marking  ] GC(2) Concurrent Mark From Roots 1.127ms
[2022-05-02T19:35:10.733-0700][gc,marking  ] GC(2) Concurrent Preclean
[2022-05-02T19:35:10.733-0700][gc,marking  ] GC(2) Concurrent Preclean 0.020ms
[2022-05-02T19:35:10.733-0700][gc,start    ] GC(2) Pause Remark
[2022-05-02T19:35:10.734-0700][gc          ] GC(2) Pause Remark 29M->29M(512M) 0.871ms
[2022-05-02T19:35:10.751-0700][gc,cpu      ] GC(2) User=0.00s Sys=0.00s Real=0.02s
[2022-05-02T19:35:10.752-0700][gc,marking  ] GC(2) Concurrent Mark 21.196ms
[2022-05-02T19:35:10.752-0700][gc,marking  ] GC(2) Concurrent Rebuild Remembered Sets
[2022-05-02T19:35:10.752-0700][gc,marking  ] GC(2) Concurrent Rebuild Remembered Sets 0.008ms
[2022-05-02T19:35:10.752-0700][gc,start    ] GC(2) Pause Cleanup
[2022-05-02T19:35:10.752-0700][gc          ] GC(2) Pause Cleanup 29M->29M(512M) 0.053ms
[2022-05-02T19:35:10.752-0700][gc,cpu      ] GC(2) User=0.00s Sys=0.00s Real=0.00s
[2022-05-02T19:35:10.752-0700][gc,marking  ] GC(2) Concurrent Cleanup for Next Mark
[2022-05-02T19:35:10.753-0700][gc,marking  ] GC(2) Concurrent Cleanup for Next Mark 0.804ms
[2022-05-02T19:35:10.756-0700][gc          ] GC(2) Concurrent Mark Cycle 44.083ms
[2022-05-02T19:35:11.124-0700][gc,start    ] GC(3) Pause Young (Concurrent Start) (G1 Evacuation Pause)
[2022-05-02T19:35:11.124-0700][gc,task     ] GC(3) Using 9 workers of 9 for evacuation
[2022-05-02T19:35:11.128-0700][gc,phases   ] GC(3)   Pre Evacuate Collection Set: 0.1ms
[2022-05-02T19:35:11.128-0700][gc,phases   ] GC(3)   Merge Heap Roots: 0.0ms
[2022-05-02T19:35:11.128-0700][gc,phases   ] GC(3)   Evacuate Collection Set: 3.4ms
[2022-05-02T19:35:11.128-0700][gc,phases   ] GC(3)   Post Evacuate Collection Set: 0.4ms
[2022-05-02T19:35:11.128-0700][gc,phases   ] GC(3)   Other: 0.1ms
[2022-05-02T19:35:11.128-0700][gc,heap     ] GC(3) Eden regions: 245->0(242)
[2022-05-02T19:35:11.128-0700][gc,heap     ] GC(3) Survivor regions: 11->14(32)
[2022-05-02T19:35:11.128-0700][gc,heap     ] GC(3) Old regions: 0->0
[2022-05-02T19:35:11.128-0700][gc,heap     ] GC(3) Archive regions: 2->2
[2022-05-02T19:35:11.128-0700][gc,heap     ] GC(3) Humongous regions: 0->0
[2022-05-02T19:35:11.128-0700][gc,metaspace] GC(3) Metaspace: 24415K(24704K)->24415K(24704K) NonClass: 21351K(21504K)->21351K(21504K) Class: 3064K(3200K)->3064K(3200K)
[2022-05-02T19:35:11.128-0700][gc          ] GC(3) Pause Young (Concurrent Start) (G1 Evacuation Pause) 256M->14M(512M) 4.150ms
[2022-05-02T19:35:11.128-0700][gc,cpu      ] GC(3) User=0.02s Sys=0.01s Real=0.00s
[2022-05-02T19:35:11.128-0700][gc          ] GC(4) Concurrent Mark Cycle
[2022-05-02T19:35:11.128-0700][gc,marking  ] GC(4) Concurrent Clear Claimed Marks
[2022-05-02T19:35:11.128-0700][gc,marking  ] GC(4) Concurrent Clear Claimed Marks 0.023ms
[2022-05-02T19:35:11.128-0700][gc,marking  ] GC(4) Concurrent Scan Root Regions
[2022-05-02T19:35:11.131-0700][gc,marking  ] GC(4) Concurrent Scan Root Regions 2.710ms
[2022-05-02T19:35:11.131-0700][gc,marking  ] GC(4) Concurrent Mark
[2022-05-02T19:35:11.131-0700][gc,marking  ] GC(4) Concurrent Mark From Roots
[2022-05-02T19:35:11.131-0700][gc,task     ] GC(4) Using 2 workers of 2 for marking
[2022-05-02T19:35:11.132-0700][gc,marking  ] GC(4) Concurrent Mark From Roots 0.994ms
[2022-05-02T19:35:11.132-0700][gc,marking  ] GC(4) Concurrent Preclean
[2022-05-02T19:35:11.132-0700][gc,marking  ] GC(4) Concurrent Preclean 0.051ms
[2022-05-02T19:35:11.132-0700][gc,start    ] GC(4) Pause Remark
[2022-05-02T19:35:11.133-0700][gc          ] GC(4) Pause Remark 16M->16M(512M) 0.942ms
[2022-05-02T19:35:11.133-0700][gc,cpu      ] GC(4) User=0.00s Sys=0.00s Real=0.00s
[2022-05-02T19:35:11.133-0700][gc,marking  ] GC(4) Concurrent Mark 2.127ms
[2022-05-02T19:35:11.133-0700][gc,marking  ] GC(4) Concurrent Rebuild Remembered Sets
[2022-05-02T19:35:11.133-0700][gc,marking  ] GC(4) Concurrent Rebuild Remembered Sets 0.006ms
[2022-05-02T19:35:11.133-0700][gc,start    ] GC(4) Pause Cleanup
[2022-05-02T19:35:11.133-0700][gc          ] GC(4) Pause Cleanup 16M->16M(512M) 0.012ms
[2022-05-02T19:35:11.133-0700][gc,cpu      ] GC(4) User=0.00s Sys=0.00s Real=0.00s
[2022-05-02T19:35:11.133-0700][gc,marking  ] GC(4) Concurrent Cleanup for Next Mark
[2022-05-02T19:35:11.134-0700][gc,marking  ] GC(4) Concurrent Cleanup for Next Mark 0.810ms
[2022-05-02T19:35:11.134-0700][gc          ] GC(4) Concurrent Mark Cycle 5.916ms
[2022-05-02T19:35:12.036-0700][gc,start    ] GC(5) Pause Young (Normal) (G1 Evacuation Pause)
[2022-05-02T19:35:12.036-0700][gc,task     ] GC(5) Using 9 workers of 9 for evacuation
[2022-05-02T19:35:12.041-0700][gc,phases   ] GC(5)   Pre Evacuate Collection Set: 0.1ms
[2022-05-02T19:35:12.041-0700][gc,phases   ] GC(5)   Merge Heap Roots: 0.0ms
[2022-05-02T19:35:12.041-0700][gc,phases   ] GC(5)   Evacuate Collection Set: 4.9ms
[2022-05-02T19:35:12.041-0700][gc,phases   ] GC(5)   Post Evacuate Collection Set: 0.7ms
[2022-05-02T19:35:12.042-0700][gc,phases   ] GC(5)   Other: 0.1ms
[2022-05-02T19:35:12.042-0700][gc,heap     ] GC(5) Eden regions: 242->0(234)
[2022-05-02T19:35:12.042-0700][gc,heap     ] GC(5) Survivor regions: 14->22(32)
[2022-05-02T19:35:12.042-0700][gc,heap     ] GC(5) Old regions: 0->0
[2022-05-02T19:35:12.042-0700][gc,heap     ] GC(5) Archive regions: 2->2
[2022-05-02T19:35:12.042-0700][gc,heap     ] GC(5) Humongous regions: 0->0
[2022-05-02T19:35:12.042-0700][gc,metaspace] GC(5) Metaspace: 37995K(38272K)->37995K(38272K) NonClass: 33286K(33408K)->33286K(33408K) Class: 4709K(4864K)->4709K(4864K)
[2022-05-02T19:35:12.042-0700][gc          ] GC(5) Pause Young (Normal) (G1 Evacuation Pause) 256M->22M(512M) 5.959ms
[2022-05-02T19:35:12.042-0700][gc,cpu      ] GC(5) User=0.04s Sys=0.00s Real=0.01s
[2022-05-02T19:35:12.218-0700][gc,start    ] GC(6) Pause Young (Concurrent Start) (Metadata GC Threshold)
[2022-05-02T19:35:12.218-0700][gc,task     ] GC(6) Using 9 workers of 9 for evacuation
[2022-05-02T19:35:12.226-0700][gc,phases   ] GC(6)   Pre Evacuate Collection Set: 0.1ms
[2022-05-02T19:35:12.226-0700][gc,phases   ] GC(6)   Merge Heap Roots: 0.0ms
[2022-05-02T19:35:12.226-0700][gc,phases   ] GC(6)   Evacuate Collection Set: 6.5ms
[2022-05-02T19:35:12.226-0700][gc,phases   ] GC(6)   Post Evacuate Collection Set: 0.6ms
[2022-05-02T19:35:12.226-0700][gc,phases   ] GC(6)   Other: 0.1ms
[2022-05-02T19:35:12.226-0700][gc,heap     ] GC(6) Eden regions: 53->0(239)
[2022-05-02T19:35:12.226-0700][gc,heap     ] GC(6) Survivor regions: 22->17(32)
[2022-05-02T19:35:12.226-0700][gc,heap     ] GC(6) Old regions: 0->7
[2022-05-02T19:35:12.226-0700][gc,heap     ] GC(6) Archive regions: 2->2
[2022-05-02T19:35:12.226-0700][gc,heap     ] GC(6) Humongous regions: 0->0
[2022-05-02T19:35:12.226-0700][gc,metaspace] GC(6) Metaspace: 40830K(41216K)->40830K(41216K) NonClass: 35765K(35904K)->35765K(35904K) Class: 5064K(5312K)->5064K(5312K)
[2022-05-02T19:35:12.226-0700][gc          ] GC(6) Pause Young (Concurrent Start) (Metadata GC Threshold) 75M->24M(512M) 7.443ms
[2022-05-02T19:35:12.226-0700][gc,cpu      ] GC(6) User=0.04s Sys=0.01s Real=0.01s
[2022-05-02T19:35:12.226-0700][gc          ] GC(7) Concurrent Mark Cycle
[2022-05-02T19:35:12.226-0700][gc,marking  ] GC(7) Concurrent Clear Claimed Marks
[2022-05-02T19:35:12.226-0700][gc,marking  ] GC(7) Concurrent Clear Claimed Marks 0.024ms
[2022-05-02T19:35:12.226-0700][gc,marking  ] GC(7) Concurrent Scan Root Regions
[2022-05-02T19:35:12.230-0700][gc,marking  ] GC(7) Concurrent Scan Root Regions 4.412ms
[2022-05-02T19:35:12.230-0700][gc,marking  ] GC(7) Concurrent Mark
[2022-05-02T19:35:12.230-0700][gc,marking  ] GC(7) Concurrent Mark From Roots
[2022-05-02T19:35:12.230-0700][gc,task     ] GC(7) Using 2 workers of 2 for marking
[2022-05-02T19:35:12.231-0700][gc,marking  ] GC(7) Concurrent Mark From Roots 1.158ms
[2022-05-02T19:35:12.231-0700][gc,marking  ] GC(7) Concurrent Preclean
[2022-05-02T19:35:12.231-0700][gc,marking  ] GC(7) Concurrent Preclean 0.014ms
[2022-05-02T19:35:12.231-0700][gc,start    ] GC(7) Pause Remark
[2022-05-02T19:35:12.233-0700][gc          ] GC(7) Pause Remark 25M->25M(512M) 1.123ms
[2022-05-02T19:35:12.233-0700][gc,cpu      ] GC(7) User=0.01s Sys=0.00s Real=0.00s
[2022-05-02T19:35:12.233-0700][gc,marking  ] GC(7) Concurrent Mark 2.433ms
[2022-05-02T19:35:12.233-0700][gc,marking  ] GC(7) Concurrent Rebuild Remembered Sets
[2022-05-02T19:35:12.235-0700][gc,marking  ] GC(7) Concurrent Rebuild Remembered Sets 2.103ms
[2022-05-02T19:35:12.235-0700][gc,start    ] GC(7) Pause Cleanup
[2022-05-02T19:35:12.235-0700][gc          ] GC(7) Pause Cleanup 26M->26M(512M) 0.065ms
[2022-05-02T19:35:12.235-0700][gc,cpu      ] GC(7) User=0.00s Sys=0.00s Real=0.00s
[2022-05-02T19:35:12.235-0700][gc,marking  ] GC(7) Concurrent Cleanup for Next Mark
[2022-05-02T19:35:12.236-0700][gc,marking  ] GC(7) Concurrent Cleanup for Next Mark 0.567ms
[2022-05-02T19:35:12.236-0700][gc          ] GC(7) Concurrent Mark Cycle 9.829ms
[2022-05-02T19:35:13.420-0700][gc,start    ] GC(8) Pause Young (Normal) (G1 Evacuation Pause)
[2022-05-02T19:35:13.420-0700][gc,task     ] GC(8) Using 9 workers of 9 for evacuation
[2022-05-02T19:35:13.426-0700][gc,phases   ] GC(8)   Pre Evacuate Collection Set: 0.1ms
[2022-05-02T19:35:13.427-0700][gc,phases   ] GC(8)   Merge Heap Roots: 0.1ms
[2022-05-02T19:35:13.427-0700][gc,phases   ] GC(8)   Evacuate Collection Set: 5.6ms
[2022-05-02T19:35:13.427-0700][gc,phases   ] GC(8)   Post Evacuate Collection Set: 0.5ms
[2022-05-02T19:35:13.427-0700][gc,phases   ] GC(8)   Other: 0.1ms
[2022-05-02T19:35:13.427-0700][gc,heap     ] GC(8) Eden regions: 239->0(230)
[2022-05-02T19:35:13.427-0700][gc,heap     ] GC(8) Survivor regions: 17->26(32)
[2022-05-02T19:35:13.427-0700][gc,heap     ] GC(8) Old regions: 7->7
[2022-05-02T19:35:13.427-0700][gc,heap     ] GC(8) Archive regions: 2->2
[2022-05-02T19:35:13.427-0700][gc,heap     ] GC(8) Humongous regions: 0->0
[2022-05-02T19:35:13.427-0700][gc,metaspace] GC(8) Metaspace: 56654K(57152K)->56654K(57152K) NonClass: 49593K(49856K)->49593K(49856K) Class: 7061K(7296K)->7061K(7296K)
[2022-05-02T19:35:13.428-0700][gc          ] GC(8) Pause Young (Normal) (G1 Evacuation Pause) 263M->33M(512M) 7.693ms
[2022-05-02T19:35:13.428-0700][gc,cpu      ] GC(8) User=0.04s Sys=0.01s Real=0.00s
[2022-05-02T19:50:36.558-0700][gc,start    ] GC(9) Pause Young (Normal) (G1 Evacuation Pause)
[2022-05-02T19:50:36.558-0700][gc,task     ] GC(9) Using 9 workers of 9 for evacuation
[2022-05-02T19:50:36.591-0700][gc,phases   ] GC(9)   Pre Evacuate Collection Set: 1.0ms
[2022-05-02T19:50:36.591-0700][gc,phases   ] GC(9)   Merge Heap Roots: 0.2ms
[2022-05-02T19:50:36.591-0700][gc,phases   ] GC(9)   Evacuate Collection Set: 30.5ms
[2022-05-02T19:50:36.591-0700][gc,phases   ] GC(9)   Post Evacuate Collection Set: 0.9ms
[2022-05-02T19:50:36.591-0700][gc,phases   ] GC(9)   Other: 0.7ms
[2022-05-02T19:50:36.591-0700][gc,heap     ] GC(9) Eden regions: 230->0(240)
[2022-05-02T19:50:36.591-0700][gc,heap     ] GC(9) Survivor regions: 26->16(32)
[2022-05-02T19:50:36.591-0700][gc,heap     ] GC(9) Old regions: 7->17
[2022-05-02T19:50:36.591-0700][gc,heap     ] GC(9) Archive regions: 2->2
[2022-05-02T19:50:36.591-0700][gc,heap     ] GC(9) Humongous regions: 8->8
[2022-05-02T19:50:36.591-0700][gc,metaspace] GC(9) Metaspace: 63507K(64064K)->63507K(64064K) NonClass: 55872K(56192K)->55872K(56192K) Class: 7634K(7872K)->7634K(7872K)
[2022-05-02T19:50:36.591-0700][gc          ] GC(9) Pause Young (Normal) (G1 Evacuation Pause) 271M->40M(512M) 33.333ms
[2022-05-02T19:50:36.591-0700][gc,cpu      ] GC(9) User=0.09s Sys=0.09s Real=0.04s
[2022-05-02T20:07:06.838-0700][gc,start    ] GC(10) Pause Young (Normal) (G1 Evacuation Pause)
[2022-05-02T20:07:06.839-0700][gc,task     ] GC(10) Using 9 workers of 9 for evacuation
[2022-05-02T20:07:06.849-0700][gc,phases   ] GC(10)   Pre Evacuate Collection Set: 0.2ms
[2022-05-02T20:07:06.849-0700][gc,phases   ] GC(10)   Merge Heap Roots: 0.1ms
[2022-05-02T20:07:06.849-0700][gc,phases   ] GC(10)   Evacuate Collection Set: 8.3ms
[2022-05-02T20:07:06.849-0700][gc,phases   ] GC(10)   Post Evacuate Collection Set: 0.8ms
[2022-05-02T20:07:06.849-0700][gc,phases   ] GC(10)   Other: 1.2ms
[2022-05-02T20:07:06.849-0700][gc,heap     ] GC(10) Eden regions: 240->0(242)
[2022-05-02T20:07:06.849-0700][gc,heap     ] GC(10) Survivor regions: 16->14(32)
[2022-05-02T20:07:06.849-0700][gc,heap     ] GC(10) Old regions: 17->17
[2022-05-02T20:07:06.849-0700][gc,heap     ] GC(10) Archive regions: 2->2
[2022-05-02T20:07:06.849-0700][gc,heap     ] GC(10) Humongous regions: 10->10
[2022-05-02T20:07:06.849-0700][gc,metaspace] GC(10) Metaspace: 63983K(64448K)->63983K(64448K) NonClass: 56346K(56576K)->56346K(56576K) Class: 7636K(7872K)->7636K(7872K)
[2022-05-02T20:07:06.849-0700][gc          ] GC(10) Pause Young (Normal) (G1 Evacuation Pause) 282M->41M(512M) 10.611ms
[2022-05-02T20:07:06.849-0700][gc,cpu      ] GC(10) User=0.03s Sys=0.03s Real=0.01s
[2022-05-02T20:41:32.077-0700][gc,start    ] GC(11) Pause Young (Normal) (G1 Evacuation Pause)
[2022-05-02T20:41:32.079-0700][gc,task     ] GC(11) Using 9 workers of 9 for evacuation
[2022-05-02T20:41:32.110-0700][gc,phases   ] GC(11)   Pre Evacuate Collection Set: 1.0ms
[2022-05-02T20:41:32.110-0700][gc,phases   ] GC(11)   Merge Heap Roots: 1.2ms
[2022-05-02T20:41:32.110-0700][gc,phases   ] GC(11)   Evacuate Collection Set: 26.7ms
[2022-05-02T20:41:32.110-0700][gc,phases   ] GC(11)   Post Evacuate Collection Set: 1.5ms
[2022-05-02T20:41:32.110-0700][gc,phases   ] GC(11)   Other: 2.9ms
[2022-05-02T20:41:32.110-0700][gc,heap     ] GC(11) Eden regions: 242->0(241)
[2022-05-02T20:41:32.110-0700][gc,heap     ] GC(11) Survivor regions: 14->15(32)
[2022-05-02T20:41:32.110-0700][gc,heap     ] GC(11) Old regions: 17->17
[2022-05-02T20:41:32.110-0700][gc,heap     ] GC(11) Archive regions: 2->2
[2022-05-02T20:41:32.110-0700][gc,heap     ] GC(11) Humongous regions: 10->10
[2022-05-02T20:41:32.110-0700][gc,metaspace] GC(11) Metaspace: 64269K(64768K)->64269K(64768K) NonClass: 56631K(56896K)->56631K(56896K) Class: 7637K(7872K)->7637K(7872K)
[2022-05-02T20:41:32.110-0700][gc          ] GC(11) Pause Young (Normal) (G1 Evacuation Pause) 283M->41M(512M) 33.377ms
[2022-05-02T20:41:32.110-0700][gc,cpu      ] GC(11) User=0.06s Sys=0.06s Real=0.04s
[2022-05-02T20:57:24.977-0700][gc,start    ] GC(12) Pause Young (Normal) (G1 Evacuation Pause)
[2022-05-02T20:57:24.979-0700][gc,task     ] GC(12) Using 9 workers of 9 for evacuation
[2022-05-02T20:57:24.995-0700][gc,phases   ] GC(12)   Pre Evacuate Collection Set: 0.2ms
[2022-05-02T20:57:24.995-0700][gc,phases   ] GC(12)   Merge Heap Roots: 0.2ms
[2022-05-02T20:57:24.995-0700][gc,phases   ] GC(12)   Evacuate Collection Set: 14.8ms
[2022-05-02T20:57:24.995-0700][gc,phases   ] GC(12)   Post Evacuate Collection Set: 0.9ms
[2022-05-02T20:57:24.995-0700][gc,phases   ] GC(12)   Other: 2.3ms
[2022-05-02T20:57:24.995-0700][gc,heap     ] GC(12) Eden regions: 241->0(242)
[2022-05-02T20:57:24.995-0700][gc,heap     ] GC(12) Survivor regions: 15->14(32)
[2022-05-02T20:57:24.995-0700][gc,heap     ] GC(12) Old regions: 17->17
[2022-05-02T20:57:24.995-0700][gc,heap     ] GC(12) Archive regions: 2->2
[2022-05-02T20:57:24.995-0700][gc,heap     ] GC(12) Humongous regions: 10->10
[2022-05-02T20:57:24.995-0700][gc,metaspace] GC(12) Metaspace: 64343K(64832K)->64343K(64832K) NonClass: 56703K(56960K)->56703K(56960K) Class: 7639K(7872K)->7639K(7872K)
[2022-05-02T20:57:24.995-0700][gc          ] GC(12) Pause Young (Normal) (G1 Evacuation Pause) 282M->41M(512M) 18.454ms
[2022-05-02T20:57:24.995-0700][gc,cpu      ] GC(12) User=0.04s Sys=0.05s Real=0.02s
[2022-05-02T21:12:50.713-0700][gc,start    ] GC(13) Pause Young (Normal) (G1 Evacuation Pause)
[2022-05-02T21:12:50.714-0700][gc,task     ] GC(13) Using 9 workers of 9 for evacuation
[2022-05-02T21:12:50.742-0700][gc,phases   ] GC(13)   Pre Evacuate Collection Set: 1.0ms
[2022-05-02T21:12:50.742-0700][gc,phases   ] GC(13)   Merge Heap Roots: 0.8ms
[2022-05-02T21:12:50.742-0700][gc,phases   ] GC(13)   Evacuate Collection Set: 25.3ms
[2022-05-02T21:12:50.742-0700][gc,phases   ] GC(13)   Post Evacuate Collection Set: 1.1ms
[2022-05-02T21:12:50.742-0700][gc,phases   ] GC(13)   Other: 1.1ms
[2022-05-02T21:12:50.742-0700][gc,heap     ] GC(13) Eden regions: 242->0(242)
[2022-05-02T21:12:50.742-0700][gc,heap     ] GC(13) Survivor regions: 14->14(32)
[2022-05-02T21:12:50.742-0700][gc,heap     ] GC(13) Old regions: 17->17
[2022-05-02T21:12:50.742-0700][gc,heap     ] GC(13) Archive regions: 2->2
[2022-05-02T21:12:50.742-0700][gc,heap     ] GC(13) Humongous regions: 10->10
[2022-05-02T21:12:50.742-0700][gc,metaspace] GC(13) Metaspace: 64376K(64960K)->64376K(64960K) NonClass: 56729K(57024K)->56729K(57024K) Class: 7646K(7936K)->7646K(7936K)
[2022-05-02T21:12:50.742-0700][gc          ] GC(13) Pause Young (Normal) (G1 Evacuation Pause) 283M->41M(512M) 29.276ms
[2022-05-02T21:12:50.742-0700][gc,cpu      ] GC(13) User=0.04s Sys=0.04s Real=0.03s
[2022-05-02T21:28:03.688-0700][gc,start    ] GC(14) Pause Young (Normal) (G1 Evacuation Pause)
[2022-05-02T21:28:03.691-0700][gc,task     ] GC(14) Using 9 workers of 9 for evacuation
[2022-05-02T21:28:03.724-0700][gc,phases   ] GC(14)   Pre Evacuate Collection Set: 1.6ms
[2022-05-02T21:28:03.724-0700][gc,phases   ] GC(14)   Merge Heap Roots: 0.3ms
[2022-05-02T21:28:03.724-0700][gc,phases   ] GC(14)   Evacuate Collection Set: 29.7ms
[2022-05-02T21:28:03.724-0700][gc,phases   ] GC(14)   Post Evacuate Collection Set: 1.1ms
[2022-05-02T21:28:03.724-0700][gc,phases   ] GC(14)   Other: 3.0ms
[2022-05-02T21:28:03.724-0700][gc,heap     ] GC(14) Eden regions: 242->0(242)
[2022-05-02T21:28:03.724-0700][gc,heap     ] GC(14) Survivor regions: 14->14(32)
[2022-05-02T21:28:03.724-0700][gc,heap     ] GC(14) Old regions: 17->17
[2022-05-02T21:28:03.724-0700][gc,heap     ] GC(14) Archive regions: 2->2
[2022-05-02T21:28:03.724-0700][gc,heap     ] GC(14) Humongous regions: 10->10
[2022-05-02T21:28:03.724-0700][gc,metaspace] GC(14) Metaspace: 64384K(64960K)->64384K(64960K) NonClass: 56736K(57024K)->56736K(57024K) Class: 7647K(7936K)->7647K(7936K)
[2022-05-02T21:28:03.724-0700][gc          ] GC(14) Pause Young (Normal) (G1 Evacuation Pause) 283M->41M(512M) 35.762ms
[2022-05-02T21:28:03.724-0700][gc,cpu      ] GC(14) User=0.05s Sys=0.06s Real=0.04s
[2022-05-02T21:42:15.004-0700][gc,start    ] GC(15) Pause Young (Normal) (G1 Evacuation Pause)
[2022-05-02T21:42:15.006-0700][gc,task     ] GC(15) Using 9 workers of 9 for evacuation
[2022-05-02T21:42:15.041-0700][gc,phases   ] GC(15)   Pre Evacuate Collection Set: 1.1ms
[2022-05-02T21:42:15.041-0700][gc,phases   ] GC(15)   Merge Heap Roots: 0.8ms
[2022-05-02T21:42:15.041-0700][gc,phases   ] GC(15)   Evacuate Collection Set: 31.5ms
[2022-05-02T21:42:15.041-0700][gc,phases   ] GC(15)   Post Evacuate Collection Set: 0.7ms
[2022-05-02T21:42:15.041-0700][gc,phases   ] GC(15)   Other: 3.2ms
[2022-05-02T21:42:15.041-0700][gc,heap     ] GC(15) Eden regions: 242->0(242)
[2022-05-02T21:42:15.041-0700][gc,heap     ] GC(15) Survivor regions: 14->14(32)
[2022-05-02T21:42:15.041-0700][gc,heap     ] GC(15) Old regions: 17->17
[2022-05-02T21:42:15.041-0700][gc,heap     ] GC(15) Archive regions: 2->2
[2022-05-02T21:42:15.041-0700][gc,heap     ] GC(15) Humongous regions: 10->10
[2022-05-02T21:42:15.041-0700][gc,metaspace] GC(15) Metaspace: 64400K(64960K)->64400K(64960K) NonClass: 56752K(57024K)->56752K(57024K) Class: 7647K(7936K)->7647K(7936K)
[2022-05-02T21:42:15.041-0700][gc          ] GC(15) Pause Young (Normal) (G1 Evacuation Pause) 283M->41M(512M) 37.021ms
[2022-05-02T21:42:15.041-0700][gc,cpu      ] GC(15) User=0.04s Sys=0.06s Real=0.04s
[2022-05-02T21:56:26.869-0700][gc,start    ] GC(16) Pause Young (Normal) (G1 Evacuation Pause)
[2022-05-02T21:56:26.871-0700][gc,task     ] GC(16) Using 9 workers of 9 for evacuation
[2022-05-02T21:56:26.903-0700][gc,phases   ] GC(16)   Pre Evacuate Collection Set: 0.8ms
[2022-05-02T21:56:26.903-0700][gc,phases   ] GC(16)   Merge Heap Roots: 0.8ms
[2022-05-02T21:56:26.903-0700][gc,phases   ] GC(16)   Evacuate Collection Set: 29.4ms
[2022-05-02T21:56:26.903-0700][gc,phases   ] GC(16)   Post Evacuate Collection Set: 0.8ms
[2022-05-02T21:56:26.903-0700][gc,phases   ] GC(16)   Other: 1.9ms
[2022-05-02T21:56:26.903-0700][gc,heap     ] GC(16) Eden regions: 242->0(242)
[2022-05-02T21:56:26.903-0700][gc,heap     ] GC(16) Survivor regions: 14->14(32)
[2022-05-02T21:56:26.903-0700][gc,heap     ] GC(16) Old regions: 17->17
[2022-05-02T21:56:26.903-0700][gc,heap     ] GC(16) Archive regions: 2->2
[2022-05-02T21:56:26.903-0700][gc,heap     ] GC(16) Humongous regions: 10->10
[2022-05-02T21:56:26.903-0700][gc,metaspace] GC(16) Metaspace: 64405K(64960K)->64405K(64960K) NonClass: 56758K(57024K)->56758K(57024K) Class: 7647K(7936K)->7647K(7936K)
[2022-05-02T21:56:26.903-0700][gc          ] GC(16) Pause Young (Normal) (G1 Evacuation Pause) 283M->41M(512M) 33.634ms
[2022-05-02T21:56:26.903-0700][gc,cpu      ] GC(16) User=0.04s Sys=0.05s Real=0.04s
[2022-05-02T22:10:35.837-0700][gc,start    ] GC(17) Pause Young (Normal) (G1 Evacuation Pause)
[2022-05-02T22:10:35.839-0700][gc,task     ] GC(17) Using 9 workers of 9 for evacuation
[2022-05-02T22:10:35.870-0700][gc,phases   ] GC(17)   Pre Evacuate Collection Set: 0.9ms
[2022-05-02T22:10:35.870-0700][gc,phases   ] GC(17)   Merge Heap Roots: 0.7ms
[2022-05-02T22:10:35.870-0700][gc,phases   ] GC(17)   Evacuate Collection Set: 27.5ms
[2022-05-02T22:10:35.870-0700][gc,phases   ] GC(17)   Post Evacuate Collection Set: 1.3ms
[2022-05-02T22:10:35.870-0700][gc,phases   ] GC(17)   Other: 3.1ms
[2022-05-02T22:10:35.870-0700][gc,heap     ] GC(17) Eden regions: 242->0(241)
[2022-05-02T22:10:35.870-0700][gc,heap     ] GC(17) Survivor regions: 14->15(32)
[2022-05-02T22:10:35.870-0700][gc,heap     ] GC(17) Old regions: 17->17
[2022-05-02T22:10:35.870-0700][gc,heap     ] GC(17) Archive regions: 2->2
[2022-05-02T22:10:35.870-0700][gc,heap     ] GC(17) Humongous regions: 10->10
[2022-05-02T22:10:35.870-0700][gc,metaspace] GC(17) Metaspace: 64411K(64960K)->64411K(64960K) NonClass: 56763K(57024K)->56763K(57024K) Class: 7647K(7936K)->7647K(7936K)
[2022-05-02T22:10:35.870-0700][gc          ] GC(17) Pause Young (Normal) (G1 Evacuation Pause) 283M->41M(512M) 33.283ms
[2022-05-02T22:10:35.870-0700][gc,cpu      ] GC(17) User=0.05s Sys=0.07s Real=0.04s
[2022-05-02T22:24:39.883-0700][gc,start    ] GC(18) Pause Young (Normal) (G1 Evacuation Pause)
[2022-05-02T22:24:39.885-0700][gc,task     ] GC(18) Using 9 workers of 9 for evacuation
[2022-05-02T22:24:39.909-0700][gc,phases   ] GC(18)   Pre Evacuate Collection Set: 0.6ms
[2022-05-02T22:24:39.910-0700][gc,phases   ] GC(18)   Merge Heap Roots: 0.5ms
[2022-05-02T22:24:39.910-0700][gc,phases   ] GC(18)   Evacuate Collection Set: 22.9ms
[2022-05-02T22:24:39.910-0700][gc,phases   ] GC(18)   Post Evacuate Collection Set: 0.7ms
[2022-05-02T22:24:39.910-0700][gc,phases   ] GC(18)   Other: 1.8ms
[2022-05-02T22:24:39.910-0700][gc,heap     ] GC(18) Eden regions: 241->0(242)
[2022-05-02T22:24:39.910-0700][gc,heap     ] GC(18) Survivor regions: 15->14(32)
[2022-05-02T22:24:39.910-0700][gc,heap     ] GC(18) Old regions: 17->17
[2022-05-02T22:24:39.910-0700][gc,heap     ] GC(18) Archive regions: 2->2
[2022-05-02T22:24:39.910-0700][gc,heap     ] GC(18) Humongous regions: 10->10
[2022-05-02T22:24:39.910-0700][gc,metaspace] GC(18) Metaspace: 64416K(64960K)->64416K(64960K) NonClass: 56768K(57024K)->56768K(57024K) Class: 7647K(7936K)->7647K(7936K)
[2022-05-02T22:24:39.910-0700][gc          ] GC(18) Pause Young (Normal) (G1 Evacuation Pause) 282M->41M(512M) 26.476ms
[2022-05-02T22:24:39.910-0700][gc,cpu      ] GC(18) User=0.04s Sys=0.07s Real=0.03s
[2022-05-02T22:38:42.073-0700][gc,start    ] GC(19) Pause Young (Normal) (G1 Evacuation Pause)
[2022-05-02T22:38:42.075-0700][gc,task     ] GC(19) Using 9 workers of 9 for evacuation
[2022-05-02T22:38:42.115-0700][gc,phases   ] GC(19)   Pre Evacuate Collection Set: 0.5ms
[2022-05-02T22:38:42.115-0700][gc,phases   ] GC(19)   Merge Heap Roots: 0.5ms
[2022-05-02T22:38:42.115-0700][gc,phases   ] GC(19)   Evacuate Collection Set: 37.1ms
[2022-05-02T22:38:42.115-0700][gc,phases   ] GC(19)   Post Evacuate Collection Set: 1.6ms
[2022-05-02T22:38:42.115-0700][gc,phases   ] GC(19)   Other: 2.4ms
[2022-05-02T22:38:42.115-0700][gc,heap     ] GC(19) Eden regions: 242->0(241)
[2022-05-02T22:38:42.115-0700][gc,heap     ] GC(19) Survivor regions: 14->15(32)
[2022-05-02T22:38:42.115-0700][gc,heap     ] GC(19) Old regions: 17->17
[2022-05-02T22:38:42.115-0700][gc,heap     ] GC(19) Archive regions: 2->2
[2022-05-02T22:38:42.115-0700][gc,heap     ] GC(19) Humongous regions: 10->10
[2022-05-02T22:38:42.115-0700][gc,metaspace] GC(19) Metaspace: 64420K(64960K)->64420K(64960K) NonClass: 56773K(57024K)->56773K(57024K) Class: 7647K(7936K)->7647K(7936K)
[2022-05-02T22:38:42.115-0700][gc          ] GC(19) Pause Young (Normal) (G1 Evacuation Pause) 283M->41M(512M) 42.157ms
[2022-05-02T22:38:42.115-0700][gc,cpu      ] GC(19) User=0.06s Sys=0.07s Real=0.04s
[2022-05-02T22:52:42.201-0700][gc,start    ] GC(20) Pause Young (Normal) (G1 Evacuation Pause)
[2022-05-02T22:52:42.203-0700][gc,task     ] GC(20) Using 9 workers of 9 for evacuation
[2022-05-02T22:52:42.243-0700][gc,phases   ] GC(20)   Pre Evacuate Collection Set: 1.0ms
[2022-05-02T22:52:42.243-0700][gc,phases   ] GC(20)   Merge Heap Roots: 0.4ms
[2022-05-02T22:52:42.243-0700][gc,phases   ] GC(20)   Evacuate Collection Set: 37.3ms
[2022-05-02T22:52:42.243-0700][gc,phases   ] GC(20)   Post Evacuate Collection Set: 1.4ms
[2022-05-02T22:52:42.243-0700][gc,phases   ] GC(20)   Other: 2.5ms
[2022-05-02T22:52:42.244-0700][gc,heap     ] GC(20) Eden regions: 241->0(241)
[2022-05-02T22:52:42.244-0700][gc,heap     ] GC(20) Survivor regions: 15->15(32)
[2022-05-02T22:52:42.244-0700][gc,heap     ] GC(20) Old regions: 17->17
[2022-05-02T22:52:42.244-0700][gc,heap     ] GC(20) Archive regions: 2->2
[2022-05-02T22:52:42.244-0700][gc,heap     ] GC(20) Humongous regions: 10->10
[2022-05-02T22:52:42.244-0700][gc,metaspace] GC(20) Metaspace: 64432K(64960K)->64432K(64960K) NonClass: 56785K(57024K)->56785K(57024K) Class: 7647K(7936K)->7647K(7936K)
[2022-05-02T22:52:42.244-0700][gc          ] GC(20) Pause Young (Normal) (G1 Evacuation Pause) 282M->41M(512M) 42.731ms
[2022-05-02T22:52:42.244-0700][gc,cpu      ] GC(20) User=0.06s Sys=0.09s Real=0.04s
[2022-05-02T23:06:41.996-0700][gc,start    ] GC(21) Pause Young (Normal) (G1 Evacuation Pause)
[2022-05-02T23:06:41.998-0700][gc,task     ] GC(21) Using 9 workers of 9 for evacuation
[2022-05-02T23:06:42.041-0700][gc,phases   ] GC(21)   Pre Evacuate Collection Set: 0.9ms
[2022-05-02T23:06:42.041-0700][gc,phases   ] GC(21)   Merge Heap Roots: 0.6ms
[2022-05-02T23:06:42.041-0700][gc,phases   ] GC(21)   Evacuate Collection Set: 38.9ms
[2022-05-02T23:06:42.041-0700][gc,phases   ] GC(21)   Post Evacuate Collection Set: 1.9ms
[2022-05-02T23:06:42.041-0700][gc,phases   ] GC(21)   Other: 2.9ms
[2022-05-02T23:06:42.041-0700][gc,heap     ] GC(21) Eden regions: 241->0(242)
[2022-05-02T23:06:42.041-0700][gc,heap     ] GC(21) Survivor regions: 15->14(32)
[2022-05-02T23:06:42.041-0700][gc,heap     ] GC(21) Old regions: 17->17
[2022-05-02T23:06:42.041-0700][gc,heap     ] GC(21) Archive regions: 2->2
[2022-05-02T23:06:42.041-0700][gc,heap     ] GC(21) Humongous regions: 10->10
[2022-05-02T23:06:42.041-0700][gc,metaspace] GC(21) Metaspace: 64437K(65024K)->64437K(65024K) NonClass: 56789K(57088K)->56789K(57088K) Class: 7647K(7936K)->7647K(7936K)
[2022-05-02T23:06:42.041-0700][gc          ] GC(21) Pause Young (Normal) (G1 Evacuation Pause) 282M->41M(512M) 45.219ms
[2022-05-02T23:06:42.041-0700][gc,cpu      ] GC(21) User=0.07s Sys=0.10s Real=0.05s
[2022-05-02T23:23:25.749-0700][gc,start    ] GC(22) Pause Young (Normal) (G1 Evacuation Pause)
[2022-05-02T23:23:25.752-0700][gc,task     ] GC(22) Using 9 workers of 9 for evacuation
[2022-05-02T23:23:25.779-0700][gc,phases   ] GC(22)   Pre Evacuate Collection Set: 1.4ms
[2022-05-02T23:23:25.779-0700][gc,phases   ] GC(22)   Merge Heap Roots: 0.4ms
[2022-05-02T23:23:25.779-0700][gc,phases   ] GC(22)   Evacuate Collection Set: 23.4ms
[2022-05-02T23:23:25.779-0700][gc,phases   ] GC(22)   Post Evacuate Collection Set: 1.7ms
[2022-05-02T23:23:25.779-0700][gc,phases   ] GC(22)   Other: 2.8ms
[2022-05-02T23:23:25.779-0700][gc,heap     ] GC(22) Eden regions: 242->0(243)
[2022-05-02T23:23:25.779-0700][gc,heap     ] GC(22) Survivor regions: 14->13(32)
[2022-05-02T23:23:25.779-0700][gc,heap     ] GC(22) Old regions: 17->18
[2022-05-02T23:23:25.779-0700][gc,heap     ] GC(22) Archive regions: 2->2
[2022-05-02T23:23:25.779-0700][gc,heap     ] GC(22) Humongous regions: 10->10
[2022-05-02T23:23:25.779-0700][gc,metaspace] GC(22) Metaspace: 65563K(66112K)->65563K(66112K) NonClass: 57778K(58048K)->57778K(58048K) Class: 7785K(8064K)->7785K(8064K)
[2022-05-02T23:23:25.779-0700][gc          ] GC(22) Pause Young (Normal) (G1 Evacuation Pause) 283M->41M(512M) 29.494ms
[2022-05-02T23:23:25.779-0700][gc,cpu      ] GC(22) User=0.06s Sys=0.05s Real=0.03s
[2022-05-02T23:40:04.413-0700][gc,start    ] GC(23) Pause Young (Normal) (G1 Evacuation Pause)
[2022-05-02T23:40:04.413-0700][gc,task     ] GC(23) Using 9 workers of 9 for evacuation
[2022-05-02T23:40:04.459-0700][gc,phases   ] GC(23)   Pre Evacuate Collection Set: 4.6ms
[2022-05-02T23:40:04.459-0700][gc,phases   ] GC(23)   Merge Heap Roots: 0.5ms
[2022-05-02T23:40:04.459-0700][gc,phases   ] GC(23)   Evacuate Collection Set: 39.3ms
[2022-05-02T23:40:04.459-0700][gc,phases   ] GC(23)   Post Evacuate Collection Set: 0.8ms
[2022-05-02T23:40:04.459-0700][gc,phases   ] GC(23)   Other: 1.8ms
[2022-05-02T23:40:04.459-0700][gc,heap     ] GC(23) Eden regions: 243->0(250)
[2022-05-02T23:40:04.459-0700][gc,heap     ] GC(23) Survivor regions: 13->6(32)
[2022-05-02T23:40:04.459-0700][gc,heap     ] GC(23) Old regions: 18->26
[2022-05-02T23:40:04.459-0700][gc,heap     ] GC(23) Archive regions: 2->2
[2022-05-02T23:40:04.459-0700][gc,heap     ] GC(23) Humongous regions: 10->10
[2022-05-02T23:40:04.459-0700][gc,metaspace] GC(23) Metaspace: 65571K(66112K)->65571K(66112K) NonClass: 57785K(58048K)->57785K(58048K) Class: 7785K(8064K)->7785K(8064K)
[2022-05-02T23:40:04.459-0700][gc          ] GC(23) Pause Young (Normal) (G1 Evacuation Pause) 284M->42M(512M) 46.248ms
[2022-05-02T23:40:04.459-0700][gc,cpu      ] GC(23) User=0.06s Sys=0.07s Real=0.04s
[2022-05-02T23:54:31.712-0700][gc,start    ] GC(24) Pause Young (Normal) (G1 Evacuation Pause)
[2022-05-02T23:54:31.714-0700][gc,task     ] GC(24) Using 9 workers of 9 for evacuation
[2022-05-02T23:54:31.731-0700][gc,phases   ] GC(24)   Pre Evacuate Collection Set: 0.5ms
[2022-05-02T23:54:31.731-0700][gc,phases   ] GC(24)   Merge Heap Roots: 0.3ms
[2022-05-02T23:54:31.731-0700][gc,phases   ] GC(24)   Evacuate Collection Set: 15.7ms
[2022-05-02T23:54:31.731-0700][gc,phases   ] GC(24)   Post Evacuate Collection Set: 0.8ms
[2022-05-02T23:54:31.731-0700][gc,phases   ] GC(24)   Other: 2.3ms
[2022-05-02T23:54:31.731-0700][gc,heap     ] GC(24) Eden regions: 250->0(254)
[2022-05-02T23:54:31.731-0700][gc,heap     ] GC(24) Survivor regions: 6->2(32)
[2022-05-02T23:54:31.731-0700][gc,heap     ] GC(24) Old regions: 26->30
[2022-05-02T23:54:31.731-0700][gc,heap     ] GC(24) Archive regions: 2->2
[2022-05-02T23:54:31.731-0700][gc,heap     ] GC(24) Humongous regions: 10->10
[2022-05-02T23:54:31.731-0700][gc,metaspace] GC(24) Metaspace: 65578K(66112K)->65578K(66112K) NonClass: 57793K(58048K)->57793K(58048K) Class: 7785K(8064K)->7785K(8064K)
[2022-05-02T23:54:31.731-0700][gc          ] GC(24) Pause Young (Normal) (G1 Evacuation Pause) 292M->42M(512M) 19.532ms
[2022-05-02T23:54:31.732-0700][gc,cpu      ] GC(24) User=0.03s Sys=0.02s Real=0.02s
[2022-05-03T00:08:45.381-0700][gc,start    ] GC(25) Pause Young (Normal) (G1 Evacuation Pause)
[2022-05-03T00:08:45.382-0700][gc,task     ] GC(25) Using 9 workers of 9 for evacuation
[2022-05-03T00:08:45.399-0700][gc,phases   ] GC(25)   Pre Evacuate Collection Set: 0.9ms
[2022-05-03T00:08:45.399-0700][gc,phases   ] GC(25)   Merge Heap Roots: 0.3ms
[2022-05-03T00:08:45.399-0700][gc,phases   ] GC(25)   Evacuate Collection Set: 13.7ms
[2022-05-03T00:08:45.399-0700][gc,phases   ] GC(25)   Post Evacuate Collection Set: 1.3ms
[2022-05-03T00:08:45.399-0700][gc,phases   ] GC(25)   Other: 1.4ms
[2022-05-03T00:08:45.399-0700][gc,heap     ] GC(25) Eden regions: 254->0(254)
[2022-05-03T00:08:45.399-0700][gc,heap     ] GC(25) Survivor regions: 2->2(32)
[2022-05-03T00:08:45.399-0700][gc,heap     ] GC(25) Old regions: 30->30
[2022-05-03T00:08:45.399-0700][gc,heap     ] GC(25) Archive regions: 2->2
[2022-05-03T00:08:45.399-0700][gc,heap     ] GC(25) Humongous regions: 10->10
[2022-05-03T00:08:45.399-0700][gc,metaspace] GC(25) Metaspace: 65588K(66176K)->65588K(66176K) NonClass: 57803K(58112K)->57803K(58112K) Class: 7785K(8064K)->7785K(8064K)
[2022-05-03T00:08:45.399-0700][gc          ] GC(25) Pause Young (Normal) (G1 Evacuation Pause) 296M->42M(512M) 17.706ms
[2022-05-03T00:08:45.399-0700][gc,cpu      ] GC(25) User=0.02s Sys=0.03s Real=0.01s
[2022-05-03T00:23:29.899-0700][gc,start    ] GC(26) Pause Young (Normal) (G1 Evacuation Pause)
[2022-05-03T00:23:29.900-0700][gc,task     ] GC(26) Using 9 workers of 9 for evacuation
[2022-05-03T00:23:29.908-0700][gc,phases   ] GC(26)   Pre Evacuate Collection Set: 0.6ms
[2022-05-03T00:23:29.908-0700][gc,phases   ] GC(26)   Merge Heap Roots: 0.5ms
[2022-05-03T00:23:29.908-0700][gc,phases   ] GC(26)   Evacuate Collection Set: 6.0ms
[2022-05-03T00:23:29.908-0700][gc,phases   ] GC(26)   Post Evacuate Collection Set: 1.0ms
[2022-05-03T00:23:29.908-0700][gc,phases   ] GC(26)   Other: 1.8ms
[2022-05-03T00:23:29.908-0700][gc,heap     ] GC(26) Eden regions: 254->0(254)
[2022-05-03T00:23:29.908-0700][gc,heap     ] GC(26) Survivor regions: 2->2(32)
[2022-05-03T00:23:29.908-0700][gc,heap     ] GC(26) Old regions: 30->31
[2022-05-03T00:23:29.908-0700][gc,heap     ] GC(26) Archive regions: 2->2
[2022-05-03T00:23:29.908-0700][gc,heap     ] GC(26) Humongous regions: 10->10
[2022-05-03T00:23:29.908-0700][gc,metaspace] GC(26) Metaspace: 65594K(66176K)->65594K(66176K) NonClass: 57809K(58112K)->57809K(58112K) Class: 7785K(8064K)->7785K(8064K)
[2022-05-03T00:23:29.909-0700][gc          ] GC(26) Pause Young (Normal) (G1 Evacuation Pause) 296M->42M(512M) 9.893ms
[2022-05-03T00:23:29.909-0700][gc,cpu      ] GC(26) User=0.02s Sys=0.00s Real=0.01s
[2022-05-03T00:38:14.807-0700][gc,start    ] GC(27) Pause Young (Normal) (G1 Evacuation Pause)
[2022-05-03T00:38:14.807-0700][gc,task     ] GC(27) Using 9 workers of 9 for evacuation
[2022-05-03T00:38:14.816-0700][gc,phases   ] GC(27)   Pre Evacuate Collection Set: 0.3ms
[2022-05-03T00:38:14.816-0700][gc,phases   ] GC(27)   Merge Heap Roots: 0.2ms
[2022-05-03T00:38:14.816-0700][gc,phases   ] GC(27)   Evacuate Collection Set: 6.8ms
[2022-05-03T00:38:14.816-0700][gc,phases   ] GC(27)   Post Evacuate Collection Set: 0.8ms
[2022-05-03T00:38:14.816-0700][gc,phases   ] GC(27)   Other: 0.9ms
[2022-05-03T00:38:14.816-0700][gc,heap     ] GC(27) Eden regions: 254->0(254)
[2022-05-03T00:38:14.816-0700][gc,heap     ] GC(27) Survivor regions: 2->2(32)
[2022-05-03T00:38:14.816-0700][gc,heap     ] GC(27) Old regions: 31->31
[2022-05-03T00:38:14.816-0700][gc,heap     ] GC(27) Archive regions: 2->2
[2022-05-03T00:38:14.816-0700][gc,heap     ] GC(27) Humongous regions: 10->10
[2022-05-03T00:38:14.816-0700][gc,metaspace] GC(27) Metaspace: 65597K(66176K)->65597K(66176K) NonClass: 57812K(58112K)->57812K(58112K) Class: 7785K(8064K)->7785K(8064K)
[2022-05-03T00:38:14.816-0700][gc          ] GC(27) Pause Young (Normal) (G1 Evacuation Pause) 296M->42M(512M) 9.182ms
[2022-05-03T00:38:14.816-0700][gc,cpu      ] GC(27) User=0.01s Sys=0.01s Real=0.01s
[2022-05-03T00:53:00.759-0700][gc,start    ] GC(28) Pause Young (Normal) (G1 Evacuation Pause)
[2022-05-03T00:53:00.761-0700][gc,task     ] GC(28) Using 9 workers of 9 for evacuation
[2022-05-03T00:53:00.774-0700][gc,phases   ] GC(28)   Pre Evacuate Collection Set: 0.9ms
[2022-05-03T00:53:00.774-0700][gc,phases   ] GC(28)   Merge Heap Roots: 0.3ms
[2022-05-03T00:53:00.774-0700][gc,phases   ] GC(28)   Evacuate Collection Set: 10.9ms
[2022-05-03T00:53:00.774-0700][gc,phases   ] GC(28)   Post Evacuate Collection Set: 0.9ms
[2022-05-03T00:53:00.774-0700][gc,phases   ] GC(28)   Other: 2.4ms
[2022-05-03T00:53:00.774-0700][gc,heap     ] GC(28) Eden regions: 254->0(254)
[2022-05-03T00:53:00.774-0700][gc,heap     ] GC(28) Survivor regions: 2->2(32)
[2022-05-03T00:53:00.774-0700][gc,heap     ] GC(28) Old regions: 31->31
[2022-05-03T00:53:00.774-0700][gc,heap     ] GC(28) Archive regions: 2->2
[2022-05-03T00:53:00.774-0700][gc,heap     ] GC(28) Humongous regions: 10->10
[2022-05-03T00:53:00.774-0700][gc,metaspace] GC(28) Metaspace: 65602K(66176K)->65602K(66176K) NonClass: 57817K(58112K)->57817K(58112K) Class: 7785K(8064K)->7785K(8064K)
[2022-05-03T00:53:00.774-0700][gc          ] GC(28) Pause Young (Normal) (G1 Evacuation Pause) 296M->42M(512M) 15.307ms
[2022-05-03T00:53:00.774-0700][gc,cpu      ] GC(28) User=0.02s Sys=0.02s Real=0.02s
[2022-05-03T01:07:40.802-0700][gc,start    ] GC(29) Pause Young (Normal) (G1 Evacuation Pause)
[2022-05-03T01:07:40.804-0700][gc,task     ] GC(29) Using 9 workers of 9 for evacuation
[2022-05-03T01:07:40.813-0700][gc,phases   ] GC(29)   Pre Evacuate Collection Set: 0.5ms
[2022-05-03T01:07:40.813-0700][gc,phases   ] GC(29)   Merge Heap Roots: 0.2ms
[2022-05-03T01:07:40.813-0700][gc,phases   ] GC(29)   Evacuate Collection Set: 7.8ms
[2022-05-03T01:07:40.813-0700][gc,phases   ] GC(29)   Post Evacuate Collection Set: 1.0ms
[2022-05-03T01:07:40.813-0700][gc,phases   ] GC(29)   Other: 2.0ms
[2022-05-03T01:07:40.813-0700][gc,heap     ] GC(29) Eden regions: 254->0(254)
[2022-05-03T01:07:40.814-0700][gc,heap     ] GC(29) Survivor regions: 2->2(32)
[2022-05-03T01:07:40.814-0700][gc,heap     ] GC(29) Old regions: 31->31
[2022-05-03T01:07:40.814-0700][gc,heap     ] GC(29) Archive regions: 2->2
[2022-05-03T01:07:40.814-0700][gc,heap     ] GC(29) Humongous regions: 10->10
[2022-05-03T01:07:40.814-0700][gc,metaspace] GC(29) Metaspace: 65609K(66176K)->65609K(66176K) NonClass: 57823K(58112K)->57823K(58112K) Class: 7785K(8064K)->7785K(8064K)
[2022-05-03T01:07:40.814-0700][gc          ] GC(29) Pause Young (Normal) (G1 Evacuation Pause) 296M->42M(512M) 11.675ms
[2022-05-03T01:07:40.814-0700][gc,cpu      ] GC(29) User=0.02s Sys=0.01s Real=0.01s
[2022-05-03T01:22:21.573-0700][gc,start    ] GC(30) Pause Young (Normal) (G1 Evacuation Pause)
[2022-05-03T01:22:21.575-0700][gc,task     ] GC(30) Using 9 workers of 9 for evacuation
[2022-05-03T01:22:21.588-0700][gc,phases   ] GC(30)   Pre Evacuate Collection Set: 0.7ms
[2022-05-03T01:22:21.588-0700][gc,phases   ] GC(30)   Merge Heap Roots: 0.4ms
[2022-05-03T01:22:21.588-0700][gc,phases   ] GC(30)   Evacuate Collection Set: 10.3ms
[2022-05-03T01:22:21.588-0700][gc,phases   ] GC(30)   Post Evacuate Collection Set: 1.2ms
[2022-05-03T01:22:21.588-0700][gc,phases   ] GC(30)   Other: 2.6ms
[2022-05-03T01:22:21.588-0700][gc,heap     ] GC(30) Eden regions: 254->0(254)
[2022-05-03T01:22:21.588-0700][gc,heap     ] GC(30) Survivor regions: 2->2(32)
[2022-05-03T01:22:21.588-0700][gc,heap     ] GC(30) Old regions: 31->31
[2022-05-03T01:22:21.588-0700][gc,heap     ] GC(30) Archive regions: 2->2
[2022-05-03T01:22:21.588-0700][gc,heap     ] GC(30) Humongous regions: 10->10
[2022-05-03T01:22:21.589-0700][gc,metaspace] GC(30) Metaspace: 65614K(66176K)->65614K(66176K) NonClass: 57829K(58112K)->57829K(58112K) Class: 7785K(8064K)->7785K(8064K)
[2022-05-03T01:22:21.589-0700][gc          ] GC(30) Pause Young (Normal) (G1 Evacuation Pause) 296M->42M(512M) 15.095ms
[2022-05-03T01:22:21.589-0700][gc,cpu      ] GC(30) User=0.02s Sys=0.01s Real=0.01s
[2022-05-03T01:37:00.719-0700][gc,start    ] GC(31) Pause Young (Normal) (G1 Evacuation Pause)
[2022-05-03T01:37:00.721-0700][gc,task     ] GC(31) Using 9 workers of 9 for evacuation
[2022-05-03T01:37:00.736-0700][gc,phases   ] GC(31)   Pre Evacuate Collection Set: 0.6ms
[2022-05-03T01:37:00.736-0700][gc,phases   ] GC(31)   Merge Heap Roots: 0.3ms
[2022-05-03T01:37:00.736-0700][gc,phases   ] GC(31)   Evacuate Collection Set: 12.6ms
[2022-05-03T01:37:00.736-0700][gc,phases   ] GC(31)   Post Evacuate Collection Set: 0.9ms
[2022-05-03T01:37:00.736-0700][gc,phases   ] GC(31)   Other: 2.3ms
[2022-05-03T01:37:00.736-0700][gc,heap     ] GC(31) Eden regions: 254->0(254)
[2022-05-03T01:37:00.736-0700][gc,heap     ] GC(31) Survivor regions: 2->2(32)
[2022-05-03T01:37:00.736-0700][gc,heap     ] GC(31) Old regions: 31->31
[2022-05-03T01:37:00.736-0700][gc,heap     ] GC(31) Archive regions: 2->2
[2022-05-03T01:37:00.736-0700][gc,heap     ] GC(31) Humongous regions: 10->10
[2022-05-03T01:37:00.736-0700][gc,metaspace] GC(31) Metaspace: 65619K(66176K)->65619K(66176K) NonClass: 57834K(58112K)->57834K(58112K) Class: 7785K(8064K)->7785K(8064K)
[2022-05-03T01:37:00.736-0700][gc          ] GC(31) Pause Young (Normal) (G1 Evacuation Pause) 296M->42M(512M) 16.727ms
[2022-05-03T01:37:00.736-0700][gc,cpu      ] GC(31) User=0.01s Sys=0.01s Real=0.02s
[2022-05-03T01:51:47.602-0700][gc,start    ] GC(32) Pause Young (Normal) (G1 Evacuation Pause)
[2022-05-03T01:51:47.605-0700][gc,task     ] GC(32) Using 9 workers of 9 for evacuation
[2022-05-03T01:51:47.622-0700][gc,phases   ] GC(32)   Pre Evacuate Collection Set: 1.0ms
[2022-05-03T01:51:47.622-0700][gc,phases   ] GC(32)   Merge Heap Roots: 0.2ms
[2022-05-03T01:51:47.622-0700][gc,phases   ] GC(32)   Evacuate Collection Set: 14.0ms
[2022-05-03T01:51:47.622-0700][gc,phases   ] GC(32)   Post Evacuate Collection Set: 1.4ms
[2022-05-03T01:51:47.622-0700][gc,phases   ] GC(32)   Other: 3.1ms
[2022-05-03T01:51:47.622-0700][gc,heap     ] GC(32) Eden regions: 254->0(254)
[2022-05-03T01:51:47.622-0700][gc,heap     ] GC(32) Survivor regions: 2->2(32)
[2022-05-03T01:51:47.622-0700][gc,heap     ] GC(32) Old regions: 31->31
[2022-05-03T01:51:47.622-0700][gc,heap     ] GC(32) Archive regions: 2->2
[2022-05-03T01:51:47.622-0700][gc,heap     ] GC(32) Humongous regions: 10->10
[2022-05-03T01:51:47.622-0700][gc,metaspace] GC(32) Metaspace: 65619K(66176K)->65619K(66176K) NonClass: 57834K(58112K)->57834K(58112K) Class: 7785K(8064K)->7785K(8064K)
[2022-05-03T01:51:47.622-0700][gc          ] GC(32) Pause Young (Normal) (G1 Evacuation Pause) 296M->42M(512M) 19.637ms
[2022-05-03T01:51:47.622-0700][gc,cpu      ] GC(32) User=0.02s Sys=0.03s Real=0.02s
[2022-05-03T02:06:37.961-0700][gc,start    ] GC(33) Pause Young (Normal) (G1 Evacuation Pause)
[2022-05-03T02:06:37.963-0700][gc,task     ] GC(33) Using 9 workers of 9 for evacuation
[2022-05-03T02:06:37.974-0700][gc,phases   ] GC(33)   Pre Evacuate Collection Set: 0.5ms
[2022-05-03T02:06:37.974-0700][gc,phases   ] GC(33)   Merge Heap Roots: 0.3ms
[2022-05-03T02:06:37.974-0700][gc,phases   ] GC(33)   Evacuate Collection Set: 7.9ms
[2022-05-03T02:06:37.974-0700][gc,phases   ] GC(33)   Post Evacuate Collection Set: 1.4ms
[2022-05-03T02:06:37.974-0700][gc,phases   ] GC(33)   Other: 3.0ms
[2022-05-03T02:06:37.974-0700][gc,heap     ] GC(33) Eden regions: 254->0(254)
[2022-05-03T02:06:37.974-0700][gc,heap     ] GC(33) Survivor regions: 2->2(32)
[2022-05-03T02:06:37.974-0700][gc,heap     ] GC(33) Old regions: 31->31
[2022-05-03T02:06:37.974-0700][gc,heap     ] GC(33) Archive regions: 2->2
[2022-05-03T02:06:37.974-0700][gc,heap     ] GC(33) Humongous regions: 10->10
[2022-05-03T02:06:37.974-0700][gc,metaspace] GC(33) Metaspace: 65630K(66176K)->65630K(66176K) NonClass: 57845K(58112K)->57845K(58112K) Class: 7785K(8064K)->7785K(8064K)
[2022-05-03T02:06:37.974-0700][gc          ] GC(33) Pause Young (Normal) (G1 Evacuation Pause) 296M->42M(512M) 13.527ms
[2022-05-03T02:06:37.974-0700][gc,cpu      ] GC(33) User=0.02s Sys=0.00s Real=0.01s
[2022-05-03T02:21:22.638-0700][gc,start    ] GC(34) Pause Young (Normal) (G1 Evacuation Pause)
[2022-05-03T02:21:22.638-0700][gc,task     ] GC(34) Using 9 workers of 9 for evacuation
[2022-05-03T02:21:22.651-0700][gc,phases   ] GC(34)   Pre Evacuate Collection Set: 0.8ms
[2022-05-03T02:21:22.651-0700][gc,phases   ] GC(34)   Merge Heap Roots: 0.2ms
[2022-05-03T02:21:22.651-0700][gc,phases   ] GC(34)   Evacuate Collection Set: 9.7ms
[2022-05-03T02:21:22.651-0700][gc,phases   ] GC(34)   Post Evacuate Collection Set: 1.9ms
[2022-05-03T02:21:22.651-0700][gc,phases   ] GC(34)   Other: 1.4ms
[2022-05-03T02:21:22.651-0700][gc,heap     ] GC(34) Eden regions: 254->0(254)
[2022-05-03T02:21:22.651-0700][gc,heap     ] GC(34) Survivor regions: 2->2(32)
[2022-05-03T02:21:22.651-0700][gc,heap     ] GC(34) Old regions: 31->31
[2022-05-03T02:21:22.651-0700][gc,heap     ] GC(34) Archive regions: 2->2
[2022-05-03T02:21:22.651-0700][gc,heap     ] GC(34) Humongous regions: 10->10
[2022-05-03T02:21:22.651-0700][gc,metaspace] GC(34) Metaspace: 65632K(66176K)->65632K(66176K) NonClass: 57847K(58112K)->57847K(58112K) Class: 7785K(8064K)->7785K(8064K)
[2022-05-03T02:21:22.652-0700][gc          ] GC(34) Pause Young (Normal) (G1 Evacuation Pause) 296M->42M(512M) 13.960ms
[2022-05-03T02:21:22.652-0700][gc,cpu      ] GC(34) User=0.02s Sys=0.01s Real=0.02s
[2022-05-03T02:36:10.853-0700][gc,start    ] GC(35) Pause Young (Normal) (G1 Evacuation Pause)
[2022-05-03T02:36:10.855-0700][gc,task     ] GC(35) Using 9 workers of 9 for evacuation
[2022-05-03T02:36:10.859-0700][gc,phases   ] GC(35)   Pre Evacuate Collection Set: 0.4ms
[2022-05-03T02:36:10.859-0700][gc,phases   ] GC(35)   Merge Heap Roots: 0.2ms
[2022-05-03T02:36:10.859-0700][gc,phases   ] GC(35)   Evacuate Collection Set: 2.3ms
[2022-05-03T02:36:10.859-0700][gc,phases   ] GC(35)   Post Evacuate Collection Set: 0.7ms
[2022-05-03T02:36:10.859-0700][gc,phases   ] GC(35)   Other: 1.9ms
[2022-05-03T02:36:10.859-0700][gc,heap     ] GC(35) Eden regions: 254->0(254)
[2022-05-03T02:36:10.859-0700][gc,heap     ] GC(35) Survivor regions: 2->2(32)
[2022-05-03T02:36:10.859-0700][gc,heap     ] GC(35) Old regions: 31->31
[2022-05-03T02:36:10.859-0700][gc,heap     ] GC(35) Archive regions: 2->2
[2022-05-03T02:36:10.859-0700][gc,heap     ] GC(35) Humongous regions: 10->10
[2022-05-03T02:36:10.859-0700][gc,metaspace] GC(35) Metaspace: 65643K(66176K)->65643K(66176K) NonClass: 57856K(58112K)->57856K(58112K) Class: 7786K(8064K)->7786K(8064K)
[2022-05-03T02:36:10.859-0700][gc          ] GC(35) Pause Young (Normal) (G1 Evacuation Pause) 296M->42M(512M) 5.504ms
[2022-05-03T02:36:10.859-0700][gc,cpu      ] GC(35) User=0.02s Sys=0.00s Real=0.00s
[2022-05-03T02:50:57.582-0700][gc,start    ] GC(36) Pause Young (Normal) (G1 Evacuation Pause)
[2022-05-03T02:50:57.584-0700][gc,task     ] GC(36) Using 9 workers of 9 for evacuation
[2022-05-03T02:50:57.600-0700][gc,phases   ] GC(36)   Pre Evacuate Collection Set: 0.7ms
[2022-05-03T02:50:57.600-0700][gc,phases   ] GC(36)   Merge Heap Roots: 0.2ms
[2022-05-03T02:50:57.600-0700][gc,phases   ] GC(36)   Evacuate Collection Set: 13.0ms
[2022-05-03T02:50:57.600-0700][gc,phases   ] GC(36)   Post Evacuate Collection Set: 1.5ms
[2022-05-03T02:50:57.600-0700][gc,phases   ] GC(36)   Other: 2.5ms
[2022-05-03T02:50:57.600-0700][gc,heap     ] GC(36) Eden regions: 254->0(254)
[2022-05-03T02:50:57.600-0700][gc,heap     ] GC(36) Survivor regions: 2->2(32)
[2022-05-03T02:50:57.600-0700][gc,heap     ] GC(36) Old regions: 31->31
[2022-05-03T02:50:57.600-0700][gc,heap     ] GC(36) Archive regions: 2->2
[2022-05-03T02:50:57.600-0700][gc,heap     ] GC(36) Humongous regions: 10->10
[2022-05-03T02:50:57.600-0700][gc,metaspace] GC(36) Metaspace: 65643K(66176K)->65643K(66176K) NonClass: 57856K(58112K)->57856K(58112K) Class: 7786K(8064K)->7786K(8064K)
[2022-05-03T02:50:57.601-0700][gc          ] GC(36) Pause Young (Normal) (G1 Evacuation Pause) 296M->42M(512M) 18.403ms
[2022-05-03T02:50:57.601-0700][gc,cpu      ] GC(36) User=0.02s Sys=0.01s Real=0.02s
[2022-05-03T03:05:44.584-0700][gc,start    ] GC(37) Pause Young (Normal) (G1 Evacuation Pause)
[2022-05-03T03:05:44.586-0700][gc,task     ] GC(37) Using 9 workers of 9 for evacuation
[2022-05-03T03:05:44.597-0700][gc,phases   ] GC(37)   Pre Evacuate Collection Set: 0.7ms
[2022-05-03T03:05:44.597-0700][gc,phases   ] GC(37)   Merge Heap Roots: 0.3ms
[2022-05-03T03:05:44.597-0700][gc,phases   ] GC(37)   Evacuate Collection Set: 8.5ms
[2022-05-03T03:05:44.597-0700][gc,phases   ] GC(37)   Post Evacuate Collection Set: 0.9ms
[2022-05-03T03:05:44.597-0700][gc,phases   ] GC(37)   Other: 2.4ms
[2022-05-03T03:05:44.597-0700][gc,heap     ] GC(37) Eden regions: 254->0(255)
[2022-05-03T03:05:44.597-0700][gc,heap     ] GC(37) Survivor regions: 2->1(32)
[2022-05-03T03:05:44.597-0700][gc,heap     ] GC(37) Old regions: 31->31
[2022-05-03T03:05:44.597-0700][gc,heap     ] GC(37) Archive regions: 2->2
[2022-05-03T03:05:44.597-0700][gc,heap     ] GC(37) Humongous regions: 10->10
[2022-05-03T03:05:44.597-0700][gc,metaspace] GC(37) Metaspace: 65645K(66176K)->65645K(66176K) NonClass: 57859K(58112K)->57859K(58112K) Class: 7786K(8064K)->7786K(8064K)
[2022-05-03T03:05:44.598-0700][gc          ] GC(37) Pause Young (Normal) (G1 Evacuation Pause) 296M->42M(512M) 13.008ms
[2022-05-03T03:05:44.598-0700][gc,cpu      ] GC(37) User=0.02s Sys=0.00s Real=0.01s
[2022-05-03T03:20:35.997-0700][gc,start    ] GC(38) Pause Young (Normal) (G1 Evacuation Pause)
[2022-05-03T03:20:35.999-0700][gc,task     ] GC(38) Using 9 workers of 9 for evacuation
[2022-05-03T03:20:36.009-0700][gc,phases   ] GC(38)   Pre Evacuate Collection Set: 0.8ms
[2022-05-03T03:20:36.010-0700][gc,phases   ] GC(38)   Merge Heap Roots: 0.2ms
[2022-05-03T03:20:36.010-0700][gc,phases   ] GC(38)   Evacuate Collection Set: 7.2ms
[2022-05-03T03:20:36.010-0700][gc,phases   ] GC(38)   Post Evacuate Collection Set: 2.1ms
[2022-05-03T03:20:36.010-0700][gc,phases   ] GC(38)   Other: 2.5ms
[2022-05-03T03:20:36.010-0700][gc,heap     ] GC(38) Eden regions: 255->0(255)
[2022-05-03T03:20:36.010-0700][gc,heap     ] GC(38) Survivor regions: 1->1(32)
[2022-05-03T03:20:36.010-0700][gc,heap     ] GC(38) Old regions: 31->31
[2022-05-03T03:20:36.010-0700][gc,heap     ] GC(38) Archive regions: 2->2
[2022-05-03T03:20:36.010-0700][gc,heap     ] GC(38) Humongous regions: 10->10
[2022-05-03T03:20:36.010-0700][gc,metaspace] GC(38) Metaspace: 65648K(66176K)->65648K(66176K) NonClass: 57862K(58112K)->57862K(58112K) Class: 7786K(8064K)->7786K(8064K)
[2022-05-03T03:20:36.010-0700][gc          ] GC(38) Pause Young (Normal) (G1 Evacuation Pause) 297M->42M(512M) 12.868ms
[2022-05-03T03:20:36.010-0700][gc,cpu      ] GC(38) User=0.01s Sys=0.01s Real=0.02s
[2022-05-03T03:35:23.496-0700][gc,start    ] GC(39) Pause Young (Normal) (G1 Evacuation Pause)
[2022-05-03T03:35:23.498-0700][gc,task     ] GC(39) Using 9 workers of 9 for evacuation
[2022-05-03T03:35:23.508-0700][gc,phases   ] GC(39)   Pre Evacuate Collection Set: 0.7ms
[2022-05-03T03:35:23.508-0700][gc,phases   ] GC(39)   Merge Heap Roots: 0.2ms
[2022-05-03T03:35:23.508-0700][gc,phases   ] GC(39)   Evacuate Collection Set: 6.5ms
[2022-05-03T03:35:23.508-0700][gc,phases   ] GC(39)   Post Evacuate Collection Set: 1.7ms
[2022-05-03T03:35:23.508-0700][gc,phases   ] GC(39)   Other: 2.4ms
[2022-05-03T03:35:23.508-0700][gc,heap     ] GC(39) Eden regions: 255->0(255)
[2022-05-03T03:35:23.508-0700][gc,heap     ] GC(39) Survivor regions: 1->1(32)
[2022-05-03T03:35:23.508-0700][gc,heap     ] GC(39) Old regions: 31->31
[2022-05-03T03:35:23.508-0700][gc,heap     ] GC(39) Archive regions: 2->2
[2022-05-03T03:35:23.508-0700][gc,heap     ] GC(39) Humongous regions: 10->10
[2022-05-03T03:35:23.508-0700][gc,metaspace] GC(39) Metaspace: 65655K(66176K)->65655K(66176K) NonClass: 57868K(58112K)->57868K(58112K) Class: 7787K(8064K)->7787K(8064K)
[2022-05-03T03:35:23.508-0700][gc          ] GC(39) Pause Young (Normal) (G1 Evacuation Pause) 297M->42M(512M) 11.962ms
[2022-05-03T03:35:23.508-0700][gc,cpu      ] GC(39) User=0.02s Sys=0.01s Real=0.01s
[2022-05-03T03:50:11.479-0700][gc,start    ] GC(40) Pause Young (Normal) (G1 Evacuation Pause)
[2022-05-03T03:50:11.481-0700][gc,task     ] GC(40) Using 9 workers of 9 for evacuation
[2022-05-03T03:50:11.492-0700][gc,phases   ] GC(40)   Pre Evacuate Collection Set: 1.1ms
[2022-05-03T03:50:11.492-0700][gc,phases   ] GC(40)   Merge Heap Roots: 0.3ms
[2022-05-03T03:50:11.492-0700][gc,phases   ] GC(40)   Evacuate Collection Set: 7.9ms
[2022-05-03T03:50:11.492-0700][gc,phases   ] GC(40)   Post Evacuate Collection Set: 1.2ms
[2022-05-03T03:50:11.492-0700][gc,phases   ] GC(40)   Other: 2.7ms
[2022-05-03T03:50:11.492-0700][gc,heap     ] GC(40) Eden regions: 255->0(255)
[2022-05-03T03:50:11.492-0700][gc,heap     ] GC(40) Survivor regions: 1->1(32)
[2022-05-03T03:50:11.492-0700][gc,heap     ] GC(40) Old regions: 31->32
[2022-05-03T03:50:11.492-0700][gc,heap     ] GC(40) Archive regions: 2->2
[2022-05-03T03:50:11.492-0700][gc,heap     ] GC(40) Humongous regions: 10->10
[2022-05-03T03:50:11.492-0700][gc,metaspace] GC(40) Metaspace: 65664K(66176K)->65664K(66176K) NonClass: 57877K(58112K)->57877K(58112K) Class: 7787K(8064K)->7787K(8064K)
[2022-05-03T03:50:11.492-0700][gc          ] GC(40) Pause Young (Normal) (G1 Evacuation Pause) 297M->42M(512M) 13.041ms
[2022-05-03T03:50:11.492-0700][gc,cpu      ] GC(40) User=0.01s Sys=0.02s Real=0.02s
[2022-05-03T04:04:57.289-0700][gc,start    ] GC(41) Pause Young (Normal) (G1 Evacuation Pause)
[2022-05-03T04:04:57.290-0700][gc,task     ] GC(41) Using 9 workers of 9 for evacuation
[2022-05-03T04:04:57.298-0700][gc,phases   ] GC(41)   Pre Evacuate Collection Set: 0.5ms
[2022-05-03T04:04:57.298-0700][gc,phases   ] GC(41)   Merge Heap Roots: 0.2ms
[2022-05-03T04:04:57.298-0700][gc,phases   ] GC(41)   Evacuate Collection Set: 5.7ms
[2022-05-03T04:04:57.298-0700][gc,phases   ] GC(41)   Post Evacuate Collection Set: 1.2ms
[2022-05-03T04:04:57.298-0700][gc,phases   ] GC(41)   Other: 2.3ms
[2022-05-03T04:04:57.298-0700][gc,heap     ] GC(41) Eden regions: 255->0(255)
[2022-05-03T04:04:57.298-0700][gc,heap     ] GC(41) Survivor regions: 1->1(32)
[2022-05-03T04:04:57.299-0700][gc,heap     ] GC(41) Old regions: 32->32
[2022-05-03T04:04:57.299-0700][gc,heap     ] GC(41) Archive regions: 2->2
[2022-05-03T04:04:57.299-0700][gc,heap     ] GC(41) Humongous regions: 14->14
[2022-05-03T04:04:57.299-0700][gc,metaspace] GC(41) Metaspace: 65668K(66240K)->65668K(66240K) NonClass: 57881K(58176K)->57881K(58176K) Class: 7787K(8064K)->7787K(8064K)
[2022-05-03T04:04:57.299-0700][gc          ] GC(41) Pause Young (Normal) (G1 Evacuation Pause) 301M->46M(512M) 10.099ms
[2022-05-03T04:04:57.299-0700][gc,cpu      ] GC(41) User=0.01s Sys=0.00s Real=0.01s
[2022-05-03T04:19:40.496-0700][gc,start    ] GC(42) Pause Young (Normal) (G1 Evacuation Pause)
[2022-05-03T04:19:40.497-0700][gc,task     ] GC(42) Using 9 workers of 9 for evacuation
[2022-05-03T04:19:40.511-0700][gc,phases   ] GC(42)   Pre Evacuate Collection Set: 0.9ms
[2022-05-03T04:19:40.511-0700][gc,phases   ] GC(42)   Merge Heap Roots: 0.6ms
[2022-05-03T04:19:40.511-0700][gc,phases   ] GC(42)   Evacuate Collection Set: 9.5ms
[2022-05-03T04:19:40.511-0700][gc,phases   ] GC(42)   Post Evacuate Collection Set: 1.8ms
[2022-05-03T04:19:40.511-0700][gc,phases   ] GC(42)   Other: 2.6ms
[2022-05-03T04:19:40.511-0700][gc,heap     ] GC(42) Eden regions: 255->0(255)
[2022-05-03T04:19:40.511-0700][gc,heap     ] GC(42) Survivor regions: 1->1(32)
[2022-05-03T04:19:40.511-0700][gc,heap     ] GC(42) Old regions: 32->32
[2022-05-03T04:19:40.511-0700][gc,heap     ] GC(42) Archive regions: 2->2
[2022-05-03T04:19:40.511-0700][gc,heap     ] GC(42) Humongous regions: 14->14
[2022-05-03T04:19:40.511-0700][gc,metaspace] GC(42) Metaspace: 65669K(66240K)->65669K(66240K) NonClass: 57882K(58176K)->57882K(58176K) Class: 7787K(8064K)->7787K(8064K)
[2022-05-03T04:19:40.511-0700][gc          ] GC(42) Pause Young (Normal) (G1 Evacuation Pause) 301M->46M(512M) 15.580ms
[2022-05-03T04:19:40.511-0700][gc,cpu      ] GC(42) User=0.02s Sys=0.01s Real=0.02s
[2022-05-03T04:34:29.849-0700][gc,start    ] GC(43) Pause Young (Normal) (G1 Evacuation Pause)
[2022-05-03T04:34:29.850-0700][gc,task     ] GC(43) Using 9 workers of 9 for evacuation
[2022-05-03T04:34:29.859-0700][gc,phases   ] GC(43)   Pre Evacuate Collection Set: 0.5ms
[2022-05-03T04:34:29.859-0700][gc,phases   ] GC(43)   Merge Heap Roots: 0.2ms
[2022-05-03T04:34:29.859-0700][gc,phases   ] GC(43)   Evacuate Collection Set: 5.9ms
[2022-05-03T04:34:29.859-0700][gc,phases   ] GC(43)   Post Evacuate Collection Set: 1.3ms
[2022-05-03T04:34:29.859-0700][gc,phases   ] GC(43)   Other: 2.2ms
[2022-05-03T04:34:29.859-0700][gc,heap     ] GC(43) Eden regions: 255->0(255)
[2022-05-03T04:34:29.859-0700][gc,heap     ] GC(43) Survivor regions: 1->1(32)
[2022-05-03T04:34:29.859-0700][gc,heap     ] GC(43) Old regions: 32->32
[2022-05-03T04:34:29.859-0700][gc,heap     ] GC(43) Archive regions: 2->2
[2022-05-03T04:34:29.859-0700][gc,heap     ] GC(43) Humongous regions: 14->14
[2022-05-03T04:34:29.859-0700][gc,metaspace] GC(43) Metaspace: 65707K(66240K)->65707K(66240K) NonClass: 57919K(58176K)->57919K(58176K) Class: 7787K(8064K)->7787K(8064K)
[2022-05-03T04:34:29.859-0700][gc          ] GC(43) Pause Young (Normal) (G1 Evacuation Pause) 301M->46M(512M) 10.548ms
[2022-05-03T04:34:29.859-0700][gc,cpu      ] GC(43) User=0.01s Sys=0.00s Real=0.01s
[2022-05-03T04:49:21.449-0700][gc,start    ] GC(44) Pause Young (Normal) (G1 Evacuation Pause)
[2022-05-03T04:49:21.451-0700][gc,task     ] GC(44) Using 9 workers of 9 for evacuation
[2022-05-03T04:49:21.463-0700][gc,phases   ] GC(44)   Pre Evacuate Collection Set: 0.8ms
[2022-05-03T04:49:21.464-0700][gc,phases   ] GC(44)   Merge Heap Roots: 0.4ms
[2022-05-03T04:49:21.464-0700][gc,phases   ] GC(44)   Evacuate Collection Set: 8.2ms
[2022-05-03T04:49:21.464-0700][gc,phases   ] GC(44)   Post Evacuate Collection Set: 2.2ms
[2022-05-03T04:49:21.464-0700][gc,phases   ] GC(44)   Other: 3.1ms
[2022-05-03T04:49:21.464-0700][gc,heap     ] GC(44) Eden regions: 255->0(255)
[2022-05-03T04:49:21.464-0700][gc,heap     ] GC(44) Survivor regions: 1->1(32)
[2022-05-03T04:49:21.464-0700][gc,heap     ] GC(44) Old regions: 32->32
[2022-05-03T04:49:21.464-0700][gc,heap     ] GC(44) Archive regions: 2->2
[2022-05-03T04:49:21.464-0700][gc,heap     ] GC(44) Humongous regions: 14->14
[2022-05-03T04:49:21.464-0700][gc,metaspace] GC(44) Metaspace: 65707K(66240K)->65707K(66240K) NonClass: 57919K(58176K)->57919K(58176K) Class: 7787K(8064K)->7787K(8064K)
[2022-05-03T04:49:21.464-0700][gc          ] GC(44) Pause Young (Normal) (G1 Evacuation Pause) 301M->46M(512M) 14.994ms
[2022-05-03T04:49:21.464-0700][gc,cpu      ] GC(44) User=0.02s Sys=0.01s Real=0.02s
[2022-05-03T05:04:09.946-0700][gc,start    ] GC(45) Pause Young (Normal) (G1 Evacuation Pause)
[2022-05-03T05:04:09.948-0700][gc,task     ] GC(45) Using 9 workers of 9 for evacuation
[2022-05-03T05:04:09.957-0700][gc,phases   ] GC(45)   Pre Evacuate Collection Set: 0.6ms
[2022-05-03T05:04:09.957-0700][gc,phases   ] GC(45)   Merge Heap Roots: 0.2ms
[2022-05-03T05:04:09.957-0700][gc,phases   ] GC(45)   Evacuate Collection Set: 6.0ms
[2022-05-03T05:04:09.957-0700][gc,phases   ] GC(45)   Post Evacuate Collection Set: 1.8ms
[2022-05-03T05:04:09.957-0700][gc,phases   ] GC(45)   Other: 2.5ms
[2022-05-03T05:04:09.957-0700][gc,heap     ] GC(45) Eden regions: 255->0(255)
[2022-05-03T05:04:09.957-0700][gc,heap     ] GC(45) Survivor regions: 1->1(32)
[2022-05-03T05:04:09.957-0700][gc,heap     ] GC(45) Old regions: 32->32
[2022-05-03T05:04:09.957-0700][gc,heap     ] GC(45) Archive regions: 2->2
[2022-05-03T05:04:09.957-0700][gc,heap     ] GC(45) Humongous regions: 14->14
[2022-05-03T05:04:09.957-0700][gc,metaspace] GC(45) Metaspace: 65714K(66240K)->65714K(66240K) NonClass: 57926K(58176K)->57926K(58176K) Class: 7787K(8064K)->7787K(8064K)
[2022-05-03T05:04:09.958-0700][gc          ] GC(45) Pause Young (Normal) (G1 Evacuation Pause) 301M->46M(512M) 11.430ms
[2022-05-03T05:04:09.958-0700][gc,cpu      ] GC(45) User=0.01s Sys=0.00s Real=0.01s
[2022-05-03T05:19:00.013-0700][gc,start    ] GC(46) Pause Young (Normal) (G1 Evacuation Pause)
[2022-05-03T05:19:00.015-0700][gc,task     ] GC(46) Using 9 workers of 9 for evacuation
[2022-05-03T05:19:00.031-0700][gc,phases   ] GC(46)   Pre Evacuate Collection Set: 0.6ms
[2022-05-03T05:19:00.031-0700][gc,phases   ] GC(46)   Merge Heap Roots: 3.2ms
[2022-05-03T05:19:00.031-0700][gc,phases   ] GC(46)   Evacuate Collection Set: 10.2ms
[2022-05-03T05:19:00.031-0700][gc,phases   ] GC(46)   Post Evacuate Collection Set: 1.6ms
[2022-05-03T05:19:00.031-0700][gc,phases   ] GC(46)   Other: 2.8ms
[2022-05-03T05:19:00.031-0700][gc,heap     ] GC(46) Eden regions: 255->0(255)
[2022-05-03T05:19:00.031-0700][gc,heap     ] GC(46) Survivor regions: 1->1(32)
[2022-05-03T05:19:00.031-0700][gc,heap     ] GC(46) Old regions: 32->32
[2022-05-03T05:19:00.031-0700][gc,heap     ] GC(46) Archive regions: 2->2
[2022-05-03T05:19:00.031-0700][gc,heap     ] GC(46) Humongous regions: 14->14
[2022-05-03T05:19:00.031-0700][gc,metaspace] GC(46) Metaspace: 65714K(66240K)->65714K(66240K) NonClass: 57926K(58176K)->57926K(58176K) Class: 7787K(8064K)->7787K(8064K)
[2022-05-03T05:19:00.031-0700][gc          ] GC(46) Pause Young (Normal) (G1 Evacuation Pause) 301M->46M(512M) 18.082ms
[2022-05-03T05:19:00.031-0700][gc,cpu      ] GC(46) User=0.01s Sys=0.01s Real=0.02s
[2022-05-03T05:33:48.178-0700][gc,start    ] GC(47) Pause Young (Normal) (G1 Evacuation Pause)
[2022-05-03T05:33:48.179-0700][gc,task     ] GC(47) Using 9 workers of 9 for evacuation
[2022-05-03T05:33:48.189-0700][gc,phases   ] GC(47)   Pre Evacuate Collection Set: 0.8ms
[2022-05-03T05:33:48.189-0700][gc,phases   ] GC(47)   Merge Heap Roots: 0.1ms
[2022-05-03T05:33:48.189-0700][gc,phases   ] GC(47)   Evacuate Collection Set: 7.3ms
[2022-05-03T05:33:48.189-0700][gc,phases   ] GC(47)   Post Evacuate Collection Set: 1.4ms
[2022-05-03T05:33:48.189-0700][gc,phases   ] GC(47)   Other: 2.5ms
[2022-05-03T05:33:48.189-0700][gc,heap     ] GC(47) Eden regions: 255->0(255)
[2022-05-03T05:33:48.189-0700][gc,heap     ] GC(47) Survivor regions: 1->1(32)
[2022-05-03T05:33:48.189-0700][gc,heap     ] GC(47) Old regions: 32->32
[2022-05-03T05:33:48.189-0700][gc,heap     ] GC(47) Archive regions: 2->2
[2022-05-03T05:33:48.190-0700][gc,heap     ] GC(47) Humongous regions: 14->14
[2022-05-03T05:33:48.190-0700][gc,metaspace] GC(47) Metaspace: 65714K(66240K)->65714K(66240K) NonClass: 57927K(58176K)->57927K(58176K) Class: 7787K(8064K)->7787K(8064K)
[2022-05-03T05:33:48.190-0700][gc          ] GC(47) Pause Young (Normal) (G1 Evacuation Pause) 301M->46M(512M) 12.094ms
[2022-05-03T05:33:48.190-0700][gc,cpu      ] GC(47) User=0.01s Sys=0.01s Real=0.02s
[2022-05-03T05:48:37.138-0700][gc,start    ] GC(48) Pause Young (Normal) (G1 Evacuation Pause)
[2022-05-03T05:48:37.140-0700][gc,task     ] GC(48) Using 9 workers of 9 for evacuation
[2022-05-03T05:48:37.160-0700][gc,phases   ] GC(48)   Pre Evacuate Collection Set: 0.8ms
[2022-05-03T05:48:37.160-0700][gc,phases   ] GC(48)   Merge Heap Roots: 0.2ms
[2022-05-03T05:48:37.160-0700][gc,phases   ] GC(48)   Evacuate Collection Set: 16.7ms
[2022-05-03T05:48:37.160-0700][gc,phases   ] GC(48)   Post Evacuate Collection Set: 2.2ms
[2022-05-03T05:48:37.160-0700][gc,phases   ] GC(48)   Other: 2.6ms
[2022-05-03T05:48:37.160-0700][gc,heap     ] GC(48) Eden regions: 255->0(255)
[2022-05-03T05:48:37.160-0700][gc,heap     ] GC(48) Survivor regions: 1->1(32)
[2022-05-03T05:48:37.160-0700][gc,heap     ] GC(48) Old regions: 32->32
[2022-05-03T05:48:37.160-0700][gc,heap     ] GC(48) Archive regions: 2->2
[2022-05-03T05:48:37.160-0700][gc,heap     ] GC(48) Humongous regions: 14->14
[2022-05-03T05:48:37.160-0700][gc,metaspace] GC(48) Metaspace: 65721K(66240K)->65721K(66240K) NonClass: 57934K(58176K)->57934K(58176K) Class: 7787K(8064K)->7787K(8064K)
[2022-05-03T05:48:37.161-0700][gc          ] GC(48) Pause Young (Normal) (G1 Evacuation Pause) 301M->46M(512M) 22.660ms
[2022-05-03T05:48:37.161-0700][gc,cpu      ] GC(48) User=0.02s Sys=0.01s Real=0.03s
[2022-05-03T06:03:28.123-0700][gc,start    ] GC(49) Pause Young (Normal) (G1 Evacuation Pause)
[2022-05-03T06:03:28.124-0700][gc,task     ] GC(49) Using 9 workers of 9 for evacuation
[2022-05-03T06:03:28.132-0700][gc,phases   ] GC(49)   Pre Evacuate Collection Set: 0.6ms
[2022-05-03T06:03:28.132-0700][gc,phases   ] GC(49)   Merge Heap Roots: 0.2ms
[2022-05-03T06:03:28.132-0700][gc,phases   ] GC(49)   Evacuate Collection Set: 5.3ms
[2022-05-03T06:03:28.132-0700][gc,phases   ] GC(49)   Post Evacuate Collection Set: 1.3ms
[2022-05-03T06:03:28.132-0700][gc,phases   ] GC(49)   Other: 2.2ms
[2022-05-03T06:03:28.132-0700][gc,heap     ] GC(49) Eden regions: 255->0(255)
[2022-05-03T06:03:28.132-0700][gc,heap     ] GC(49) Survivor regions: 1->1(32)
[2022-05-03T06:03:28.132-0700][gc,heap     ] GC(49) Old regions: 32->32
[2022-05-03T06:03:28.132-0700][gc,heap     ] GC(49) Archive regions: 2->2
[2022-05-03T06:03:28.132-0700][gc,heap     ] GC(49) Humongous regions: 14->14
[2022-05-03T06:03:28.133-0700][gc,metaspace] GC(49) Metaspace: 65741K(66304K)->65741K(66304K) NonClass: 57953K(58240K)->57953K(58240K) Class: 7787K(8064K)->7787K(8064K)
[2022-05-03T06:03:28.133-0700][gc          ] GC(49) Pause Young (Normal) (G1 Evacuation Pause) 301M->46M(512M) 9.851ms
[2022-05-03T06:03:28.133-0700][gc,cpu      ] GC(49) User=0.01s Sys=0.01s Real=0.01s
[2022-05-03T06:18:15.530-0700][gc,start    ] GC(50) Pause Young (Normal) (G1 Evacuation Pause)
[2022-05-03T06:18:15.532-0700][gc,task     ] GC(50) Using 9 workers of 9 for evacuation
[2022-05-03T06:18:15.546-0700][gc,phases   ] GC(50)   Pre Evacuate Collection Set: 1.3ms
[2022-05-03T06:18:15.546-0700][gc,phases   ] GC(50)   Merge Heap Roots: 0.8ms
[2022-05-03T06:18:15.546-0700][gc,phases   ] GC(50)   Evacuate Collection Set: 9.7ms
[2022-05-03T06:18:15.547-0700][gc,phases   ] GC(50)   Post Evacuate Collection Set: 1.8ms
[2022-05-03T06:18:15.547-0700][gc,phases   ] GC(50)   Other: 2.8ms
[2022-05-03T06:18:15.547-0700][gc,heap     ] GC(50) Eden regions: 255->0(255)
[2022-05-03T06:18:15.547-0700][gc,heap     ] GC(50) Survivor regions: 1->1(32)
[2022-05-03T06:18:15.547-0700][gc,heap     ] GC(50) Old regions: 32->32
[2022-05-03T06:18:15.547-0700][gc,heap     ] GC(50) Archive regions: 2->2
[2022-05-03T06:18:15.547-0700][gc,heap     ] GC(50) Humongous regions: 14->14
[2022-05-03T06:18:15.547-0700][gc,metaspace] GC(50) Metaspace: 65750K(66304K)->65750K(66304K) NonClass: 57963K(58240K)->57963K(58240K) Class: 7787K(8064K)->7787K(8064K)
[2022-05-03T06:18:15.547-0700][gc          ] GC(50) Pause Young (Normal) (G1 Evacuation Pause) 301M->46M(512M) 16.600ms
[2022-05-03T06:18:15.547-0700][gc,cpu      ] GC(50) User=0.01s Sys=0.01s Real=0.01s
[2022-05-03T06:33:03.001-0700][gc,start    ] GC(51) Pause Young (Normal) (G1 Evacuation Pause)
[2022-05-03T06:33:03.003-0700][gc,task     ] GC(51) Using 9 workers of 9 for evacuation
[2022-05-03T06:33:03.011-0700][gc,phases   ] GC(51)   Pre Evacuate Collection Set: 0.5ms
[2022-05-03T06:33:03.011-0700][gc,phases   ] GC(51)   Merge Heap Roots: 0.2ms
[2022-05-03T06:33:03.011-0700][gc,phases   ] GC(51)   Evacuate Collection Set: 5.2ms
[2022-05-03T06:33:03.011-0700][gc,phases   ] GC(51)   Post Evacuate Collection Set: 1.5ms
[2022-05-03T06:33:03.011-0700][gc,phases   ] GC(51)   Other: 2.3ms
[2022-05-03T06:33:03.011-0700][gc,heap     ] GC(51) Eden regions: 255->0(255)
[2022-05-03T06:33:03.011-0700][gc,heap     ] GC(51) Survivor regions: 1->1(32)
[2022-05-03T06:33:03.011-0700][gc,heap     ] GC(51) Old regions: 32->32
[2022-05-03T06:33:03.011-0700][gc,heap     ] GC(51) Archive regions: 2->2
[2022-05-03T06:33:03.011-0700][gc,heap     ] GC(51) Humongous regions: 14->14
[2022-05-03T06:33:03.011-0700][gc,metaspace] GC(51) Metaspace: 65752K(66304K)->65752K(66304K) NonClass: 57965K(58240K)->57965K(58240K) Class: 7787K(8064K)->7787K(8064K)
[2022-05-03T06:33:03.011-0700][gc          ] GC(51) Pause Young (Normal) (G1 Evacuation Pause) 301M->46M(512M) 9.918ms
[2022-05-03T06:33:03.011-0700][gc,cpu      ] GC(51) User=0.01s Sys=0.01s Real=0.01s
[2022-05-03T06:47:51.446-0700][gc,start    ] GC(52) Pause Young (Normal) (G1 Evacuation Pause)
[2022-05-03T06:47:51.447-0700][gc,task     ] GC(52) Using 9 workers of 9 for evacuation
[2022-05-03T06:47:51.455-0700][gc,phases   ] GC(52)   Pre Evacuate Collection Set: 0.5ms
[2022-05-03T06:47:51.455-0700][gc,phases   ] GC(52)   Merge Heap Roots: 0.2ms
[2022-05-03T06:47:51.455-0700][gc,phases   ] GC(52)   Evacuate Collection Set: 5.4ms
[2022-05-03T06:47:51.455-0700][gc,phases   ] GC(52)   Post Evacuate Collection Set: 1.6ms
[2022-05-03T06:47:51.455-0700][gc,phases   ] GC(52)   Other: 1.0ms
[2022-05-03T06:47:51.455-0700][gc,heap     ] GC(52) Eden regions: 255->0(255)
[2022-05-03T06:47:51.455-0700][gc,heap     ] GC(52) Survivor regions: 1->1(32)
[2022-05-03T06:47:51.455-0700][gc,heap     ] GC(52) Old regions: 32->32
[2022-05-03T06:47:51.455-0700][gc,heap     ] GC(52) Archive regions: 2->2
[2022-05-03T06:47:51.455-0700][gc,heap     ] GC(52) Humongous regions: 14->14
[2022-05-03T06:47:51.455-0700][gc,metaspace] GC(52) Metaspace: 65753K(66304K)->65753K(66304K) NonClass: 57966K(58240K)->57966K(58240K) Class: 7787K(8064K)->7787K(8064K)
[2022-05-03T06:47:51.455-0700][gc          ] GC(52) Pause Young (Normal) (G1 Evacuation Pause) 301M->46M(512M) 8.808ms
[2022-05-03T06:47:51.455-0700][gc,cpu      ] GC(52) User=0.01s Sys=0.00s Real=0.01s
[2022-05-03T07:02:37.898-0700][gc,start    ] GC(53) Pause Young (Normal) (G1 Evacuation Pause)
[2022-05-03T07:02:37.900-0700][gc,task     ] GC(53) Using 9 workers of 9 for evacuation
[2022-05-03T07:02:37.908-0700][gc,phases   ] GC(53)   Pre Evacuate Collection Set: 0.5ms
[2022-05-03T07:02:37.908-0700][gc,phases   ] GC(53)   Merge Heap Roots: 0.3ms
[2022-05-03T07:02:37.909-0700][gc,phases   ] GC(53)   Evacuate Collection Set: 6.1ms
[2022-05-03T07:02:37.909-0700][gc,phases   ] GC(53)   Post Evacuate Collection Set: 1.4ms
[2022-05-03T07:02:37.909-0700][gc,phases   ] GC(53)   Other: 2.4ms
[2022-05-03T07:02:37.909-0700][gc,heap     ] GC(53) Eden regions: 255->0(255)
[2022-05-03T07:02:37.909-0700][gc,heap     ] GC(53) Survivor regions: 1->1(32)
[2022-05-03T07:02:37.909-0700][gc,heap     ] GC(53) Old regions: 32->32
[2022-05-03T07:02:37.909-0700][gc,heap     ] GC(53) Archive regions: 2->2
[2022-05-03T07:02:37.909-0700][gc,heap     ] GC(53) Humongous regions: 14->14
[2022-05-03T07:02:37.909-0700][gc,metaspace] GC(53) Metaspace: 65757K(66304K)->65757K(66304K) NonClass: 57970K(58240K)->57970K(58240K) Class: 7787K(8064K)->7787K(8064K)
[2022-05-03T07:02:37.909-0700][gc          ] GC(53) Pause Young (Normal) (G1 Evacuation Pause) 301M->46M(512M) 10.991ms
[2022-05-03T07:02:37.909-0700][gc,cpu      ] GC(53) User=0.01s Sys=0.00s Real=0.01s
[2022-05-03T07:17:27.561-0700][gc,start    ] GC(54) Pause Young (Normal) (G1 Evacuation Pause)
[2022-05-03T07:17:27.563-0700][gc,task     ] GC(54) Using 9 workers of 9 for evacuation
[2022-05-03T07:17:27.575-0700][gc,phases   ] GC(54)   Pre Evacuate Collection Set: 0.9ms
[2022-05-03T07:17:27.576-0700][gc,phases   ] GC(54)   Merge Heap Roots: 0.2ms
[2022-05-03T07:17:27.576-0700][gc,phases   ] GC(54)   Evacuate Collection Set: 9.0ms
[2022-05-03T07:17:27.576-0700][gc,phases   ] GC(54)   Post Evacuate Collection Set: 2.1ms
[2022-05-03T07:17:27.576-0700][gc,phases   ] GC(54)   Other: 2.7ms
[2022-05-03T07:17:27.576-0700][gc,heap     ] GC(54) Eden regions: 255->0(255)
[2022-05-03T07:17:27.576-0700][gc,heap     ] GC(54) Survivor regions: 1->1(32)
[2022-05-03T07:17:27.576-0700][gc,heap     ] GC(54) Old regions: 32->32
[2022-05-03T07:17:27.576-0700][gc,heap     ] GC(54) Archive regions: 2->2
[2022-05-03T07:17:27.576-0700][gc,heap     ] GC(54) Humongous regions: 14->14
[2022-05-03T07:17:27.576-0700][gc,metaspace] GC(54) Metaspace: 65758K(66304K)->65758K(66304K) NonClass: 57971K(58240K)->57971K(58240K) Class: 7787K(8064K)->7787K(8064K)
[2022-05-03T07:17:27.576-0700][gc          ] GC(54) Pause Young (Normal) (G1 Evacuation Pause) 301M->46M(512M) 15.226ms
[2022-05-03T07:17:27.576-0700][gc,cpu      ] GC(54) User=0.01s Sys=0.02s Real=0.01s
[2022-05-03T07:32:15.671-0700][gc,start    ] GC(55) Pause Young (Normal) (G1 Evacuation Pause)
[2022-05-03T07:32:15.673-0700][gc,task     ] GC(55) Using 9 workers of 9 for evacuation
[2022-05-03T07:32:15.682-0700][gc,phases   ] GC(55)   Pre Evacuate Collection Set: 0.7ms
[2022-05-03T07:32:15.682-0700][gc,phases   ] GC(55)   Merge Heap Roots: 0.2ms
[2022-05-03T07:32:15.682-0700][gc,phases   ] GC(55)   Evacuate Collection Set: 6.1ms
[2022-05-03T07:32:15.682-0700][gc,phases   ] GC(55)   Post Evacuate Collection Set: 1.7ms
[2022-05-03T07:32:15.682-0700][gc,phases   ] GC(55)   Other: 2.3ms
[2022-05-03T07:32:15.682-0700][gc,heap     ] GC(55) Eden regions: 255->0(255)
[2022-05-03T07:32:15.682-0700][gc,heap     ] GC(55) Survivor regions: 1->1(32)
[2022-05-03T07:32:15.683-0700][gc,heap     ] GC(55) Old regions: 32->32
[2022-05-03T07:32:15.683-0700][gc,heap     ] GC(55) Archive regions: 2->2
[2022-05-03T07:32:15.683-0700][gc,heap     ] GC(55) Humongous regions: 14->14
[2022-05-03T07:32:15.683-0700][gc,metaspace] GC(55) Metaspace: 65763K(66304K)->65763K(66304K) NonClass: 57976K(58240K)->57976K(58240K) Class: 7787K(8064K)->7787K(8064K)
[2022-05-03T07:32:15.683-0700][gc          ] GC(55) Pause Young (Normal) (G1 Evacuation Pause) 301M->46M(512M) 11.215ms
[2022-05-03T07:32:15.683-0700][gc,cpu      ] GC(55) User=0.01s Sys=0.01s Real=0.01s
[2022-05-03T07:47:05.365-0700][gc,start    ] GC(56) Pause Young (Normal) (G1 Evacuation Pause)
[2022-05-03T07:47:05.367-0700][gc,task     ] GC(56) Using 9 workers of 9 for evacuation
[2022-05-03T07:47:05.380-0700][gc,phases   ] GC(56)   Pre Evacuate Collection Set: 1.0ms
[2022-05-03T07:47:05.380-0700][gc,phases   ] GC(56)   Merge Heap Roots: 0.2ms
[2022-05-03T07:47:05.380-0700][gc,phases   ] GC(56)   Evacuate Collection Set: 9.0ms
[2022-05-03T07:47:05.380-0700][gc,phases   ] GC(56)   Post Evacuate Collection Set: 1.8ms
[2022-05-03T07:47:05.380-0700][gc,phases   ] GC(56)   Other: 2.8ms
[2022-05-03T07:47:05.380-0700][gc,heap     ] GC(56) Eden regions: 255->0(255)
[2022-05-03T07:47:05.380-0700][gc,heap     ] GC(56) Survivor regions: 1->1(32)
[2022-05-03T07:47:05.380-0700][gc,heap     ] GC(56) Old regions: 32->32
[2022-05-03T07:47:05.380-0700][gc,heap     ] GC(56) Archive regions: 2->2
[2022-05-03T07:47:05.380-0700][gc,heap     ] GC(56) Humongous regions: 14->14
[2022-05-03T07:47:05.380-0700][gc,metaspace] GC(56) Metaspace: 65765K(66304K)->65765K(66304K) NonClass: 57978K(58240K)->57978K(58240K) Class: 7787K(8064K)->7787K(8064K)
[2022-05-03T07:47:05.380-0700][gc          ] GC(56) Pause Young (Normal) (G1 Evacuation Pause) 301M->47M(512M) 14.783ms
[2022-05-03T07:47:05.380-0700][gc,cpu      ] GC(56) User=0.01s Sys=0.01s Real=0.02s
[2022-05-03T08:01:57.776-0700][gc,start    ] GC(57) Pause Young (Normal) (G1 Evacuation Pause)
[2022-05-03T08:01:57.778-0700][gc,task     ] GC(57) Using 9 workers of 9 for evacuation
[2022-05-03T08:01:57.782-0700][gc,phases   ] GC(57)   Pre Evacuate Collection Set: 0.9ms
[2022-05-03T08:01:57.782-0700][gc,phases   ] GC(57)   Merge Heap Roots: 0.2ms
[2022-05-03T08:01:57.782-0700][gc,phases   ] GC(57)   Evacuate Collection Set: 2.3ms
[2022-05-03T08:01:57.782-0700][gc,phases   ] GC(57)   Post Evacuate Collection Set: 0.6ms
[2022-05-03T08:01:57.783-0700][gc,phases   ] GC(57)   Other: 2.8ms
[2022-05-03T08:01:57.783-0700][gc,heap     ] GC(57) Eden regions: 255->0(255)
[2022-05-03T08:01:57.783-0700][gc,heap     ] GC(57) Survivor regions: 1->1(32)
[2022-05-03T08:01:57.783-0700][gc,heap     ] GC(57) Old regions: 32->32
[2022-05-03T08:01:57.783-0700][gc,heap     ] GC(57) Archive regions: 2->2
[2022-05-03T08:01:57.783-0700][gc,heap     ] GC(57) Humongous regions: 14->14
[2022-05-03T08:01:57.783-0700][gc,metaspace] GC(57) Metaspace: 65766K(66304K)->65766K(66304K) NonClass: 57978K(58240K)->57978K(58240K) Class: 7787K(8064K)->7787K(8064K)
[2022-05-03T08:01:57.783-0700][gc          ] GC(57) Pause Young (Normal) (G1 Evacuation Pause) 302M->46M(512M) 7.064ms
[2022-05-03T08:01:57.783-0700][gc,cpu      ] GC(57) User=0.01s Sys=0.01s Real=0.01s
[2022-05-03T08:16:45.317-0700][gc,start    ] GC(58) Pause Young (Normal) (G1 Evacuation Pause)
[2022-05-03T08:16:45.319-0700][gc,task     ] GC(58) Using 9 workers of 9 for evacuation
[2022-05-03T08:16:45.333-0700][gc,phases   ] GC(58)   Pre Evacuate Collection Set: 1.7ms
[2022-05-03T08:16:45.333-0700][gc,phases   ] GC(58)   Merge Heap Roots: 1.1ms
[2022-05-03T08:16:45.333-0700][gc,phases   ] GC(58)   Evacuate Collection Set: 9.1ms
[2022-05-03T08:16:45.333-0700][gc,phases   ] GC(58)   Post Evacuate Collection Set: 1.7ms
[2022-05-03T08:16:45.333-0700][gc,phases   ] GC(58)   Other: 2.9ms
[2022-05-03T08:16:45.333-0700][gc,heap     ] GC(58) Eden regions: 255->0(255)
[2022-05-03T08:16:45.333-0700][gc,heap     ] GC(58) Survivor regions: 1->1(32)
[2022-05-03T08:16:45.333-0700][gc,heap     ] GC(58) Old regions: 32->32
[2022-05-03T08:16:45.334-0700][gc,heap     ] GC(58) Archive regions: 2->2
[2022-05-03T08:16:45.334-0700][gc,heap     ] GC(58) Humongous regions: 14->14
[2022-05-03T08:16:45.334-0700][gc,metaspace] GC(58) Metaspace: 65767K(66304K)->65767K(66304K) NonClass: 57980K(58240K)->57980K(58240K) Class: 7787K(8064K)->7787K(8064K)
[2022-05-03T08:16:45.334-0700][gc          ] GC(58) Pause Young (Normal) (G1 Evacuation Pause) 301M->46M(512M) 16.615ms
[2022-05-03T08:16:45.334-0700][gc,cpu      ] GC(58) User=0.01s Sys=0.01s Real=0.02s
[2022-05-03T08:31:37.884-0700][gc,start    ] GC(59) Pause Young (Normal) (G1 Evacuation Pause)
[2022-05-03T08:31:37.887-0700][gc,task     ] GC(59) Using 9 workers of 9 for evacuation
[2022-05-03T08:31:37.896-0700][gc,phases   ] GC(59)   Pre Evacuate Collection Set: 1.0ms
[2022-05-03T08:31:37.896-0700][gc,phases   ] GC(59)   Merge Heap Roots: 0.3ms
[2022-05-03T08:31:37.896-0700][gc,phases   ] GC(59)   Evacuate Collection Set: 5.7ms
[2022-05-03T08:31:37.896-0700][gc,phases   ] GC(59)   Post Evacuate Collection Set: 1.9ms
[2022-05-03T08:31:37.896-0700][gc,phases   ] GC(59)   Other: 2.9ms
[2022-05-03T08:31:37.896-0700][gc,heap     ] GC(59) Eden regions: 255->0(255)
[2022-05-03T08:31:37.896-0700][gc,heap     ] GC(59) Survivor regions: 1->1(32)
[2022-05-03T08:31:37.896-0700][gc,heap     ] GC(59) Old regions: 32->32
[2022-05-03T08:31:37.896-0700][gc,heap     ] GC(59) Archive regions: 2->2
[2022-05-03T08:31:37.896-0700][gc,heap     ] GC(59) Humongous regions: 14->14
[2022-05-03T08:31:37.896-0700][gc,metaspace] GC(59) Metaspace: 65769K(66304K)->65769K(66304K) NonClass: 57982K(58240K)->57982K(58240K) Class: 7787K(8064K)->7787K(8064K)
[2022-05-03T08:31:37.896-0700][gc          ] GC(59) Pause Young (Normal) (G1 Evacuation Pause) 301M->46M(512M) 12.049ms
[2022-05-03T08:31:37.896-0700][gc,cpu      ] GC(59) User=0.01s Sys=0.01s Real=0.01s
[2022-05-03T08:46:29.987-0700][gc,start    ] GC(60) Pause Young (Normal) (G1 Evacuation Pause)
[2022-05-03T08:46:29.989-0700][gc,task     ] GC(60) Using 9 workers of 9 for evacuation
[2022-05-03T08:46:29.997-0700][gc,phases   ] GC(60)   Pre Evacuate Collection Set: 0.9ms
[2022-05-03T08:46:29.997-0700][gc,phases   ] GC(60)   Merge Heap Roots: 0.2ms
[2022-05-03T08:46:29.998-0700][gc,phases   ] GC(60)   Evacuate Collection Set: 5.5ms
[2022-05-03T08:46:29.998-0700][gc,phases   ] GC(60)   Post Evacuate Collection Set: 1.4ms
[2022-05-03T08:46:29.998-0700][gc,phases   ] GC(60)   Other: 2.4ms
[2022-05-03T08:46:29.998-0700][gc,heap     ] GC(60) Eden regions: 255->0(255)
[2022-05-03T08:46:29.998-0700][gc,heap     ] GC(60) Survivor regions: 1->1(32)
[2022-05-03T08:46:29.998-0700][gc,heap     ] GC(60) Old regions: 32->32
[2022-05-03T08:46:29.998-0700][gc,heap     ] GC(60) Archive regions: 2->2
[2022-05-03T08:46:29.998-0700][gc,heap     ] GC(60) Humongous regions: 14->14
[2022-05-03T08:46:29.998-0700][gc,metaspace] GC(60) Metaspace: 65779K(66304K)->65779K(66304K) NonClass: 57992K(58240K)->57992K(58240K) Class: 7787K(8064K)->7787K(8064K)
[2022-05-03T08:46:29.998-0700][gc          ] GC(60) Pause Young (Normal) (G1 Evacuation Pause) 301M->46M(512M) 10.871ms
[2022-05-03T08:46:29.998-0700][gc,cpu      ] GC(60) User=0.01s Sys=0.00s Real=0.01s
[2022-05-03T09:01:17.724-0700][gc,start    ] GC(61) Pause Young (Normal) (G1 Evacuation Pause)
[2022-05-03T09:01:17.726-0700][gc,task     ] GC(61) Using 9 workers of 9 for evacuation
[2022-05-03T09:01:17.743-0700][gc,phases   ] GC(61)   Pre Evacuate Collection Set: 1.0ms
[2022-05-03T09:01:17.743-0700][gc,phases   ] GC(61)   Merge Heap Roots: 0.3ms
[2022-05-03T09:01:17.743-0700][gc,phases   ] GC(61)   Evacuate Collection Set: 8.3ms
[2022-05-03T09:01:17.743-0700][gc,phases   ] GC(61)   Post Evacuate Collection Set: 6.2ms
[2022-05-03T09:01:17.743-0700][gc,phases   ] GC(61)   Other: 2.9ms
[2022-05-03T09:01:17.743-0700][gc,heap     ] GC(61) Eden regions: 255->0(255)
[2022-05-03T09:01:17.743-0700][gc,heap     ] GC(61) Survivor regions: 1->1(32)
[2022-05-03T09:01:17.743-0700][gc,heap     ] GC(61) Old regions: 32->32
[2022-05-03T09:01:17.743-0700][gc,heap     ] GC(61) Archive regions: 2->2
[2022-05-03T09:01:17.743-0700][gc,heap     ] GC(61) Humongous regions: 14->14
[2022-05-03T09:01:17.743-0700][gc,metaspace] GC(61) Metaspace: 65781K(66304K)->65781K(66304K) NonClass: 57994K(58240K)->57994K(58240K) Class: 7787K(8064K)->7787K(8064K)
[2022-05-03T09:01:17.743-0700][gc          ] GC(61) Pause Young (Normal) (G1 Evacuation Pause) 301M->46M(512M) 18.854ms
[2022-05-03T09:01:17.743-0700][gc,cpu      ] GC(61) User=0.01s Sys=0.01s Real=0.02s
[2022-05-03T09:16:09.091-0700][gc,start    ] GC(62) Pause Young (Normal) (G1 Evacuation Pause)
[2022-05-03T09:16:09.092-0700][gc,task     ] GC(62) Using 9 workers of 9 for evacuation
[2022-05-03T09:16:09.105-0700][gc,phases   ] GC(62)   Pre Evacuate Collection Set: 0.6ms
[2022-05-03T09:16:09.105-0700][gc,phases   ] GC(62)   Merge Heap Roots: 0.2ms
[2022-05-03T09:16:09.105-0700][gc,phases   ] GC(62)   Evacuate Collection Set: 10.7ms
[2022-05-03T09:16:09.105-0700][gc,phases   ] GC(62)   Post Evacuate Collection Set: 0.9ms
[2022-05-03T09:16:09.105-0700][gc,phases   ] GC(62)   Other: 1.4ms
[2022-05-03T09:16:09.105-0700][gc,heap     ] GC(62) Eden regions: 255->0(255)
[2022-05-03T09:16:09.105-0700][gc,heap     ] GC(62) Survivor regions: 1->1(32)
[2022-05-03T09:16:09.105-0700][gc,heap     ] GC(62) Old regions: 32->32
[2022-05-03T09:16:09.105-0700][gc,heap     ] GC(62) Archive regions: 2->2
[2022-05-03T09:16:09.105-0700][gc,heap     ] GC(62) Humongous regions: 14->14
[2022-05-03T09:16:09.105-0700][gc,metaspace] GC(62) Metaspace: 65785K(66304K)->65785K(66304K) NonClass: 57998K(58240K)->57998K(58240K) Class: 7787K(8064K)->7787K(8064K)
[2022-05-03T09:16:09.105-0700][gc          ] GC(62) Pause Young (Normal) (G1 Evacuation Pause) 301M->46M(512M) 13.851ms
[2022-05-03T09:16:09.105-0700][gc,cpu      ] GC(62) User=0.01s Sys=0.00s Real=0.01s
[2022-05-03T09:30:55.467-0700][gc,start    ] GC(63) Pause Young (Normal) (G1 Evacuation Pause)
[2022-05-03T09:30:55.469-0700][gc,task     ] GC(63) Using 9 workers of 9 for evacuation
[2022-05-03T09:30:55.490-0700][gc,phases   ] GC(63)   Pre Evacuate Collection Set: 0.6ms
[2022-05-03T09:30:55.490-0700][gc,phases   ] GC(63)   Merge Heap Roots: 1.9ms
[2022-05-03T09:30:55.490-0700][gc,phases   ] GC(63)   Evacuate Collection Set: 17.6ms
[2022-05-03T09:30:55.490-0700][gc,phases   ] GC(63)   Post Evacuate Collection Set: 0.9ms
[2022-05-03T09:30:55.490-0700][gc,phases   ] GC(63)   Other: 2.1ms
[2022-05-03T09:30:55.490-0700][gc,heap     ] GC(63) Eden regions: 255->0(255)
[2022-05-03T09:30:55.490-0700][gc,heap     ] GC(63) Survivor regions: 1->1(32)
[2022-05-03T09:30:55.490-0700][gc,heap     ] GC(63) Old regions: 32->32
[2022-05-03T09:30:55.490-0700][gc,heap     ] GC(63) Archive regions: 2->2
[2022-05-03T09:30:55.490-0700][gc,heap     ] GC(63) Humongous regions: 14->14
[2022-05-03T09:30:55.490-0700][gc,metaspace] GC(63) Metaspace: 65794K(66368K)->65794K(66368K) NonClass: 58007K(58304K)->58007K(58304K) Class: 7787K(8064K)->7787K(8064K)
[2022-05-03T09:30:55.490-0700][gc          ] GC(63) Pause Young (Normal) (G1 Evacuation Pause) 301M->46M(512M) 23.104ms
[2022-05-03T09:30:55.490-0700][gc,cpu      ] GC(63) User=0.01s Sys=0.01s Real=0.03s
[2022-05-03T09:45:44.433-0700][gc,start    ] GC(64) Pause Young (Normal) (G1 Evacuation Pause)
[2022-05-03T09:45:44.436-0700][gc,task     ] GC(64) Using 9 workers of 9 for evacuation
[2022-05-03T09:45:44.449-0700][gc,phases   ] GC(64)   Pre Evacuate Collection Set: 0.7ms
[2022-05-03T09:45:44.449-0700][gc,phases   ] GC(64)   Merge Heap Roots: 0.2ms
[2022-05-03T09:45:44.449-0700][gc,phases   ] GC(64)   Evacuate Collection Set: 6.5ms
[2022-05-03T09:45:44.449-0700][gc,phases   ] GC(64)   Post Evacuate Collection Set: 5.7ms
[2022-05-03T09:45:44.449-0700][gc,phases   ] GC(64)   Other: 2.6ms
[2022-05-03T09:45:44.449-0700][gc,heap     ] GC(64) Eden regions: 255->0(255)
[2022-05-03T09:45:44.449-0700][gc,heap     ] GC(64) Survivor regions: 1->1(32)
[2022-05-03T09:45:44.449-0700][gc,heap     ] GC(64) Old regions: 32->32
[2022-05-03T09:45:44.449-0700][gc,heap     ] GC(64) Archive regions: 2->2
[2022-05-03T09:45:44.449-0700][gc,heap     ] GC(64) Humongous regions: 14->14
[2022-05-03T09:45:44.449-0700][gc,metaspace] GC(64) Metaspace: 65810K(66432K)->65810K(66432K) NonClass: 58023K(58368K)->58023K(58368K) Class: 7787K(8064K)->7787K(8064K)
[2022-05-03T09:45:44.449-0700][gc          ] GC(64) Pause Young (Normal) (G1 Evacuation Pause) 301M->46M(512M) 15.579ms
[2022-05-03T09:45:44.449-0700][gc,cpu      ] GC(64) User=0.01s Sys=0.01s Real=0.01s
[2022-05-03T10:00:37.250-0700][gc,start    ] GC(65) Pause Young (Normal) (G1 Evacuation Pause)
[2022-05-03T10:00:37.251-0700][gc,task     ] GC(65) Using 9 workers of 9 for evacuation
[2022-05-03T10:00:37.268-0700][gc,phases   ] GC(65)   Pre Evacuate Collection Set: 0.5ms
[2022-05-03T10:00:37.268-0700][gc,phases   ] GC(65)   Merge Heap Roots: 0.2ms
[2022-05-03T10:00:37.268-0700][gc,phases   ] GC(65)   Evacuate Collection Set: 4.8ms
[2022-05-03T10:00:37.268-0700][gc,phases   ] GC(65)   Post Evacuate Collection Set: 11.5ms
[2022-05-03T10:00:37.268-0700][gc,phases   ] GC(65)   Other: 1.1ms
[2022-05-03T10:00:37.268-0700][gc,heap     ] GC(65) Eden regions: 255->0(255)
[2022-05-03T10:00:37.268-0700][gc,heap     ] GC(65) Survivor regions: 1->1(32)
[2022-05-03T10:00:37.268-0700][gc,heap     ] GC(65) Old regions: 32->32
[2022-05-03T10:00:37.268-0700][gc,heap     ] GC(65) Archive regions: 2->2
[2022-05-03T10:00:37.268-0700][gc,heap     ] GC(65) Humongous regions: 14->14
[2022-05-03T10:00:37.268-0700][gc,metaspace] GC(65) Metaspace: 65812K(66432K)->65812K(66432K) NonClass: 58025K(58368K)->58025K(58368K) Class: 7787K(8064K)->7787K(8064K)
[2022-05-03T10:00:37.268-0700][gc          ] GC(65) Pause Young (Normal) (G1 Evacuation Pause) 301M->46M(512M) 18.120ms
[2022-05-03T10:00:37.268-0700][gc,cpu      ] GC(65) User=0.01s Sys=0.00s Real=0.01s
[2022-05-03T10:15:26.594-0700][gc,start    ] GC(66) Pause Young (Normal) (G1 Evacuation Pause)
[2022-05-03T10:15:26.594-0700][gc,task     ] GC(66) Using 9 workers of 9 for evacuation
[2022-05-03T10:15:26.607-0700][gc,phases   ] GC(66)   Pre Evacuate Collection Set: 1.0ms
[2022-05-03T10:15:26.607-0700][gc,phases   ] GC(66)   Merge Heap Roots: 0.2ms
[2022-05-03T10:15:26.607-0700][gc,phases   ] GC(66)   Evacuate Collection Set: 9.4ms
[2022-05-03T10:15:26.607-0700][gc,phases   ] GC(66)   Post Evacuate Collection Set: 1.9ms
[2022-05-03T10:15:26.607-0700][gc,phases   ] GC(66)   Other: 1.1ms
[2022-05-03T10:15:26.607-0700][gc,heap     ] GC(66) Eden regions: 255->0(255)
[2022-05-03T10:15:26.607-0700][gc,heap     ] GC(66) Survivor regions: 1->1(32)
[2022-05-03T10:15:26.607-0700][gc,heap     ] GC(66) Old regions: 32->32
[2022-05-03T10:15:26.607-0700][gc,heap     ] GC(66) Archive regions: 2->2
[2022-05-03T10:15:26.607-0700][gc,heap     ] GC(66) Humongous regions: 14->14
[2022-05-03T10:15:26.607-0700][gc,metaspace] GC(66) Metaspace: 65831K(66432K)->65831K(66432K) NonClass: 58043K(58368K)->58043K(58368K) Class: 7787K(8064K)->7787K(8064K)
[2022-05-03T10:15:26.607-0700][gc          ] GC(66) Pause Young (Normal) (G1 Evacuation Pause) 301M->46M(512M) 13.765ms
[2022-05-03T10:15:26.608-0700][gc,cpu      ] GC(66) User=0.01s Sys=0.01s Real=0.01s
[2022-05-03T10:30:12.847-0700][gc,start    ] GC(67) Pause Young (Normal) (G1 Evacuation Pause)
[2022-05-03T10:30:12.848-0700][gc,task     ] GC(67) Using 9 workers of 9 for evacuation
[2022-05-03T10:30:12.862-0700][gc,phases   ] GC(67)   Pre Evacuate Collection Set: 1.2ms
[2022-05-03T10:30:12.862-0700][gc,phases   ] GC(67)   Merge Heap Roots: 0.4ms
[2022-05-03T10:30:12.862-0700][gc,phases   ] GC(67)   Evacuate Collection Set: 8.8ms
[2022-05-03T10:30:12.862-0700][gc,phases   ] GC(67)   Post Evacuate Collection Set: 2.6ms
[2022-05-03T10:30:12.862-0700][gc,phases   ] GC(67)   Other: 2.4ms
[2022-05-03T10:30:12.862-0700][gc,heap     ] GC(67) Eden regions: 255->0(255)
[2022-05-03T10:30:12.862-0700][gc,heap     ] GC(67) Survivor regions: 1->1(32)
[2022-05-03T10:30:12.862-0700][gc,heap     ] GC(67) Old regions: 32->32
[2022-05-03T10:30:12.862-0700][gc,heap     ] GC(67) Archive regions: 2->2
[2022-05-03T10:30:12.862-0700][gc,heap     ] GC(67) Humongous regions: 14->14
[2022-05-03T10:30:12.862-0700][gc,metaspace] GC(67) Metaspace: 65836K(66432K)->65836K(66432K) NonClass: 58049K(58368K)->58049K(58368K) Class: 7787K(8064K)->7787K(8064K)
[2022-05-03T10:30:12.862-0700][gc          ] GC(67) Pause Young (Normal) (G1 Evacuation Pause) 301M->47M(512M) 15.453ms
[2022-05-03T10:30:12.862-0700][gc,cpu      ] GC(67) User=0.01s Sys=0.01s Real=0.02s
[2022-05-03T10:44:54.862-0700][gc,start    ] GC(68) Pause Young (Normal) (G1 Evacuation Pause)
[2022-05-03T10:44:54.865-0700][gc,task     ] GC(68) Using 9 workers of 9 for evacuation
[2022-05-03T10:44:54.873-0700][gc,phases   ] GC(68)   Pre Evacuate Collection Set: 1.1ms
[2022-05-03T10:44:54.873-0700][gc,phases   ] GC(68)   Merge Heap Roots: 0.2ms
[2022-05-03T10:44:54.873-0700][gc,phases   ] GC(68)   Evacuate Collection Set: 4.8ms
[2022-05-03T10:44:54.873-0700][gc,phases   ] GC(68)   Post Evacuate Collection Set: 1.8ms
[2022-05-03T10:44:54.873-0700][gc,phases   ] GC(68)   Other: 2.7ms
[2022-05-03T10:44:54.873-0700][gc,heap     ] GC(68) Eden regions: 255->0(255)
[2022-05-03T10:44:54.873-0700][gc,heap     ] GC(68) Survivor regions: 1->1(32)
[2022-05-03T10:44:54.873-0700][gc,heap     ] GC(68) Old regions: 32->32
[2022-05-03T10:44:54.873-0700][gc,heap     ] GC(68) Archive regions: 2->2
[2022-05-03T10:44:54.873-0700][gc,heap     ] GC(68) Humongous regions: 14->14
[2022-05-03T10:44:54.873-0700][gc,metaspace] GC(68) Metaspace: 65836K(66432K)->65836K(66432K) NonClass: 58049K(58368K)->58049K(58368K) Class: 7787K(8064K)->7787K(8064K)
[2022-05-03T10:44:54.873-0700][gc          ] GC(68) Pause Young (Normal) (G1 Evacuation Pause) 302M->46M(512M) 10.530ms
[2022-05-03T10:44:54.873-0700][gc,cpu      ] GC(68) User=0.01s Sys=0.03s Real=0.01s
[2022-05-03T10:59:41.727-0700][gc,start    ] GC(69) Pause Young (Normal) (G1 Evacuation Pause)
[2022-05-03T10:59:41.728-0700][gc,task     ] GC(69) Using 9 workers of 9 for evacuation
[2022-05-03T10:59:41.737-0700][gc,phases   ] GC(69)   Pre Evacuate Collection Set: 0.7ms
[2022-05-03T10:59:41.737-0700][gc,phases   ] GC(69)   Merge Heap Roots: 0.2ms
[2022-05-03T10:59:41.737-0700][gc,phases   ] GC(69)   Evacuate Collection Set: 6.0ms
[2022-05-03T10:59:41.737-0700][gc,phases   ] GC(69)   Post Evacuate Collection Set: 1.6ms
[2022-05-03T10:59:41.737-0700][gc,phases   ] GC(69)   Other: 1.6ms
[2022-05-03T10:59:41.737-0700][gc,heap     ] GC(69) Eden regions: 255->0(255)
[2022-05-03T10:59:41.737-0700][gc,heap     ] GC(69) Survivor regions: 1->1(32)
[2022-05-03T10:59:41.737-0700][gc,heap     ] GC(69) Old regions: 32->32
[2022-05-03T10:59:41.737-0700][gc,heap     ] GC(69) Archive regions: 2->2
[2022-05-03T10:59:41.737-0700][gc,heap     ] GC(69) Humongous regions: 14->14
[2022-05-03T10:59:41.737-0700][gc,metaspace] GC(69) Metaspace: 65836K(66432K)->65836K(66432K) NonClass: 58049K(58368K)->58049K(58368K) Class: 7787K(8064K)->7787K(8064K)
[2022-05-03T10:59:41.737-0700][gc          ] GC(69) Pause Young (Normal) (G1 Evacuation Pause) 301M->47M(512M) 10.281ms
[2022-05-03T10:59:41.737-0700][gc,cpu      ] GC(69) User=0.00s Sys=0.01s Real=0.01s
[2022-05-03T11:14:28.887-0700][gc,start    ] GC(70) Pause Young (Normal) (G1 Evacuation Pause)
[2022-05-03T11:14:28.889-0700][gc,task     ] GC(70) Using 9 workers of 9 for evacuation
[2022-05-03T11:14:28.897-0700][gc,phases   ] GC(70)   Pre Evacuate Collection Set: 1.0ms
[2022-05-03T11:14:28.897-0700][gc,phases   ] GC(70)   Merge Heap Roots: 0.3ms
[2022-05-03T11:14:28.897-0700][gc,phases   ] GC(70)   Evacuate Collection Set: 5.3ms
[2022-05-03T11:14:28.897-0700][gc,phases   ] GC(70)   Post Evacuate Collection Set: 1.2ms
[2022-05-03T11:14:28.897-0700][gc,phases   ] GC(70)   Other: 2.7ms
[2022-05-03T11:14:28.897-0700][gc,heap     ] GC(70) Eden regions: 255->0(255)
[2022-05-03T11:14:28.897-0700][gc,heap     ] GC(70) Survivor regions: 1->1(32)
[2022-05-03T11:14:28.897-0700][gc,heap     ] GC(70) Old regions: 32->32
[2022-05-03T11:14:28.897-0700][gc,heap     ] GC(70) Archive regions: 2->2
[2022-05-03T11:14:28.897-0700][gc,heap     ] GC(70) Humongous regions: 14->14
[2022-05-03T11:14:28.897-0700][gc,metaspace] GC(70) Metaspace: 65838K(66432K)->65838K(66432K) NonClass: 58050K(58368K)->58050K(58368K) Class: 7787K(8064K)->7787K(8064K)
[2022-05-03T11:14:28.897-0700][gc          ] GC(70) Pause Young (Normal) (G1 Evacuation Pause) 302M->46M(512M) 10.607ms
[2022-05-03T11:14:28.897-0700][gc,cpu      ] GC(70) User=0.01s Sys=0.01s Real=0.01s
[2022-05-03T11:37:09.835-0700][gc,start    ] GC(71) Pause Young (Normal) (G1 Evacuation Pause)
[2022-05-03T11:37:09.836-0700][gc,task     ] GC(71) Using 9 workers of 9 for evacuation
[2022-05-03T11:37:09.863-0700][gc,phases   ] GC(71)   Pre Evacuate Collection Set: 1.5ms
[2022-05-03T11:37:09.863-0700][gc,phases   ] GC(71)   Merge Heap Roots: 1.0ms
[2022-05-03T11:37:09.863-0700][gc,phases   ] GC(71)   Evacuate Collection Set: 23.8ms
[2022-05-03T11:37:09.863-0700][gc,phases   ] GC(71)   Post Evacuate Collection Set: 0.8ms
[2022-05-03T11:37:09.863-0700][gc,phases   ] GC(71)   Other: 1.6ms
[2022-05-03T11:37:09.863-0700][gc,heap     ] GC(71) Eden regions: 255->0(255)
[2022-05-03T11:37:09.863-0700][gc,heap     ] GC(71) Survivor regions: 1->1(32)
[2022-05-03T11:37:09.863-0700][gc,heap     ] GC(71) Old regions: 32->32
[2022-05-03T11:37:09.863-0700][gc,heap     ] GC(71) Archive regions: 2->2
[2022-05-03T11:37:09.863-0700][gc,heap     ] GC(71) Humongous regions: 14->14
[2022-05-03T11:37:09.863-0700][gc,metaspace] GC(71) Metaspace: 65868K(66432K)->65868K(66432K) NonClass: 58080K(58368K)->58080K(58368K) Class: 7787K(8064K)->7787K(8064K)
[2022-05-03T11:37:09.863-0700][gc          ] GC(71) Pause Young (Normal) (G1 Evacuation Pause) 301M->47M(512M) 28.672ms
[2022-05-03T11:37:09.863-0700][gc,cpu      ] GC(71) User=0.01s Sys=0.01s Real=0.03s
[2022-05-03T11:56:04.044-0700][gc,start    ] GC(72) Pause Young (Normal) (G1 Evacuation Pause)
[2022-05-03T11:56:04.045-0700][gc,task     ] GC(72) Using 9 workers of 9 for evacuation
[2022-05-03T11:56:04.059-0700][gc,phases   ] GC(72)   Pre Evacuate Collection Set: 1.3ms
[2022-05-03T11:56:04.059-0700][gc,phases   ] GC(72)   Merge Heap Roots: 0.9ms
[2022-05-03T11:56:04.059-0700][gc,phases   ] GC(72)   Evacuate Collection Set: 9.5ms
[2022-05-03T11:56:04.059-0700][gc,phases   ] GC(72)   Post Evacuate Collection Set: 2.2ms
[2022-05-03T11:56:04.060-0700][gc,phases   ] GC(72)   Other: 1.8ms
[2022-05-03T11:56:04.060-0700][gc,heap     ] GC(72) Eden regions: 255->0(255)
[2022-05-03T11:56:04.060-0700][gc,heap     ] GC(72) Survivor regions: 1->1(32)
[2022-05-03T11:56:04.060-0700][gc,heap     ] GC(72) Old regions: 32->32
[2022-05-03T11:56:04.060-0700][gc,heap     ] GC(72) Archive regions: 2->2
[2022-05-03T11:56:04.060-0700][gc,heap     ] GC(72) Humongous regions: 14->14
[2022-05-03T11:56:04.060-0700][gc,metaspace] GC(72) Metaspace: 65875K(66432K)->65875K(66432K) NonClass: 58087K(58368K)->58087K(58368K) Class: 7787K(8064K)->7787K(8064K)
[2022-05-03T11:56:04.060-0700][gc          ] GC(72) Pause Young (Normal) (G1 Evacuation Pause) 302M->47M(512M) 15.643ms
[2022-05-03T11:56:04.060-0700][gc,cpu      ] GC(72) User=0.01s Sys=0.02s Real=0.02s
[2022-05-03T12:10:52.935-0700][gc,start    ] GC(73) Pause Young (Normal) (G1 Evacuation Pause)
[2022-05-03T12:10:52.936-0700][gc,task     ] GC(73) Using 9 workers of 9 for evacuation
[2022-05-03T12:10:52.949-0700][gc,phases   ] GC(73)   Pre Evacuate Collection Set: 1.5ms
[2022-05-03T12:10:52.949-0700][gc,phases   ] GC(73)   Merge Heap Roots: 0.6ms
[2022-05-03T12:10:52.949-0700][gc,phases   ] GC(73)   Evacuate Collection Set: 8.6ms
[2022-05-03T12:10:52.949-0700][gc,phases   ] GC(73)   Post Evacuate Collection Set: 1.6ms
[2022-05-03T12:10:52.949-0700][gc,phases   ] GC(73)   Other: 2.2ms
[2022-05-03T12:10:52.949-0700][gc,heap     ] GC(73) Eden regions: 255->0(255)
[2022-05-03T12:10:52.949-0700][gc,heap     ] GC(73) Survivor regions: 1->1(32)
[2022-05-03T12:10:52.949-0700][gc,heap     ] GC(73) Old regions: 32->32
[2022-05-03T12:10:52.949-0700][gc,heap     ] GC(73) Archive regions: 2->2
[2022-05-03T12:10:52.949-0700][gc,heap     ] GC(73) Humongous regions: 14->14
[2022-05-03T12:10:52.949-0700][gc,metaspace] GC(73) Metaspace: 65875K(66432K)->65875K(66432K) NonClass: 58087K(58368K)->58087K(58368K) Class: 7787K(8064K)->7787K(8064K)
