[2022-04-21T17:10:58.069-0700][gc] Using G1
[2022-04-21T17:10:58.070-0700][gc,init] Version: 17.0.2+0 (release)
[2022-04-21T17:10:58.070-0700][gc,init] CPUs: 10 total, 10 available
[2022-04-21T17:10:58.070-0700][gc,init] Memory: 16384M
[2022-04-21T17:10:58.070-0700][gc,init] Large Page Support: Disabled
[2022-04-21T17:10:58.070-0700][gc,init] NUMA Support: Disabled
[2022-04-21T17:10:58.070-0700][gc,init] Compressed Oops: Enabled (Zero based)
[2022-04-21T17:10:58.070-0700][gc,init] Heap Region Size: 1M
[2022-04-21T17:10:58.070-0700][gc,init] Heap Min Capacity: 512M
[2022-04-21T17:10:58.070-0700][gc,init] Heap Initial Capacity: 512M
[2022-04-21T17:10:58.070-0700][gc,init] Heap Max Capacity: 512M
[2022-04-21T17:10:58.070-0700][gc,init] Pre-touch: Disabled
[2022-04-21T17:10:58.070-0700][gc,init] Parallel Workers: 9
[2022-04-21T17:10:58.070-0700][gc,init] Concurrent Workers: 2
[2022-04-21T17:10:58.070-0700][gc,init] Concurrent Refinement Workers: 9
[2022-04-21T17:10:58.070-0700][gc,init] Periodic GC: Disabled
[2022-04-21T17:10:58.072-0700][gc,metaspace] CDS archive(s) mapped at: [0x0000000800000000-0x0000000800bd4000-0x0000000800bd4000), size 12402688, SharedBaseAddress: 0x0000000800000000, ArchiveRelocationMode: 0.
[2022-04-21T17:10:58.072-0700][gc,metaspace] Compressed class space mapped at: 0x0000000800c00000-0x0000000840c00000, reserved size: 1073741824
[2022-04-21T17:10:58.072-0700][gc,metaspace] Narrow klass base: 0x0000000800000000, Narrow klass shift: 0, Narrow klass range: 0x100000000
[2022-04-21T17:10:58.851-0700][gc,start    ] GC(0) Pause Young (Normal) (G1 Evacuation Pause)
[2022-04-21T17:10:58.851-0700][gc,task     ] GC(0) Using 9 workers of 9 for evacuation
[2022-04-21T17:10:58.854-0700][gc,phases   ] GC(0)   Pre Evacuate Collection Set: 0.1ms
[2022-04-21T17:10:58.854-0700][gc,phases   ] GC(0)   Merge Heap Roots: 0.1ms
[2022-04-21T17:10:58.854-0700][gc,phases   ] GC(0)   Evacuate Collection Set: 2.8ms
[2022-04-21T17:10:58.854-0700][gc,phases   ] GC(0)   Post Evacuate Collection Set: 0.4ms
[2022-04-21T17:10:58.854-0700][gc,phases   ] GC(0)   Other: 0.5ms
[2022-04-21T17:10:58.854-0700][gc,heap     ] GC(0) Eden regions: 256->0(248)
[2022-04-21T17:10:58.854-0700][gc,heap     ] GC(0) Survivor regions: 0->8(32)
[2022-04-21T17:10:58.854-0700][gc,heap     ] GC(0) Old regions: 0->0
[2022-04-21T17:10:58.854-0700][gc,heap     ] GC(0) Archive regions: 2->2
[2022-04-21T17:10:58.854-0700][gc,heap     ] GC(0) Humongous regions: 0->0
[2022-04-21T17:10:58.854-0700][gc,metaspace] GC(0) Metaspace: 17967K(18240K)->17967K(18240K) NonClass: 15726K(15872K)->15726K(15872K) Class: 2240K(2368K)->2240K(2368K)
[2022-04-21T17:10:58.854-0700][gc          ] GC(0) Pause Young (Normal) (G1 Evacuation Pause) 256M->8M(512M) 3.707ms
[2022-04-21T17:10:58.854-0700][gc,cpu      ] GC(0) User=0.02s Sys=0.00s Real=0.00s
[2022-04-21T17:10:59.157-0700][gc,start    ] GC(1) Pause Young (Concurrent Start) (Metadata GC Threshold)
[2022-04-21T17:10:59.157-0700][gc,task     ] GC(1) Using 9 workers of 9 for evacuation
[2022-04-21T17:10:59.160-0700][gc,phases   ] GC(1)   Pre Evacuate Collection Set: 0.1ms
[2022-04-21T17:10:59.160-0700][gc,phases   ] GC(1)   Merge Heap Roots: 0.0ms
[2022-04-21T17:10:59.160-0700][gc,phases   ] GC(1)   Evacuate Collection Set: 2.1ms
[2022-04-21T17:10:59.160-0700][gc,phases   ] GC(1)   Post Evacuate Collection Set: 0.3ms
[2022-04-21T17:10:59.160-0700][gc,phases   ] GC(1)   Other: 0.1ms
[2022-04-21T17:10:59.160-0700][gc,heap     ] GC(1) Eden regions: 125->0(245)
[2022-04-21T17:10:59.160-0700][gc,heap     ] GC(1) Survivor regions: 8->11(32)
[2022-04-21T17:10:59.160-0700][gc,heap     ] GC(1) Old regions: 0->0
[2022-04-21T17:10:59.160-0700][gc,heap     ] GC(1) Archive regions: 2->2
[2022-04-21T17:10:59.160-0700][gc,heap     ] GC(1) Humongous regions: 0->0
[2022-04-21T17:10:59.160-0700][gc,metaspace] GC(1) Metaspace: 21245K(21504K)->21245K(21504K) NonClass: 18631K(18752K)->18631K(18752K) Class: 2614K(2752K)->2614K(2752K)
[2022-04-21T17:10:59.160-0700][gc          ] GC(1) Pause Young (Concurrent Start) (Metadata GC Threshold) 132M->11M(512M) 2.735ms
[2022-04-21T17:10:59.160-0700][gc,cpu      ] GC(1) User=0.02s Sys=0.00s Real=0.01s
[2022-04-21T17:10:59.160-0700][gc          ] GC(2) Concurrent Mark Cycle
[2022-04-21T17:10:59.160-0700][gc,marking  ] GC(2) Concurrent Clear Claimed Marks
[2022-04-21T17:10:59.160-0700][gc,marking  ] GC(2) Concurrent Clear Claimed Marks 0.012ms
[2022-04-21T17:10:59.160-0700][gc,marking  ] GC(2) Concurrent Scan Root Regions
[2022-04-21T17:10:59.162-0700][gc,marking  ] GC(2) Concurrent Scan Root Regions 1.904ms
[2022-04-21T17:10:59.162-0700][gc,marking  ] GC(2) Concurrent Mark
[2022-04-21T17:10:59.162-0700][gc,marking  ] GC(2) Concurrent Mark From Roots
[2022-04-21T17:10:59.162-0700][gc,task     ] GC(2) Using 2 workers of 2 for marking
[2022-04-21T17:10:59.163-0700][gc,marking  ] GC(2) Concurrent Mark From Roots 1.181ms
[2022-04-21T17:10:59.163-0700][gc,marking  ] GC(2) Concurrent Preclean
[2022-04-21T17:10:59.163-0700][gc,marking  ] GC(2) Concurrent Preclean 0.012ms
[2022-04-21T17:10:59.163-0700][gc,start    ] GC(2) Pause Remark
[2022-04-21T17:10:59.164-0700][gc          ] GC(2) Pause Remark 13M->13M(512M) 0.707ms
[2022-04-21T17:10:59.164-0700][gc,cpu      ] GC(2) User=0.00s Sys=0.00s Real=0.00s
[2022-04-21T17:10:59.164-0700][gc,marking  ] GC(2) Concurrent Mark 2.027ms
[2022-04-21T17:10:59.164-0700][gc,marking  ] GC(2) Concurrent Rebuild Remembered Sets
[2022-04-21T17:10:59.164-0700][gc,marking  ] GC(2) Concurrent Rebuild Remembered Sets 0.005ms
[2022-04-21T17:10:59.164-0700][gc,start    ] GC(2) Pause Cleanup
[2022-04-21T17:10:59.164-0700][gc          ] GC(2) Pause Cleanup 13M->13M(512M) 0.006ms
[2022-04-21T17:10:59.164-0700][gc,cpu      ] GC(2) User=0.00s Sys=0.00s Real=0.00s
[2022-04-21T17:10:59.164-0700][gc,marking  ] GC(2) Concurrent Cleanup for Next Mark
[2022-04-21T17:10:59.165-0700][gc,marking  ] GC(2) Concurrent Cleanup for Next Mark 0.793ms
[2022-04-21T17:10:59.165-0700][gc          ] GC(2) Concurrent Mark Cycle 4.886ms
[2022-04-21T17:10:59.503-0700][gc,start    ] GC(3) Pause Young (Normal) (G1 Evacuation Pause)
[2022-04-21T17:10:59.503-0700][gc,task     ] GC(3) Using 9 workers of 9 for evacuation
[2022-04-21T17:10:59.507-0700][gc,phases   ] GC(3)   Pre Evacuate Collection Set: 0.1ms
[2022-04-21T17:10:59.507-0700][gc,phases   ] GC(3)   Merge Heap Roots: 0.1ms
[2022-04-21T17:10:59.507-0700][gc,phases   ] GC(3)   Evacuate Collection Set: 3.3ms
[2022-04-21T17:10:59.507-0700][gc,phases   ] GC(3)   Post Evacuate Collection Set: 0.5ms
[2022-04-21T17:10:59.507-0700][gc,phases   ] GC(3)   Other: 0.1ms
[2022-04-21T17:10:59.507-0700][gc,heap     ] GC(3) Eden regions: 245->0(242)
[2022-04-21T17:10:59.507-0700][gc,heap     ] GC(3) Survivor regions: 11->14(32)
[2022-04-21T17:10:59.507-0700][gc,heap     ] GC(3) Old regions: 0->0
[2022-04-21T17:10:59.507-0700][gc,heap     ] GC(3) Archive regions: 2->2
[2022-04-21T17:10:59.507-0700][gc,heap     ] GC(3) Humongous regions: 0->0
[2022-04-21T17:10:59.507-0700][gc,metaspace] GC(3) Metaspace: 24529K(24896K)->24529K(24896K) NonClass: 21443K(21632K)->21443K(21632K) Class: 3086K(3264K)->3086K(3264K)
[2022-04-21T17:10:59.507-0700][gc          ] GC(3) Pause Young (Normal) (G1 Evacuation Pause) 256M->14M(512M) 4.034ms
[2022-04-21T17:10:59.507-0700][gc,cpu      ] GC(3) User=0.02s Sys=0.00s Real=0.00s
[2022-04-21T17:11:00.056-0700][gc,start    ] GC(4) Pause Young (Concurrent Start) (Metadata GC Threshold)
[2022-04-21T17:11:00.056-0700][gc,task     ] GC(4) Using 9 workers of 9 for evacuation
[2022-04-21T17:11:00.060-0700][gc,phases   ] GC(4)   Pre Evacuate Collection Set: 0.1ms
[2022-04-21T17:11:00.060-0700][gc,phases   ] GC(4)   Merge Heap Roots: 0.0ms
[2022-04-21T17:11:00.060-0700][gc,phases   ] GC(4)   Evacuate Collection Set: 4.0ms
[2022-04-21T17:11:00.060-0700][gc,phases   ] GC(4)   Post Evacuate Collection Set: 0.5ms
[2022-04-21T17:11:00.060-0700][gc,phases   ] GC(4)   Other: 0.1ms
[2022-04-21T17:11:00.060-0700][gc,heap     ] GC(4) Eden regions: 179->0(236)
[2022-04-21T17:11:00.060-0700][gc,heap     ] GC(4) Survivor regions: 14->20(32)
[2022-04-21T17:11:00.060-0700][gc,heap     ] GC(4) Old regions: 0->0
[2022-04-21T17:11:00.060-0700][gc,heap     ] GC(4) Archive regions: 2->2
[2022-04-21T17:11:00.061-0700][gc,heap     ] GC(4) Humongous regions: 0->0
[2022-04-21T17:11:00.061-0700][gc,metaspace] GC(4) Metaspace: 35696K(35968K)->35696K(35968K) NonClass: 31286K(31424K)->31286K(31424K) Class: 4410K(4544K)->4410K(4544K)
[2022-04-21T17:11:00.061-0700][gc          ] GC(4) Pause Young (Concurrent Start) (Metadata GC Threshold) 193M->20M(512M) 4.848ms
[2022-04-21T17:11:00.061-0700][gc,cpu      ] GC(4) User=0.04s Sys=0.00s Real=0.01s
[2022-04-21T17:11:00.061-0700][gc          ] GC(5) Concurrent Mark Cycle
[2022-04-21T17:11:00.061-0700][gc,marking  ] GC(5) Concurrent Clear Claimed Marks
[2022-04-21T17:11:00.061-0700][gc,marking  ] GC(5) Concurrent Clear Claimed Marks 0.025ms
[2022-04-21T17:11:00.061-0700][gc,marking  ] GC(5) Concurrent Scan Root Regions
[2022-04-21T17:11:00.064-0700][gc,marking  ] GC(5) Concurrent Scan Root Regions 3.801ms
[2022-04-21T17:11:00.064-0700][gc,marking  ] GC(5) Concurrent Mark
[2022-04-21T17:11:00.064-0700][gc,marking  ] GC(5) Concurrent Mark From Roots
[2022-04-21T17:11:00.064-0700][gc,task     ] GC(5) Using 2 workers of 2 for marking
[2022-04-21T17:11:00.065-0700][gc,marking  ] GC(5) Concurrent Mark From Roots 0.644ms
[2022-04-21T17:11:00.065-0700][gc,marking  ] GC(5) Concurrent Preclean
[2022-04-21T17:11:00.065-0700][gc,marking  ] GC(5) Concurrent Preclean 0.014ms
[2022-04-21T17:11:00.065-0700][gc,start    ] GC(5) Pause Remark
[2022-04-21T17:11:00.066-0700][gc          ] GC(5) Pause Remark 22M->22M(512M) 1.101ms
[2022-04-21T17:11:00.066-0700][gc,cpu      ] GC(5) User=0.01s Sys=0.00s Real=0.00s
[2022-04-21T17:11:00.066-0700][gc,marking  ] GC(5) Concurrent Mark 1.876ms
[2022-04-21T17:11:00.066-0700][gc,marking  ] GC(5) Concurrent Rebuild Remembered Sets
[2022-04-21T17:11:00.066-0700][gc,marking  ] GC(5) Concurrent Rebuild Remembered Sets 0.004ms
[2022-04-21T17:11:00.066-0700][gc,start    ] GC(5) Pause Cleanup
[2022-04-21T17:11:00.066-0700][gc          ] GC(5) Pause Cleanup 22M->22M(512M) 0.010ms
[2022-04-21T17:11:00.066-0700][gc,cpu      ] GC(5) User=0.00s Sys=0.00s Real=0.00s
[2022-04-21T17:11:00.066-0700][gc,marking  ] GC(5) Concurrent Cleanup for Next Mark
[2022-04-21T17:11:00.067-0700][gc,marking  ] GC(5) Concurrent Cleanup for Next Mark 0.674ms
[2022-04-21T17:11:00.067-0700][gc          ] GC(5) Concurrent Mark Cycle 6.531ms
[2022-04-21T17:11:01.123-0700][gc,start    ] GC(6) Pause Young (Normal) (G1 Evacuation Pause)
[2022-04-21T17:11:01.123-0700][gc,task     ] GC(6) Using 9 workers of 9 for evacuation
[2022-04-21T17:11:01.131-0700][gc,phases   ] GC(6)   Pre Evacuate Collection Set: 0.1ms
[2022-04-21T17:11:01.131-0700][gc,phases   ] GC(6)   Merge Heap Roots: 0.0ms
[2022-04-21T17:11:01.131-0700][gc,phases   ] GC(6)   Evacuate Collection Set: 7.2ms
[2022-04-21T17:11:01.131-0700][gc,phases   ] GC(6)   Post Evacuate Collection Set: 1.0ms
[2022-04-21T17:11:01.131-0700][gc,phases   ] GC(6)   Other: 0.1ms
[2022-04-21T17:11:01.131-0700][gc,heap     ] GC(6) Eden regions: 236->0(232)
[2022-04-21T17:11:01.131-0700][gc,heap     ] GC(6) Survivor regions: 20->24(32)
[2022-04-21T17:11:01.132-0700][gc,heap     ] GC(6) Old regions: 0->7
[2022-04-21T17:11:01.132-0700][gc,heap     ] GC(6) Archive regions: 2->2
[2022-04-21T17:11:01.132-0700][gc,heap     ] GC(6) Humongous regions: 0->0
[2022-04-21T17:11:01.132-0700][gc,metaspace] GC(6) Metaspace: 52714K(53120K)->52714K(53120K) NonClass: 46243K(46464K)->46243K(46464K) Class: 6470K(6656K)->6470K(6656K)
[2022-04-21T17:11:01.132-0700][gc          ] GC(6) Pause Young (Normal) (G1 Evacuation Pause) 256M->31M(512M) 8.478ms
[2022-04-21T17:11:01.132-0700][gc,cpu      ] GC(6) User=0.06s Sys=0.01s Real=0.01s
[2022-04-21T17:11:06.098-0700][gc,start    ] GC(7) Pause Young (Concurrent Start) (Metadata GC Threshold)
[2022-04-21T17:11:06.098-0700][gc,task     ] GC(7) Using 9 workers of 9 for evacuation
[2022-04-21T17:11:06.103-0700][gc,phases   ] GC(7)   Pre Evacuate Collection Set: 0.1ms
[2022-04-21T17:11:06.103-0700][gc,phases   ] GC(7)   Merge Heap Roots: 0.0ms
[2022-04-21T17:11:06.103-0700][gc,phases   ] GC(7)   Evacuate Collection Set: 4.3ms
[2022-04-21T17:11:06.103-0700][gc,phases   ] GC(7)   Post Evacuate Collection Set: 0.4ms
[2022-04-21T17:11:06.103-0700][gc,phases   ] GC(7)   Other: 0.1ms
[2022-04-21T17:11:06.103-0700][gc,heap     ] GC(7) Eden regions: 183->0(235)
[2022-04-21T17:11:06.103-0700][gc,heap     ] GC(7) Survivor regions: 24->21(32)
[2022-04-21T17:11:06.103-0700][gc,heap     ] GC(7) Old regions: 7->12
[2022-04-21T17:11:06.103-0700][gc,heap     ] GC(7) Archive regions: 2->2
[2022-04-21T17:11:06.103-0700][gc,heap     ] GC(7) Humongous regions: 2->2
[2022-04-21T17:11:06.103-0700][gc,metaspace] GC(7) Metaspace: 59937K(60416K)->59937K(60416K) NonClass: 52463K(52672K)->52463K(52672K) Class: 7473K(7744K)->7473K(7744K)
[2022-04-21T17:11:06.103-0700][gc          ] GC(7) Pause Young (Concurrent Start) (Metadata GC Threshold) 215M->35M(512M) 5.127ms
[2022-04-21T17:11:06.103-0700][gc,cpu      ] GC(7) User=0.04s Sys=0.00s Real=0.01s
[2022-04-21T17:11:06.103-0700][gc          ] GC(8) Concurrent Mark Cycle
[2022-04-21T17:11:06.103-0700][gc,marking  ] GC(8) Concurrent Clear Claimed Marks
[2022-04-21T17:11:06.103-0700][gc,marking  ] GC(8) Concurrent Clear Claimed Marks 0.033ms
[2022-04-21T17:11:06.103-0700][gc,marking  ] GC(8) Concurrent Scan Root Regions
[2022-04-21T17:11:06.108-0700][gc,marking  ] GC(8) Concurrent Scan Root Regions 4.961ms
[2022-04-21T17:11:06.108-0700][gc,marking  ] GC(8) Concurrent Mark
[2022-04-21T17:11:06.108-0700][gc,marking  ] GC(8) Concurrent Mark From Roots
[2022-04-21T17:11:06.108-0700][gc,task     ] GC(8) Using 2 workers of 2 for marking
[2022-04-21T17:11:06.112-0700][gc,marking  ] GC(8) Concurrent Mark From Roots 3.739ms
[2022-04-21T17:11:06.112-0700][gc,marking  ] GC(8) Concurrent Preclean
[2022-04-21T17:11:06.112-0700][gc,marking  ] GC(8) Concurrent Preclean 0.033ms
[2022-04-21T17:11:06.112-0700][gc,start    ] GC(8) Pause Remark
[2022-04-21T17:11:06.113-0700][gc          ] GC(8) Pause Remark 37M->37M(512M) 1.535ms
[2022-04-21T17:11:06.113-0700][gc,cpu      ] GC(8) User=0.01s Sys=0.00s Real=0.00s
[2022-04-21T17:11:06.113-0700][gc,marking  ] GC(8) Concurrent Mark 5.454ms
[2022-04-21T17:11:06.113-0700][gc,marking  ] GC(8) Concurrent Rebuild Remembered Sets
[2022-04-21T17:11:06.117-0700][gc,marking  ] GC(8) Concurrent Rebuild Remembered Sets 3.546ms
[2022-04-21T17:11:06.117-0700][gc,start    ] GC(8) Pause Cleanup
[2022-04-21T17:11:06.117-0700][gc          ] GC(8) Pause Cleanup 37M->37M(512M) 0.054ms
[2022-04-21T17:11:06.117-0700][gc,cpu      ] GC(8) User=0.00s Sys=0.00s Real=0.00s
[2022-04-21T17:11:06.117-0700][gc,marking  ] GC(8) Concurrent Cleanup for Next Mark
[2022-04-21T17:11:06.117-0700][gc,marking  ] GC(8) Concurrent Cleanup for Next Mark 0.397ms
[2022-04-21T17:11:06.117-0700][gc          ] GC(8) Concurrent Mark Cycle 14.632ms
[2022-04-21T17:15:22.768-0700][gc,heap,exit] Heap
[2022-04-21T17:15:22.768-0700][gc,heap,exit]  garbage-first heap   total 524288K, used 122474K [0x00000007e0000000, 0x0000000800000000)
[2022-04-21T17:15:22.768-0700][gc,heap,exit]   region size 1024K, 96 young (98304K), 21 survivors (21504K)
[2022-04-21T17:15:22.768-0700][gc,heap,exit]  Metaspace       used 62971K, committed 63552K, reserved 1105920K
[2022-04-21T17:15:22.768-0700][gc,heap,exit]   class space    used 7773K, committed 8064K, reserved 1048576K
