[2022-04-28T10:28:09.526-0700][gc,heap     ] GC(224) Archive regions: 2->2
[2022-04-28T10:28:09.526-0700][gc,heap     ] GC(224) Humongous regions: 20->20
[2022-04-28T10:28:09.526-0700][gc,metaspace] GC(224) Metaspace: 68049K(68608K)->68049K(68608K) NonClass: 60056K(60352K)->60056K(60352K) Class: 7993K(8256K)->7993K(8256K)
[2022-04-28T10:28:09.527-0700][gc          ] GC(224) Pause Young (Normal) (G1 Evacuation Pause) 312M->57M(512M) 15.817ms
[2022-04-28T10:28:09.527-0700][gc,cpu      ] GC(224) User=0.01s Sys=0.01s Real=0.01s
[2022-04-28T10:42:48.800-0700][gc,start    ] GC(225) Pause Young (Normal) (G1 Evacuation Pause)
[2022-04-28T10:42:48.801-0700][gc,task     ] GC(225) Using 9 workers of 9 for evacuation
[2022-04-28T10:42:48.821-0700][gc,phases   ] GC(225)   Pre Evacuate Collection Set: 0.7ms
[2022-04-28T10:42:48.821-0700][gc,phases   ] GC(225)   Merge Heap Roots: 0.2ms
[2022-04-28T10:42:48.821-0700][gc,phases   ] GC(225)   Evacuate Collection Set: 17.8ms
[2022-04-28T10:42:48.821-0700][gc,phases   ] GC(225)   Post Evacuate Collection Set: 0.6ms
[2022-04-28T10:42:48.821-0700][gc,phases   ] GC(225)   Other: 1.5ms
[2022-04-28T10:42:48.821-0700][gc,heap     ] GC(225) Eden regions: 255->0(255)
[2022-04-28T10:42:48.821-0700][gc,heap     ] GC(225) Survivor regions: 1->1(32)
[2022-04-28T10:42:48.821-0700][gc,heap     ] GC(225) Old regions: 36->36
[2022-04-28T10:42:48.821-0700][gc,heap     ] GC(225) Archive regions: 2->2
[2022-04-28T10:42:48.821-0700][gc,heap     ] GC(225) Humongous regions: 20->20
[2022-04-28T10:42:48.821-0700][gc,metaspace] GC(225) Metaspace: 68049K(68608K)->68049K(68608K) NonClass: 60056K(60352K)->60056K(60352K) Class: 7993K(8256K)->7993K(8256K)
[2022-04-28T10:42:48.821-0700][gc          ] GC(225) Pause Young (Normal) (G1 Evacuation Pause) 312M->57M(512M) 20.740ms
[2022-04-28T10:42:48.821-0700][gc,cpu      ] GC(225) User=0.00s Sys=0.02s Real=0.02s
[2022-04-28T10:56:51.459-0700][gc,start    ] GC(226) Pause Young (Normal) (G1 Evacuation Pause)
[2022-04-28T10:56:51.460-0700][gc,task     ] GC(226) Using 9 workers of 9 for evacuation
[2022-04-28T10:56:51.474-0700][gc,phases   ] GC(226)   Pre Evacuate Collection Set: 0.6ms
[2022-04-28T10:56:51.474-0700][gc,phases   ] GC(226)   Merge Heap Roots: 0.1ms
[2022-04-28T10:56:51.474-0700][gc,phases   ] GC(226)   Evacuate Collection Set: 9.8ms
[2022-04-28T10:56:51.474-0700][gc,phases   ] GC(226)   Post Evacuate Collection Set: 2.9ms
[2022-04-28T10:56:51.474-0700][gc,phases   ] GC(226)   Other: 0.9ms
[2022-04-28T10:56:51.474-0700][gc,heap     ] GC(226) Eden regions: 255->0(255)
[2022-04-28T10:56:51.474-0700][gc,heap     ] GC(226) Survivor regions: 1->1(32)
[2022-04-28T10:56:51.474-0700][gc,heap     ] GC(226) Old regions: 36->36
[2022-04-28T10:56:51.474-0700][gc,heap     ] GC(226) Archive regions: 2->2
[2022-04-28T10:56:51.474-0700][gc,heap     ] GC(226) Humongous regions: 20->20
[2022-04-28T10:56:51.474-0700][gc,metaspace] GC(226) Metaspace: 68050K(68608K)->68050K(68608K) NonClass: 60056K(60352K)->60056K(60352K) Class: 7993K(8256K)->7993K(8256K)
[2022-04-28T10:56:51.474-0700][gc          ] GC(226) Pause Young (Normal) (G1 Evacuation Pause) 312M->57M(512M) 14.592ms
[2022-04-28T10:56:51.474-0700][gc,cpu      ] GC(226) User=0.01s Sys=0.01s Real=0.02s
[2022-04-28T11:11:14.243-0700][gc,start    ] GC(227) Pause Young (Normal) (G1 Evacuation Pause)
[2022-04-28T11:11:14.244-0700][gc,task     ] GC(227) Using 9 workers of 9 for evacuation
[2022-04-28T11:11:14.254-0700][gc,phases   ] GC(227)   Pre Evacuate Collection Set: 0.8ms
[2022-04-28T11:11:14.254-0700][gc,phases   ] GC(227)   Merge Heap Roots: 0.2ms
[2022-04-28T11:11:14.254-0700][gc,phases   ] GC(227)   Evacuate Collection Set: 7.2ms
[2022-04-28T11:11:14.254-0700][gc,phases   ] GC(227)   Post Evacuate Collection Set: 1.2ms
[2022-04-28T11:11:14.254-0700][gc,phases   ] GC(227)   Other: 1.6ms
[2022-04-28T11:11:14.254-0700][gc,heap     ] GC(227) Eden regions: 255->0(255)
[2022-04-28T11:11:14.254-0700][gc,heap     ] GC(227) Survivor regions: 1->1(32)
[2022-04-28T11:11:14.254-0700][gc,heap     ] GC(227) Old regions: 36->36
[2022-04-28T11:11:14.254-0700][gc,heap     ] GC(227) Archive regions: 2->2
[2022-04-28T11:11:14.254-0700][gc,heap     ] GC(227) Humongous regions: 20->20
[2022-04-28T11:11:14.254-0700][gc,metaspace] GC(227) Metaspace: 68050K(68608K)->68050K(68608K) NonClass: 60056K(60352K)->60056K(60352K) Class: 7993K(8256K)->7993K(8256K)
[2022-04-28T11:11:14.254-0700][gc          ] GC(227) Pause Young (Normal) (G1 Evacuation Pause) 312M->57M(512M) 11.289ms
[2022-04-28T11:11:14.255-0700][gc,cpu      ] GC(227) User=0.01s Sys=0.00s Real=0.01s
[2022-04-28T11:25:43.481-0700][gc,start    ] GC(228) Pause Young (Normal) (G1 Evacuation Pause)
[2022-04-28T11:25:43.481-0700][gc,task     ] GC(228) Using 9 workers of 9 for evacuation
[2022-04-28T11:25:43.502-0700][gc,phases   ] GC(228)   Pre Evacuate Collection Set: 0.7ms
[2022-04-28T11:25:43.502-0700][gc,phases   ] GC(228)   Merge Heap Roots: 0.2ms
[2022-04-28T11:25:43.502-0700][gc,phases   ] GC(228)   Evacuate Collection Set: 19.0ms
[2022-04-28T11:25:43.502-0700][gc,phases   ] GC(228)   Post Evacuate Collection Set: 0.9ms
[2022-04-28T11:25:43.502-0700][gc,phases   ] GC(228)   Other: 0.8ms
[2022-04-28T11:25:43.502-0700][gc,heap     ] GC(228) Eden regions: 255->0(255)
[2022-04-28T11:25:43.502-0700][gc,heap     ] GC(228) Survivor regions: 1->1(32)
[2022-04-28T11:25:43.502-0700][gc,heap     ] GC(228) Old regions: 36->36
[2022-04-28T11:25:43.502-0700][gc,heap     ] GC(228) Archive regions: 2->2
[2022-04-28T11:25:43.502-0700][gc,heap     ] GC(228) Humongous regions: 20->20
[2022-04-28T11:25:43.502-0700][gc,metaspace] GC(228) Metaspace: 68054K(68608K)->68054K(68608K) NonClass: 60060K(60352K)->60060K(60352K) Class: 7993K(8256K)->7993K(8256K)
[2022-04-28T11:25:43.502-0700][gc          ] GC(228) Pause Young (Normal) (G1 Evacuation Pause) 312M->57M(512M) 21.641ms
[2022-04-28T11:25:43.502-0700][gc,cpu      ] GC(228) User=0.01s Sys=0.02s Real=0.02s
[2022-04-28T11:39:59.184-0700][gc,start    ] GC(229) Pause Young (Normal) (G1 Evacuation Pause)
[2022-04-28T11:39:59.186-0700][gc,task     ] GC(229) Using 9 workers of 9 for evacuation
[2022-04-28T11:39:59.205-0700][gc,phases   ] GC(229)   Pre Evacuate Collection Set: 0.5ms
[2022-04-28T11:39:59.205-0700][gc,phases   ] GC(229)   Merge Heap Roots: 0.1ms
[2022-04-28T11:39:59.205-0700][gc,phases   ] GC(229)   Evacuate Collection Set: 17.6ms
[2022-04-28T11:39:59.205-0700][gc,phases   ] GC(229)   Post Evacuate Collection Set: 1.2ms
[2022-04-28T11:39:59.205-0700][gc,phases   ] GC(229)   Other: 1.6ms
[2022-04-28T11:39:59.205-0700][gc,heap     ] GC(229) Eden regions: 255->0(255)
[2022-04-28T11:39:59.206-0700][gc,heap     ] GC(229) Survivor regions: 1->1(32)
[2022-04-28T11:39:59.206-0700][gc,heap     ] GC(229) Old regions: 36->36
[2022-04-28T11:39:59.206-0700][gc,heap     ] GC(229) Archive regions: 2->2
[2022-04-28T11:39:59.206-0700][gc,heap     ] GC(229) Humongous regions: 20->20
[2022-04-28T11:39:59.206-0700][gc,metaspace] GC(229) Metaspace: 68054K(68608K)->68054K(68608K) NonClass: 60061K(60352K)->60061K(60352K) Class: 7993K(8256K)->7993K(8256K)
[2022-04-28T11:39:59.206-0700][gc          ] GC(229) Pause Young (Normal) (G1 Evacuation Pause) 312M->57M(512M) 21.202ms
[2022-04-28T11:39:59.206-0700][gc,cpu      ] GC(229) User=0.01s Sys=0.03s Real=0.02s
[2022-04-28T11:53:45.255-0700][gc,start    ] GC(230) Pause Young (Normal) (G1 Evacuation Pause)
[2022-04-28T11:53:45.257-0700][gc,task     ] GC(230) Using 9 workers of 9 for evacuation
[2022-04-28T11:53:45.300-0700][gc,phases   ] GC(230)   Pre Evacuate Collection Set: 1.2ms
[2022-04-28T11:53:45.300-0700][gc,phases   ] GC(230)   Merge Heap Roots: 1.1ms
[2022-04-28T11:53:45.300-0700][gc,phases   ] GC(230)   Evacuate Collection Set: 31.8ms
[2022-04-28T11:53:45.300-0700][gc,phases   ] GC(230)   Post Evacuate Collection Set: 8.7ms
[2022-04-28T11:53:45.300-0700][gc,phases   ] GC(230)   Other: 2.5ms
[2022-04-28T11:53:45.300-0700][gc,heap     ] GC(230) Eden regions: 255->0(255)
[2022-04-28T11:53:45.300-0700][gc,heap     ] GC(230) Survivor regions: 1->1(32)
[2022-04-28T11:53:45.300-0700][gc,heap     ] GC(230) Old regions: 36->36
[2022-04-28T11:53:45.300-0700][gc,heap     ] GC(230) Archive regions: 2->2
[2022-04-28T11:53:45.300-0700][gc,heap     ] GC(230) Humongous regions: 20->20
[2022-04-28T11:53:45.300-0700][gc,metaspace] GC(230) Metaspace: 68054K(68608K)->68054K(68608K) NonClass: 60061K(60352K)->60061K(60352K) Class: 7993K(8256K)->7993K(8256K)
[2022-04-28T11:53:45.300-0700][gc          ] GC(230) Pause Young (Normal) (G1 Evacuation Pause) 312M->57M(512M) 45.393ms
[2022-04-28T11:53:45.300-0700][gc,cpu      ] GC(230) User=0.01s Sys=0.02s Real=0.05s
[2022-04-28T12:07:36.003-0700][gc,start    ] GC(231) Pause Young (Normal) (G1 Evacuation Pause)
[2022-04-28T12:07:36.004-0700][gc,task     ] GC(231) Using 9 workers of 9 for evacuation
[2022-04-28T12:07:36.043-0700][gc,phases   ] GC(231)   Pre Evacuate Collection Set: 1.6ms
[2022-04-28T12:07:36.043-0700][gc,phases   ] GC(231)   Merge Heap Roots: 0.5ms
[2022-04-28T12:07:36.043-0700][gc,phases   ] GC(231)   Evacuate Collection Set: 22.5ms
[2022-04-28T12:07:36.043-0700][gc,phases   ] GC(231)   Post Evacuate Collection Set: 13.7ms
[2022-04-28T12:07:36.043-0700][gc,phases   ] GC(231)   Other: 2.0ms
[2022-04-28T12:07:36.043-0700][gc,heap     ] GC(231) Eden regions: 255->0(255)
[2022-04-28T12:07:36.043-0700][gc,heap     ] GC(231) Survivor regions: 1->1(32)
[2022-04-28T12:07:36.043-0700][gc,heap     ] GC(231) Old regions: 36->36
[2022-04-28T12:07:36.043-0700][gc,heap     ] GC(231) Archive regions: 2->2
[2022-04-28T12:07:36.043-0700][gc,heap     ] GC(231) Humongous regions: 20->20
[2022-04-28T12:07:36.043-0700][gc,metaspace] GC(231) Metaspace: 68054K(68608K)->68054K(68608K) NonClass: 60061K(60352K)->60061K(60352K) Class: 7993K(8256K)->7993K(8256K)
[2022-04-28T12:07:36.043-0700][gc          ] GC(231) Pause Young (Normal) (G1 Evacuation Pause) 312M->57M(512M) 40.433ms
[2022-04-28T12:07:36.043-0700][gc,cpu      ] GC(231) User=0.00s Sys=0.02s Real=0.04s
[2022-04-28T12:22:30.006-0700][gc,start    ] GC(232) Pause Young (Normal) (G1 Evacuation Pause)
[2022-04-28T12:22:30.009-0700][gc,task     ] GC(232) Using 9 workers of 9 for evacuation
[2022-04-28T12:22:30.032-0700][gc,phases   ] GC(232)   Pre Evacuate Collection Set: 1.2ms
[2022-04-28T12:22:30.032-0700][gc,phases   ] GC(232)   Merge Heap Roots: 0.3ms
[2022-04-28T12:22:30.032-0700][gc,phases   ] GC(232)   Evacuate Collection Set: 18.6ms
[2022-04-28T12:22:30.032-0700][gc,phases   ] GC(232)   Post Evacuate Collection Set: 2.8ms
[2022-04-28T12:22:30.032-0700][gc,phases   ] GC(232)   Other: 3.0ms
[2022-04-28T12:22:30.032-0700][gc,heap     ] GC(232) Eden regions: 255->0(255)
[2022-04-28T12:22:30.032-0700][gc,heap     ] GC(232) Survivor regions: 1->1(32)
[2022-04-28T12:22:30.032-0700][gc,heap     ] GC(232) Old regions: 36->36
[2022-04-28T12:22:30.032-0700][gc,heap     ] GC(232) Archive regions: 2->2
[2022-04-28T12:22:30.032-0700][gc,heap     ] GC(232) Humongous regions: 20->20
[2022-04-28T12:22:30.032-0700][gc,metaspace] GC(232) Metaspace: 68054K(68608K)->68054K(68608K) NonClass: 60061K(60352K)->60061K(60352K) Class: 7993K(8256K)->7993K(8256K)
[2022-04-28T12:22:30.032-0700][gc          ] GC(232) Pause Young (Normal) (G1 Evacuation Pause) 312M->57M(512M) 25.833ms
[2022-04-28T12:22:30.032-0700][gc,cpu      ] GC(232) User=0.01s Sys=0.03s Real=0.03s
[2022-04-28T12:36:56.031-0700][gc,start    ] GC(233) Pause Young (Normal) (G1 Evacuation Pause)
[2022-04-28T12:36:56.033-0700][gc,task     ] GC(233) Using 9 workers of 9 for evacuation
[2022-04-28T12:36:56.048-0700][gc,phases   ] GC(233)   Pre Evacuate Collection Set: 1.6ms
[2022-04-28T12:36:56.048-0700][gc,phases   ] GC(233)   Merge Heap Roots: 1.3ms
[2022-04-28T12:36:56.048-0700][gc,phases   ] GC(233)   Evacuate Collection Set: 11.3ms
[2022-04-28T12:36:56.048-0700][gc,phases   ] GC(233)   Post Evacuate Collection Set: 0.9ms
[2022-04-28T12:36:56.048-0700][gc,phases   ] GC(233)   Other: 2.0ms
[2022-04-28T12:36:56.048-0700][gc,heap     ] GC(233) Eden regions: 255->0(255)
[2022-04-28T12:36:56.048-0700][gc,heap     ] GC(233) Survivor regions: 1->1(32)
[2022-04-28T12:36:56.048-0700][gc,heap     ] GC(233) Old regions: 36->36
[2022-04-28T12:36:56.048-0700][gc,heap     ] GC(233) Archive regions: 2->2
[2022-04-28T12:36:56.048-0700][gc,heap     ] GC(233) Humongous regions: 20->20
[2022-04-28T12:36:56.048-0700][gc,metaspace] GC(233) Metaspace: 68054K(68608K)->68054K(68608K) NonClass: 60061K(60352K)->60061K(60352K) Class: 7993K(8256K)->7993K(8256K)
[2022-04-28T12:36:56.048-0700][gc          ] GC(233) Pause Young (Normal) (G1 Evacuation Pause) 312M->57M(512M) 17.254ms
[2022-04-28T12:36:56.048-0700][gc,cpu      ] GC(233) User=0.01s Sys=0.02s Real=0.01s
[2022-04-28T12:51:02.011-0700][gc,start    ] GC(234) Pause Young (Normal) (G1 Evacuation Pause)
[2022-04-28T12:51:02.012-0700][gc,task     ] GC(234) Using 9 workers of 9 for evacuation
[2022-04-28T12:51:02.022-0700][gc,phases   ] GC(234)   Pre Evacuate Collection Set: 0.5ms
[2022-04-28T12:51:02.022-0700][gc,phases   ] GC(234)   Merge Heap Roots: 0.1ms
[2022-04-28T12:51:02.022-0700][gc,phases   ] GC(234)   Evacuate Collection Set: 7.3ms
[2022-04-28T12:51:02.022-0700][gc,phases   ] GC(234)   Post Evacuate Collection Set: 1.4ms
[2022-04-28T12:51:02.022-0700][gc,phases   ] GC(234)   Other: 2.0ms
[2022-04-28T12:51:02.022-0700][gc,heap     ] GC(234) Eden regions: 255->0(255)
[2022-04-28T12:51:02.022-0700][gc,heap     ] GC(234) Survivor regions: 1->1(32)
[2022-04-28T12:51:02.022-0700][gc,heap     ] GC(234) Old regions: 36->36
[2022-04-28T12:51:02.022-0700][gc,heap     ] GC(234) Archive regions: 2->2
[2022-04-28T12:51:02.022-0700][gc,heap     ] GC(234) Humongous regions: 20->20
[2022-04-28T12:51:02.022-0700][gc,metaspace] GC(234) Metaspace: 68054K(68608K)->68054K(68608K) NonClass: 60061K(60352K)->60061K(60352K) Class: 7993K(8256K)->7993K(8256K)
[2022-04-28T12:51:02.022-0700][gc          ] GC(234) Pause Young (Normal) (G1 Evacuation Pause) 312M->57M(512M) 11.356ms
[2022-04-28T12:51:02.022-0700][gc,cpu      ] GC(234) User=0.01s Sys=0.01s Real=0.01s
[2022-04-28T13:05:10.405-0700][gc,start    ] GC(235) Pause Young (Normal) (G1 Evacuation Pause)
[2022-04-28T13:05:10.406-0700][gc,task     ] GC(235) Using 9 workers of 9 for evacuation
[2022-04-28T13:05:10.425-0700][gc,phases   ] GC(235)   Pre Evacuate Collection Set: 0.8ms
[2022-04-28T13:05:10.425-0700][gc,phases   ] GC(235)   Merge Heap Roots: 0.4ms
[2022-04-28T13:05:10.425-0700][gc,phases   ] GC(235)   Evacuate Collection Set: 12.9ms
[2022-04-28T13:05:10.425-0700][gc,phases   ] GC(235)   Post Evacuate Collection Set: 3.4ms
[2022-04-28T13:05:10.425-0700][gc,phases   ] GC(235)   Other: 4.1ms
[2022-04-28T13:05:10.425-0700][gc,heap     ] GC(235) Eden regions: 255->0(255)
[2022-04-28T13:05:10.425-0700][gc,heap     ] GC(235) Survivor regions: 1->1(32)
[2022-04-28T13:05:10.425-0700][gc,heap     ] GC(235) Old regions: 36->36
[2022-04-28T13:05:10.425-0700][gc,heap     ] GC(235) Archive regions: 2->2
[2022-04-28T13:05:10.425-0700][gc,heap     ] GC(235) Humongous regions: 20->20
[2022-04-28T13:05:10.425-0700][gc,metaspace] GC(235) Metaspace: 68054K(68608K)->68054K(68608K) NonClass: 60061K(60352K)->60061K(60352K) Class: 7993K(8256K)->7993K(8256K)
[2022-04-28T13:05:10.426-0700][gc          ] GC(235) Pause Young (Normal) (G1 Evacuation Pause) 312M->57M(512M) 21.282ms
[2022-04-28T13:05:10.426-0700][gc,cpu      ] GC(235) User=0.01s Sys=0.01s Real=0.02s
[2022-04-28T13:19:24.399-0700][gc,start    ] GC(236) Pause Young (Normal) (G1 Evacuation Pause)
[2022-04-28T13:19:24.401-0700][gc,task     ] GC(236) Using 9 workers of 9 for evacuation
[2022-04-28T13:19:24.417-0700][gc,phases   ] GC(236)   Pre Evacuate Collection Set: 5.2ms
[2022-04-28T13:19:24.417-0700][gc,phases   ] GC(236)   Merge Heap Roots: 0.2ms
[2022-04-28T13:19:24.417-0700][gc,phases   ] GC(236)   Evacuate Collection Set: 9.5ms
[2022-04-28T13:19:24.417-0700][gc,phases   ] GC(236)   Post Evacuate Collection Set: 0.9ms
[2022-04-28T13:19:24.417-0700][gc,phases   ] GC(236)   Other: 1.7ms
[2022-04-28T13:19:24.417-0700][gc,heap     ] GC(236) Eden regions: 255->0(255)
[2022-04-28T13:19:24.417-0700][gc,heap     ] GC(236) Survivor regions: 1->1(32)
[2022-04-28T13:19:24.417-0700][gc,heap     ] GC(236) Old regions: 36->36
[2022-04-28T13:19:24.417-0700][gc,heap     ] GC(236) Archive regions: 2->2
[2022-04-28T13:19:24.417-0700][gc,heap     ] GC(236) Humongous regions: 20->20
[2022-04-28T13:19:24.417-0700][gc,metaspace] GC(236) Metaspace: 68054K(68608K)->68054K(68608K) NonClass: 60061K(60352K)->60061K(60352K) Class: 7993K(8256K)->7993K(8256K)
[2022-04-28T13:19:24.417-0700][gc          ] GC(236) Pause Young (Normal) (G1 Evacuation Pause) 312M->57M(512M) 17.864ms
[2022-04-28T13:19:24.417-0700][gc,cpu      ] GC(236) User=0.01s Sys=0.00s Real=0.02s
[2022-04-28T13:33:42.327-0700][gc,start    ] GC(237) Pause Young (Normal) (G1 Evacuation Pause)
[2022-04-28T13:33:42.329-0700][gc,task     ] GC(237) Using 9 workers of 9 for evacuation
[2022-04-28T13:33:42.344-0700][gc,phases   ] GC(237)   Pre Evacuate Collection Set: 1.2ms
[2022-04-28T13:33:42.344-0700][gc,phases   ] GC(237)   Merge Heap Roots: 0.6ms
[2022-04-28T13:33:42.344-0700][gc,phases   ] GC(237)   Evacuate Collection Set: 11.0ms
[2022-04-28T13:33:42.344-0700][gc,phases   ] GC(237)   Post Evacuate Collection Set: 1.6ms
[2022-04-28T13:33:42.344-0700][gc,phases   ] GC(237)   Other: 3.7ms
[2022-04-28T13:33:42.344-0700][gc,heap     ] GC(237) Eden regions: 255->0(255)
[2022-04-28T13:33:42.344-0700][gc,heap     ] GC(237) Survivor regions: 1->1(32)
[2022-04-28T13:33:42.344-0700][gc,heap     ] GC(237) Old regions: 36->36
[2022-04-28T13:33:42.344-0700][gc,heap     ] GC(237) Archive regions: 2->2
[2022-04-28T13:33:42.344-0700][gc,heap     ] GC(237) Humongous regions: 20->20
[2022-04-28T13:33:42.344-0700][gc,metaspace] GC(237) Metaspace: 68054K(68608K)->68054K(68608K) NonClass: 60061K(60352K)->60061K(60352K) Class: 7993K(8256K)->7993K(8256K)
[2022-04-28T13:33:42.345-0700][gc          ] GC(237) Pause Young (Normal) (G1 Evacuation Pause) 312M->57M(512M) 18.162ms
[2022-04-28T13:33:42.345-0700][gc,cpu      ] GC(237) User=0.01s Sys=0.02s Real=0.02s
[2022-04-28T13:47:52.706-0700][gc,start    ] GC(238) Pause Young (Normal) (G1 Evacuation Pause)
[2022-04-28T13:47:52.709-0700][gc,task     ] GC(238) Using 9 workers of 9 for evacuation
[2022-04-28T13:47:52.731-0700][gc,phases   ] GC(238)   Pre Evacuate Collection Set: 2.2ms
[2022-04-28T13:47:52.731-0700][gc,phases   ] GC(238)   Merge Heap Roots: 0.6ms
[2022-04-28T13:47:52.732-0700][gc,phases   ] GC(238)   Evacuate Collection Set: 12.5ms
[2022-04-28T13:47:52.732-0700][gc,phases   ] GC(238)   Post Evacuate Collection Set: 5.9ms
[2022-04-28T13:47:52.732-0700][gc,phases   ] GC(238)   Other: 4.7ms
[2022-04-28T13:47:52.732-0700][gc,heap     ] GC(238) Eden regions: 255->0(255)
[2022-04-28T13:47:52.732-0700][gc,heap     ] GC(238) Survivor regions: 1->1(32)
[2022-04-28T13:47:52.732-0700][gc,heap     ] GC(238) Old regions: 36->36
[2022-04-28T13:47:52.732-0700][gc,heap     ] GC(238) Archive regions: 2->2
[2022-04-28T13:47:52.732-0700][gc,heap     ] GC(238) Humongous regions: 20->20
[2022-04-28T13:47:52.732-0700][gc,metaspace] GC(238) Metaspace: 68054K(68608K)->68054K(68608K) NonClass: 60061K(60352K)->60061K(60352K) Class: 7993K(8256K)->7993K(8256K)
[2022-04-28T13:47:52.732-0700][gc          ] GC(238) Pause Young (Normal) (G1 Evacuation Pause) 312M->57M(512M) 26.118ms
[2022-04-28T13:47:52.732-0700][gc,cpu      ] GC(238) User=0.01s Sys=0.01s Real=0.03s
[2022-04-28T14:02:07.210-0700][gc,start    ] GC(239) Pause Young (Normal) (G1 Evacuation Pause)
[2022-04-28T14:02:07.212-0700][gc,task     ] GC(239) Using 9 workers of 9 for evacuation
[2022-04-28T14:02:07.227-0700][gc,phases   ] GC(239)   Pre Evacuate Collection Set: 8.3ms
[2022-04-28T14:02:07.227-0700][gc,phases   ] GC(239)   Merge Heap Roots: 0.3ms
[2022-04-28T14:02:07.227-0700][gc,phases   ] GC(239)   Evacuate Collection Set: 5.5ms
[2022-04-28T14:02:07.227-0700][gc,phases   ] GC(239)   Post Evacuate Collection Set: 0.9ms
[2022-04-28T14:02:07.227-0700][gc,phases   ] GC(239)   Other: 1.9ms
[2022-04-28T14:02:07.227-0700][gc,heap     ] GC(239) Eden regions: 255->0(255)
[2022-04-28T14:02:07.227-0700][gc,heap     ] GC(239) Survivor regions: 1->1(32)
[2022-04-28T14:02:07.227-0700][gc,heap     ] GC(239) Old regions: 36->36
[2022-04-28T14:02:07.227-0700][gc,heap     ] GC(239) Archive regions: 2->2
[2022-04-28T14:02:07.227-0700][gc,heap     ] GC(239) Humongous regions: 20->20
[2022-04-28T14:02:07.227-0700][gc,metaspace] GC(239) Metaspace: 68054K(68608K)->68054K(68608K) NonClass: 60061K(60352K)->60061K(60352K) Class: 7993K(8256K)->7993K(8256K)
[2022-04-28T14:02:07.227-0700][gc          ] GC(239) Pause Young (Normal) (G1 Evacuation Pause) 312M->57M(512M) 16.976ms
[2022-04-28T14:02:07.227-0700][gc,cpu      ] GC(239) User=0.01s Sys=0.02s Real=0.01s
[2022-04-28T14:16:19.477-0700][gc,start    ] GC(240) Pause Young (Normal) (G1 Evacuation Pause)
[2022-04-28T14:16:19.478-0700][gc,task     ] GC(240) Using 9 workers of 9 for evacuation
[2022-04-28T14:16:19.503-0700][gc,phases   ] GC(240)   Pre Evacuate Collection Set: 1.5ms
[2022-04-28T14:16:19.503-0700][gc,phases   ] GC(240)   Merge Heap Roots: 0.3ms
[2022-04-28T14:16:19.504-0700][gc,phases   ] GC(240)   Evacuate Collection Set: 10.0ms
[2022-04-28T14:16:19.504-0700][gc,phases   ] GC(240)   Post Evacuate Collection Set: 13.1ms
[2022-04-28T14:16:19.504-0700][gc,phases   ] GC(240)   Other: 1.8ms
[2022-04-28T14:16:19.504-0700][gc,heap     ] GC(240) Eden regions: 255->0(255)
[2022-04-28T14:16:19.504-0700][gc,heap     ] GC(240) Survivor regions: 1->1(32)
[2022-04-28T14:16:19.504-0700][gc,heap     ] GC(240) Old regions: 36->36
[2022-04-28T14:16:19.504-0700][gc,heap     ] GC(240) Archive regions: 2->2
[2022-04-28T14:16:19.504-0700][gc,heap     ] GC(240) Humongous regions: 20->20
[2022-04-28T14:16:19.504-0700][gc,metaspace] GC(240) Metaspace: 68054K(68608K)->68054K(68608K) NonClass: 60061K(60352K)->60061K(60352K) Class: 7993K(8256K)->7993K(8256K)
[2022-04-28T14:16:19.504-0700][gc          ] GC(240) Pause Young (Normal) (G1 Evacuation Pause) 312M->57M(512M) 26.888ms
[2022-04-28T14:16:19.504-0700][gc,cpu      ] GC(240) User=0.01s Sys=0.02s Real=0.03s
[2022-04-28T14:30:28.577-0700][gc,start    ] GC(241) Pause Young (Normal) (G1 Evacuation Pause)
[2022-04-28T14:30:28.579-0700][gc,task     ] GC(241) Using 9 workers of 9 for evacuation
[2022-04-28T14:30:28.607-0700][gc,phases   ] GC(241)   Pre Evacuate Collection Set: 1.2ms
[2022-04-28T14:30:28.608-0700][gc,phases   ] GC(241)   Merge Heap Roots: 0.2ms
[2022-04-28T14:30:28.608-0700][gc,phases   ] GC(241)   Evacuate Collection Set: 25.0ms
[2022-04-28T14:30:28.608-0700][gc,phases   ] GC(241)   Post Evacuate Collection Set: 1.4ms
[2022-04-28T14:30:28.608-0700][gc,phases   ] GC(241)   Other: 2.8ms
[2022-04-28T14:30:28.608-0700][gc,heap     ] GC(241) Eden regions: 255->0(255)
[2022-04-28T14:30:28.608-0700][gc,heap     ] GC(241) Survivor regions: 1->1(32)
[2022-04-28T14:30:28.608-0700][gc,heap     ] GC(241) Old regions: 36->36
[2022-04-28T14:30:28.608-0700][gc,heap     ] GC(241) Archive regions: 2->2
[2022-04-28T14:30:28.608-0700][gc,heap     ] GC(241) Humongous regions: 20->20
[2022-04-28T14:30:28.608-0700][gc,metaspace] GC(241) Metaspace: 68054K(68608K)->68054K(68608K) NonClass: 60061K(60352K)->60061K(60352K) Class: 7993K(8256K)->7993K(8256K)
[2022-04-28T14:30:28.608-0700][gc          ] GC(241) Pause Young (Normal) (G1 Evacuation Pause) 312M->57M(512M) 30.688ms
[2022-04-28T14:30:28.608-0700][gc,cpu      ] GC(241) User=0.01s Sys=0.02s Real=0.03s
[2022-04-28T14:44:43.072-0700][gc,start    ] GC(242) Pause Young (Normal) (G1 Evacuation Pause)
[2022-04-28T14:44:43.072-0700][gc,task     ] GC(242) Using 9 workers of 9 for evacuation
[2022-04-28T14:44:43.090-0700][gc,phases   ] GC(242)   Pre Evacuate Collection Set: 0.9ms
[2022-04-28T14:44:43.090-0700][gc,phases   ] GC(242)   Merge Heap Roots: 0.2ms
[2022-04-28T14:44:43.090-0700][gc,phases   ] GC(242)   Evacuate Collection Set: 10.9ms
[2022-04-28T14:44:43.090-0700][gc,phases   ] GC(242)   Post Evacuate Collection Set: 5.6ms
[2022-04-28T14:44:43.090-0700][gc,phases   ] GC(242)   Other: 0.9ms
[2022-04-28T14:44:43.090-0700][gc,heap     ] GC(242) Eden regions: 255->0(255)
[2022-04-28T14:44:43.090-0700][gc,heap     ] GC(242) Survivor regions: 1->1(32)
[2022-04-28T14:44:43.090-0700][gc,heap     ] GC(242) Old regions: 36->36
[2022-04-28T14:44:43.090-0700][gc,heap     ] GC(242) Archive regions: 2->2
[2022-04-28T14:44:43.090-0700][gc,heap     ] GC(242) Humongous regions: 20->20
[2022-04-28T14:44:43.090-0700][gc,metaspace] GC(242) Metaspace: 68054K(68608K)->68054K(68608K) NonClass: 60061K(60352K)->60061K(60352K) Class: 7993K(8256K)->7993K(8256K)
[2022-04-28T14:44:43.090-0700][gc          ] GC(242) Pause Young (Normal) (G1 Evacuation Pause) 312M->57M(512M) 18.723ms
[2022-04-28T14:44:43.090-0700][gc,cpu      ] GC(242) User=0.00s Sys=0.01s Real=0.02s
[2022-04-28T14:58:56.697-0700][gc,start    ] GC(243) Pause Young (Normal) (G1 Evacuation Pause)
[2022-04-28T14:58:56.698-0700][gc,task     ] GC(243) Using 9 workers of 9 for evacuation
[2022-04-28T14:58:56.715-0700][gc,phases   ] GC(243)   Pre Evacuate Collection Set: 1.5ms
[2022-04-28T14:58:56.715-0700][gc,phases   ] GC(243)   Merge Heap Roots: 0.4ms
[2022-04-28T14:58:56.715-0700][gc,phases   ] GC(243)   Evacuate Collection Set: 12.5ms
[2022-04-28T14:58:56.715-0700][gc,phases   ] GC(243)   Post Evacuate Collection Set: 1.7ms
[2022-04-28T14:58:56.715-0700][gc,phases   ] GC(243)   Other: 1.8ms
[2022-04-28T14:58:56.715-0700][gc,heap     ] GC(243) Eden regions: 255->0(255)
[2022-04-28T14:58:56.715-0700][gc,heap     ] GC(243) Survivor regions: 1->1(32)
[2022-04-28T14:58:56.715-0700][gc,heap     ] GC(243) Old regions: 36->36
[2022-04-28T14:58:56.715-0700][gc,heap     ] GC(243) Archive regions: 2->2
[2022-04-28T14:58:56.715-0700][gc,heap     ] GC(243) Humongous regions: 20->20
[2022-04-28T14:58:56.715-0700][gc,metaspace] GC(243) Metaspace: 68054K(68608K)->68054K(68608K) NonClass: 60061K(60352K)->60061K(60352K) Class: 7993K(8256K)->7993K(8256K)
[2022-04-28T14:58:56.715-0700][gc          ] GC(243) Pause Young (Normal) (G1 Evacuation Pause) 312M->57M(512M) 17.927ms
[2022-04-28T14:58:56.715-0700][gc,cpu      ] GC(243) User=0.01s Sys=0.02s Real=0.02s
[2022-04-28T15:13:09.621-0700][gc,start    ] GC(244) Pause Young (Normal) (G1 Evacuation Pause)
[2022-04-28T15:13:09.624-0700][gc,task     ] GC(244) Using 9 workers of 9 for evacuation
[2022-04-28T15:13:09.639-0700][gc,phases   ] GC(244)   Pre Evacuate Collection Set: 1.7ms
[2022-04-28T15:13:09.639-0700][gc,phases   ] GC(244)   Merge Heap Roots: 0.3ms
[2022-04-28T15:13:09.639-0700][gc,phases   ] GC(244)   Evacuate Collection Set: 10.0ms
[2022-04-28T15:13:09.640-0700][gc,phases   ] GC(244)   Post Evacuate Collection Set: 3.2ms
[2022-04-28T15:13:09.640-0700][gc,phases   ] GC(244)   Other: 3.9ms
[2022-04-28T15:13:09.640-0700][gc,heap     ] GC(244) Eden regions: 255->0(255)
[2022-04-28T15:13:09.640-0700][gc,heap     ] GC(244) Survivor regions: 1->1(32)
[2022-04-28T15:13:09.640-0700][gc,heap     ] GC(244) Old regions: 36->36
[2022-04-28T15:13:09.640-0700][gc,heap     ] GC(244) Archive regions: 2->2
[2022-04-28T15:13:09.640-0700][gc,heap     ] GC(244) Humongous regions: 20->20
[2022-04-28T15:13:09.640-0700][gc,metaspace] GC(244) Metaspace: 68054K(68608K)->68054K(68608K) NonClass: 60061K(60352K)->60061K(60352K) Class: 7993K(8256K)->7993K(8256K)
[2022-04-28T15:13:09.640-0700][gc          ] GC(244) Pause Young (Normal) (G1 Evacuation Pause) 312M->57M(512M) 19.164ms
[2022-04-28T15:13:09.640-0700][gc,cpu      ] GC(244) User=0.01s Sys=0.02s Real=0.02s
[2022-04-28T15:27:24.730-0700][gc,start    ] GC(245) Pause Young (Normal) (G1 Evacuation Pause)
[2022-04-28T15:27:24.733-0700][gc,task     ] GC(245) Using 9 workers of 9 for evacuation
[2022-04-28T15:27:24.750-0700][gc,phases   ] GC(245)   Pre Evacuate Collection Set: 1.4ms
[2022-04-28T15:27:24.750-0700][gc,phases   ] GC(245)   Merge Heap Roots: 0.6ms
[2022-04-28T15:27:24.750-0700][gc,phases   ] GC(245)   Evacuate Collection Set: 12.5ms
[2022-04-28T15:27:24.750-0700][gc,phases   ] GC(245)   Post Evacuate Collection Set: 2.1ms
[2022-04-28T15:27:24.750-0700][gc,phases   ] GC(245)   Other: 3.2ms
[2022-04-28T15:27:24.750-0700][gc,heap     ] GC(245) Eden regions: 255->0(255)
[2022-04-28T15:27:24.750-0700][gc,heap     ] GC(245) Survivor regions: 1->1(32)
[2022-04-28T15:27:24.750-0700][gc,heap     ] GC(245) Old regions: 36->36
[2022-04-28T15:27:24.750-0700][gc,heap     ] GC(245) Archive regions: 2->2
[2022-04-28T15:27:24.750-0700][gc,heap     ] GC(245) Humongous regions: 20->20
[2022-04-28T15:27:24.750-0700][gc,metaspace] GC(245) Metaspace: 68054K(68608K)->68054K(68608K) NonClass: 60061K(60352K)->60061K(60352K) Class: 7993K(8256K)->7993K(8256K)
[2022-04-28T15:27:24.750-0700][gc          ] GC(245) Pause Young (Normal) (G1 Evacuation Pause) 312M->57M(512M) 19.883ms
[2022-04-28T15:27:24.750-0700][gc,cpu      ] GC(245) User=0.01s Sys=0.02s Real=0.02s
[2022-04-28T15:41:36.263-0700][gc,start    ] GC(246) Pause Young (Normal) (G1 Evacuation Pause)
[2022-04-28T15:41:36.264-0700][gc,task     ] GC(246) Using 9 workers of 9 for evacuation
[2022-04-28T15:41:36.289-0700][gc,phases   ] GC(246)   Pre Evacuate Collection Set: 1.0ms
[2022-04-28T15:41:36.289-0700][gc,phases   ] GC(246)   Merge Heap Roots: 0.8ms
[2022-04-28T15:41:36.289-0700][gc,phases   ] GC(246)   Evacuate Collection Set: 20.8ms
[2022-04-28T15:41:36.289-0700][gc,phases   ] GC(246)   Post Evacuate Collection Set: 1.7ms
[2022-04-28T15:41:36.289-0700][gc,phases   ] GC(246)   Other: 1.3ms
[2022-04-28T15:41:36.289-0700][gc,heap     ] GC(246) Eden regions: 255->0(255)
[2022-04-28T15:41:36.289-0700][gc,heap     ] GC(246) Survivor regions: 1->1(32)
[2022-04-28T15:41:36.289-0700][gc,heap     ] GC(246) Old regions: 36->36
[2022-04-28T15:41:36.289-0700][gc,heap     ] GC(246) Archive regions: 2->2
[2022-04-28T15:41:36.289-0700][gc,heap     ] GC(246) Humongous regions: 20->20
[2022-04-28T15:41:36.289-0700][gc,metaspace] GC(246) Metaspace: 68055K(68608K)->68055K(68608K) NonClass: 60061K(60352K)->60061K(60352K) Class: 7993K(8256K)->7993K(8256K)
[2022-04-28T15:41:36.289-0700][gc          ] GC(246) Pause Young (Normal) (G1 Evacuation Pause) 312M->57M(512M) 25.947ms
[2022-04-28T15:41:36.289-0700][gc,cpu      ] GC(246) User=0.01s Sys=0.02s Real=0.02s
[2022-04-28T15:55:46.948-0700][gc,start    ] GC(247) Pause Young (Normal) (G1 Evacuation Pause)
[2022-04-28T15:55:46.949-0700][gc,task     ] GC(247) Using 9 workers of 9 for evacuation
[2022-04-28T15:55:46.964-0700][gc,phases   ] GC(247)   Pre Evacuate Collection Set: 0.6ms
[2022-04-28T15:55:46.964-0700][gc,phases   ] GC(247)   Merge Heap Roots: 0.3ms
[2022-04-28T15:55:46.964-0700][gc,phases   ] GC(247)   Evacuate Collection Set: 12.7ms
[2022-04-28T15:55:46.964-0700][gc,phases   ] GC(247)   Post Evacuate Collection Set: 1.0ms
[2022-04-28T15:55:46.964-0700][gc,phases   ] GC(247)   Other: 1.7ms
[2022-04-28T15:55:46.964-0700][gc,heap     ] GC(247) Eden regions: 255->0(255)
[2022-04-28T15:55:46.964-0700][gc,heap     ] GC(247) Survivor regions: 1->1(32)
[2022-04-28T15:55:46.964-0700][gc,heap     ] GC(247) Old regions: 36->36
[2022-04-28T15:55:46.964-0700][gc,heap     ] GC(247) Archive regions: 2->2
[2022-04-28T15:55:46.964-0700][gc,heap     ] GC(247) Humongous regions: 20->20
[2022-04-28T15:55:46.964-0700][gc,metaspace] GC(247) Metaspace: 68055K(68608K)->68055K(68608K) NonClass: 60061K(60352K)->60061K(60352K) Class: 7993K(8256K)->7993K(8256K)
[2022-04-28T15:55:46.964-0700][gc          ] GC(247) Pause Young (Normal) (G1 Evacuation Pause) 312M->57M(512M) 16.330ms
[2022-04-28T15:55:46.964-0700][gc,cpu      ] GC(247) User=0.00s Sys=0.01s Real=0.02s
[2022-04-28T16:09:55.591-0700][gc,start    ] GC(248) Pause Young (Normal) (G1 Evacuation Pause)
[2022-04-28T16:09:55.593-0700][gc,task     ] GC(248) Using 9 workers of 9 for evacuation
[2022-04-28T16:09:55.601-0700][gc,phases   ] GC(248)   Pre Evacuate Collection Set: 0.8ms
[2022-04-28T16:09:55.601-0700][gc,phases   ] GC(248)   Merge Heap Roots: 0.4ms
[2022-04-28T16:09:55.601-0700][gc,phases   ] GC(248)   Evacuate Collection Set: 5.5ms
[2022-04-28T16:09:55.601-0700][gc,phases   ] GC(248)   Post Evacuate Collection Set: 0.7ms
[2022-04-28T16:09:55.601-0700][gc,phases   ] GC(248)   Other: 2.0ms
[2022-04-28T16:09:55.601-0700][gc,heap     ] GC(248) Eden regions: 255->0(255)
[2022-04-28T16:09:55.601-0700][gc,heap     ] GC(248) Survivor regions: 1->1(32)
[2022-04-28T16:09:55.601-0700][gc,heap     ] GC(248) Old regions: 36->36
[2022-04-28T16:09:55.601-0700][gc,heap     ] GC(248) Archive regions: 2->2
[2022-04-28T16:09:55.601-0700][gc,heap     ] GC(248) Humongous regions: 20->20
[2022-04-28T16:09:55.601-0700][gc,metaspace] GC(248) Metaspace: 68055K(68608K)->68055K(68608K) NonClass: 60061K(60352K)->60061K(60352K) Class: 7993K(8256K)->7993K(8256K)
[2022-04-28T16:09:55.601-0700][gc          ] GC(248) Pause Young (Normal) (G1 Evacuation Pause) 312M->57M(512M) 9.518ms
[2022-04-28T16:09:55.601-0700][gc,cpu      ] GC(248) User=0.01s Sys=0.02s Real=0.01s
[2022-04-28T16:24:08.466-0700][gc,start    ] GC(249) Pause Young (Normal) (G1 Evacuation Pause)
[2022-04-28T16:24:08.467-0700][gc,task     ] GC(249) Using 9 workers of 9 for evacuation
[2022-04-28T16:24:08.497-0700][gc,phases   ] GC(249)   Pre Evacuate Collection Set: 1.6ms
[2022-04-28T16:24:08.497-0700][gc,phases   ] GC(249)   Merge Heap Roots: 0.4ms
[2022-04-28T16:24:08.497-0700][gc,phases   ] GC(249)   Evacuate Collection Set: 19.5ms
[2022-04-28T16:24:08.497-0700][gc,phases   ] GC(249)   Post Evacuate Collection Set: 8.0ms
[2022-04-28T16:24:08.497-0700][gc,phases   ] GC(249)   Other: 1.4ms
[2022-04-28T16:24:08.497-0700][gc,heap     ] GC(249) Eden regions: 255->0(255)
[2022-04-28T16:24:08.497-0700][gc,heap     ] GC(249) Survivor regions: 1->1(32)
[2022-04-28T16:24:08.497-0700][gc,heap     ] GC(249) Old regions: 36->36
[2022-04-28T16:24:08.497-0700][gc,heap     ] GC(249) Archive regions: 2->2
[2022-04-28T16:24:08.497-0700][gc,heap     ] GC(249) Humongous regions: 20->20
[2022-04-28T16:24:08.497-0700][gc,metaspace] GC(249) Metaspace: 68055K(68608K)->68055K(68608K) NonClass: 60061K(60352K)->60061K(60352K) Class: 7993K(8256K)->7993K(8256K)
[2022-04-28T16:24:08.497-0700][gc          ] GC(249) Pause Young (Normal) (G1 Evacuation Pause) 312M->57M(512M) 31.260ms
[2022-04-28T16:24:08.497-0700][gc,cpu      ] GC(249) User=0.01s Sys=0.01s Real=0.03s
[2022-04-28T16:38:17.170-0700][gc,start    ] GC(250) Pause Young (Normal) (G1 Evacuation Pause)
[2022-04-28T16:38:17.171-0700][gc,task     ] GC(250) Using 9 workers of 9 for evacuation
[2022-04-28T16:38:17.181-0700][gc,phases   ] GC(250)   Pre Evacuate Collection Set: 1.0ms
[2022-04-28T16:38:17.182-0700][gc,phases   ] GC(250)   Merge Heap Roots: 0.1ms
[2022-04-28T16:38:17.182-0700][gc,phases   ] GC(250)   Evacuate Collection Set: 7.7ms
[2022-04-28T16:38:17.182-0700][gc,phases   ] GC(250)   Post Evacuate Collection Set: 1.5ms
[2022-04-28T16:38:17.182-0700][gc,phases   ] GC(250)   Other: 0.7ms
[2022-04-28T16:38:17.182-0700][gc,heap     ] GC(250) Eden regions: 255->0(255)
[2022-04-28T16:38:17.182-0700][gc,heap     ] GC(250) Survivor regions: 1->1(32)
[2022-04-28T16:38:17.182-0700][gc,heap     ] GC(250) Old regions: 36->36
[2022-04-28T16:38:17.182-0700][gc,heap     ] GC(250) Archive regions: 2->2
[2022-04-28T16:38:17.182-0700][gc,heap     ] GC(250) Humongous regions: 20->20
[2022-04-28T16:38:17.182-0700][gc,metaspace] GC(250) Metaspace: 68055K(68608K)->68055K(68608K) NonClass: 60061K(60352K)->60061K(60352K) Class: 7993K(8256K)->7993K(8256K)
[2022-04-28T16:38:17.182-0700][gc          ] GC(250) Pause Young (Normal) (G1 Evacuation Pause) 312M->57M(512M) 11.263ms
[2022-04-28T16:38:17.182-0700][gc,cpu      ] GC(250) User=0.00s Sys=0.01s Real=0.01s
[2022-04-28T16:52:31.811-0700][gc,start    ] GC(251) Pause Young (Normal) (G1 Evacuation Pause)
[2022-04-28T16:52:31.813-0700][gc,task     ] GC(251) Using 9 workers of 9 for evacuation
[2022-04-28T16:52:31.829-0700][gc,phases   ] GC(251)   Pre Evacuate Collection Set: 1.5ms
[2022-04-28T16:52:31.829-0700][gc,phases   ] GC(251)   Merge Heap Roots: 0.3ms
[2022-04-28T16:52:31.829-0700][gc,phases   ] GC(251)   Evacuate Collection Set: 11.2ms
[2022-04-28T16:52:31.829-0700][gc,phases   ] GC(251)   Post Evacuate Collection Set: 2.4ms
[2022-04-28T16:52:31.829-0700][gc,phases   ] GC(251)   Other: 3.0ms
[2022-04-28T16:52:31.829-0700][gc,heap     ] GC(251) Eden regions: 255->0(255)
[2022-04-28T16:52:31.829-0700][gc,heap     ] GC(251) Survivor regions: 1->1(32)
[2022-04-28T16:52:31.829-0700][gc,heap     ] GC(251) Old regions: 36->36
[2022-04-28T16:52:31.829-0700][gc,heap     ] GC(251) Archive regions: 2->2
[2022-04-28T16:52:31.829-0700][gc,heap     ] GC(251) Humongous regions: 20->20
[2022-04-28T16:52:31.829-0700][gc,metaspace] GC(251) Metaspace: 68055K(68608K)->68055K(68608K) NonClass: 60061K(60352K)->60061K(60352K) Class: 7993K(8256K)->7993K(8256K)
[2022-04-28T16:52:31.829-0700][gc          ] GC(251) Pause Young (Normal) (G1 Evacuation Pause) 312M->57M(512M) 18.739ms
[2022-04-28T16:52:31.830-0700][gc,cpu      ] GC(251) User=0.01s Sys=0.02s Real=0.02s
[2022-04-28T17:06:45.007-0700][gc,start    ] GC(252) Pause Young (Normal) (G1 Evacuation Pause)
[2022-04-28T17:06:45.008-0700][gc,task     ] GC(252) Using 9 workers of 9 for evacuation
[2022-04-28T17:06:45.027-0700][gc,phases   ] GC(252)   Pre Evacuate Collection Set: 0.9ms
[2022-04-28T17:06:45.027-0700][gc,phases   ] GC(252)   Merge Heap Roots: 0.2ms
[2022-04-28T17:06:45.027-0700][gc,phases   ] GC(252)   Evacuate Collection Set: 15.5ms
[2022-04-28T17:06:45.027-0700][gc,phases   ] GC(252)   Post Evacuate Collection Set: 1.4ms
[2022-04-28T17:06:45.027-0700][gc,phases   ] GC(252)   Other: 2.2ms
[2022-04-28T17:06:45.027-0700][gc,heap     ] GC(252) Eden regions: 255->0(255)
[2022-04-28T17:06:45.027-0700][gc,heap     ] GC(252) Survivor regions: 1->1(32)
[2022-04-28T17:06:45.027-0700][gc,heap     ] GC(252) Old regions: 36->36
[2022-04-28T17:06:45.027-0700][gc,heap     ] GC(252) Archive regions: 2->2
[2022-04-28T17:06:45.027-0700][gc,heap     ] GC(252) Humongous regions: 20->20
[2022-04-28T17:06:45.027-0700][gc,metaspace] GC(252) Metaspace: 68055K(68608K)->68055K(68608K) NonClass: 60061K(60352K)->60061K(60352K) Class: 7993K(8256K)->7993K(8256K)
[2022-04-28T17:06:45.027-0700][gc          ] GC(252) Pause Young (Normal) (G1 Evacuation Pause) 312M->57M(512M) 20.482ms
[2022-04-28T17:06:45.027-0700][gc,cpu      ] GC(252) User=0.01s Sys=0.01s Real=0.02s
[2022-04-28T17:21:01.880-0700][gc,start    ] GC(253) Pause Young (Normal) (G1 Evacuation Pause)
[2022-04-28T17:21:01.881-0700][gc,task     ] GC(253) Using 9 workers of 9 for evacuation
[2022-04-28T17:21:01.896-0700][gc,phases   ] GC(253)   Pre Evacuate Collection Set: 0.8ms
[2022-04-28T17:21:01.896-0700][gc,phases   ] GC(253)   Merge Heap Roots: 0.5ms
[2022-04-28T17:21:01.897-0700][gc,phases   ] GC(253)   Evacuate Collection Set: 10.0ms
[2022-04-28T17:21:01.897-0700][gc,phases   ] GC(253)   Post Evacuate Collection Set: 3.3ms
[2022-04-28T17:21:01.897-0700][gc,phases   ] GC(253)   Other: 2.2ms
[2022-04-28T17:21:01.897-0700][gc,heap     ] GC(253) Eden regions: 255->0(255)
[2022-04-28T17:21:01.897-0700][gc,heap     ] GC(253) Survivor regions: 1->1(32)
[2022-04-28T17:21:01.897-0700][gc,heap     ] GC(253) Old regions: 36->36
[2022-04-28T17:21:01.897-0700][gc,heap     ] GC(253) Archive regions: 2->2
[2022-04-28T17:21:01.897-0700][gc,heap     ] GC(253) Humongous regions: 20->20
[2022-04-28T17:21:01.897-0700][gc,metaspace] GC(253) Metaspace: 68055K(68608K)->68055K(68608K) NonClass: 60061K(60352K)->60061K(60352K) Class: 7993K(8256K)->7993K(8256K)
[2022-04-28T17:21:01.897-0700][gc          ] GC(253) Pause Young (Normal) (G1 Evacuation Pause) 312M->57M(512M) 17.150ms
[2022-04-28T17:21:01.897-0700][gc,cpu      ] GC(253) User=0.01s Sys=0.02s Real=0.01s
[2022-04-28T17:35:14.158-0700][gc,start    ] GC(254) Pause Young (Normal) (G1 Evacuation Pause)
[2022-04-28T17:35:14.159-0700][gc,task     ] GC(254) Using 9 workers of 9 for evacuation
[2022-04-28T17:35:14.174-0700][gc,phases   ] GC(254)   Pre Evacuate Collection Set: 0.6ms
[2022-04-28T17:35:14.174-0700][gc,phases   ] GC(254)   Merge Heap Roots: 0.2ms
[2022-04-28T17:35:14.174-0700][gc,phases   ] GC(254)   Evacuate Collection Set: 11.9ms
[2022-04-28T17:35:14.174-0700][gc,phases   ] GC(254)   Post Evacuate Collection Set: 1.7ms
[2022-04-28T17:35:14.174-0700][gc,phases   ] GC(254)   Other: 1.7ms
[2022-04-28T17:35:14.174-0700][gc,heap     ] GC(254) Eden regions: 255->0(255)
[2022-04-28T17:35:14.174-0700][gc,heap     ] GC(254) Survivor regions: 1->1(32)
[2022-04-28T17:35:14.174-0700][gc,heap     ] GC(254) Old regions: 36->36
[2022-04-28T17:35:14.174-0700][gc,heap     ] GC(254) Archive regions: 2->2
[2022-04-28T17:35:14.174-0700][gc,heap     ] GC(254) Humongous regions: 20->20
[2022-04-28T17:35:14.174-0700][gc,metaspace] GC(254) Metaspace: 68055K(68608K)->68055K(68608K) NonClass: 60061K(60352K)->60061K(60352K) Class: 7993K(8256K)->7993K(8256K)
[2022-04-28T17:35:14.174-0700][gc          ] GC(254) Pause Young (Normal) (G1 Evacuation Pause) 312M->57M(512M) 16.446ms
[2022-04-28T17:35:14.174-0700][gc,cpu      ] GC(254) User=0.00s Sys=0.01s Real=0.02s
[2022-04-28T17:49:26.232-0700][gc,start    ] GC(255) Pause Young (Normal) (G1 Evacuation Pause)
[2022-04-28T17:49:26.235-0700][gc,task     ] GC(255) Using 9 workers of 9 for evacuation
[2022-04-28T17:49:26.250-0700][gc,phases   ] GC(255)   Pre Evacuate Collection Set: 1.6ms
[2022-04-28T17:49:26.250-0700][gc,phases   ] GC(255)   Merge Heap Roots: 0.2ms
[2022-04-28T17:49:26.250-0700][gc,phases   ] GC(255)   Evacuate Collection Set: 9.5ms
[2022-04-28T17:49:26.250-0700][gc,phases   ] GC(255)   Post Evacuate Collection Set: 2.7ms
[2022-04-28T17:49:26.250-0700][gc,phases   ] GC(255)   Other: 3.4ms
[2022-04-28T17:49:26.250-0700][gc,heap     ] GC(255) Eden regions: 255->0(255)
[2022-04-28T17:49:26.250-0700][gc,heap     ] GC(255) Survivor regions: 1->1(32)
[2022-04-28T17:49:26.250-0700][gc,heap     ] GC(255) Old regions: 36->36
[2022-04-28T17:49:26.250-0700][gc,heap     ] GC(255) Archive regions: 2->2
[2022-04-28T17:49:26.250-0700][gc,heap     ] GC(255) Humongous regions: 20->20
[2022-04-28T17:49:26.250-0700][gc,metaspace] GC(255) Metaspace: 68055K(68608K)->68055K(68608K) NonClass: 60062K(60352K)->60062K(60352K) Class: 7993K(8256K)->7993K(8256K)
[2022-04-28T17:49:26.250-0700][gc          ] GC(255) Pause Young (Normal) (G1 Evacuation Pause) 312M->57M(512M) 17.594ms
[2022-04-28T17:49:26.250-0700][gc,cpu      ] GC(255) User=0.01s Sys=0.02s Real=0.02s
[2022-04-28T18:03:38.611-0700][gc,start    ] GC(256) Pause Young (Normal) (G1 Evacuation Pause)
[2022-04-28T18:03:38.613-0700][gc,task     ] GC(256) Using 9 workers of 9 for evacuation
[2022-04-28T18:03:38.633-0700][gc,phases   ] GC(256)   Pre Evacuate Collection Set: 1.3ms
[2022-04-28T18:03:38.633-0700][gc,phases   ] GC(256)   Merge Heap Roots: 0.3ms
[2022-04-28T18:03:38.633-0700][gc,phases   ] GC(256)   Evacuate Collection Set: 14.1ms
[2022-04-28T18:03:38.633-0700][gc,phases   ] GC(256)   Post Evacuate Collection Set: 3.6ms
[2022-04-28T18:03:38.633-0700][gc,phases   ] GC(256)   Other: 2.9ms
[2022-04-28T18:03:38.633-0700][gc,heap     ] GC(256) Eden regions: 255->0(255)
[2022-04-28T18:03:38.633-0700][gc,heap     ] GC(256) Survivor regions: 1->1(32)
[2022-04-28T18:03:38.633-0700][gc,heap     ] GC(256) Old regions: 36->36
[2022-04-28T18:03:38.633-0700][gc,heap     ] GC(256) Archive regions: 2->2
[2022-04-28T18:03:38.633-0700][gc,heap     ] GC(256) Humongous regions: 20->20
[2022-04-28T18:03:38.633-0700][gc,metaspace] GC(256) Metaspace: 68055K(68608K)->68055K(68608K) NonClass: 60062K(60352K)->60062K(60352K) Class: 7993K(8256K)->7993K(8256K)
[2022-04-28T18:03:38.634-0700][gc          ] GC(256) Pause Young (Normal) (G1 Evacuation Pause) 312M->57M(512M) 22.422ms
[2022-04-28T18:03:38.634-0700][gc,cpu      ] GC(256) User=0.01s Sys=0.01s Real=0.02s
[2022-04-28T18:17:52.726-0700][gc,start    ] GC(257) Pause Young (Normal) (G1 Evacuation Pause)
[2022-04-28T18:17:52.727-0700][gc,task     ] GC(257) Using 9 workers of 9 for evacuation
[2022-04-28T18:17:52.743-0700][gc,phases   ] GC(257)   Pre Evacuate Collection Set: 1.9ms
[2022-04-28T18:17:52.744-0700][gc,phases   ] GC(257)   Merge Heap Roots: 0.7ms
[2022-04-28T18:17:52.744-0700][gc,phases   ] GC(257)   Evacuate Collection Set: 9.1ms
[2022-04-28T18:17:52.744-0700][gc,phases   ] GC(257)   Post Evacuate Collection Set: 3.7ms
[2022-04-28T18:17:52.744-0700][gc,phases   ] GC(257)   Other: 2.0ms
[2022-04-28T18:17:52.744-0700][gc,heap     ] GC(257) Eden regions: 255->0(255)
[2022-04-28T18:17:52.744-0700][gc,heap     ] GC(257) Survivor regions: 1->1(32)
[2022-04-28T18:17:52.744-0700][gc,heap     ] GC(257) Old regions: 36->36
[2022-04-28T18:17:52.744-0700][gc,heap     ] GC(257) Archive regions: 2->2
[2022-04-28T18:17:52.744-0700][gc,heap     ] GC(257) Humongous regions: 20->20
[2022-04-28T18:17:52.744-0700][gc,metaspace] GC(257) Metaspace: 68056K(68608K)->68056K(68608K) NonClass: 60062K(60352K)->60062K(60352K) Class: 7993K(8256K)->7993K(8256K)
[2022-04-28T18:17:52.744-0700][gc          ] GC(257) Pause Young (Normal) (G1 Evacuation Pause) 312M->57M(512M) 17.719ms
[2022-04-28T18:17:52.744-0700][gc,cpu      ] GC(257) User=0.01s Sys=0.02s Real=0.02s
[2022-04-28T18:32:04.817-0700][gc,start    ] GC(258) Pause Young (Normal) (G1 Evacuation Pause)
[2022-04-28T18:32:04.818-0700][gc,task     ] GC(258) Using 9 workers of 9 for evacuation
[2022-04-28T18:32:04.827-0700][gc,phases   ] GC(258)   Pre Evacuate Collection Set: 0.8ms
[2022-04-28T18:32:04.827-0700][gc,phases   ] GC(258)   Merge Heap Roots: 0.2ms
[2022-04-28T18:32:04.827-0700][gc,phases   ] GC(258)   Evacuate Collection Set: 6.1ms
[2022-04-28T18:32:04.827-0700][gc,phases   ] GC(258)   Post Evacuate Collection Set: 1.6ms
[2022-04-28T18:32:04.827-0700][gc,phases   ] GC(258)   Other: 1.9ms
[2022-04-28T18:32:04.827-0700][gc,heap     ] GC(258) Eden regions: 255->0(255)
[2022-04-28T18:32:04.827-0700][gc,heap     ] GC(258) Survivor regions: 1->1(32)
[2022-04-28T18:32:04.827-0700][gc,heap     ] GC(258) Old regions: 36->36
[2022-04-28T18:32:04.827-0700][gc,heap     ] GC(258) Archive regions: 2->2
[2022-04-28T18:32:04.827-0700][gc,heap     ] GC(258) Humongous regions: 20->20
[2022-04-28T18:32:04.827-0700][gc,metaspace] GC(258) Metaspace: 68056K(68608K)->68056K(68608K) NonClass: 60062K(60352K)->60062K(60352K) Class: 7993K(8256K)->7993K(8256K)
[2022-04-28T18:32:04.827-0700][gc          ] GC(258) Pause Young (Normal) (G1 Evacuation Pause) 312M->57M(512M) 10.886ms
[2022-04-28T18:32:04.828-0700][gc,cpu      ] GC(258) User=0.00s Sys=0.01s Real=0.01s
[2022-04-28T18:46:20.322-0700][gc,start    ] GC(259) Pause Young (Normal) (G1 Evacuation Pause)
[2022-04-28T18:46:20.324-0700][gc,task     ] GC(259) Using 9 workers of 9 for evacuation
[2022-04-28T18:46:20.343-0700][gc,phases   ] GC(259)   Pre Evacuate Collection Set: 3.8ms
[2022-04-28T18:46:20.344-0700][gc,phases   ] GC(259)   Merge Heap Roots: 0.2ms
[2022-04-28T18:46:20.344-0700][gc,phases   ] GC(259)   Evacuate Collection Set: 11.7ms
[2022-04-28T18:46:20.344-0700][gc,phases   ] GC(259)   Post Evacuate Collection Set: 2.3ms
[2022-04-28T18:46:20.344-0700][gc,phases   ] GC(259)   Other: 3.7ms
[2022-04-28T18:46:20.344-0700][gc,heap     ] GC(259) Eden regions: 255->0(255)
[2022-04-28T18:46:20.344-0700][gc,heap     ] GC(259) Survivor regions: 1->1(32)
[2022-04-28T18:46:20.344-0700][gc,heap     ] GC(259) Old regions: 36->36
[2022-04-28T18:46:20.344-0700][gc,heap     ] GC(259) Archive regions: 2->2
[2022-04-28T18:46:20.344-0700][gc,heap     ] GC(259) Humongous regions: 20->20
[2022-04-28T18:46:20.344-0700][gc,metaspace] GC(259) Metaspace: 68056K(68608K)->68056K(68608K) NonClass: 60063K(60352K)->60063K(60352K) Class: 7993K(8256K)->7993K(8256K)
[2022-04-28T18:46:20.344-0700][gc          ] GC(259) Pause Young (Normal) (G1 Evacuation Pause) 312M->57M(512M) 21.982ms
[2022-04-28T18:46:20.344-0700][gc,cpu      ] GC(259) User=0.01s Sys=0.01s Real=0.02s
[2022-04-28T19:00:34.479-0700][gc,start    ] GC(260) Pause Young (Normal) (G1 Evacuation Pause)
[2022-04-28T19:00:34.481-0700][gc,task     ] GC(260) Using 9 workers of 9 for evacuation
[2022-04-28T19:00:34.495-0700][gc,phases   ] GC(260)   Pre Evacuate Collection Set: 0.7ms
[2022-04-28T19:00:34.495-0700][gc,phases   ] GC(260)   Merge Heap Roots: 0.4ms
[2022-04-28T19:00:34.495-0700][gc,phases   ] GC(260)   Evacuate Collection Set: 11.3ms
[2022-04-28T19:00:34.495-0700][gc,phases   ] GC(260)   Post Evacuate Collection Set: 1.4ms
[2022-04-28T19:00:34.495-0700][gc,phases   ] GC(260)   Other: 2.1ms
[2022-04-28T19:00:34.495-0700][gc,heap     ] GC(260) Eden regions: 255->0(255)
[2022-04-28T19:00:34.495-0700][gc,heap     ] GC(260) Survivor regions: 1->1(32)
[2022-04-28T19:00:34.495-0700][gc,heap     ] GC(260) Old regions: 36->36
[2022-04-28T19:00:34.495-0700][gc,heap     ] GC(260) Archive regions: 2->2
[2022-04-28T19:00:34.495-0700][gc,heap     ] GC(260) Humongous regions: 20->20
[2022-04-28T19:00:34.496-0700][gc,metaspace] GC(260) Metaspace: 68056K(68608K)->68056K(68608K) NonClass: 60063K(60352K)->60063K(60352K) Class: 7993K(8256K)->7993K(8256K)
[2022-04-28T19:00:34.496-0700][gc          ] GC(260) Pause Young (Normal) (G1 Evacuation Pause) 312M->57M(512M) 16.098ms
[2022-04-28T19:00:34.496-0700][gc,cpu      ] GC(260) User=0.01s Sys=0.01s Real=0.02s
[2022-04-28T19:14:46.272-0700][gc,start    ] GC(261) Pause Young (Normal) (G1 Evacuation Pause)
[2022-04-28T19:14:46.273-0700][gc,task     ] GC(261) Using 9 workers of 9 for evacuation
[2022-04-28T19:14:46.280-0700][gc,phases   ] GC(261)   Pre Evacuate Collection Set: 0.9ms
[2022-04-28T19:14:46.280-0700][gc,phases   ] GC(261)   Merge Heap Roots: 0.3ms
[2022-04-28T19:14:46.280-0700][gc,phases   ] GC(261)   Evacuate Collection Set: 4.4ms
[2022-04-28T19:14:46.280-0700][gc,phases   ] GC(261)   Post Evacuate Collection Set: 0.7ms
[2022-04-28T19:14:46.280-0700][gc,phases   ] GC(261)   Other: 1.5ms
[2022-04-28T19:14:46.280-0700][gc,heap     ] GC(261) Eden regions: 255->0(255)
[2022-04-28T19:14:46.280-0700][gc,heap     ] GC(261) Survivor regions: 1->1(32)
[2022-04-28T19:14:46.280-0700][gc,heap     ] GC(261) Old regions: 36->36
[2022-04-28T19:14:46.280-0700][gc,heap     ] GC(261) Archive regions: 2->2
[2022-04-28T19:14:46.280-0700][gc,heap     ] GC(261) Humongous regions: 20->20
[2022-04-28T19:14:46.280-0700][gc,metaspace] GC(261) Metaspace: 68056K(68608K)->68056K(68608K) NonClass: 60063K(60352K)->60063K(60352K) Class: 7993K(8256K)->7993K(8256K)
[2022-04-28T19:14:46.280-0700][gc          ] GC(261) Pause Young (Normal) (G1 Evacuation Pause) 312M->57M(512M) 7.881ms
[2022-04-28T19:14:46.280-0700][gc,cpu      ] GC(261) User=0.01s Sys=0.01s Real=0.01s
[2022-04-28T19:29:03.978-0700][gc,start    ] GC(262) Pause Young (Normal) (G1 Evacuation Pause)
[2022-04-28T19:29:03.979-0700][gc,task     ] GC(262) Using 9 workers of 9 for evacuation
[2022-04-28T19:29:03.999-0700][gc,phases   ] GC(262)   Pre Evacuate Collection Set: 12.7ms
[2022-04-28T19:29:03.999-0700][gc,phases   ] GC(262)   Merge Heap Roots: 0.2ms
[2022-04-28T19:29:03.999-0700][gc,phases   ] GC(262)   Evacuate Collection Set: 5.0ms
[2022-04-28T19:29:03.999-0700][gc,phases   ] GC(262)   Post Evacuate Collection Set: 1.7ms
[2022-04-28T19:29:03.999-0700][gc,phases   ] GC(262)   Other: 1.8ms
[2022-04-28T19:29:03.999-0700][gc,heap     ] GC(262) Eden regions: 255->0(255)
[2022-04-28T19:29:03.999-0700][gc,heap     ] GC(262) Survivor regions: 1->1(32)
[2022-04-28T19:29:03.999-0700][gc,heap     ] GC(262) Old regions: 36->36
[2022-04-28T19:29:03.999-0700][gc,heap     ] GC(262) Archive regions: 2->2
[2022-04-28T19:29:03.999-0700][gc,heap     ] GC(262) Humongous regions: 20->20
[2022-04-28T19:29:03.999-0700][gc,metaspace] GC(262) Metaspace: 68064K(68608K)->68064K(68608K) NonClass: 60070K(60352K)->60070K(60352K) Class: 7993K(8256K)->7993K(8256K)
[2022-04-28T19:29:03.999-0700][gc          ] GC(262) Pause Young (Normal) (G1 Evacuation Pause) 312M->57M(512M) 21.338ms
[2022-04-28T19:29:03.999-0700][gc,cpu      ] GC(262) User=0.01s Sys=0.02s Real=0.02s
[2022-04-28T19:43:22.863-0700][gc,start    ] GC(263) Pause Young (Normal) (G1 Evacuation Pause)
[2022-04-28T19:43:22.866-0700][gc,task     ] GC(263) Using 9 workers of 9 for evacuation
[2022-04-28T19:43:22.886-0700][gc,phases   ] GC(263)   Pre Evacuate Collection Set: 5.8ms
[2022-04-28T19:43:22.886-0700][gc,phases   ] GC(263)   Merge Heap Roots: 2.2ms
[2022-04-28T19:43:22.886-0700][gc,phases   ] GC(263)   Evacuate Collection Set: 10.2ms
[2022-04-28T19:43:22.886-0700][gc,phases   ] GC(263)   Post Evacuate Collection Set: 2.1ms
[2022-04-28T19:43:22.886-0700][gc,phases   ] GC(263)   Other: 3.1ms
[2022-04-28T19:43:22.886-0700][gc,heap     ] GC(263) Eden regions: 255->0(255)
[2022-04-28T19:43:22.886-0700][gc,heap     ] GC(263) Survivor regions: 1->1(32)
[2022-04-28T19:43:22.886-0700][gc,heap     ] GC(263) Old regions: 36->36
[2022-04-28T19:43:22.886-0700][gc,heap     ] GC(263) Archive regions: 2->2
[2022-04-28T19:43:22.886-0700][gc,heap     ] GC(263) Humongous regions: 20->20
[2022-04-28T19:43:22.886-0700][gc,metaspace] GC(263) Metaspace: 68068K(68608K)->68068K(68608K) NonClass: 60074K(60352K)->60074K(60352K) Class: 7993K(8256K)->7993K(8256K)
[2022-04-28T19:43:22.887-0700][gc          ] GC(263) Pause Young (Normal) (G1 Evacuation Pause) 312M->57M(512M) 23.321ms
[2022-04-28T19:43:22.887-0700][gc,cpu      ] GC(263) User=0.01s Sys=0.01s Real=0.02s
[2022-04-28T19:57:35.247-0700][gc,start    ] GC(264) Pause Young (Normal) (G1 Evacuation Pause)
[2022-04-28T19:57:35.249-0700][gc,task     ] GC(264) Using 9 workers of 9 for evacuation
[2022-04-28T19:57:35.263-0700][gc,phases   ] GC(264)   Pre Evacuate Collection Set: 1.3ms
[2022-04-28T19:57:35.264-0700][gc,phases   ] GC(264)   Merge Heap Roots: 0.2ms
[2022-04-28T19:57:35.264-0700][gc,phases   ] GC(264)   Evacuate Collection Set: 9.6ms
[2022-04-28T19:57:35.264-0700][gc,phases   ] GC(264)   Post Evacuate Collection Set: 2.5ms
[2022-04-28T19:57:35.264-0700][gc,phases   ] GC(264)   Other: 2.6ms
[2022-04-28T19:57:35.264-0700][gc,heap     ] GC(264) Eden regions: 255->0(255)
[2022-04-28T19:57:35.264-0700][gc,heap     ] GC(264) Survivor regions: 1->1(32)
[2022-04-28T19:57:35.264-0700][gc,heap     ] GC(264) Old regions: 36->36
[2022-04-28T19:57:35.264-0700][gc,heap     ] GC(264) Archive regions: 2->2
[2022-04-28T19:57:35.264-0700][gc,heap     ] GC(264) Humongous regions: 20->20
[2022-04-28T19:57:35.264-0700][gc,metaspace] GC(264) Metaspace: 68068K(68608K)->68068K(68608K) NonClass: 60074K(60352K)->60074K(60352K) Class: 7993K(8256K)->7993K(8256K)
[2022-04-28T19:57:35.264-0700][gc          ] GC(264) Pause Young (Normal) (G1 Evacuation Pause) 312M->57M(512M) 16.569ms
[2022-04-28T19:57:35.264-0700][gc,cpu      ] GC(264) User=0.01s Sys=0.01s Real=0.02s
[2022-04-28T20:11:49.696-0700][gc,start    ] GC(265) Pause Young (Normal) (G1 Evacuation Pause)
[2022-04-28T20:11:49.697-0700][gc,task     ] GC(265) Using 9 workers of 9 for evacuation
[2022-04-28T20:11:49.709-0700][gc,phases   ] GC(265)   Pre Evacuate Collection Set: 1.1ms
[2022-04-28T20:11:49.709-0700][gc,phases   ] GC(265)   Merge Heap Roots: 0.6ms
[2022-04-28T20:11:49.709-0700][gc,phases   ] GC(265)   Evacuate Collection Set: 9.7ms
[2022-04-28T20:11:49.709-0700][gc,phases   ] GC(265)   Post Evacuate Collection Set: 0.8ms
[2022-04-28T20:11:49.709-0700][gc,phases   ] GC(265)   Other: 1.1ms
[2022-04-28T20:11:49.709-0700][gc,heap     ] GC(265) Eden regions: 255->0(255)
[2022-04-28T20:11:49.709-0700][gc,heap     ] GC(265) Survivor regions: 1->1(32)
[2022-04-28T20:11:49.709-0700][gc,heap     ] GC(265) Old regions: 36->36
[2022-04-28T20:11:49.709-0700][gc,heap     ] GC(265) Archive regions: 2->2
[2022-04-28T20:11:49.709-0700][gc,heap     ] GC(265) Humongous regions: 20->20
[2022-04-28T20:11:49.709-0700][gc,metaspace] GC(265) Metaspace: 68068K(68608K)->68068K(68608K) NonClass: 60074K(60352K)->60074K(60352K) Class: 7993K(8256K)->7993K(8256K)
[2022-04-28T20:11:49.709-0700][gc          ] GC(265) Pause Young (Normal) (G1 Evacuation Pause) 312M->57M(512M) 13.323ms
[2022-04-28T20:11:49.709-0700][gc,cpu      ] GC(265) User=0.01s Sys=0.01s Real=0.01s
[2022-04-28T20:26:06.715-0700][gc,start    ] GC(266) Pause Young (Normal) (G1 Evacuation Pause)
[2022-04-28T20:26:06.716-0700][gc,task     ] GC(266) Using 9 workers of 9 for evacuation
[2022-04-28T20:26:06.736-0700][gc,phases   ] GC(266)   Pre Evacuate Collection Set: 0.6ms
[2022-04-28T20:26:06.736-0700][gc,phases   ] GC(266)   Merge Heap Roots: 0.1ms
[2022-04-28T20:26:06.736-0700][gc,phases   ] GC(266)   Evacuate Collection Set: 17.9ms
[2022-04-28T20:26:06.736-0700][gc,phases   ] GC(266)   Post Evacuate Collection Set: 0.9ms
[2022-04-28T20:26:06.736-0700][gc,phases   ] GC(266)   Other: 1.7ms
[2022-04-28T20:26:06.736-0700][gc,heap     ] GC(266) Eden regions: 255->0(255)
[2022-04-28T20:26:06.736-0700][gc,heap     ] GC(266) Survivor regions: 1->1(32)
[2022-04-28T20:26:06.736-0700][gc,heap     ] GC(266) Old regions: 36->36
[2022-04-28T20:26:06.736-0700][gc,heap     ] GC(266) Archive regions: 2->2
[2022-04-28T20:26:06.736-0700][gc,heap     ] GC(266) Humongous regions: 20->20
[2022-04-28T20:26:06.736-0700][gc,metaspace] GC(266) Metaspace: 68068K(68608K)->68068K(68608K) NonClass: 60074K(60352K)->60074K(60352K) Class: 7993K(8256K)->7993K(8256K)
[2022-04-28T20:26:06.736-0700][gc          ] GC(266) Pause Young (Normal) (G1 Evacuation Pause) 312M->57M(512M) 21.218ms
[2022-04-28T20:26:06.736-0700][gc,cpu      ] GC(266) User=0.00s Sys=0.01s Real=0.02s
[2022-04-28T20:40:19.646-0700][gc,start    ] GC(267) Pause Young (Normal) (G1 Evacuation Pause)
[2022-04-28T20:40:19.648-0700][gc,task     ] GC(267) Using 9 workers of 9 for evacuation
[2022-04-28T20:40:19.666-0700][gc,phases   ] GC(267)   Pre Evacuate Collection Set: 2.0ms
[2022-04-28T20:40:19.666-0700][gc,phases   ] GC(267)   Merge Heap Roots: 0.4ms
[2022-04-28T20:40:19.666-0700][gc,phases   ] GC(267)   Evacuate Collection Set: 12.4ms
[2022-04-28T20:40:19.666-0700][gc,phases   ] GC(267)   Post Evacuate Collection Set: 2.5ms
[2022-04-28T20:40:19.666-0700][gc,phases   ] GC(267)   Other: 3.1ms
[2022-04-28T20:40:19.667-0700][gc,heap     ] GC(267) Eden regions: 255->0(255)
[2022-04-28T20:40:19.667-0700][gc,heap     ] GC(267) Survivor regions: 1->1(32)
[2022-04-28T20:40:19.667-0700][gc,heap     ] GC(267) Old regions: 36->37
[2022-04-28T20:40:19.667-0700][gc,heap     ] GC(267) Archive regions: 2->2
[2022-04-28T20:40:19.667-0700][gc,heap     ] GC(267) Humongous regions: 20->20
[2022-04-28T20:40:19.667-0700][gc,metaspace] GC(267) Metaspace: 68068K(68608K)->68068K(68608K) NonClass: 60075K(60352K)->60075K(60352K) Class: 7993K(8256K)->7993K(8256K)
[2022-04-28T20:40:19.667-0700][gc          ] GC(267) Pause Young (Normal) (G1 Evacuation Pause) 312M->57M(512M) 20.760ms
[2022-04-28T20:40:19.667-0700][gc,cpu      ] GC(267) User=0.01s Sys=0.02s Real=0.02s
[2022-04-28T20:54:35.317-0700][gc,start    ] GC(268) Pause Young (Normal) (G1 Evacuation Pause)
[2022-04-28T20:54:35.319-0700][gc,task     ] GC(268) Using 9 workers of 9 for evacuation
[2022-04-28T20:54:35.352-0700][gc,phases   ] GC(268)   Pre Evacuate Collection Set: 17.5ms
[2022-04-28T20:54:35.352-0700][gc,phases   ] GC(268)   Merge Heap Roots: 0.4ms
[2022-04-28T20:54:35.352-0700][gc,phases   ] GC(268)   Evacuate Collection Set: 7.5ms
[2022-04-28T20:54:35.352-0700][gc,phases   ] GC(268)   Post Evacuate Collection Set: 7.1ms
[2022-04-28T20:54:35.352-0700][gc,phases   ] GC(268)   Other: 2.7ms
[2022-04-28T20:54:35.352-0700][gc,heap     ] GC(268) Eden regions: 255->0(255)
[2022-04-28T20:54:35.352-0700][gc,heap     ] GC(268) Survivor regions: 1->1(32)
[2022-04-28T20:54:35.352-0700][gc,heap     ] GC(268) Old regions: 37->37
[2022-04-28T20:54:35.352-0700][gc,heap     ] GC(268) Archive regions: 2->2
[2022-04-28T20:54:35.352-0700][gc,heap     ] GC(268) Humongous regions: 20->20
[2022-04-28T20:54:35.352-0700][gc,metaspace] GC(268) Metaspace: 68068K(68608K)->68068K(68608K) NonClass: 60075K(60352K)->60075K(60352K) Class: 7993K(8256K)->7993K(8256K)
[2022-04-28T20:54:35.352-0700][gc          ] GC(268) Pause Young (Normal) (G1 Evacuation Pause) 312M->57M(512M) 35.157ms
[2022-04-28T20:54:35.352-0700][gc,cpu      ] GC(268) User=0.01s Sys=0.02s Real=0.04s
[2022-04-28T21:08:44.100-0700][gc,start    ] GC(269) Pause Young (Normal) (G1 Evacuation Pause)
[2022-04-28T21:08:44.101-0700][gc,task     ] GC(269) Using 9 workers of 9 for evacuation
[2022-04-28T21:08:44.114-0700][gc,phases   ] GC(269)   Pre Evacuate Collection Set: 1.5ms
[2022-04-28T21:08:44.114-0700][gc,phases   ] GC(269)   Merge Heap Roots: 0.5ms
[2022-04-28T21:08:44.114-0700][gc,phases   ] GC(269)   Evacuate Collection Set: 9.2ms
[2022-04-28T21:08:44.114-0700][gc,phases   ] GC(269)   Post Evacuate Collection Set: 1.9ms
[2022-04-28T21:08:44.114-0700][gc,phases   ] GC(269)   Other: 0.9ms
[2022-04-28T21:08:44.114-0700][gc,heap     ] GC(269) Eden regions: 255->0(255)
[2022-04-28T21:08:44.114-0700][gc,heap     ] GC(269) Survivor regions: 1->1(32)
[2022-04-28T21:08:44.114-0700][gc,heap     ] GC(269) Old regions: 37->37
[2022-04-28T21:08:44.114-0700][gc,heap     ] GC(269) Archive regions: 2->2
[2022-04-28T21:08:44.114-0700][gc,heap     ] GC(269) Humongous regions: 20->20
[2022-04-28T21:08:44.114-0700][gc,metaspace] GC(269) Metaspace: 68068K(68608K)->68068K(68608K) NonClass: 60075K(60352K)->60075K(60352K) Class: 7993K(8256K)->7993K(8256K)
[2022-04-28T21:08:44.115-0700][gc          ] GC(269) Pause Young (Normal) (G1 Evacuation Pause) 312M->57M(512M) 14.551ms
[2022-04-28T21:08:44.115-0700][gc,cpu      ] GC(269) User=0.01s Sys=0.01s Real=0.01s
[2022-04-28T21:22:58.913-0700][gc,start    ] GC(270) Pause Young (Normal) (G1 Evacuation Pause)
[2022-04-28T21:22:58.913-0700][gc,task     ] GC(270) Using 9 workers of 9 for evacuation
[2022-04-28T21:22:58.920-0700][gc,phases   ] GC(270)   Pre Evacuate Collection Set: 0.8ms
[2022-04-28T21:22:58.920-0700][gc,phases   ] GC(270)   Merge Heap Roots: 0.1ms
[2022-04-28T21:22:58.920-0700][gc,phases   ] GC(270)   Evacuate Collection Set: 4.9ms
[2022-04-28T21:22:58.920-0700][gc,phases   ] GC(270)   Post Evacuate Collection Set: 0.5ms
[2022-04-28T21:22:58.920-0700][gc,phases   ] GC(270)   Other: 1.0ms
[2022-04-28T21:22:58.920-0700][gc,heap     ] GC(270) Eden regions: 255->0(255)
[2022-04-28T21:22:58.920-0700][gc,heap     ] GC(270) Survivor regions: 1->1(32)
[2022-04-28T21:22:58.920-0700][gc,heap     ] GC(270) Old regions: 37->37
[2022-04-28T21:22:58.920-0700][gc,heap     ] GC(270) Archive regions: 2->2
[2022-04-28T21:22:58.920-0700][gc,heap     ] GC(270) Humongous regions: 20->20
[2022-04-28T21:22:58.920-0700][gc,metaspace] GC(270) Metaspace: 68068K(68608K)->68068K(68608K) NonClass: 60075K(60352K)->60075K(60352K) Class: 7993K(8256K)->7993K(8256K)
[2022-04-28T21:22:58.920-0700][gc          ] GC(270) Pause Young (Normal) (G1 Evacuation Pause) 312M->57M(512M) 7.371ms
[2022-04-28T21:22:58.920-0700][gc,cpu      ] GC(270) User=0.00s Sys=0.02s Real=0.01s
[2022-04-28T21:37:13.029-0700][gc,start    ] GC(271) Pause Young (Normal) (G1 Evacuation Pause)
[2022-04-28T21:37:13.030-0700][gc,task     ] GC(271) Using 9 workers of 9 for evacuation
[2022-04-28T21:37:13.059-0700][gc,phases   ] GC(271)   Pre Evacuate Collection Set: 1.4ms
[2022-04-28T21:37:13.059-0700][gc,phases   ] GC(271)   Merge Heap Roots: 0.2ms
[2022-04-28T21:37:13.059-0700][gc,phases   ] GC(271)   Evacuate Collection Set: 26.4ms
[2022-04-28T21:37:13.059-0700][gc,phases   ] GC(271)   Post Evacuate Collection Set: 1.3ms
[2022-04-28T21:37:13.059-0700][gc,phases   ] GC(271)   Other: 1.0ms
[2022-04-28T21:37:13.059-0700][gc,heap     ] GC(271) Eden regions: 255->0(255)
[2022-04-28T21:37:13.059-0700][gc,heap     ] GC(271) Survivor regions: 1->1(32)
[2022-04-28T21:37:13.059-0700][gc,heap     ] GC(271) Old regions: 37->37
[2022-04-28T21:37:13.059-0700][gc,heap     ] GC(271) Archive regions: 2->2
[2022-04-28T21:37:13.059-0700][gc,heap     ] GC(271) Humongous regions: 20->20
[2022-04-28T21:37:13.059-0700][gc,metaspace] GC(271) Metaspace: 68068K(68608K)->68068K(68608K) NonClass: 60075K(60352K)->60075K(60352K) Class: 7993K(8256K)->7993K(8256K)
[2022-04-28T21:37:13.059-0700][gc          ] GC(271) Pause Young (Normal) (G1 Evacuation Pause) 312M->57M(512M) 30.244ms
[2022-04-28T21:37:13.060-0700][gc,cpu      ] GC(271) User=0.01s Sys=0.01s Real=0.04s
[2022-04-28T21:51:25.524-0700][gc,start    ] GC(272) Pause Young (Normal) (G1 Evacuation Pause)
[2022-04-28T21:51:25.525-0700][gc,task     ] GC(272) Using 9 workers of 9 for evacuation
[2022-04-28T21:51:25.541-0700][gc,phases   ] GC(272)   Pre Evacuate Collection Set: 0.6ms
[2022-04-28T21:51:25.541-0700][gc,phases   ] GC(272)   Merge Heap Roots: 0.1ms
[2022-04-28T21:51:25.541-0700][gc,phases   ] GC(272)   Evacuate Collection Set: 12.5ms
[2022-04-28T21:51:25.541-0700][gc,phases   ] GC(272)   Post Evacuate Collection Set: 2.7ms
[2022-04-28T21:51:25.541-0700][gc,phases   ] GC(272)   Other: 1.8ms
[2022-04-28T21:51:25.541-0700][gc,heap     ] GC(272) Eden regions: 255->0(255)
[2022-04-28T21:51:25.541-0700][gc,heap     ] GC(272) Survivor regions: 1->1(32)
[2022-04-28T21:51:25.541-0700][gc,heap     ] GC(272) Old regions: 37->37
[2022-04-28T21:51:25.541-0700][gc,heap     ] GC(272) Archive regions: 2->2
[2022-04-28T21:51:25.541-0700][gc,heap     ] GC(272) Humongous regions: 20->20
[2022-04-28T21:51:25.541-0700][gc,metaspace] GC(272) Metaspace: 68068K(68608K)->68068K(68608K) NonClass: 60075K(60352K)->60075K(60352K) Class: 7993K(8256K)->7993K(8256K)
[2022-04-28T21:51:25.542-0700][gc          ] GC(272) Pause Young (Normal) (G1 Evacuation Pause) 312M->57M(512M) 17.981ms
[2022-04-28T21:51:25.542-0700][gc,cpu      ] GC(272) User=0.00s Sys=0.01s Real=0.02s
[2022-04-28T22:05:44.169-0700][gc,start    ] GC(273) Pause Young (Normal) (G1 Evacuation Pause)
[2022-04-28T22:05:44.170-0700][gc,task     ] GC(273) Using 9 workers of 9 for evacuation
[2022-04-28T22:05:44.193-0700][gc,phases   ] GC(273)   Pre Evacuate Collection Set: 1.9ms
[2022-04-28T22:05:44.193-0700][gc,phases   ] GC(273)   Merge Heap Roots: 0.2ms
[2022-04-28T22:05:44.193-0700][gc,phases   ] GC(273)   Evacuate Collection Set: 18.5ms
[2022-04-28T22:05:44.193-0700][gc,phases   ] GC(273)   Post Evacuate Collection Set: 1.3ms
[2022-04-28T22:05:44.193-0700][gc,phases   ] GC(273)   Other: 1.6ms
[2022-04-28T22:05:44.193-0700][gc,heap     ] GC(273) Eden regions: 255->0(255)
[2022-04-28T22:05:44.193-0700][gc,heap     ] GC(273) Survivor regions: 1->1(32)
[2022-04-28T22:05:44.193-0700][gc,heap     ] GC(273) Old regions: 37->37
[2022-04-28T22:05:44.193-0700][gc,heap     ] GC(273) Archive regions: 2->2
[2022-04-28T22:05:44.193-0700][gc,heap     ] GC(273) Humongous regions: 20->20
[2022-04-28T22:05:44.193-0700][gc,metaspace] GC(273) Metaspace: 68070K(68608K)->68070K(68608K) NonClass: 60077K(60352K)->60077K(60352K) Class: 7993K(8256K)->7993K(8256K)
[2022-04-28T22:05:44.193-0700][gc          ] GC(273) Pause Young (Normal) (G1 Evacuation Pause) 312M->57M(512M) 23.701ms
[2022-04-28T22:05:44.193-0700][gc,cpu      ] GC(273) User=0.01s Sys=0.02s Real=0.03s
[2022-04-28T22:19:58.931-0700][gc,start    ] GC(274) Pause Young (Normal) (G1 Evacuation Pause)
[2022-04-28T22:19:58.934-0700][gc,task     ] GC(274) Using 9 workers of 9 for evacuation
[2022-04-28T22:19:58.949-0700][gc,phases   ] GC(274)   Pre Evacuate Collection Set: 1.9ms
[2022-04-28T22:19:58.949-0700][gc,phases   ] GC(274)   Merge Heap Roots: 0.3ms
[2022-04-28T22:19:58.949-0700][gc,phases   ] GC(274)   Evacuate Collection Set: 9.8ms
[2022-04-28T22:19:58.949-0700][gc,phases   ] GC(274)   Post Evacuate Collection Set: 2.5ms
[2022-04-28T22:19:58.949-0700][gc,phases   ] GC(274)   Other: 3.8ms
[2022-04-28T22:19:58.949-0700][gc,heap     ] GC(274) Eden regions: 255->0(255)
[2022-04-28T22:19:58.949-0700][gc,heap     ] GC(274) Survivor regions: 1->1(32)
[2022-04-28T22:19:58.949-0700][gc,heap     ] GC(274) Old regions: 37->37
[2022-04-28T22:19:58.949-0700][gc,heap     ] GC(274) Archive regions: 2->2
[2022-04-28T22:19:58.949-0700][gc,heap     ] GC(274) Humongous regions: 20->20
[2022-04-28T22:19:58.949-0700][gc,metaspace] GC(274) Metaspace: 68070K(68608K)->68070K(68608K) NonClass: 60077K(60352K)->60077K(60352K) Class: 7993K(8256K)->7993K(8256K)
[2022-04-28T22:19:58.950-0700][gc          ] GC(274) Pause Young (Normal) (G1 Evacuation Pause) 312M->57M(512M) 18.491ms
[2022-04-28T22:19:58.950-0700][gc,cpu      ] GC(274) User=0.01s Sys=0.02s Real=0.02s
[2022-04-28T22:34:14.645-0700][gc,start    ] GC(275) Pause Young (Normal) (G1 Evacuation Pause)
[2022-04-28T22:34:14.647-0700][gc,task     ] GC(275) Using 9 workers of 9 for evacuation
[2022-04-28T22:34:14.659-0700][gc,phases   ] GC(275)   Pre Evacuate Collection Set: 0.8ms
[2022-04-28T22:34:14.659-0700][gc,phases   ] GC(275)   Merge Heap Roots: 0.4ms
[2022-04-28T22:34:14.659-0700][gc,phases   ] GC(275)   Evacuate Collection Set: 7.2ms
[2022-04-28T22:34:14.659-0700][gc,phases   ] GC(275)   Post Evacuate Collection Set: 2.8ms
[2022-04-28T22:34:14.659-0700][gc,phases   ] GC(275)   Other: 2.4ms
[2022-04-28T22:34:14.659-0700][gc,heap     ] GC(275) Eden regions: 255->0(255)
[2022-04-28T22:34:14.659-0700][gc,heap     ] GC(275) Survivor regions: 1->1(32)
[2022-04-28T22:34:14.659-0700][gc,heap     ] GC(275) Old regions: 37->37
[2022-04-28T22:34:14.659-0700][gc,heap     ] GC(275) Archive regions: 2->2
[2022-04-28T22:34:14.659-0700][gc,heap     ] GC(275) Humongous regions: 20->20
[2022-04-28T22:34:14.659-0700][gc,metaspace] GC(275) Metaspace: 68070K(68608K)->68070K(68608K) NonClass: 60077K(60352K)->60077K(60352K) Class: 7993K(8256K)->7993K(8256K)
[2022-04-28T22:34:14.659-0700][gc          ] GC(275) Pause Young (Normal) (G1 Evacuation Pause) 312M->57M(512M) 13.830ms
[2022-04-28T22:34:14.659-0700][gc,cpu      ] GC(275) User=0.01s Sys=0.01s Real=0.01s
[2022-04-28T22:48:28.912-0700][gc,start    ] GC(276) Pause Young (Normal) (G1 Evacuation Pause)
[2022-04-28T22:48:28.912-0700][gc,task     ] GC(276) Using 9 workers of 9 for evacuation
[2022-04-28T22:48:28.933-0700][gc,phases   ] GC(276)   Pre Evacuate Collection Set: 1.0ms
[2022-04-28T22:48:28.933-0700][gc,phases   ] GC(276)   Merge Heap Roots: 0.4ms
[2022-04-28T22:48:28.933-0700][gc,phases   ] GC(276)   Evacuate Collection Set: 16.2ms
[2022-04-28T22:48:28.933-0700][gc,phases   ] GC(276)   Post Evacuate Collection Set: 2.2ms
[2022-04-28T22:48:28.933-0700][gc,phases   ] GC(276)   Other: 1.3ms
[2022-04-28T22:48:28.933-0700][gc,heap     ] GC(276) Eden regions: 255->0(255)
[2022-04-28T22:48:28.933-0700][gc,heap     ] GC(276) Survivor regions: 1->1(32)
[2022-04-28T22:48:28.933-0700][gc,heap     ] GC(276) Old regions: 37->37
[2022-04-28T22:48:28.933-0700][gc,heap     ] GC(276) Archive regions: 2->2
[2022-04-28T22:48:28.933-0700][gc,heap     ] GC(276) Humongous regions: 20->20
[2022-04-28T22:48:28.933-0700][gc,metaspace] GC(276) Metaspace: 68070K(68608K)->68070K(68608K) NonClass: 60077K(60352K)->60077K(60352K) Class: 7993K(8256K)->7993K(8256K)
[2022-04-28T22:48:28.933-0700][gc          ] GC(276) Pause Young (Normal) (G1 Evacuation Pause) 312M->57M(512M) 21.506ms
[2022-04-28T22:48:28.933-0700][gc,cpu      ] GC(276) User=0.02s Sys=0.02s Real=0.02s
[2022-04-28T23:02:45.438-0700][gc,start    ] GC(277) Pause Young (Normal) (G1 Evacuation Pause)
[2022-04-28T23:02:45.439-0700][gc,task     ] GC(277) Using 9 workers of 9 for evacuation
[2022-04-28T23:02:45.452-0700][gc,phases   ] GC(277)   Pre Evacuate Collection Set: 0.7ms
[2022-04-28T23:02:45.452-0700][gc,phases   ] GC(277)   Merge Heap Roots: 0.2ms
[2022-04-28T23:02:45.452-0700][gc,phases   ] GC(277)   Evacuate Collection Set: 6.4ms
[2022-04-28T23:02:45.452-0700][gc,phases   ] GC(277)   Post Evacuate Collection Set: 5.5ms
[2022-04-28T23:02:45.452-0700][gc,phases   ] GC(277)   Other: 0.9ms
[2022-04-28T23:02:45.452-0700][gc,heap     ] GC(277) Eden regions: 255->0(255)
[2022-04-28T23:02:45.452-0700][gc,heap     ] GC(277) Survivor regions: 1->1(32)
[2022-04-28T23:02:45.452-0700][gc,heap     ] GC(277) Old regions: 37->37
[2022-04-28T23:02:45.452-0700][gc,heap     ] GC(277) Archive regions: 2->2
[2022-04-28T23:02:45.452-0700][gc,heap     ] GC(277) Humongous regions: 20->20
[2022-04-28T23:02:45.452-0700][gc,metaspace] GC(277) Metaspace: 68070K(68608K)->68070K(68608K) NonClass: 60077K(60352K)->60077K(60352K) Class: 7993K(8256K)->7993K(8256K)
[2022-04-28T23:02:45.452-0700][gc          ] GC(277) Pause Young (Normal) (G1 Evacuation Pause) 312M->57M(512M) 13.991ms
[2022-04-28T23:02:45.452-0700][gc,cpu      ] GC(277) User=0.00s Sys=0.01s Real=0.02s
[2022-04-28T23:17:02.058-0700][gc,start    ] GC(278) Pause Young (Normal) (G1 Evacuation Pause)
[2022-04-28T23:17:02.059-0700][gc,task     ] GC(278) Using 9 workers of 9 for evacuation
[2022-04-28T23:17:02.065-0700][gc,phases   ] GC(278)   Pre Evacuate Collection Set: 0.5ms
[2022-04-28T23:17:02.065-0700][gc,phases   ] GC(278)   Merge Heap Roots: 0.1ms
[2022-04-28T23:17:02.065-0700][gc,phases   ] GC(278)   Evacuate Collection Set: 4.0ms
[2022-04-28T23:17:02.065-0700][gc,phases   ] GC(278)   Post Evacuate Collection Set: 1.1ms
[2022-04-28T23:17:02.065-0700][gc,phases   ] GC(278)   Other: 1.7ms
[2022-04-28T23:17:02.065-0700][gc,heap     ] GC(278) Eden regions: 255->0(255)
[2022-04-28T23:17:02.065-0700][gc,heap     ] GC(278) Survivor regions: 1->1(32)
[2022-04-28T23:17:02.065-0700][gc,heap     ] GC(278) Old regions: 37->37
[2022-04-28T23:17:02.065-0700][gc,heap     ] GC(278) Archive regions: 2->2
[2022-04-28T23:17:02.065-0700][gc,heap     ] GC(278) Humongous regions: 20->20
[2022-04-28T23:17:02.065-0700][gc,metaspace] GC(278) Metaspace: 68070K(68608K)->68070K(68608K) NonClass: 60077K(60352K)->60077K(60352K) Class: 7993K(8256K)->7993K(8256K)
[2022-04-28T23:17:02.065-0700][gc          ] GC(278) Pause Young (Normal) (G1 Evacuation Pause) 312M->57M(512M) 7.633ms
[2022-04-28T23:17:02.065-0700][gc,cpu      ] GC(278) User=0.01s Sys=0.01s Real=0.01s
[2022-04-28T23:31:19.835-0700][gc,start    ] GC(279) Pause Young (Normal) (G1 Evacuation Pause)
[2022-04-28T23:31:19.837-0700][gc,task     ] GC(279) Using 9 workers of 9 for evacuation
[2022-04-28T23:31:19.852-0700][gc,phases   ] GC(279)   Pre Evacuate Collection Set: 0.9ms
[2022-04-28T23:31:19.852-0700][gc,phases   ] GC(279)   Merge Heap Roots: 0.3ms
[2022-04-28T23:31:19.852-0700][gc,phases   ] GC(279)   Evacuate Collection Set: 8.4ms
[2022-04-28T23:31:19.852-0700][gc,phases   ] GC(279)   Post Evacuate Collection Set: 4.8ms
[2022-04-28T23:31:19.852-0700][gc,phases   ] GC(279)   Other: 2.5ms
[2022-04-28T23:31:19.852-0700][gc,heap     ] GC(279) Eden regions: 255->0(255)
[2022-04-28T23:31:19.852-0700][gc,heap     ] GC(279) Survivor regions: 1->1(32)
[2022-04-28T23:31:19.852-0700][gc,heap     ] GC(279) Old regions: 37->37
[2022-04-28T23:31:19.852-0700][gc,heap     ] GC(279) Archive regions: 2->2
[2022-04-28T23:31:19.852-0700][gc,heap     ] GC(279) Humongous regions: 20->20
[2022-04-28T23:31:19.852-0700][gc,metaspace] GC(279) Metaspace: 68070K(68608K)->68070K(68608K) NonClass: 60077K(60352K)->60077K(60352K) Class: 7993K(8256K)->7993K(8256K)
[2022-04-28T23:31:19.852-0700][gc          ] GC(279) Pause Young (Normal) (G1 Evacuation Pause) 312M->57M(512M) 17.037ms
[2022-04-28T23:31:19.852-0700][gc,cpu      ] GC(279) User=0.01s Sys=0.01s Real=0.02s
[2022-04-28T23:45:35.343-0700][gc,start    ] GC(280) Pause Young (Normal) (G1 Evacuation Pause)
[2022-04-28T23:45:35.345-0700][gc,task     ] GC(280) Using 9 workers of 9 for evacuation
[2022-04-28T23:45:35.354-0700][gc,phases   ] GC(280)   Pre Evacuate Collection Set: 0.7ms
[2022-04-28T23:45:35.354-0700][gc,phases   ] GC(280)   Merge Heap Roots: 0.1ms
[2022-04-28T23:45:35.354-0700][gc,phases   ] GC(280)   Evacuate Collection Set: 6.0ms
[2022-04-28T23:45:35.354-0700][gc,phases   ] GC(280)   Post Evacuate Collection Set: 2.3ms
[2022-04-28T23:45:35.354-0700][gc,phases   ] GC(280)   Other: 1.9ms
[2022-04-28T23:45:35.354-0700][gc,heap     ] GC(280) Eden regions: 255->0(255)
[2022-04-28T23:45:35.354-0700][gc,heap     ] GC(280) Survivor regions: 1->1(32)
[2022-04-28T23:45:35.355-0700][gc,heap     ] GC(280) Old regions: 37->37
[2022-04-28T23:45:35.355-0700][gc,heap     ] GC(280) Archive regions: 2->2
[2022-04-28T23:45:35.355-0700][gc,heap     ] GC(280) Humongous regions: 20->20
[2022-04-28T23:45:35.355-0700][gc,metaspace] GC(280) Metaspace: 68070K(68608K)->68070K(68608K) NonClass: 60077K(60352K)->60077K(60352K) Class: 7993K(8256K)->7993K(8256K)
[2022-04-28T23:45:35.355-0700][gc          ] GC(280) Pause Young (Normal) (G1 Evacuation Pause) 312M->57M(512M) 11.302ms
[2022-04-28T23:45:35.355-0700][gc,cpu      ] GC(280) User=0.00s Sys=0.01s Real=0.01s
[2022-04-28T23:59:51.894-0700][gc,start    ] GC(281) Pause Young (Normal) (G1 Evacuation Pause)
[2022-04-28T23:59:51.896-0700][gc,task     ] GC(281) Using 9 workers of 9 for evacuation
[2022-04-28T23:59:51.914-0700][gc,phases   ] GC(281)   Pre Evacuate Collection Set: 1.6ms
[2022-04-28T23:59:51.914-0700][gc,phases   ] GC(281)   Merge Heap Roots: 0.3ms
[2022-04-28T23:59:51.914-0700][gc,phases   ] GC(281)   Evacuate Collection Set: 13.0ms
[2022-04-28T23:59:51.914-0700][gc,phases   ] GC(281)   Post Evacuate Collection Set: 2.8ms
[2022-04-28T23:59:51.914-0700][gc,phases   ] GC(281)   Other: 3.1ms
[2022-04-28T23:59:51.914-0700][gc,heap     ] GC(281) Eden regions: 255->0(255)
[2022-04-28T23:59:51.914-0700][gc,heap     ] GC(281) Survivor regions: 1->1(32)
[2022-04-28T23:59:51.914-0700][gc,heap     ] GC(281) Old regions: 37->37
[2022-04-28T23:59:51.914-0700][gc,heap     ] GC(281) Archive regions: 2->2
[2022-04-28T23:59:51.914-0700][gc,heap     ] GC(281) Humongous regions: 20->20
[2022-04-28T23:59:51.915-0700][gc,metaspace] GC(281) Metaspace: 68070K(68608K)->68070K(68608K) NonClass: 60077K(60352K)->60077K(60352K) Class: 7993K(8256K)->7993K(8256K)
[2022-04-28T23:59:51.915-0700][gc          ] GC(281) Pause Young (Normal) (G1 Evacuation Pause) 312M->57M(512M) 20.970ms
[2022-04-28T23:59:51.915-0700][gc,cpu      ] GC(281) User=0.02s Sys=0.01s Real=0.02s
[2022-04-29T00:13:45.311-0700][gc,start    ] GC(282) Pause Young (Normal) (G1 Evacuation Pause)
[2022-04-29T00:13:45.314-0700][gc,task     ] GC(282) Using 9 workers of 9 for evacuation
[2022-04-29T00:13:45.332-0700][gc,phases   ] GC(282)   Pre Evacuate Collection Set: 3.1ms
[2022-04-29T00:13:45.332-0700][gc,phases   ] GC(282)   Merge Heap Roots: 0.7ms
[2022-04-29T00:13:45.332-0700][gc,phases   ] GC(282)   Evacuate Collection Set: 11.6ms
[2022-04-29T00:13:45.332-0700][gc,phases   ] GC(282)   Post Evacuate Collection Set: 2.1ms
[2022-04-29T00:13:45.332-0700][gc,phases   ] GC(282)   Other: 2.9ms
[2022-04-29T00:13:45.332-0700][gc,heap     ] GC(282) Eden regions: 255->0(255)
[2022-04-29T00:13:45.332-0700][gc,heap     ] GC(282) Survivor regions: 1->1(32)
[2022-04-29T00:13:45.332-0700][gc,heap     ] GC(282) Old regions: 37->37
[2022-04-29T00:13:45.332-0700][gc,heap     ] GC(282) Archive regions: 2->2
[2022-04-29T00:13:45.332-0700][gc,heap     ] GC(282) Humongous regions: 20->20
[2022-04-29T00:13:45.332-0700][gc,metaspace] GC(282) Metaspace: 68070K(68608K)->68070K(68608K) NonClass: 60077K(60352K)->60077K(60352K) Class: 7993K(8256K)->7993K(8256K)
[2022-04-29T00:13:45.332-0700][gc          ] GC(282) Pause Young (Normal) (G1 Evacuation Pause) 312M->57M(512M) 20.454ms
[2022-04-29T00:13:45.332-0700][gc,cpu      ] GC(282) User=0.02s Sys=0.02s Real=0.02s
[2022-04-29T00:28:02.370-0700][gc,start    ] GC(283) Pause Young (Normal) (G1 Evacuation Pause)
[2022-04-29T00:28:02.372-0700][gc,task     ] GC(283) Using 9 workers of 9 for evacuation
[2022-04-29T00:28:02.398-0700][gc,phases   ] GC(283)   Pre Evacuate Collection Set: 1.3ms
[2022-04-29T00:28:02.398-0700][gc,phases   ] GC(283)   Merge Heap Roots: 0.3ms
[2022-04-29T00:28:02.398-0700][gc,phases   ] GC(283)   Evacuate Collection Set: 22.0ms
[2022-04-29T00:28:02.398-0700][gc,phases   ] GC(283)   Post Evacuate Collection Set: 1.7ms
[2022-04-29T00:28:02.398-0700][gc,phases   ] GC(283)   Other: 3.0ms
[2022-04-29T00:28:02.398-0700][gc,heap     ] GC(283) Eden regions: 255->0(255)
[2022-04-29T00:28:02.398-0700][gc,heap     ] GC(283) Survivor regions: 1->1(32)
[2022-04-29T00:28:02.398-0700][gc,heap     ] GC(283) Old regions: 37->37
[2022-04-29T00:28:02.398-0700][gc,heap     ] GC(283) Archive regions: 2->2
[2022-04-29T00:28:02.398-0700][gc,heap     ] GC(283) Humongous regions: 20->20
[2022-04-29T00:28:02.398-0700][gc,metaspace] GC(283) Metaspace: 68070K(68608K)->68070K(68608K) NonClass: 60077K(60352K)->60077K(60352K) Class: 7993K(8256K)->7993K(8256K)
[2022-04-29T00:28:02.398-0700][gc          ] GC(283) Pause Young (Normal) (G1 Evacuation Pause) 312M->57M(512M) 28.290ms
[2022-04-29T00:28:02.398-0700][gc,cpu      ] GC(283) User=0.01s Sys=0.02s Real=0.02s
[2022-04-29T00:42:14.976-0700][gc,start    ] GC(284) Pause Young (Normal) (G1 Evacuation Pause)
[2022-04-29T00:42:14.978-0700][gc,task     ] GC(284) Using 9 workers of 9 for evacuation
[2022-04-29T00:42:14.987-0700][gc,phases   ] GC(284)   Pre Evacuate Collection Set: 1.2ms
[2022-04-29T00:42:14.987-0700][gc,phases   ] GC(284)   Merge Heap Roots: 0.3ms
[2022-04-29T00:42:14.987-0700][gc,phases   ] GC(284)   Evacuate Collection Set: 6.6ms
[2022-04-29T00:42:14.987-0700][gc,phases   ] GC(284)   Post Evacuate Collection Set: 1.3ms
[2022-04-29T00:42:14.987-0700][gc,phases   ] GC(284)   Other: 2.5ms
[2022-04-29T00:42:14.987-0700][gc,heap     ] GC(284) Eden regions: 255->0(255)
[2022-04-29T00:42:14.987-0700][gc,heap     ] GC(284) Survivor regions: 1->1(32)
[2022-04-29T00:42:14.988-0700][gc,heap     ] GC(284) Old regions: 37->37
[2022-04-29T00:42:14.988-0700][gc,heap     ] GC(284) Archive regions: 2->2
[2022-04-29T00:42:14.988-0700][gc,heap     ] GC(284) Humongous regions: 20->20
[2022-04-29T00:42:14.988-0700][gc,metaspace] GC(284) Metaspace: 68070K(68608K)->68070K(68608K) NonClass: 60077K(60352K)->60077K(60352K) Class: 7993K(8256K)->7993K(8256K)
[2022-04-29T00:42:14.988-0700][gc          ] GC(284) Pause Young (Normal) (G1 Evacuation Pause) 312M->57M(512M) 12.039ms
[2022-04-29T00:42:14.988-0700][gc,cpu      ] GC(284) User=0.01s Sys=0.00s Real=0.01s
[2022-04-29T00:56:28.041-0700][gc,start    ] GC(285) Pause Young (Normal) (G1 Evacuation Pause)
[2022-04-29T00:56:28.042-0700][gc,task     ] GC(285) Using 9 workers of 9 for evacuation
[2022-04-29T00:56:28.057-0700][gc,phases   ] GC(285)   Pre Evacuate Collection Set: 0.7ms
[2022-04-29T00:56:28.057-0700][gc,phases   ] GC(285)   Merge Heap Roots: 0.1ms
[2022-04-29T00:56:28.057-0700][gc,phases   ] GC(285)   Evacuate Collection Set: 12.9ms
[2022-04-29T00:56:28.057-0700][gc,phases   ] GC(285)   Post Evacuate Collection Set: 1.2ms
[2022-04-29T00:56:28.057-0700][gc,phases   ] GC(285)   Other: 1.1ms
[2022-04-29T00:56:28.057-0700][gc,heap     ] GC(285) Eden regions: 255->0(255)
[2022-04-29T00:56:28.057-0700][gc,heap     ] GC(285) Survivor regions: 1->1(32)
[2022-04-29T00:56:28.057-0700][gc,heap     ] GC(285) Old regions: 37->37
[2022-04-29T00:56:28.057-0700][gc,heap     ] GC(285) Archive regions: 2->2
[2022-04-29T00:56:28.057-0700][gc,heap     ] GC(285) Humongous regions: 20->20
[2022-04-29T00:56:28.057-0700][gc,metaspace] GC(285) Metaspace: 68070K(68608K)->68070K(68608K) NonClass: 60077K(60352K)->60077K(60352K) Class: 7993K(8256K)->7993K(8256K)
[2022-04-29T00:56:28.058-0700][gc          ] GC(285) Pause Young (Normal) (G1 Evacuation Pause) 312M->57M(512M) 16.213ms
[2022-04-29T00:56:28.058-0700][gc,cpu      ] GC(285) User=0.01s Sys=0.00s Real=0.01s
[2022-04-29T01:10:45.226-0700][gc,start    ] GC(286) Pause Young (Normal) (G1 Evacuation Pause)
[2022-04-29T01:10:45.229-0700][gc,task     ] GC(286) Using 9 workers of 9 for evacuation
[2022-04-29T01:10:45.258-0700][gc,phases   ] GC(286)   Pre Evacuate Collection Set: 1.6ms
[2022-04-29T01:10:45.258-0700][gc,phases   ] GC(286)   Merge Heap Roots: 0.3ms
[2022-04-29T01:10:45.258-0700][gc,phases   ] GC(286)   Evacuate Collection Set: 24.8ms
[2022-04-29T01:10:45.258-0700][gc,phases   ] GC(286)   Post Evacuate Collection Set: 1.5ms
[2022-04-29T01:10:45.258-0700][gc,phases   ] GC(286)   Other: 3.8ms
[2022-04-29T01:10:45.258-0700][gc,heap     ] GC(286) Eden regions: 255->0(255)
[2022-04-29T01:10:45.258-0700][gc,heap     ] GC(286) Survivor regions: 1->1(32)
[2022-04-29T01:10:45.258-0700][gc,heap     ] GC(286) Old regions: 37->37
[2022-04-29T01:10:45.258-0700][gc,heap     ] GC(286) Archive regions: 2->2
[2022-04-29T01:10:45.258-0700][gc,heap     ] GC(286) Humongous regions: 20->20
[2022-04-29T01:10:45.258-0700][gc,metaspace] GC(286) Metaspace: 68070K(68608K)->68070K(68608K) NonClass: 60077K(60352K)->60077K(60352K) Class: 7993K(8256K)->7993K(8256K)
[2022-04-29T01:10:45.258-0700][gc          ] GC(286) Pause Young (Normal) (G1 Evacuation Pause) 312M->57M(512M) 32.093ms
[2022-04-29T01:10:45.258-0700][gc,cpu      ] GC(286) User=0.01s Sys=0.02s Real=0.03s
[2022-04-29T01:24:58.751-0700][gc,start    ] GC(287) Pause Young (Normal) (G1 Evacuation Pause)
[2022-04-29T01:24:58.752-0700][gc,task     ] GC(287) Using 9 workers of 9 for evacuation
[2022-04-29T01:24:58.761-0700][gc,phases   ] GC(287)   Pre Evacuate Collection Set: 3.6ms
[2022-04-29T01:24:58.761-0700][gc,phases   ] GC(287)   Merge Heap Roots: 0.2ms
[2022-04-29T01:24:58.761-0700][gc,phases   ] GC(287)   Evacuate Collection Set: 4.2ms
[2022-04-29T01:24:58.761-0700][gc,phases   ] GC(287)   Post Evacuate Collection Set: 1.1ms
[2022-04-29T01:24:58.761-0700][gc,phases   ] GC(287)   Other: 1.0ms
[2022-04-29T01:24:58.761-0700][gc,heap     ] GC(287) Eden regions: 255->0(255)
[2022-04-29T01:24:58.761-0700][gc,heap     ] GC(287) Survivor regions: 1->1(32)
[2022-04-29T01:24:58.761-0700][gc,heap     ] GC(287) Old regions: 37->37
[2022-04-29T01:24:58.761-0700][gc,heap     ] GC(287) Archive regions: 2->2
[2022-04-29T01:24:58.761-0700][gc,heap     ] GC(287) Humongous regions: 20->20
[2022-04-29T01:24:58.761-0700][gc,metaspace] GC(287) Metaspace: 68070K(68608K)->68070K(68608K) NonClass: 60077K(60352K)->60077K(60352K) Class: 7993K(8256K)->7993K(8256K)
[2022-04-29T01:24:58.761-0700][gc          ] GC(287) Pause Young (Normal) (G1 Evacuation Pause) 312M->57M(512M) 10.308ms
[2022-04-29T01:24:58.761-0700][gc,cpu      ] GC(287) User=0.01s Sys=0.01s Real=0.01s
[2022-04-29T01:39:16.312-0700][gc,start    ] GC(288) Pause Young (Normal) (G1 Evacuation Pause)
[2022-04-29T01:39:16.313-0700][gc,task     ] GC(288) Using 9 workers of 9 for evacuation
[2022-04-29T01:39:16.339-0700][gc,phases   ] GC(288)   Pre Evacuate Collection Set: 1.3ms
[2022-04-29T01:39:16.339-0700][gc,phases   ] GC(288)   Merge Heap Roots: 0.1ms
[2022-04-29T01:39:16.339-0700][gc,phases   ] GC(288)   Evacuate Collection Set: 20.9ms
[2022-04-29T01:39:16.339-0700][gc,phases   ] GC(288)   Post Evacuate Collection Set: 3.2ms
[2022-04-29T01:39:16.339-0700][gc,phases   ] GC(288)   Other: 1.5ms
[2022-04-29T01:39:16.340-0700][gc,heap     ] GC(288) Eden regions: 255->0(255)
[2022-04-29T01:39:16.340-0700][gc,heap     ] GC(288) Survivor regions: 1->1(32)
[2022-04-29T01:39:16.340-0700][gc,heap     ] GC(288) Old regions: 37->37
[2022-04-29T01:39:16.340-0700][gc,heap     ] GC(288) Archive regions: 2->2
[2022-04-29T01:39:16.340-0700][gc,heap     ] GC(288) Humongous regions: 20->20
[2022-04-29T01:39:16.340-0700][gc,metaspace] GC(288) Metaspace: 68070K(68608K)->68070K(68608K) NonClass: 60077K(60352K)->60077K(60352K) Class: 7993K(8256K)->7993K(8256K)
[2022-04-29T01:39:16.340-0700][gc          ] GC(288) Pause Young (Normal) (G1 Evacuation Pause) 312M->57M(512M) 27.474ms
[2022-04-29T01:39:16.340-0700][gc,cpu      ] GC(288) User=0.01s Sys=0.02s Real=0.03s
[2022-04-29T01:53:34.745-0700][gc,start    ] GC(289) Pause Young (Normal) (G1 Evacuation Pause)
[2022-04-29T01:53:34.745-0700][gc,task     ] GC(289) Using 9 workers of 9 for evacuation
[2022-04-29T01:53:34.764-0700][gc,phases   ] GC(289)   Pre Evacuate Collection Set: 0.8ms
[2022-04-29T01:53:34.764-0700][gc,phases   ] GC(289)   Merge Heap Roots: 1.7ms
[2022-04-29T01:53:34.764-0700][gc,phases   ] GC(289)   Evacuate Collection Set: 14.1ms
[2022-04-29T01:53:34.764-0700][gc,phases   ] GC(289)   Post Evacuate Collection Set: 1.3ms
[2022-04-29T01:53:34.764-0700][gc,phases   ] GC(289)   Other: 1.2ms
[2022-04-29T01:53:34.764-0700][gc,heap     ] GC(289) Eden regions: 255->0(255)
[2022-04-29T01:53:34.764-0700][gc,heap     ] GC(289) Survivor regions: 1->1(32)
[2022-04-29T01:53:34.764-0700][gc,heap     ] GC(289) Old regions: 37->37
[2022-04-29T01:53:34.764-0700][gc,heap     ] GC(289) Archive regions: 2->2
[2022-04-29T01:53:34.764-0700][gc,heap     ] GC(289) Humongous regions: 20->20
[2022-04-29T01:53:34.764-0700][gc,metaspace] GC(289) Metaspace: 68070K(68608K)->68070K(68608K) NonClass: 60077K(60352K)->60077K(60352K) Class: 7993K(8256K)->7993K(8256K)
[2022-04-29T01:53:34.764-0700][gc          ] GC(289) Pause Young (Normal) (G1 Evacuation Pause) 312M->57M(512M) 19.137ms
[2022-04-29T01:53:34.764-0700][gc,cpu      ] GC(289) User=0.01s Sys=0.01s Real=0.02s
[2022-04-29T02:07:49.301-0700][gc,start    ] GC(290) Pause Young (Normal) (G1 Evacuation Pause)
[2022-04-29T02:07:49.303-0700][gc,task     ] GC(290) Using 9 workers of 9 for evacuation
[2022-04-29T02:07:49.326-0700][gc,phases   ] GC(290)   Pre Evacuate Collection Set: 1.0ms
[2022-04-29T02:07:49.326-0700][gc,phases   ] GC(290)   Merge Heap Roots: 0.3ms
[2022-04-29T02:07:49.326-0700][gc,phases   ] GC(290)   Evacuate Collection Set: 18.6ms
[2022-04-29T02:07:49.326-0700][gc,phases   ] GC(290)   Post Evacuate Collection Set: 2.1ms
[2022-04-29T02:07:49.326-0700][gc,phases   ] GC(290)   Other: 2.9ms
[2022-04-29T02:07:49.326-0700][gc,heap     ] GC(290) Eden regions: 255->0(255)
[2022-04-29T02:07:49.326-0700][gc,heap     ] GC(290) Survivor regions: 1->1(32)
[2022-04-29T02:07:49.326-0700][gc,heap     ] GC(290) Old regions: 37->37
[2022-04-29T02:07:49.326-0700][gc,heap     ] GC(290) Archive regions: 2->2
[2022-04-29T02:07:49.326-0700][gc,heap     ] GC(290) Humongous regions: 20->20
[2022-04-29T02:07:49.326-0700][gc,metaspace] GC(290) Metaspace: 68070K(68608K)->68070K(68608K) NonClass: 60077K(60352K)->60077K(60352K) Class: 7993K(8256K)->7993K(8256K)
[2022-04-29T02:07:49.326-0700][gc          ] GC(290) Pause Young (Normal) (G1 Evacuation Pause) 312M->57M(512M) 25.280ms
[2022-04-29T02:07:49.327-0700][gc,cpu      ] GC(290) User=0.01s Sys=0.01s Real=0.02s
[2022-04-29T02:22:05.621-0700][gc,start    ] GC(291) Pause Young (Normal) (G1 Evacuation Pause)
[2022-04-29T02:22:05.622-0700][gc,task     ] GC(291) Using 9 workers of 9 for evacuation
[2022-04-29T02:22:05.634-0700][gc,phases   ] GC(291)   Pre Evacuate Collection Set: 0.9ms
[2022-04-29T02:22:05.634-0700][gc,phases   ] GC(291)   Merge Heap Roots: 0.2ms
[2022-04-29T02:22:05.634-0700][gc,phases   ] GC(291)   Evacuate Collection Set: 7.6ms
[2022-04-29T02:22:05.634-0700][gc,phases   ] GC(291)   Post Evacuate Collection Set: 2.7ms
[2022-04-29T02:22:05.634-0700][gc,phases   ] GC(291)   Other: 2.1ms
[2022-04-29T02:22:05.634-0700][gc,heap     ] GC(291) Eden regions: 255->0(255)
[2022-04-29T02:22:05.634-0700][gc,heap     ] GC(291) Survivor regions: 1->1(32)
[2022-04-29T02:22:05.634-0700][gc,heap     ] GC(291) Old regions: 37->37
[2022-04-29T02:22:05.634-0700][gc,heap     ] GC(291) Archive regions: 2->2
[2022-04-29T02:22:05.634-0700][gc,heap     ] GC(291) Humongous regions: 20->20
[2022-04-29T02:22:05.634-0700][gc,metaspace] GC(291) Metaspace: 68070K(68608K)->68070K(68608K) NonClass: 60077K(60352K)->60077K(60352K) Class: 7993K(8256K)->7993K(8256K)
[2022-04-29T02:22:05.634-0700][gc          ] GC(291) Pause Young (Normal) (G1 Evacuation Pause) 312M->58M(512M) 13.753ms
[2022-04-29T02:22:05.634-0700][gc,cpu      ] GC(291) User=0.01s Sys=0.01s Real=0.01s
[2022-04-29T02:36:22.348-0700][gc,start    ] GC(292) Pause Young (Normal) (G1 Evacuation Pause)
[2022-04-29T02:36:22.350-0700][gc,task     ] GC(292) Using 9 workers of 9 for evacuation
[2022-04-29T02:36:22.370-0700][gc,phases   ] GC(292)   Pre Evacuate Collection Set: 1.0ms
[2022-04-29T02:36:22.371-0700][gc,phases   ] GC(292)   Merge Heap Roots: 0.2ms
[2022-04-29T02:36:22.371-0700][gc,phases   ] GC(292)   Evacuate Collection Set: 17.9ms
[2022-04-29T02:36:22.371-0700][gc,phases   ] GC(292)   Post Evacuate Collection Set: 1.3ms
[2022-04-29T02:36:22.371-0700][gc,phases   ] GC(292)   Other: 2.5ms
[2022-04-29T02:36:22.371-0700][gc,heap     ] GC(292) Eden regions: 255->0(255)
[2022-04-29T02:36:22.371-0700][gc,heap     ] GC(292) Survivor regions: 1->1(32)
[2022-04-29T02:36:22.371-0700][gc,heap     ] GC(292) Old regions: 37->37
[2022-04-29T02:36:22.371-0700][gc,heap     ] GC(292) Archive regions: 2->2
[2022-04-29T02:36:22.371-0700][gc,heap     ] GC(292) Humongous regions: 20->20
[2022-04-29T02:36:22.371-0700][gc,metaspace] GC(292) Metaspace: 68070K(68608K)->68070K(68608K) NonClass: 60077K(60352K)->60077K(60352K) Class: 7993K(8256K)->7993K(8256K)
[2022-04-29T02:36:22.371-0700][gc          ] GC(292) Pause Young (Normal) (G1 Evacuation Pause) 313M->57M(512M) 22.958ms
[2022-04-29T02:36:22.371-0700][gc,cpu      ] GC(292) User=0.02s Sys=0.01s Real=0.03s
[2022-04-29T02:50:36.320-0700][gc,start    ] GC(293) Pause Young (Normal) (G1 Evacuation Pause)
[2022-04-29T02:50:36.322-0700][gc,task     ] GC(293) Using 9 workers of 9 for evacuation
[2022-04-29T02:50:36.335-0700][gc,phases   ] GC(293)   Pre Evacuate Collection Set: 0.9ms
[2022-04-29T02:50:36.335-0700][gc,phases   ] GC(293)   Merge Heap Roots: 0.2ms
[2022-04-29T02:50:36.335-0700][gc,phases   ] GC(293)   Evacuate Collection Set: 9.5ms
[2022-04-29T02:50:36.335-0700][gc,phases   ] GC(293)   Post Evacuate Collection Set: 2.1ms
[2022-04-29T02:50:36.335-0700][gc,phases   ] GC(293)   Other: 2.3ms
[2022-04-29T02:50:36.335-0700][gc,heap     ] GC(293) Eden regions: 255->0(255)
[2022-04-29T02:50:36.335-0700][gc,heap     ] GC(293) Survivor regions: 1->1(32)
[2022-04-29T02:50:36.335-0700][gc,heap     ] GC(293) Old regions: 37->37
[2022-04-29T02:50:36.335-0700][gc,heap     ] GC(293) Archive regions: 2->2
[2022-04-29T02:50:36.335-0700][gc,heap     ] GC(293) Humongous regions: 20->20
[2022-04-29T02:50:36.335-0700][gc,metaspace] GC(293) Metaspace: 68070K(68608K)->68070K(68608K) NonClass: 60077K(60352K)->60077K(60352K) Class: 7993K(8256K)->7993K(8256K)
[2022-04-29T02:50:36.335-0700][gc          ] GC(293) Pause Young (Normal) (G1 Evacuation Pause) 312M->58M(512M) 15.329ms
[2022-04-29T02:50:36.335-0700][gc,cpu      ] GC(293) User=0.01s Sys=0.01s Real=0.01s
[2022-04-29T03:04:49.295-0700][gc,start    ] GC(294) Pause Young (Normal) (G1 Evacuation Pause)
[2022-04-29T03:04:49.296-0700][gc,task     ] GC(294) Using 9 workers of 9 for evacuation
[2022-04-29T03:04:49.304-0700][gc,phases   ] GC(294)   Pre Evacuate Collection Set: 0.8ms
[2022-04-29T03:04:49.304-0700][gc,phases   ] GC(294)   Merge Heap Roots: 0.1ms
[2022-04-29T03:04:49.304-0700][gc,phases   ] GC(294)   Evacuate Collection Set: 4.8ms
[2022-04-29T03:04:49.304-0700][gc,phases   ] GC(294)   Post Evacuate Collection Set: 1.6ms
[2022-04-29T03:04:49.304-0700][gc,phases   ] GC(294)   Other: 1.9ms
[2022-04-29T03:04:49.304-0700][gc,heap     ] GC(294) Eden regions: 255->0(255)
[2022-04-29T03:04:49.304-0700][gc,heap     ] GC(294) Survivor regions: 1->1(32)
[2022-04-29T03:04:49.304-0700][gc,heap     ] GC(294) Old regions: 37->37
[2022-04-29T03:04:49.304-0700][gc,heap     ] GC(294) Archive regions: 2->2
[2022-04-29T03:04:49.304-0700][gc,heap     ] GC(294) Humongous regions: 20->20
[2022-04-29T03:04:49.304-0700][gc,metaspace] GC(294) Metaspace: 68070K(68608K)->68070K(68608K) NonClass: 60077K(60352K)->60077K(60352K) Class: 7993K(8256K)->7993K(8256K)
[2022-04-29T03:04:49.304-0700][gc          ] GC(294) Pause Young (Normal) (G1 Evacuation Pause) 313M->58M(512M) 9.420ms
[2022-04-29T03:04:49.304-0700][gc,cpu      ] GC(294) User=0.00s Sys=0.01s Real=0.01s
[2022-04-29T03:19:02.817-0700][gc,start    ] GC(295) Pause Young (Normal) (G1 Evacuation Pause)
[2022-04-29T03:19:02.819-0700][gc,task     ] GC(295) Using 9 workers of 9 for evacuation
[2022-04-29T03:19:02.826-0700][gc,phases   ] GC(295)   Pre Evacuate Collection Set: 0.6ms
[2022-04-29T03:19:02.826-0700][gc,phases   ] GC(295)   Merge Heap Roots: 0.1ms
[2022-04-29T03:19:02.826-0700][gc,phases   ] GC(295)   Evacuate Collection Set: 4.9ms
[2022-04-29T03:19:02.826-0700][gc,phases   ] GC(295)   Post Evacuate Collection Set: 1.4ms
[2022-04-29T03:19:02.826-0700][gc,phases   ] GC(295)   Other: 2.0ms
[2022-04-29T03:19:02.826-0700][gc,heap     ] GC(295) Eden regions: 255->0(255)
[2022-04-29T03:19:02.826-0700][gc,heap     ] GC(295) Survivor regions: 1->1(32)
[2022-04-29T03:19:02.826-0700][gc,heap     ] GC(295) Old regions: 37->37
[2022-04-29T03:19:02.826-0700][gc,heap     ] GC(295) Archive regions: 2->2
[2022-04-29T03:19:02.826-0700][gc,heap     ] GC(295) Humongous regions: 20->20
[2022-04-29T03:19:02.826-0700][gc,metaspace] GC(295) Metaspace: 68070K(68608K)->68070K(68608K) NonClass: 60077K(60352K)->60077K(60352K) Class: 7993K(8256K)->7993K(8256K)
[2022-04-29T03:19:02.826-0700][gc          ] GC(295) Pause Young (Normal) (G1 Evacuation Pause) 313M->58M(512M) 9.230ms
[2022-04-29T03:19:02.826-0700][gc,cpu      ] GC(295) User=0.00s Sys=0.00s Real=0.01s
[2022-04-29T03:33:20.100-0700][gc,start    ] GC(296) Pause Young (Normal) (G1 Evacuation Pause)
[2022-04-29T03:33:20.101-0700][gc,task     ] GC(296) Using 9 workers of 9 for evacuation
[2022-04-29T03:33:20.126-0700][gc,phases   ] GC(296)   Pre Evacuate Collection Set: 7.6ms
[2022-04-29T03:33:20.126-0700][gc,phases   ] GC(296)   Merge Heap Roots: 0.3ms
[2022-04-29T03:33:20.126-0700][gc,phases   ] GC(296)   Evacuate Collection Set: 15.8ms
[2022-04-29T03:33:20.126-0700][gc,phases   ] GC(296)   Post Evacuate Collection Set: 1.1ms
[2022-04-29T03:33:20.126-0700][gc,phases   ] GC(296)   Other: 0.9ms
[2022-04-29T03:33:20.126-0700][gc,heap     ] GC(296) Eden regions: 255->0(255)
[2022-04-29T03:33:20.126-0700][gc,heap     ] GC(296) Survivor regions: 1->1(32)
[2022-04-29T03:33:20.126-0700][gc,heap     ] GC(296) Old regions: 37->37
[2022-04-29T03:33:20.126-0700][gc,heap     ] GC(296) Archive regions: 2->2
[2022-04-29T03:33:20.126-0700][gc,heap     ] GC(296) Humongous regions: 20->20
[2022-04-29T03:33:20.126-0700][gc,metaspace] GC(296) Metaspace: 68070K(68608K)->68070K(68608K) NonClass: 60077K(60352K)->60077K(60352K) Class: 7993K(8256K)->7993K(8256K)
[2022-04-29T03:33:20.126-0700][gc          ] GC(296) Pause Young (Normal) (G1 Evacuation Pause) 313M->58M(512M) 26.086ms
[2022-04-29T03:33:20.126-0700][gc,cpu      ] GC(296) User=0.01s Sys=0.00s Real=0.02s
[2022-04-29T03:47:32.965-0700][gc,start    ] GC(297) Pause Young (Normal) (G1 Evacuation Pause)
[2022-04-29T03:47:32.966-0700][gc,task     ] GC(297) Using 9 workers of 9 for evacuation
[2022-04-29T03:47:32.986-0700][gc,phases   ] GC(297)   Pre Evacuate Collection Set: 1.0ms
[2022-04-29T03:47:32.986-0700][gc,phases   ] GC(297)   Merge Heap Roots: 0.3ms
[2022-04-29T03:47:32.986-0700][gc,phases   ] GC(297)   Evacuate Collection Set: 17.3ms
[2022-04-29T03:47:32.986-0700][gc,phases   ] GC(297)   Post Evacuate Collection Set: 1.2ms
[2022-04-29T03:47:32.986-0700][gc,phases   ] GC(297)   Other: 1.2ms
[2022-04-29T03:47:32.986-0700][gc,heap     ] GC(297) Eden regions: 255->0(255)
[2022-04-29T03:47:32.986-0700][gc,heap     ] GC(297) Survivor regions: 1->1(32)
[2022-04-29T03:47:32.986-0700][gc,heap     ] GC(297) Old regions: 37->37
[2022-04-29T03:47:32.986-0700][gc,heap     ] GC(297) Archive regions: 2->2
[2022-04-29T03:47:32.986-0700][gc,heap     ] GC(297) Humongous regions: 20->20
[2022-04-29T03:47:32.986-0700][gc,metaspace] GC(297) Metaspace: 68070K(68608K)->68070K(68608K) NonClass: 60077K(60352K)->60077K(60352K) Class: 7993K(8256K)->7993K(8256K)
[2022-04-29T03:47:32.986-0700][gc          ] GC(297) Pause Young (Normal) (G1 Evacuation Pause) 313M->58M(512M) 20.902ms
[2022-04-29T03:47:32.986-0700][gc,cpu      ] GC(297) User=0.01s Sys=0.01s Real=0.02s
[2022-04-29T04:01:48.338-0700][gc,start    ] GC(298) Pause Young (Normal) (G1 Evacuation Pause)
[2022-04-29T04:01:48.341-0700][gc,task     ] GC(298) Using 9 workers of 9 for evacuation
[2022-04-29T04:01:48.367-0700][gc,phases   ] GC(298)   Pre Evacuate Collection Set: 1.4ms
[2022-04-29T04:01:48.367-0700][gc,phases   ] GC(298)   Merge Heap Roots: 0.2ms
[2022-04-29T04:01:48.367-0700][gc,phases   ] GC(298)   Evacuate Collection Set: 9.0ms
[2022-04-29T04:01:48.367-0700][gc,phases   ] GC(298)   Post Evacuate Collection Set: 14.5ms
[2022-04-29T04:01:48.367-0700][gc,phases   ] GC(298)   Other: 3.6ms
[2022-04-29T04:01:48.367-0700][gc,heap     ] GC(298) Eden regions: 255->0(255)
[2022-04-29T04:01:48.367-0700][gc,heap     ] GC(298) Survivor regions: 1->1(32)
[2022-04-29T04:01:48.367-0700][gc,heap     ] GC(298) Old regions: 37->37
[2022-04-29T04:01:48.367-0700][gc,heap     ] GC(298) Archive regions: 2->2
[2022-04-29T04:01:48.367-0700][gc,heap     ] GC(298) Humongous regions: 20->20
[2022-04-29T04:01:48.367-0700][gc,metaspace] GC(298) Metaspace: 68070K(68608K)->68070K(68608K) NonClass: 60077K(60352K)->60077K(60352K) Class: 7993K(8256K)->7993K(8256K)
[2022-04-29T04:01:48.367-0700][gc          ] GC(298) Pause Young (Normal) (G1 Evacuation Pause) 313M->58M(512M) 28.954ms
[2022-04-29T04:01:48.367-0700][gc,cpu      ] GC(298) User=0.01s Sys=0.01s Real=0.03s
[2022-04-29T04:16:02.867-0700][gc,start    ] GC(299) Pause Young (Normal) (G1 Evacuation Pause)
[2022-04-29T04:16:02.867-0700][gc,task     ] GC(299) Using 9 workers of 9 for evacuation
[2022-04-29T04:16:02.876-0700][gc,phases   ] GC(299)   Pre Evacuate Collection Set: 0.3ms
[2022-04-29T04:16:02.876-0700][gc,phases   ] GC(299)   Merge Heap Roots: 0.1ms
[2022-04-29T04:16:02.876-0700][gc,phases   ] GC(299)   Evacuate Collection Set: 6.4ms
[2022-04-29T04:16:02.876-0700][gc,phases   ] GC(299)   Post Evacuate Collection Set: 1.4ms
[2022-04-29T04:16:02.876-0700][gc,phases   ] GC(299)   Other: 0.8ms
[2022-04-29T04:16:02.876-0700][gc,heap     ] GC(299) Eden regions: 255->0(255)
[2022-04-29T04:16:02.876-0700][gc,heap     ] GC(299) Survivor regions: 1->1(32)
[2022-04-29T04:16:02.876-0700][gc,heap     ] GC(299) Old regions: 37->37
[2022-04-29T04:16:02.876-0700][gc,heap     ] GC(299) Archive regions: 2->2
[2022-04-29T04:16:02.876-0700][gc,heap     ] GC(299) Humongous regions: 20->20
[2022-04-29T04:16:02.876-0700][gc,metaspace] GC(299) Metaspace: 68070K(68608K)->68070K(68608K) NonClass: 60077K(60352K)->60077K(60352K) Class: 7993K(8256K)->7993K(8256K)
