[2022-04-21T17:17:35.324-0700][gc] Using G1
[2022-04-21T17:17:35.325-0700][gc,init] Version: 17.0.2+0 (release)
[2022-04-21T17:17:35.325-0700][gc,init] CPUs: 10 total, 10 available
[2022-04-21T17:17:35.325-0700][gc,init] Memory: 16384M
[2022-04-21T17:17:35.325-0700][gc,init] Large Page Support: Disabled
[2022-04-21T17:17:35.325-0700][gc,init] NUMA Support: Disabled
[2022-04-21T17:17:35.325-0700][gc,init] Compressed Oops: Enabled (Zero based)
[2022-04-21T17:17:35.325-0700][gc,init] Heap Region Size: 1M
[2022-04-21T17:17:35.325-0700][gc,init] Heap Min Capacity: 512M
[2022-04-21T17:17:35.325-0700][gc,init] Heap Initial Capacity: 512M
[2022-04-21T17:17:35.325-0700][gc,init] Heap Max Capacity: 512M
[2022-04-21T17:17:35.325-0700][gc,init] Pre-touch: Disabled
[2022-04-21T17:17:35.325-0700][gc,init] Parallel Workers: 9
[2022-04-21T17:17:35.325-0700][gc,init] Concurrent Workers: 2
[2022-04-21T17:17:35.325-0700][gc,init] Concurrent Refinement Workers: 9
[2022-04-21T17:17:35.325-0700][gc,init] Periodic GC: Disabled
[2022-04-21T17:17:35.325-0700][gc,metaspace] CDS archive(s) mapped at: [0x0000000800000000-0x0000000800bd4000-0x0000000800bd4000), size 12402688, SharedBaseAddress: 0x0000000800000000, ArchiveRelocationMode: 0.
[2022-04-21T17:17:35.325-0700][gc,metaspace] Compressed class space mapped at: 0x0000000800c00000-0x0000000840c00000, reserved size: 1073741824
[2022-04-21T17:17:35.325-0700][gc,metaspace] Narrow klass base: 0x0000000800000000, Narrow klass shift: 0, Narrow klass range: 0x100000000
[2022-04-21T17:17:35.963-0700][gc,start    ] GC(0) Pause Young (Normal) (G1 Evacuation Pause)
[2022-04-21T17:17:35.963-0700][gc,task     ] GC(0) Using 9 workers of 9 for evacuation
[2022-04-21T17:17:35.966-0700][gc,phases   ] GC(0)   Pre Evacuate Collection Set: 0.1ms
[2022-04-21T17:17:35.966-0700][gc,phases   ] GC(0)   Merge Heap Roots: 0.1ms
[2022-04-21T17:17:35.966-0700][gc,phases   ] GC(0)   Evacuate Collection Set: 2.6ms
[2022-04-21T17:17:35.966-0700][gc,phases   ] GC(0)   Post Evacuate Collection Set: 0.4ms
[2022-04-21T17:17:35.967-0700][gc,phases   ] GC(0)   Other: 0.4ms
[2022-04-21T17:17:35.967-0700][gc,heap     ] GC(0) Eden regions: 256->0(249)
[2022-04-21T17:17:35.967-0700][gc,heap     ] GC(0) Survivor regions: 0->7(32)
[2022-04-21T17:17:35.967-0700][gc,heap     ] GC(0) Old regions: 0->0
[2022-04-21T17:17:35.967-0700][gc,heap     ] GC(0) Archive regions: 2->2
[2022-04-21T17:17:35.967-0700][gc,heap     ] GC(0) Humongous regions: 0->0
[2022-04-21T17:17:35.967-0700][gc,metaspace] GC(0) Metaspace: 16779K(16960K)->16779K(16960K) NonClass: 14673K(14784K)->14673K(14784K) Class: 2106K(2176K)->2106K(2176K)
[2022-04-21T17:17:35.967-0700][gc          ] GC(0) Pause Young (Normal) (G1 Evacuation Pause) 256M->7M(512M) 3.495ms
[2022-04-21T17:17:35.967-0700][gc,cpu      ] GC(0) User=0.01s Sys=0.00s Real=0.00s
[2022-04-21T17:17:36.276-0700][gc,start    ] GC(1) Pause Young (Concurrent Start) (Metadata GC Threshold)
[2022-04-21T17:17:36.276-0700][gc,task     ] GC(1) Using 9 workers of 9 for evacuation
[2022-04-21T17:17:36.279-0700][gc,phases   ] GC(1)   Pre Evacuate Collection Set: 0.1ms
[2022-04-21T17:17:36.279-0700][gc,phases   ] GC(1)   Merge Heap Roots: 0.0ms
[2022-04-21T17:17:36.279-0700][gc,phases   ] GC(1)   Evacuate Collection Set: 2.5ms
[2022-04-21T17:17:36.279-0700][gc,phases   ] GC(1)   Post Evacuate Collection Set: 0.3ms
[2022-04-21T17:17:36.279-0700][gc,phases   ] GC(1)   Other: 0.1ms
[2022-04-21T17:17:36.279-0700][gc,heap     ] GC(1) Eden regions: 136->0(245)
[2022-04-21T17:17:36.279-0700][gc,heap     ] GC(1) Survivor regions: 7->11(32)
[2022-04-21T17:17:36.279-0700][gc,heap     ] GC(1) Old regions: 0->0
[2022-04-21T17:17:36.279-0700][gc,heap     ] GC(1) Archive regions: 2->2
[2022-04-21T17:17:36.279-0700][gc,heap     ] GC(1) Humongous regions: 0->0
[2022-04-21T17:17:36.279-0700][gc,metaspace] GC(1) Metaspace: 21212K(21504K)->21212K(21504K) NonClass: 18606K(18752K)->18606K(18752K) Class: 2606K(2752K)->2606K(2752K)
[2022-04-21T17:17:36.279-0700][gc          ] GC(1) Pause Young (Concurrent Start) (Metadata GC Threshold) 142M->11M(512M) 3.166ms
[2022-04-21T17:17:36.279-0700][gc,cpu      ] GC(1) User=0.02s Sys=0.01s Real=0.00s
[2022-04-21T17:17:36.279-0700][gc          ] GC(2) Concurrent Mark Cycle
[2022-04-21T17:17:36.279-0700][gc,marking  ] GC(2) Concurrent Clear Claimed Marks
[2022-04-21T17:17:36.279-0700][gc,marking  ] GC(2) Concurrent Clear Claimed Marks 0.011ms
[2022-04-21T17:17:36.279-0700][gc,marking  ] GC(2) Concurrent Scan Root Regions
[2022-04-21T17:17:36.281-0700][gc,marking  ] GC(2) Concurrent Scan Root Regions 1.845ms
[2022-04-21T17:17:36.281-0700][gc,marking  ] GC(2) Concurrent Mark
[2022-04-21T17:17:36.281-0700][gc,marking  ] GC(2) Concurrent Mark From Roots
[2022-04-21T17:17:36.281-0700][gc,task     ] GC(2) Using 2 workers of 2 for marking
[2022-04-21T17:17:36.282-0700][gc,marking  ] GC(2) Concurrent Mark From Roots 1.110ms
[2022-04-21T17:17:36.282-0700][gc,marking  ] GC(2) Concurrent Preclean
[2022-04-21T17:17:36.282-0700][gc,marking  ] GC(2) Concurrent Preclean 0.015ms
[2022-04-21T17:17:36.282-0700][gc,start    ] GC(2) Pause Remark
[2022-04-21T17:17:36.283-0700][gc          ] GC(2) Pause Remark 11M->11M(512M) 0.746ms
[2022-04-21T17:17:36.283-0700][gc,cpu      ] GC(2) User=0.01s Sys=0.00s Real=0.00s
[2022-04-21T17:17:36.283-0700][gc,marking  ] GC(2) Concurrent Mark 1.977ms
[2022-04-21T17:17:36.283-0700][gc,marking  ] GC(2) Concurrent Rebuild Remembered Sets
[2022-04-21T17:17:36.283-0700][gc,marking  ] GC(2) Concurrent Rebuild Remembered Sets 0.006ms
[2022-04-21T17:17:36.283-0700][gc,start    ] GC(2) Pause Cleanup
[2022-04-21T17:17:36.283-0700][gc          ] GC(2) Pause Cleanup 11M->11M(512M) 0.011ms
[2022-04-21T17:17:36.283-0700][gc,cpu      ] GC(2) User=0.00s Sys=0.00s Real=0.00s
[2022-04-21T17:17:36.283-0700][gc,marking  ] GC(2) Concurrent Cleanup for Next Mark
[2022-04-21T17:17:36.284-0700][gc,marking  ] GC(2) Concurrent Cleanup for Next Mark 0.719ms
[2022-04-21T17:17:36.284-0700][gc          ] GC(2) Concurrent Mark Cycle 4.735ms
[2022-04-21T17:17:36.630-0700][gc,start    ] GC(3) Pause Young (Normal) (G1 Evacuation Pause)
[2022-04-21T17:17:36.630-0700][gc,task     ] GC(3) Using 9 workers of 9 for evacuation
[2022-04-21T17:17:36.634-0700][gc,phases   ] GC(3)   Pre Evacuate Collection Set: 0.1ms
[2022-04-21T17:17:36.634-0700][gc,phases   ] GC(3)   Merge Heap Roots: 0.1ms
[2022-04-21T17:17:36.634-0700][gc,phases   ] GC(3)   Evacuate Collection Set: 3.5ms
[2022-04-21T17:17:36.634-0700][gc,phases   ] GC(3)   Post Evacuate Collection Set: 0.4ms
[2022-04-21T17:17:36.635-0700][gc,phases   ] GC(3)   Other: 0.1ms
[2022-04-21T17:17:36.635-0700][gc,heap     ] GC(3) Eden regions: 245->0(242)
[2022-04-21T17:17:36.635-0700][gc,heap     ] GC(3) Survivor regions: 11->14(32)
[2022-04-21T17:17:36.635-0700][gc,heap     ] GC(3) Old regions: 0->0
[2022-04-21T17:17:36.635-0700][gc,heap     ] GC(3) Archive regions: 2->2
[2022-04-21T17:17:36.635-0700][gc,heap     ] GC(3) Humongous regions: 0->0
[2022-04-21T17:17:36.635-0700][gc,metaspace] GC(3) Metaspace: 24371K(24704K)->24371K(24704K) NonClass: 21312K(21504K)->21312K(21504K) Class: 3058K(3200K)->3058K(3200K)
[2022-04-21T17:17:36.635-0700][gc          ] GC(3) Pause Young (Normal) (G1 Evacuation Pause) 256M->14M(512M) 4.240ms
[2022-04-21T17:17:36.635-0700][gc,cpu      ] GC(3) User=0.03s Sys=0.00s Real=0.00s
[2022-04-21T17:17:37.232-0700][gc,start    ] GC(4) Pause Young (Concurrent Start) (Metadata GC Threshold)
[2022-04-21T17:17:37.232-0700][gc,task     ] GC(4) Using 9 workers of 9 for evacuation
[2022-04-21T17:17:37.237-0700][gc,phases   ] GC(4)   Pre Evacuate Collection Set: 0.1ms
[2022-04-21T17:17:37.237-0700][gc,phases   ] GC(4)   Merge Heap Roots: 0.0ms
[2022-04-21T17:17:37.237-0700][gc,phases   ] GC(4)   Evacuate Collection Set: 4.1ms
[2022-04-21T17:17:37.237-0700][gc,phases   ] GC(4)   Post Evacuate Collection Set: 0.5ms
[2022-04-21T17:17:37.237-0700][gc,phases   ] GC(4)   Other: 0.1ms
[2022-04-21T17:17:37.237-0700][gc,heap     ] GC(4) Eden regions: 192->0(236)
[2022-04-21T17:17:37.237-0700][gc,heap     ] GC(4) Survivor regions: 14->20(32)
[2022-04-21T17:17:37.237-0700][gc,heap     ] GC(4) Old regions: 0->0
[2022-04-21T17:17:37.237-0700][gc,heap     ] GC(4) Archive regions: 2->2
[2022-04-21T17:17:37.237-0700][gc,heap     ] GC(4) Humongous regions: 0->0
[2022-04-21T17:17:37.237-0700][gc,metaspace] GC(4) Metaspace: 35688K(35968K)->35688K(35968K) NonClass: 31279K(31424K)->31279K(31424K) Class: 4409K(4544K)->4409K(4544K)
[2022-04-21T17:17:37.237-0700][gc          ] GC(4) Pause Young (Concurrent Start) (Metadata GC Threshold) 206M->20M(512M) 5.053ms
[2022-04-21T17:17:37.237-0700][gc,cpu      ] GC(4) User=0.04s Sys=0.00s Real=0.00s
[2022-04-21T17:17:37.237-0700][gc          ] GC(5) Concurrent Mark Cycle
[2022-04-21T17:17:37.237-0700][gc,marking  ] GC(5) Concurrent Clear Claimed Marks
[2022-04-21T17:17:37.237-0700][gc,marking  ] GC(5) Concurrent Clear Claimed Marks 0.024ms
[2022-04-21T17:17:37.237-0700][gc,marking  ] GC(5) Concurrent Scan Root Regions
[2022-04-21T17:17:37.241-0700][gc,marking  ] GC(5) Concurrent Scan Root Regions 3.663ms
[2022-04-21T17:17:37.241-0700][gc,marking  ] GC(5) Concurrent Mark
[2022-04-21T17:17:37.241-0700][gc,marking  ] GC(5) Concurrent Mark From Roots
[2022-04-21T17:17:37.241-0700][gc,task     ] GC(5) Using 2 workers of 2 for marking
[2022-04-21T17:17:37.241-0700][gc,marking  ] GC(5) Concurrent Mark From Roots 0.675ms
[2022-04-21T17:17:37.241-0700][gc,marking  ] GC(5) Concurrent Preclean
[2022-04-21T17:17:37.241-0700][gc,marking  ] GC(5) Concurrent Preclean 0.015ms
[2022-04-21T17:17:37.241-0700][gc,start    ] GC(5) Pause Remark
[2022-04-21T17:17:37.242-0700][gc          ] GC(5) Pause Remark 22M->22M(512M) 1.026ms
[2022-04-21T17:17:37.242-0700][gc,cpu      ] GC(5) User=0.00s Sys=0.00s Real=0.00s
[2022-04-21T17:17:37.242-0700][gc,marking  ] GC(5) Concurrent Mark 1.818ms
[2022-04-21T17:17:37.242-0700][gc,marking  ] GC(5) Concurrent Rebuild Remembered Sets
[2022-04-21T17:17:37.242-0700][gc,marking  ] GC(5) Concurrent Rebuild Remembered Sets 0.005ms
[2022-04-21T17:17:37.242-0700][gc,start    ] GC(5) Pause Cleanup
[2022-04-21T17:17:37.243-0700][gc          ] GC(5) Pause Cleanup 22M->22M(512M) 0.037ms
[2022-04-21T17:17:37.243-0700][gc,cpu      ] GC(5) User=0.00s Sys=0.00s Real=0.00s
[2022-04-21T17:17:37.243-0700][gc,marking  ] GC(5) Concurrent Cleanup for Next Mark
[2022-04-21T17:17:37.243-0700][gc,marking  ] GC(5) Concurrent Cleanup for Next Mark 0.787ms
[2022-04-21T17:17:37.243-0700][gc          ] GC(5) Concurrent Mark Cycle 6.465ms
[2022-04-21T17:17:38.312-0700][gc,start    ] GC(6) Pause Young (Normal) (G1 Evacuation Pause)
[2022-04-21T17:17:38.312-0700][gc,task     ] GC(6) Using 9 workers of 9 for evacuation
[2022-04-21T17:17:38.320-0700][gc,phases   ] GC(6)   Pre Evacuate Collection Set: 0.1ms
[2022-04-21T17:17:38.320-0700][gc,phases   ] GC(6)   Merge Heap Roots: 0.1ms
[2022-04-21T17:17:38.320-0700][gc,phases   ] GC(6)   Evacuate Collection Set: 6.7ms
[2022-04-21T17:17:38.320-0700][gc,phases   ] GC(6)   Post Evacuate Collection Set: 0.9ms
[2022-04-21T17:17:38.320-0700][gc,phases   ] GC(6)   Other: 0.1ms
[2022-04-21T17:17:38.320-0700][gc,heap     ] GC(6) Eden regions: 236->0(232)
[2022-04-21T17:17:38.320-0700][gc,heap     ] GC(6) Survivor regions: 20->24(32)
[2022-04-21T17:17:38.320-0700][gc,heap     ] GC(6) Old regions: 0->6
[2022-04-21T17:17:38.320-0700][gc,heap     ] GC(6) Archive regions: 2->2
[2022-04-21T17:17:38.320-0700][gc,heap     ] GC(6) Humongous regions: 0->0
[2022-04-21T17:17:38.320-0700][gc,metaspace] GC(6) Metaspace: 52688K(53120K)->52688K(53120K) NonClass: 46202K(46400K)->46202K(46400K) Class: 6486K(6720K)->6486K(6720K)
[2022-04-21T17:17:38.320-0700][gc          ] GC(6) Pause Young (Normal) (G1 Evacuation Pause) 256M->30M(512M) 7.922ms
[2022-04-21T17:17:38.320-0700][gc,cpu      ] GC(6) User=0.05s Sys=0.01s Real=0.01s
[2022-04-21T17:17:38.957-0700][gc,start    ] GC(7) Pause Young (Concurrent Start) (Metadata GC Threshold)
[2022-04-21T17:17:38.958-0700][gc,task     ] GC(7) Using 9 workers of 9 for evacuation
[2022-04-21T17:17:38.965-0700][gc,phases   ] GC(7)   Pre Evacuate Collection Set: 0.1ms
[2022-04-21T17:17:38.965-0700][gc,phases   ] GC(7)   Merge Heap Roots: 0.1ms
[2022-04-21T17:17:38.965-0700][gc,phases   ] GC(7)   Evacuate Collection Set: 5.9ms
[2022-04-21T17:17:38.965-0700][gc,phases   ] GC(7)   Post Evacuate Collection Set: 0.7ms
[2022-04-21T17:17:38.965-0700][gc,phases   ] GC(7)   Other: 0.9ms
[2022-04-21T17:17:38.965-0700][gc,heap     ] GC(7) Eden regions: 182->0(235)
[2022-04-21T17:17:38.965-0700][gc,heap     ] GC(7) Survivor regions: 24->21(32)
[2022-04-21T17:17:38.965-0700][gc,heap     ] GC(7) Old regions: 6->12
[2022-04-21T17:17:38.965-0700][gc,heap     ] GC(7) Archive regions: 2->2
[2022-04-21T17:17:38.965-0700][gc,heap     ] GC(7) Humongous regions: 2->2
[2022-04-21T17:17:38.965-0700][gc,metaspace] GC(7) Metaspace: 59924K(60416K)->59924K(60416K) NonClass: 52445K(52672K)->52445K(52672K) Class: 7478K(7744K)->7478K(7744K)
[2022-04-21T17:17:38.965-0700][gc          ] GC(7) Pause Young (Concurrent Start) (Metadata GC Threshold) 214M->34M(512M) 7.705ms
[2022-04-21T17:17:38.965-0700][gc,cpu      ] GC(7) User=0.04s Sys=0.00s Real=0.01s
[2022-04-21T17:17:38.965-0700][gc          ] GC(8) Concurrent Mark Cycle
[2022-04-21T17:17:38.965-0700][gc,marking  ] GC(8) Concurrent Clear Claimed Marks
[2022-04-21T17:17:38.965-0700][gc,marking  ] GC(8) Concurrent Clear Claimed Marks 0.044ms
[2022-04-21T17:17:38.965-0700][gc,marking  ] GC(8) Concurrent Scan Root Regions
[2022-04-21T17:17:38.970-0700][gc,marking  ] GC(8) Concurrent Scan Root Regions 5.349ms
[2022-04-21T17:17:38.970-0700][gc,marking  ] GC(8) Concurrent Mark
[2022-04-21T17:17:38.970-0700][gc,marking  ] GC(8) Concurrent Mark From Roots
[2022-04-21T17:17:38.970-0700][gc,task     ] GC(8) Using 2 workers of 2 for marking
[2022-04-21T17:17:38.973-0700][gc,marking  ] GC(8) Concurrent Mark From Roots 3.112ms
[2022-04-21T17:17:38.973-0700][gc,marking  ] GC(8) Concurrent Preclean
[2022-04-21T17:17:38.973-0700][gc,marking  ] GC(8) Concurrent Preclean 0.041ms
[2022-04-21T17:17:38.974-0700][gc,start    ] GC(8) Pause Remark
[2022-04-21T17:17:38.975-0700][gc          ] GC(8) Pause Remark 39M->39M(512M) 1.635ms
[2022-04-21T17:17:38.975-0700][gc,cpu      ] GC(8) User=0.01s Sys=0.00s Real=0.00s
[2022-04-21T17:17:38.975-0700][gc,marking  ] GC(8) Concurrent Mark 5.298ms
[2022-04-21T17:17:38.975-0700][gc,marking  ] GC(8) Concurrent Rebuild Remembered Sets
[2022-04-21T17:17:38.980-0700][gc,marking  ] GC(8) Concurrent Rebuild Remembered Sets 4.191ms
[2022-04-21T17:17:38.980-0700][gc,start    ] GC(8) Pause Cleanup
[2022-04-21T17:17:38.980-0700][gc          ] GC(8) Pause Cleanup 40M->40M(512M) 0.077ms
[2022-04-21T17:17:38.980-0700][gc,cpu      ] GC(8) User=0.00s Sys=0.00s Real=0.00s
[2022-04-21T17:17:38.980-0700][gc,marking  ] GC(8) Concurrent Cleanup for Next Mark
[2022-04-21T17:17:38.981-0700][gc,marking  ] GC(8) Concurrent Cleanup for Next Mark 1.230ms
[2022-04-21T17:17:38.981-0700][gc          ] GC(8) Concurrent Mark Cycle 16.541ms
[2022-04-21T17:55:16.054-0700][gc,start    ] GC(9) Pause Young (Normal) (G1 Evacuation Pause)
[2022-04-21T17:55:16.055-0700][gc,task     ] GC(9) Using 9 workers of 9 for evacuation
[2022-04-21T17:55:16.114-0700][gc,phases   ] GC(9)   Pre Evacuate Collection Set: 8.1ms
[2022-04-21T17:55:16.114-0700][gc,phases   ] GC(9)   Merge Heap Roots: 0.3ms
[2022-04-21T17:55:16.114-0700][gc,phases   ] GC(9)   Evacuate Collection Set: 47.9ms
[2022-04-21T17:55:16.114-0700][gc,phases   ] GC(9)   Post Evacuate Collection Set: 2.2ms
[2022-04-21T17:55:16.114-0700][gc,phases   ] GC(9)   Other: 1.1ms
[2022-04-21T17:55:16.114-0700][gc,heap     ] GC(9) Eden regions: 235->0(239)
[2022-04-21T17:55:16.114-0700][gc,heap     ] GC(9) Survivor regions: 21->17(32)
[2022-04-21T17:55:16.114-0700][gc,heap     ] GC(9) Old regions: 12->17
[2022-04-21T17:55:16.114-0700][gc,heap     ] GC(9) Archive regions: 2->2
[2022-04-21T17:55:16.114-0700][gc,heap     ] GC(9) Humongous regions: 6->6
[2022-04-21T17:55:16.114-0700][gc,metaspace] GC(9) Metaspace: 65256K(65856K)->65256K(65856K) NonClass: 57460K(57792K)->57460K(57792K) Class: 7795K(8064K)->7795K(8064K)
[2022-04-21T17:55:16.114-0700][gc          ] GC(9) Pause Young (Normal) (G1 Evacuation Pause) 273M->40M(512M) 59.652ms
[2022-04-21T17:55:16.114-0700][gc,cpu      ] GC(9) User=0.05s Sys=0.05s Real=0.06s
[2022-04-21T18:39:06.287-0700][gc,start    ] GC(10) Pause Young (Normal) (G1 Evacuation Pause)
[2022-04-21T18:39:06.288-0700][gc,task     ] GC(10) Using 9 workers of 9 for evacuation
[2022-04-21T18:39:06.319-0700][gc,phases   ] GC(10)   Pre Evacuate Collection Set: 0.4ms
[2022-04-21T18:39:06.319-0700][gc,phases   ] GC(10)   Merge Heap Roots: 0.3ms
[2022-04-21T18:39:06.319-0700][gc,phases   ] GC(10)   Evacuate Collection Set: 29.0ms
[2022-04-21T18:39:06.319-0700][gc,phases   ] GC(10)   Post Evacuate Collection Set: 1.2ms
[2022-04-21T18:39:06.319-0700][gc,phases   ] GC(10)   Other: 0.6ms
[2022-04-21T18:39:06.319-0700][gc,heap     ] GC(10) Eden regions: 239->0(239)
[2022-04-21T18:39:06.319-0700][gc,heap     ] GC(10) Survivor regions: 17->17(32)
[2022-04-21T18:39:06.319-0700][gc,heap     ] GC(10) Old regions: 17->17
[2022-04-21T18:39:06.319-0700][gc,heap     ] GC(10) Archive regions: 2->2
[2022-04-21T18:39:06.319-0700][gc,heap     ] GC(10) Humongous regions: 6->6
[2022-04-21T18:39:06.319-0700][gc,metaspace] GC(10) Metaspace: 65816K(66368K)->65816K(66368K) NonClass: 57983K(58240K)->57983K(58240K) Class: 7832K(8128K)->7832K(8128K)
[2022-04-21T18:39:06.319-0700][gc          ] GC(10) Pause Young (Normal) (G1 Evacuation Pause) 279M->40M(512M) 31.590ms
[2022-04-21T18:39:06.319-0700][gc,cpu      ] GC(10) User=0.04s Sys=0.03s Real=0.03s
[2022-04-21T19:21:23.711-0700][gc,start    ] GC(11) Pause Young (Normal) (G1 Evacuation Pause)
[2022-04-21T19:21:23.712-0700][gc,task     ] GC(11) Using 9 workers of 9 for evacuation
[2022-04-21T19:21:23.738-0700][gc,phases   ] GC(11)   Pre Evacuate Collection Set: 0.5ms
[2022-04-21T19:21:23.738-0700][gc,phases   ] GC(11)   Merge Heap Roots: 0.5ms
[2022-04-21T19:21:23.738-0700][gc,phases   ] GC(11)   Evacuate Collection Set: 24.2ms
[2022-04-21T19:21:23.738-0700][gc,phases   ] GC(11)   Post Evacuate Collection Set: 0.8ms
[2022-04-21T19:21:23.738-0700][gc,phases   ] GC(11)   Other: 1.1ms
[2022-04-21T19:21:23.738-0700][gc,heap     ] GC(11) Eden regions: 239->0(240)
[2022-04-21T19:21:23.738-0700][gc,heap     ] GC(11) Survivor regions: 17->16(32)
[2022-04-21T19:21:23.738-0700][gc,heap     ] GC(11) Old regions: 17->17
[2022-04-21T19:21:23.738-0700][gc,heap     ] GC(11) Archive regions: 2->2
[2022-04-21T19:21:23.738-0700][gc,heap     ] GC(11) Humongous regions: 6->6
[2022-04-21T19:21:23.738-0700][gc,metaspace] GC(11) Metaspace: 65869K(66432K)->65869K(66432K) NonClass: 58034K(58304K)->58034K(58304K) Class: 7835K(8128K)->7835K(8128K)
[2022-04-21T19:21:23.738-0700][gc          ] GC(11) Pause Young (Normal) (G1 Evacuation Pause) 279M->39M(512M) 26.972ms
[2022-04-21T19:21:23.738-0700][gc,cpu      ] GC(11) User=0.04s Sys=0.04s Real=0.02s
[2022-04-21T20:03:25.084-0700][gc,start    ] GC(12) Pause Young (Normal) (G1 Evacuation Pause)
[2022-04-21T20:03:25.085-0700][gc,task     ] GC(12) Using 9 workers of 9 for evacuation
[2022-04-21T20:03:25.117-0700][gc,phases   ] GC(12)   Pre Evacuate Collection Set: 0.5ms
[2022-04-21T20:03:25.118-0700][gc,phases   ] GC(12)   Merge Heap Roots: 0.5ms
[2022-04-21T20:03:25.118-0700][gc,phases   ] GC(12)   Evacuate Collection Set: 30.1ms
[2022-04-21T20:03:25.118-0700][gc,phases   ] GC(12)   Post Evacuate Collection Set: 1.1ms
[2022-04-21T20:03:25.118-0700][gc,phases   ] GC(12)   Other: 1.0ms
[2022-04-21T20:03:25.118-0700][gc,heap     ] GC(12) Eden regions: 240->0(239)
[2022-04-21T20:03:25.118-0700][gc,heap     ] GC(12) Survivor regions: 16->17(32)
[2022-04-21T20:03:25.118-0700][gc,heap     ] GC(12) Old regions: 17->17
[2022-04-21T20:03:25.118-0700][gc,heap     ] GC(12) Archive regions: 2->2
[2022-04-21T20:03:25.118-0700][gc,heap     ] GC(12) Humongous regions: 6->6
[2022-04-21T20:03:25.118-0700][gc,metaspace] GC(12) Metaspace: 65921K(66496K)->65921K(66496K) NonClass: 58080K(58368K)->58080K(58368K) Class: 7841K(8128K)->7841K(8128K)
[2022-04-21T20:03:25.118-0700][gc          ] GC(12) Pause Young (Normal) (G1 Evacuation Pause) 279M->40M(512M) 33.239ms
[2022-04-21T20:03:25.118-0700][gc,cpu      ] GC(12) User=0.04s Sys=0.05s Real=0.03s
[2022-04-21T20:51:28.601-0700][gc,start    ] GC(13) Pause Young (Normal) (G1 Evacuation Pause)
[2022-04-21T20:51:28.603-0700][gc,task     ] GC(13) Using 9 workers of 9 for evacuation
[2022-04-21T20:51:28.657-0700][gc,phases   ] GC(13)   Pre Evacuate Collection Set: 1.2ms
[2022-04-21T20:51:28.657-0700][gc,phases   ] GC(13)   Merge Heap Roots: 2.2ms
[2022-04-21T20:51:28.657-0700][gc,phases   ] GC(13)   Evacuate Collection Set: 48.9ms
[2022-04-21T20:51:28.657-0700][gc,phases   ] GC(13)   Post Evacuate Collection Set: 1.0ms
[2022-04-21T20:51:28.657-0700][gc,phases   ] GC(13)   Other: 2.6ms
[2022-04-21T20:51:28.657-0700][gc,heap     ] GC(13) Eden regions: 239->0(239)
[2022-04-21T20:51:28.657-0700][gc,heap     ] GC(13) Survivor regions: 17->17(32)
[2022-04-21T20:51:28.657-0700][gc,heap     ] GC(13) Old regions: 17->17
[2022-04-21T20:51:28.657-0700][gc,heap     ] GC(13) Archive regions: 2->2
[2022-04-21T20:51:28.657-0700][gc,heap     ] GC(13) Humongous regions: 6->6
[2022-04-21T20:51:28.657-0700][gc,metaspace] GC(13) Metaspace: 67050K(67584K)->67050K(67584K) NonClass: 59068K(59328K)->59068K(59328K) Class: 7982K(8256K)->7982K(8256K)
[2022-04-21T20:51:28.657-0700][gc          ] GC(13) Pause Young (Normal) (G1 Evacuation Pause) 279M->40M(512M) 55.766ms
[2022-04-21T20:51:28.657-0700][gc,cpu      ] GC(13) User=0.04s Sys=0.05s Real=0.05s
[2022-04-21T21:42:26.052-0700][gc,start    ] GC(14) Pause Young (Normal) (G1 Evacuation Pause)
[2022-04-21T21:42:26.052-0700][gc,task     ] GC(14) Using 9 workers of 9 for evacuation
[2022-04-21T21:42:26.094-0700][gc,phases   ] GC(14)   Pre Evacuate Collection Set: 0.2ms
[2022-04-21T21:42:26.094-0700][gc,phases   ] GC(14)   Merge Heap Roots: 0.3ms
[2022-04-21T21:42:26.094-0700][gc,phases   ] GC(14)   Evacuate Collection Set: 39.2ms
[2022-04-21T21:42:26.094-0700][gc,phases   ] GC(14)   Post Evacuate Collection Set: 2.6ms
[2022-04-21T21:42:26.094-0700][gc,phases   ] GC(14)   Other: 0.4ms
[2022-04-21T21:42:26.094-0700][gc,heap     ] GC(14) Eden regions: 239->0(239)
[2022-04-21T21:42:26.094-0700][gc,heap     ] GC(14) Survivor regions: 17->17(32)
[2022-04-21T21:42:26.094-0700][gc,heap     ] GC(14) Old regions: 17->17
[2022-04-21T21:42:26.094-0700][gc,heap     ] GC(14) Archive regions: 2->2
[2022-04-21T21:42:26.094-0700][gc,heap     ] GC(14) Humongous regions: 6->6
[2022-04-21T21:42:26.094-0700][gc,metaspace] GC(14) Metaspace: 67091K(67648K)->67091K(67648K) NonClass: 59107K(59392K)->59107K(59392K) Class: 7983K(8256K)->7983K(8256K)
[2022-04-21T21:42:26.094-0700][gc          ] GC(14) Pause Young (Normal) (G1 Evacuation Pause) 279M->40M(512M) 42.763ms
[2022-04-21T21:42:26.094-0700][gc,cpu      ] GC(14) User=0.03s Sys=0.05s Real=0.04s
[2022-04-21T22:52:20.390-0700][gc,start    ] GC(15) Pause Young (Normal) (G1 Evacuation Pause)
[2022-04-21T22:52:20.391-0700][gc,task     ] GC(15) Using 9 workers of 9 for evacuation
[2022-04-21T22:52:20.431-0700][gc,phases   ] GC(15)   Pre Evacuate Collection Set: 1.1ms
[2022-04-21T22:52:20.431-0700][gc,phases   ] GC(15)   Merge Heap Roots: 0.7ms
[2022-04-21T22:52:20.431-0700][gc,phases   ] GC(15)   Evacuate Collection Set: 35.5ms
[2022-04-21T22:52:20.431-0700][gc,phases   ] GC(15)   Post Evacuate Collection Set: 2.3ms
[2022-04-21T22:52:20.431-0700][gc,phases   ] GC(15)   Other: 1.5ms
[2022-04-21T22:52:20.431-0700][gc,heap     ] GC(15) Eden regions: 239->0(239)
[2022-04-21T22:52:20.431-0700][gc,heap     ] GC(15) Survivor regions: 17->17(32)
[2022-04-21T22:52:20.431-0700][gc,heap     ] GC(15) Old regions: 17->17
[2022-04-21T22:52:20.431-0700][gc,heap     ] GC(15) Archive regions: 2->2
[2022-04-21T22:52:20.431-0700][gc,heap     ] GC(15) Humongous regions: 6->6
[2022-04-21T22:52:20.431-0700][gc,metaspace] GC(15) Metaspace: 67127K(67712K)->67127K(67712K) NonClass: 59143K(59456K)->59143K(59456K) Class: 7983K(8256K)->7983K(8256K)
[2022-04-21T22:52:20.431-0700][gc          ] GC(15) Pause Young (Normal) (G1 Evacuation Pause) 279M->40M(512M) 41.384ms
[2022-04-21T22:52:20.431-0700][gc,cpu      ] GC(15) User=0.04s Sys=0.06s Real=0.04s
[2022-04-21T23:35:09.057-0700][gc,start    ] GC(16) Pause Young (Normal) (G1 Evacuation Pause)
[2022-04-21T23:35:09.057-0700][gc,task     ] GC(16) Using 9 workers of 9 for evacuation
[2022-04-21T23:35:09.106-0700][gc,phases   ] GC(16)   Pre Evacuate Collection Set: 0.9ms
[2022-04-21T23:35:09.106-0700][gc,phases   ] GC(16)   Merge Heap Roots: 1.4ms
[2022-04-21T23:35:09.106-0700][gc,phases   ] GC(16)   Evacuate Collection Set: 45.2ms
[2022-04-21T23:35:09.106-0700][gc,phases   ] GC(16)   Post Evacuate Collection Set: 1.3ms
[2022-04-21T23:35:09.106-0700][gc,phases   ] GC(16)   Other: 1.1ms
[2022-04-21T23:35:09.106-0700][gc,heap     ] GC(16) Eden regions: 239->0(239)
[2022-04-21T23:35:09.106-0700][gc,heap     ] GC(16) Survivor regions: 17->17(32)
[2022-04-21T23:35:09.106-0700][gc,heap     ] GC(16) Old regions: 17->17
[2022-04-21T23:35:09.106-0700][gc,heap     ] GC(16) Archive regions: 2->2
[2022-04-21T23:35:09.106-0700][gc,heap     ] GC(16) Humongous regions: 6->6
[2022-04-21T23:35:09.106-0700][gc,metaspace] GC(16) Metaspace: 67180K(67776K)->67180K(67776K) NonClass: 59196K(59520K)->59196K(59520K) Class: 7983K(8256K)->7983K(8256K)
[2022-04-21T23:35:09.107-0700][gc          ] GC(16) Pause Young (Normal) (G1 Evacuation Pause) 279M->40M(512M) 49.854ms
[2022-04-21T23:35:09.107-0700][gc,cpu      ] GC(16) User=0.04s Sys=0.07s Real=0.05s
[2022-04-22T00:36:09.866-0700][gc,start    ] GC(17) Pause Young (Normal) (G1 Evacuation Pause)
[2022-04-22T00:36:09.868-0700][gc,task     ] GC(17) Using 9 workers of 9 for evacuation
[2022-04-22T00:36:09.898-0700][gc,phases   ] GC(17)   Pre Evacuate Collection Set: 1.1ms
[2022-04-22T00:36:09.899-0700][gc,phases   ] GC(17)   Merge Heap Roots: 0.9ms
[2022-04-22T00:36:09.899-0700][gc,phases   ] GC(17)   Evacuate Collection Set: 27.0ms
[2022-04-22T00:36:09.899-0700][gc,phases   ] GC(17)   Post Evacuate Collection Set: 1.0ms
[2022-04-22T00:36:09.899-0700][gc,phases   ] GC(17)   Other: 3.0ms
[2022-04-22T00:36:09.899-0700][gc,heap     ] GC(17) Eden regions: 239->0(239)
[2022-04-22T00:36:09.899-0700][gc,heap     ] GC(17) Survivor regions: 17->17(32)
[2022-04-22T00:36:09.899-0700][gc,heap     ] GC(17) Old regions: 17->17
[2022-04-22T00:36:09.899-0700][gc,heap     ] GC(17) Archive regions: 2->2
[2022-04-22T00:36:09.899-0700][gc,heap     ] GC(17) Humongous regions: 6->6
[2022-04-22T00:36:09.899-0700][gc,metaspace] GC(17) Metaspace: 67197K(67776K)->67197K(67776K) NonClass: 59212K(59520K)->59212K(59520K) Class: 7984K(8256K)->7984K(8256K)
[2022-04-22T00:36:09.899-0700][gc          ] GC(17) Pause Young (Normal) (G1 Evacuation Pause) 279M->40M(512M) 32.979ms
[2022-04-22T00:36:09.899-0700][gc,cpu      ] GC(17) User=0.04s Sys=0.07s Real=0.03s
[2022-04-22T02:47:30.413-0700][gc,start    ] GC(18) Pause Young (Normal) (G1 Evacuation Pause)
[2022-04-22T02:47:30.415-0700][gc,task     ] GC(18) Using 9 workers of 9 for evacuation
[2022-04-22T02:47:30.459-0700][gc,phases   ] GC(18)   Pre Evacuate Collection Set: 2.3ms
[2022-04-22T02:47:30.460-0700][gc,phases   ] GC(18)   Merge Heap Roots: 0.9ms
[2022-04-22T02:47:30.460-0700][gc,phases   ] GC(18)   Evacuate Collection Set: 39.7ms
[2022-04-22T02:47:30.460-0700][gc,phases   ] GC(18)   Post Evacuate Collection Set: 1.0ms
[2022-04-22T02:47:30.460-0700][gc,phases   ] GC(18)   Other: 2.5ms
[2022-04-22T02:47:30.460-0700][gc,heap     ] GC(18) Eden regions: 239->0(239)
[2022-04-22T02:47:30.460-0700][gc,heap     ] GC(18) Survivor regions: 17->17(32)
[2022-04-22T02:47:30.460-0700][gc,heap     ] GC(18) Old regions: 17->17
[2022-04-22T02:47:30.460-0700][gc,heap     ] GC(18) Archive regions: 2->2
[2022-04-22T02:47:30.460-0700][gc,heap     ] GC(18) Humongous regions: 6->6
[2022-04-22T02:47:30.460-0700][gc,metaspace] GC(18) Metaspace: 67255K(67840K)->67255K(67840K) NonClass: 59270K(59584K)->59270K(59584K) Class: 7984K(8256K)->7984K(8256K)
[2022-04-22T02:47:30.460-0700][gc          ] GC(18) Pause Young (Normal) (G1 Evacuation Pause) 279M->40M(512M) 46.230ms
[2022-04-22T02:47:30.460-0700][gc,cpu      ] GC(18) User=0.05s Sys=0.08s Real=0.05s
[2022-04-22T04:59:09.974-0700][gc,start    ] GC(19) Pause Young (Normal) (G1 Evacuation Pause)
[2022-04-22T04:59:09.976-0700][gc,task     ] GC(19) Using 9 workers of 9 for evacuation
[2022-04-22T04:59:10.018-0700][gc,phases   ] GC(19)   Pre Evacuate Collection Set: 1.1ms
[2022-04-22T04:59:10.018-0700][gc,phases   ] GC(19)   Merge Heap Roots: 0.7ms
[2022-04-22T04:59:10.018-0700][gc,phases   ] GC(19)   Evacuate Collection Set: 35.5ms
[2022-04-22T04:59:10.018-0700][gc,phases   ] GC(19)   Post Evacuate Collection Set: 0.9ms
[2022-04-22T04:59:10.018-0700][gc,phases   ] GC(19)   Other: 5.8ms
[2022-04-22T04:59:10.018-0700][gc,heap     ] GC(19) Eden regions: 239->0(239)
[2022-04-22T04:59:10.018-0700][gc,heap     ] GC(19) Survivor regions: 17->17(32)
[2022-04-22T04:59:10.018-0700][gc,heap     ] GC(19) Old regions: 17->17
[2022-04-22T04:59:10.018-0700][gc,heap     ] GC(19) Archive regions: 2->2
[2022-04-22T04:59:10.018-0700][gc,heap     ] GC(19) Humongous regions: 6->6
[2022-04-22T04:59:10.018-0700][gc,metaspace] GC(19) Metaspace: 67298K(67904K)->67298K(67904K) NonClass: 59312K(59648K)->59312K(59648K) Class: 7986K(8256K)->7986K(8256K)
[2022-04-22T04:59:10.018-0700][gc          ] GC(19) Pause Young (Normal) (G1 Evacuation Pause) 279M->40M(512M) 43.783ms
[2022-04-22T04:59:10.018-0700][gc,cpu      ] GC(19) User=0.04s Sys=0.07s Real=0.04s
[2022-04-22T07:11:31.956-0700][gc,start    ] GC(20) Pause Young (Normal) (G1 Evacuation Pause)
[2022-04-22T07:11:31.959-0700][gc,task     ] GC(20) Using 9 workers of 9 for evacuation
[2022-04-22T07:11:32.000-0700][gc,phases   ] GC(20)   Pre Evacuate Collection Set: 1.1ms
[2022-04-22T07:11:32.000-0700][gc,phases   ] GC(20)   Merge Heap Roots: 0.7ms
[2022-04-22T07:11:32.000-0700][gc,phases   ] GC(20)   Evacuate Collection Set: 38.0ms
[2022-04-22T07:11:32.000-0700][gc,phases   ] GC(20)   Post Evacuate Collection Set: 0.7ms
[2022-04-22T07:11:32.000-0700][gc,phases   ] GC(20)   Other: 3.2ms
[2022-04-22T07:11:32.000-0700][gc,heap     ] GC(20) Eden regions: 239->0(239)
[2022-04-22T07:11:32.000-0700][gc,heap     ] GC(20) Survivor regions: 17->17(32)
[2022-04-22T07:11:32.000-0700][gc,heap     ] GC(20) Old regions: 17->17
[2022-04-22T07:11:32.000-0700][gc,heap     ] GC(20) Archive regions: 2->2
[2022-04-22T07:11:32.000-0700][gc,heap     ] GC(20) Humongous regions: 6->6
[2022-04-22T07:11:32.000-0700][gc,metaspace] GC(20) Metaspace: 67349K(67904K)->67349K(67904K) NonClass: 59363K(59648K)->59363K(59648K) Class: 7986K(8256K)->7986K(8256K)
[2022-04-22T07:11:32.000-0700][gc          ] GC(20) Pause Young (Normal) (G1 Evacuation Pause) 279M->40M(512M) 43.566ms
[2022-04-22T07:11:32.000-0700][gc,cpu      ] GC(20) User=0.04s Sys=0.07s Real=0.05s
[2022-04-22T09:23:43.962-0700][gc,start    ] GC(21) Pause Young (Normal) (G1 Evacuation Pause)
[2022-04-22T09:23:43.964-0700][gc,task     ] GC(21) Using 9 workers of 9 for evacuation
[2022-04-22T09:23:44.025-0700][gc,phases   ] GC(21)   Pre Evacuate Collection Set: 0.9ms
[2022-04-22T09:23:44.025-0700][gc,phases   ] GC(21)   Merge Heap Roots: 0.6ms
[2022-04-22T09:23:44.025-0700][gc,phases   ] GC(21)   Evacuate Collection Set: 57.8ms
[2022-04-22T09:23:44.025-0700][gc,phases   ] GC(21)   Post Evacuate Collection Set: 1.3ms
[2022-04-22T09:23:44.025-0700][gc,phases   ] GC(21)   Other: 3.0ms
[2022-04-22T09:23:44.025-0700][gc,heap     ] GC(21) Eden regions: 239->0(239)
[2022-04-22T09:23:44.025-0700][gc,heap     ] GC(21) Survivor regions: 17->17(32)
[2022-04-22T09:23:44.025-0700][gc,heap     ] GC(21) Old regions: 17->17
[2022-04-22T09:23:44.025-0700][gc,heap     ] GC(21) Archive regions: 2->2
[2022-04-22T09:23:44.025-0700][gc,heap     ] GC(21) Humongous regions: 6->6
[2022-04-22T09:23:44.025-0700][gc,metaspace] GC(21) Metaspace: 67364K(67968K)->67364K(67968K) NonClass: 59377K(59712K)->59377K(59712K) Class: 7986K(8256K)->7986K(8256K)
[2022-04-22T09:23:44.025-0700][gc          ] GC(21) Pause Young (Normal) (G1 Evacuation Pause) 279M->40M(512M) 63.526ms
[2022-04-22T09:23:44.025-0700][gc,cpu      ] GC(21) User=0.04s Sys=0.10s Real=0.06s
[2022-04-22T10:20:48.962-0700][gc,start    ] GC(22) Pause Young (Normal) (G1 Evacuation Pause)
[2022-04-22T10:20:48.963-0700][gc,task     ] GC(22) Using 9 workers of 9 for evacuation
[2022-04-22T10:20:49.005-0700][gc,phases   ] GC(22)   Pre Evacuate Collection Set: 1.8ms
[2022-04-22T10:20:49.005-0700][gc,phases   ] GC(22)   Merge Heap Roots: 0.5ms
[2022-04-22T10:20:49.005-0700][gc,phases   ] GC(22)   Evacuate Collection Set: 35.1ms
[2022-04-22T10:20:49.005-0700][gc,phases   ] GC(22)   Post Evacuate Collection Set: 3.7ms
[2022-04-22T10:20:49.005-0700][gc,phases   ] GC(22)   Other: 2.2ms
[2022-04-22T10:20:49.005-0700][gc,heap     ] GC(22) Eden regions: 239->0(246)
[2022-04-22T10:20:49.005-0700][gc,heap     ] GC(22) Survivor regions: 17->10(32)
[2022-04-22T10:20:49.005-0700][gc,heap     ] GC(22) Old regions: 17->25
[2022-04-22T10:20:49.005-0700][gc,heap     ] GC(22) Archive regions: 2->2
[2022-04-22T10:20:49.005-0700][gc,heap     ] GC(22) Humongous regions: 6->6
[2022-04-22T10:20:49.005-0700][gc,metaspace] GC(22) Metaspace: 67377K(67968K)->67377K(67968K) NonClass: 59391K(59712K)->59391K(59712K) Class: 7986K(8256K)->7986K(8256K)
[2022-04-22T10:20:49.005-0700][gc          ] GC(22) Pause Young (Normal) (G1 Evacuation Pause) 279M->41M(512M) 43.106ms
[2022-04-22T10:20:49.005-0700][gc,cpu      ] GC(22) User=0.04s Sys=0.06s Real=0.04s
[2022-04-22T11:09:03.241-0700][gc,start    ] GC(23) Pause Young (Normal) (G1 Evacuation Pause)
[2022-04-22T11:09:03.242-0700][gc,task     ] GC(23) Using 9 workers of 9 for evacuation
[2022-04-22T11:09:03.279-0700][gc,phases   ] GC(23)   Pre Evacuate Collection Set: 3.2ms
[2022-04-22T11:09:03.280-0700][gc,phases   ] GC(23)   Merge Heap Roots: 1.7ms
[2022-04-22T11:09:03.280-0700][gc,phases   ] GC(23)   Evacuate Collection Set: 29.2ms
[2022-04-22T11:09:03.280-0700][gc,phases   ] GC(23)   Post Evacuate Collection Set: 1.8ms
[2022-04-22T11:09:03.280-0700][gc,phases   ] GC(23)   Other: 4.1ms
[2022-04-22T11:09:03.280-0700][gc,heap     ] GC(23) Eden regions: 246->0(251)
[2022-04-22T11:09:03.280-0700][gc,heap     ] GC(23) Survivor regions: 10->5(32)
[2022-04-22T11:09:03.280-0700][gc,heap     ] GC(23) Old regions: 25->30
[2022-04-22T11:09:03.280-0700][gc,heap     ] GC(23) Archive regions: 2->2
[2022-04-22T11:09:03.280-0700][gc,heap     ] GC(23) Humongous regions: 6->6
[2022-04-22T11:09:03.280-0700][gc,metaspace] GC(23) Metaspace: 67392K(67968K)->67392K(67968K) NonClass: 59406K(59712K)->59406K(59712K) Class: 7986K(8256K)->7986K(8256K)
[2022-04-22T11:09:03.280-0700][gc          ] GC(23) Pause Young (Normal) (G1 Evacuation Pause) 287M->41M(512M) 39.395ms
[2022-04-22T11:09:03.280-0700][gc,cpu      ] GC(23) User=0.04s Sys=0.07s Real=0.04s
