[2022-04-22T11:48:00.283-0700][gc] Using G1
[2022-04-22T11:48:00.284-0700][gc,init] Version: 17.0.2+0 (release)
[2022-04-22T11:48:00.284-0700][gc,init] CPUs: 10 total, 10 available
[2022-04-22T11:48:00.284-0700][gc,init] Memory: 16384M
[2022-04-22T11:48:00.284-0700][gc,init] Large Page Support: Disabled
[2022-04-22T11:48:00.284-0700][gc,init] NUMA Support: Disabled
[2022-04-22T11:48:00.284-0700][gc,init] Compressed Oops: Enabled (Zero based)
[2022-04-22T11:48:00.284-0700][gc,init] Heap Region Size: 1M
[2022-04-22T11:48:00.284-0700][gc,init] Heap Min Capacity: 512M
[2022-04-22T11:48:00.284-0700][gc,init] Heap Initial Capacity: 512M
[2022-04-22T11:48:00.284-0700][gc,init] Heap Max Capacity: 512M
[2022-04-22T11:48:00.284-0700][gc,init] Pre-touch: Disabled
[2022-04-22T11:48:00.284-0700][gc,init] Parallel Workers: 9
[2022-04-22T11:48:00.284-0700][gc,init] Concurrent Workers: 2
[2022-04-22T11:48:00.284-0700][gc,init] Concurrent Refinement Workers: 9
[2022-04-22T11:48:00.284-0700][gc,init] Periodic GC: Disabled
[2022-04-22T11:48:00.284-0700][gc,metaspace] CDS archive(s) mapped at: [0x0000000800000000-0x0000000800bd4000-0x0000000800bd4000), size 12402688, SharedBaseAddress: 0x0000000800000000, ArchiveRelocationMode: 0.
[2022-04-22T11:48:00.284-0700][gc,metaspace] Compressed class space mapped at: 0x0000000800c00000-0x0000000840c00000, reserved size: 1073741824
[2022-04-22T11:48:00.284-0700][gc,metaspace] Narrow klass base: 0x0000000800000000, Narrow klass shift: 0, Narrow klass range: 0x100000000
[2022-04-22T11:48:00.974-0700][gc,start    ] GC(0) Pause Young (Normal) (G1 Evacuation Pause)
[2022-04-22T11:48:00.975-0700][gc,task     ] GC(0) Using 9 workers of 9 for evacuation
[2022-04-22T11:48:00.978-0700][gc,phases   ] GC(0)   Pre Evacuate Collection Set: 0.1ms
[2022-04-22T11:48:00.978-0700][gc,phases   ] GC(0)   Merge Heap Roots: 0.0ms
[2022-04-22T11:48:00.978-0700][gc,phases   ] GC(0)   Evacuate Collection Set: 2.8ms
[2022-04-22T11:48:00.978-0700][gc,phases   ] GC(0)   Post Evacuate Collection Set: 0.4ms
[2022-04-22T11:48:00.978-0700][gc,phases   ] GC(0)   Other: 0.3ms
[2022-04-22T11:48:00.978-0700][gc,heap     ] GC(0) Eden regions: 256->0(249)
[2022-04-22T11:48:00.978-0700][gc,heap     ] GC(0) Survivor regions: 0->7(32)
[2022-04-22T11:48:00.978-0700][gc,heap     ] GC(0) Old regions: 0->0
[2022-04-22T11:48:00.978-0700][gc,heap     ] GC(0) Archive regions: 2->2
[2022-04-22T11:48:00.978-0700][gc,heap     ] GC(0) Humongous regions: 0->0
[2022-04-22T11:48:00.978-0700][gc,metaspace] GC(0) Metaspace: 16959K(17216K)->16959K(17216K) NonClass: 14864K(15040K)->14864K(15040K) Class: 2095K(2176K)->2095K(2176K)
[2022-04-22T11:48:00.978-0700][gc          ] GC(0) Pause Young (Normal) (G1 Evacuation Pause) 256M->7M(512M) 3.679ms
[2022-04-22T11:48:00.978-0700][gc,cpu      ] GC(0) User=0.02s Sys=0.00s Real=0.00s
[2022-04-22T11:48:01.353-0700][gc,start    ] GC(1) Pause Young (Concurrent Start) (Metadata GC Threshold)
[2022-04-22T11:48:01.353-0700][gc,task     ] GC(1) Using 9 workers of 9 for evacuation
[2022-04-22T11:48:01.356-0700][gc,phases   ] GC(1)   Pre Evacuate Collection Set: 0.1ms
[2022-04-22T11:48:01.356-0700][gc,phases   ] GC(1)   Merge Heap Roots: 0.1ms
[2022-04-22T11:48:01.356-0700][gc,phases   ] GC(1)   Evacuate Collection Set: 2.3ms
[2022-04-22T11:48:01.356-0700][gc,phases   ] GC(1)   Post Evacuate Collection Set: 0.4ms
[2022-04-22T11:48:01.356-0700][gc,phases   ] GC(1)   Other: 0.1ms
[2022-04-22T11:48:01.356-0700][gc,heap     ] GC(1) Eden regions: 177->0(245)
[2022-04-22T11:48:01.356-0700][gc,heap     ] GC(1) Survivor regions: 7->11(32)
[2022-04-22T11:48:01.356-0700][gc,heap     ] GC(1) Old regions: 0->0
[2022-04-22T11:48:01.356-0700][gc,heap     ] GC(1) Archive regions: 2->2
[2022-04-22T11:48:01.356-0700][gc,heap     ] GC(1) Humongous regions: 0->0
[2022-04-22T11:48:01.356-0700][gc,metaspace] GC(1) Metaspace: 21215K(21504K)->21215K(21504K) NonClass: 18615K(18752K)->18615K(18752K) Class: 2599K(2752K)->2599K(2752K)
[2022-04-22T11:48:01.356-0700][gc          ] GC(1) Pause Young (Concurrent Start) (Metadata GC Threshold) 184M->11M(512M) 2.989ms
[2022-04-22T11:48:01.356-0700][gc,cpu      ] GC(1) User=0.02s Sys=0.01s Real=0.00s
[2022-04-22T11:48:01.356-0700][gc          ] GC(2) Concurrent Mark Cycle
[2022-04-22T11:48:01.356-0700][gc,marking  ] GC(2) Concurrent Clear Claimed Marks
[2022-04-22T11:48:01.356-0700][gc,marking  ] GC(2) Concurrent Clear Claimed Marks 0.012ms
[2022-04-22T11:48:01.356-0700][gc,marking  ] GC(2) Concurrent Scan Root Regions
[2022-04-22T11:48:01.358-0700][gc,marking  ] GC(2) Concurrent Scan Root Regions 1.922ms
[2022-04-22T11:48:01.358-0700][gc,marking  ] GC(2) Concurrent Mark
[2022-04-22T11:48:01.358-0700][gc,marking  ] GC(2) Concurrent Mark From Roots
[2022-04-22T11:48:01.358-0700][gc,task     ] GC(2) Using 2 workers of 2 for marking
[2022-04-22T11:48:01.365-0700][gc,marking  ] GC(2) Concurrent Mark From Roots 6.740ms
[2022-04-22T11:48:01.365-0700][gc,marking  ] GC(2) Concurrent Preclean
[2022-04-22T11:48:01.365-0700][gc,marking  ] GC(2) Concurrent Preclean 0.016ms
[2022-04-22T11:48:01.365-0700][gc,start    ] GC(2) Pause Remark
[2022-04-22T11:48:01.366-0700][gc          ] GC(2) Pause Remark 13M->13M(512M) 1.216ms
[2022-04-22T11:48:01.366-0700][gc,cpu      ] GC(2) User=0.01s Sys=0.00s Real=0.00s
[2022-04-22T11:48:01.366-0700][gc,marking  ] GC(2) Concurrent Mark 8.164ms
[2022-04-22T11:48:01.366-0700][gc,marking  ] GC(2) Concurrent Rebuild Remembered Sets
[2022-04-22T11:48:01.366-0700][gc,marking  ] GC(2) Concurrent Rebuild Remembered Sets 0.005ms
[2022-04-22T11:48:01.366-0700][gc,start    ] GC(2) Pause Cleanup
[2022-04-22T11:48:01.366-0700][gc          ] GC(2) Pause Cleanup 13M->13M(512M) 0.009ms
[2022-04-22T11:48:01.366-0700][gc,cpu      ] GC(2) User=0.00s Sys=0.00s Real=0.00s
[2022-04-22T11:48:01.366-0700][gc,marking  ] GC(2) Concurrent Cleanup for Next Mark
[2022-04-22T11:48:01.367-0700][gc,marking  ] GC(2) Concurrent Cleanup for Next Mark 0.659ms
[2022-04-22T11:48:01.367-0700][gc          ] GC(2) Concurrent Mark Cycle 10.957ms
[2022-04-22T11:48:01.685-0700][gc,start    ] GC(3) Pause Young (Normal) (G1 Evacuation Pause)
[2022-04-22T11:48:01.685-0700][gc,task     ] GC(3) Using 9 workers of 9 for evacuation
[2022-04-22T11:48:01.689-0700][gc,phases   ] GC(3)   Pre Evacuate Collection Set: 0.1ms
[2022-04-22T11:48:01.689-0700][gc,phases   ] GC(3)   Merge Heap Roots: 0.1ms
[2022-04-22T11:48:01.689-0700][gc,phases   ] GC(3)   Evacuate Collection Set: 3.1ms
[2022-04-22T11:48:01.689-0700][gc,phases   ] GC(3)   Post Evacuate Collection Set: 0.4ms
[2022-04-22T11:48:01.689-0700][gc,phases   ] GC(3)   Other: 0.1ms
[2022-04-22T11:48:01.689-0700][gc,heap     ] GC(3) Eden regions: 245->0(242)
[2022-04-22T11:48:01.689-0700][gc,heap     ] GC(3) Survivor regions: 11->14(32)
[2022-04-22T11:48:01.689-0700][gc,heap     ] GC(3) Old regions: 0->0
[2022-04-22T11:48:01.689-0700][gc,heap     ] GC(3) Archive regions: 2->2
[2022-04-22T11:48:01.689-0700][gc,heap     ] GC(3) Humongous regions: 0->0
[2022-04-22T11:48:01.689-0700][gc,metaspace] GC(3) Metaspace: 24293K(24640K)->24293K(24640K) NonClass: 21252K(21440K)->21252K(21440K) Class: 3041K(3200K)->3041K(3200K)
[2022-04-22T11:48:01.689-0700][gc          ] GC(3) Pause Young (Normal) (G1 Evacuation Pause) 256M->14M(512M) 3.806ms
[2022-04-22T11:48:01.689-0700][gc,cpu      ] GC(3) User=0.03s Sys=0.00s Real=0.00s
[2022-04-22T11:48:02.250-0700][gc,start    ] GC(4) Pause Young (Concurrent Start) (GCLocker Initiated GC)
[2022-04-22T11:48:02.250-0700][gc,task     ] GC(4) Using 9 workers of 9 for evacuation
[2022-04-22T11:48:02.255-0700][gc,phases   ] GC(4)   Pre Evacuate Collection Set: 0.1ms
[2022-04-22T11:48:02.255-0700][gc,phases   ] GC(4)   Merge Heap Roots: 0.1ms
[2022-04-22T11:48:02.255-0700][gc,phases   ] GC(4)   Evacuate Collection Set: 4.5ms
[2022-04-22T11:48:02.255-0700][gc,phases   ] GC(4)   Post Evacuate Collection Set: 0.5ms
[2022-04-22T11:48:02.255-0700][gc,phases   ] GC(4)   Other: 0.1ms
[2022-04-22T11:48:02.255-0700][gc,heap     ] GC(4) Eden regions: 200->0(236)
[2022-04-22T11:48:02.255-0700][gc,heap     ] GC(4) Survivor regions: 14->20(32)
[2022-04-22T11:48:02.255-0700][gc,heap     ] GC(4) Old regions: 0->0
[2022-04-22T11:48:02.255-0700][gc,heap     ] GC(4) Archive regions: 2->2
[2022-04-22T11:48:02.255-0700][gc,heap     ] GC(4) Humongous regions: 0->0
[2022-04-22T11:48:02.255-0700][gc,metaspace] GC(4) Metaspace: 35710K(36032K)->35710K(36032K) NonClass: 31304K(31488K)->31304K(31488K) Class: 4405K(4544K)->4405K(4544K)
[2022-04-22T11:48:02.255-0700][gc          ] GC(4) Pause Young (Concurrent Start) (GCLocker Initiated GC) 214M->20M(512M) 5.337ms
[2022-04-22T11:48:02.255-0700][gc,cpu      ] GC(4) User=0.04s Sys=0.00s Real=0.00s
[2022-04-22T11:48:02.255-0700][gc          ] GC(5) Concurrent Mark Cycle
[2022-04-22T11:48:02.256-0700][gc,marking  ] GC(5) Concurrent Clear Claimed Marks
[2022-04-22T11:48:02.256-0700][gc,marking  ] GC(5) Concurrent Clear Claimed Marks 0.024ms
[2022-04-22T11:48:02.256-0700][gc,marking  ] GC(5) Concurrent Scan Root Regions
[2022-04-22T11:48:02.259-0700][gc,marking  ] GC(5) Concurrent Scan Root Regions 3.605ms
[2022-04-22T11:48:02.259-0700][gc,marking  ] GC(5) Concurrent Mark
[2022-04-22T11:48:02.259-0700][gc,marking  ] GC(5) Concurrent Mark From Roots
[2022-04-22T11:48:02.259-0700][gc,task     ] GC(5) Using 2 workers of 2 for marking
[2022-04-22T11:48:02.260-0700][gc,marking  ] GC(5) Concurrent Mark From Roots 1.120ms
[2022-04-22T11:48:02.260-0700][gc,marking  ] GC(5) Concurrent Preclean
[2022-04-22T11:48:02.260-0700][gc,marking  ] GC(5) Concurrent Preclean 0.015ms
[2022-04-22T11:48:02.260-0700][gc,start    ] GC(5) Pause Remark
[2022-04-22T11:48:02.262-0700][gc          ] GC(5) Pause Remark 22M->22M(512M) 1.098ms
[2022-04-22T11:48:02.262-0700][gc,cpu      ] GC(5) User=0.01s Sys=0.00s Real=0.00s
[2022-04-22T11:48:02.262-0700][gc,marking  ] GC(5) Concurrent Mark 2.374ms
[2022-04-22T11:48:02.262-0700][gc,marking  ] GC(5) Concurrent Rebuild Remembered Sets
[2022-04-22T11:48:02.262-0700][gc,marking  ] GC(5) Concurrent Rebuild Remembered Sets 0.005ms
[2022-04-22T11:48:02.262-0700][gc,start    ] GC(5) Pause Cleanup
[2022-04-22T11:48:02.262-0700][gc          ] GC(5) Pause Cleanup 22M->22M(512M) 0.008ms
[2022-04-22T11:48:02.262-0700][gc,cpu      ] GC(5) User=0.00s Sys=0.00s Real=0.00s
[2022-04-22T11:48:02.262-0700][gc,marking  ] GC(5) Concurrent Cleanup for Next Mark
[2022-04-22T11:48:02.262-0700][gc,marking  ] GC(5) Concurrent Cleanup for Next Mark 0.795ms
[2022-04-22T11:48:02.262-0700][gc          ] GC(5) Concurrent Mark Cycle 7.005ms
[2022-04-22T11:48:03.213-0700][gc,start    ] GC(6) Pause Young (Normal) (G1 Evacuation Pause)
[2022-04-22T11:48:03.213-0700][gc,task     ] GC(6) Using 9 workers of 9 for evacuation
[2022-04-22T11:48:03.221-0700][gc,phases   ] GC(6)   Pre Evacuate Collection Set: 0.1ms
[2022-04-22T11:48:03.221-0700][gc,phases   ] GC(6)   Merge Heap Roots: 0.0ms
[2022-04-22T11:48:03.221-0700][gc,phases   ] GC(6)   Evacuate Collection Set: 7.1ms
[2022-04-22T11:48:03.221-0700][gc,phases   ] GC(6)   Post Evacuate Collection Set: 0.7ms
[2022-04-22T11:48:03.221-0700][gc,phases   ] GC(6)   Other: 0.1ms
[2022-04-22T11:48:03.221-0700][gc,heap     ] GC(6) Eden regions: 236->0(233)
[2022-04-22T11:48:03.221-0700][gc,heap     ] GC(6) Survivor regions: 20->23(32)
[2022-04-22T11:48:03.221-0700][gc,heap     ] GC(6) Old regions: 0->7
[2022-04-22T11:48:03.221-0700][gc,heap     ] GC(6) Archive regions: 2->2
[2022-04-22T11:48:03.221-0700][gc,heap     ] GC(6) Humongous regions: 0->0
[2022-04-22T11:48:03.221-0700][gc,metaspace] GC(6) Metaspace: 52348K(52736K)->52348K(52736K) NonClass: 45894K(46080K)->45894K(46080K) Class: 6454K(6656K)->6454K(6656K)
[2022-04-22T11:48:03.221-0700][gc          ] GC(6) Pause Young (Normal) (G1 Evacuation Pause) 256M->29M(512M) 8.068ms
[2022-04-22T11:48:03.221-0700][gc,cpu      ] GC(6) User=0.05s Sys=0.01s Real=0.01s
[2022-04-22T11:48:33.131-0700][gc,start    ] GC(7) Pause Young (Concurrent Start) (Metadata GC Threshold)
[2022-04-22T11:48:33.131-0700][gc,task     ] GC(7) Using 9 workers of 9 for evacuation
[2022-04-22T11:48:33.187-0700][gc,phases   ] GC(7)   Pre Evacuate Collection Set: 0.4ms
[2022-04-22T11:48:33.187-0700][gc,phases   ] GC(7)   Merge Heap Roots: 0.2ms
[2022-04-22T11:48:33.187-0700][gc,phases   ] GC(7)   Evacuate Collection Set: 54.3ms
[2022-04-22T11:48:33.187-0700][gc,phases   ] GC(7)   Post Evacuate Collection Set: 0.9ms
[2022-04-22T11:48:33.187-0700][gc,phases   ] GC(7)   Other: 0.6ms
[2022-04-22T11:48:33.187-0700][gc,heap     ] GC(7) Eden regions: 197->0(235)
[2022-04-22T11:48:33.187-0700][gc,heap     ] GC(7) Survivor regions: 23->21(32)
[2022-04-22T11:48:33.187-0700][gc,heap     ] GC(7) Old regions: 7->11
[2022-04-22T11:48:33.187-0700][gc,heap     ] GC(7) Archive regions: 2->2
[2022-04-22T11:48:33.187-0700][gc,heap     ] GC(7) Humongous regions: 2->2
[2022-04-22T11:48:33.187-0700][gc,metaspace] GC(7) Metaspace: 59982K(60480K)->59982K(60480K) NonClass: 52494K(52736K)->52494K(52736K) Class: 7487K(7744K)->7487K(7744K)
[2022-04-22T11:48:33.187-0700][gc          ] GC(7) Pause Young (Concurrent Start) (Metadata GC Threshold) 228M->33M(512M) 56.434ms
[2022-04-22T11:48:33.187-0700][gc,cpu      ] GC(7) User=0.06s Sys=0.13s Real=0.05s
[2022-04-22T11:48:33.187-0700][gc          ] GC(8) Concurrent Mark Cycle
[2022-04-22T11:48:33.187-0700][gc,marking  ] GC(8) Concurrent Clear Claimed Marks
[2022-04-22T11:48:33.187-0700][gc,marking  ] GC(8) Concurrent Clear Claimed Marks 0.042ms
[2022-04-22T11:48:33.187-0700][gc,marking  ] GC(8) Concurrent Scan Root Regions
[2022-04-22T11:48:33.196-0700][gc,marking  ] GC(8) Concurrent Scan Root Regions 8.697ms
[2022-04-22T11:48:33.196-0700][gc,marking  ] GC(8) Concurrent Mark
[2022-04-22T11:48:33.196-0700][gc,marking  ] GC(8) Concurrent Mark From Roots
[2022-04-22T11:48:33.196-0700][gc,task     ] GC(8) Using 2 workers of 2 for marking
[2022-04-22T11:48:33.202-0700][gc,marking  ] GC(8) Concurrent Mark From Roots 6.160ms
[2022-04-22T11:48:33.202-0700][gc,marking  ] GC(8) Concurrent Preclean
[2022-04-22T11:48:33.202-0700][gc,marking  ] GC(8) Concurrent Preclean 0.048ms
[2022-04-22T11:48:33.202-0700][gc,start    ] GC(8) Pause Remark
[2022-04-22T11:48:33.211-0700][gc          ] GC(8) Pause Remark 34M->34M(512M) 8.543ms
[2022-04-22T11:48:33.211-0700][gc,cpu      ] GC(8) User=0.01s Sys=0.01s Real=0.01s
[2022-04-22T11:48:33.211-0700][gc,marking  ] GC(8) Concurrent Mark 15.001ms
[2022-04-22T11:48:33.211-0700][gc,marking  ] GC(8) Concurrent Rebuild Remembered Sets
[2022-04-22T11:48:33.216-0700][gc,marking  ] GC(8) Concurrent Rebuild Remembered Sets 5.097ms
[2022-04-22T11:48:33.216-0700][gc,start    ] GC(8) Pause Cleanup
[2022-04-22T11:48:33.216-0700][gc          ] GC(8) Pause Cleanup 35M->35M(512M) 0.081ms
[2022-04-22T11:48:33.216-0700][gc,cpu      ] GC(8) User=0.00s Sys=0.00s Real=0.00s
[2022-04-22T11:48:33.216-0700][gc,marking  ] GC(8) Concurrent Cleanup for Next Mark
[2022-04-22T11:48:33.217-0700][gc,marking  ] GC(8) Concurrent Cleanup for Next Mark 0.917ms
[2022-04-22T11:48:33.217-0700][gc          ] GC(8) Concurrent Mark Cycle 30.136ms
[2022-04-22T13:46:59.783-0700][gc,start    ] GC(9) Pause Young (Normal) (G1 Evacuation Pause)
[2022-04-22T13:46:59.785-0700][gc,task     ] GC(9) Using 9 workers of 9 for evacuation
[2022-04-22T13:46:59.825-0700][gc,phases   ] GC(9)   Pre Evacuate Collection Set: 1.7ms
[2022-04-22T13:46:59.825-0700][gc,phases   ] GC(9)   Merge Heap Roots: 0.6ms
[2022-04-22T13:46:59.825-0700][gc,phases   ] GC(9)   Evacuate Collection Set: 36.7ms
[2022-04-22T13:46:59.825-0700][gc,phases   ] GC(9)   Post Evacuate Collection Set: 0.9ms
[2022-04-22T13:46:59.825-0700][gc,phases   ] GC(9)   Other: 2.7ms
[2022-04-22T13:46:59.825-0700][gc,heap     ] GC(9) Eden regions: 235->0(240)
[2022-04-22T13:46:59.825-0700][gc,heap     ] GC(9) Survivor regions: 21->16(32)
[2022-04-22T13:46:59.825-0700][gc,heap     ] GC(9) Old regions: 11->16
[2022-04-22T13:46:59.825-0700][gc,heap     ] GC(9) Archive regions: 2->2
[2022-04-22T13:46:59.825-0700][gc,heap     ] GC(9) Humongous regions: 4->4
[2022-04-22T13:46:59.825-0700][gc,metaspace] GC(9) Metaspace: 63618K(64192K)->63618K(64192K) NonClass: 55987K(56320K)->55987K(56320K) Class: 7631K(7872K)->7631K(7872K)
[2022-04-22T13:46:59.825-0700][gc          ] GC(9) Pause Young (Normal) (G1 Evacuation Pause) 270M->36M(512M) 42.506ms
[2022-04-22T13:46:59.825-0700][gc,cpu      ] GC(9) User=0.05s Sys=0.07s Real=0.04s
[2022-04-22T14:31:32.394-0700][gc,start    ] GC(10) Pause Young (Normal) (G1 Evacuation Pause)
[2022-04-22T14:31:32.395-0700][gc,task     ] GC(10) Using 9 workers of 9 for evacuation
[2022-04-22T14:31:32.428-0700][gc,phases   ] GC(10)   Pre Evacuate Collection Set: 0.3ms
[2022-04-22T14:31:32.428-0700][gc,phases   ] GC(10)   Merge Heap Roots: 0.4ms
[2022-04-22T14:31:32.428-0700][gc,phases   ] GC(10)   Evacuate Collection Set: 30.2ms
[2022-04-22T14:31:32.428-0700][gc,phases   ] GC(10)   Post Evacuate Collection Set: 1.8ms
[2022-04-22T14:31:32.428-0700][gc,phases   ] GC(10)   Other: 1.6ms
[2022-04-22T14:31:32.428-0700][gc,heap     ] GC(10) Eden regions: 240->0(239)
[2022-04-22T14:31:32.428-0700][gc,heap     ] GC(10) Survivor regions: 16->17(32)
[2022-04-22T14:31:32.428-0700][gc,heap     ] GC(10) Old regions: 16->16
[2022-04-22T14:31:32.428-0700][gc,heap     ] GC(10) Archive regions: 2->2
[2022-04-22T14:31:32.428-0700][gc,heap     ] GC(10) Humongous regions: 6->6
[2022-04-22T14:31:32.428-0700][gc,metaspace] GC(10) Metaspace: 65749K(66368K)->65749K(66368K) NonClass: 57919K(58240K)->57919K(58240K) Class: 7830K(8128K)->7830K(8128K)
[2022-04-22T14:31:32.428-0700][gc          ] GC(10) Pause Young (Normal) (G1 Evacuation Pause) 278M->39M(512M) 34.238ms
[2022-04-22T14:31:32.428-0700][gc,cpu      ] GC(10) User=0.03s Sys=0.06s Real=0.03s
[2022-04-22T15:16:02.296-0700][gc,start    ] GC(11) Pause Young (Normal) (G1 Evacuation Pause)
[2022-04-22T15:16:02.300-0700][gc,task     ] GC(11) Using 9 workers of 9 for evacuation
[2022-04-22T15:16:02.331-0700][gc,phases   ] GC(11)   Pre Evacuate Collection Set: 1.3ms
[2022-04-22T15:16:02.331-0700][gc,phases   ] GC(11)   Merge Heap Roots: 0.9ms
[2022-04-22T15:16:02.331-0700][gc,phases   ] GC(11)   Evacuate Collection Set: 27.9ms
[2022-04-22T15:16:02.331-0700][gc,phases   ] GC(11)   Post Evacuate Collection Set: 0.9ms
[2022-04-22T15:16:02.331-0700][gc,phases   ] GC(11)   Other: 3.8ms
[2022-04-22T15:16:02.331-0700][gc,heap     ] GC(11) Eden regions: 239->0(239)
[2022-04-22T15:16:02.331-0700][gc,heap     ] GC(11) Survivor regions: 17->17(32)
[2022-04-22T15:16:02.331-0700][gc,heap     ] GC(11) Old regions: 16->16
[2022-04-22T15:16:02.331-0700][gc,heap     ] GC(11) Archive regions: 2->2
[2022-04-22T15:16:02.331-0700][gc,heap     ] GC(11) Humongous regions: 6->6
[2022-04-22T15:16:02.331-0700][gc,metaspace] GC(11) Metaspace: 65768K(66368K)->65768K(66368K) NonClass: 57937K(58240K)->57937K(58240K) Class: 7831K(8128K)->7831K(8128K)
[2022-04-22T15:16:02.331-0700][gc          ] GC(11) Pause Young (Normal) (G1 Evacuation Pause) 278M->39M(512M) 34.792ms
[2022-04-22T15:16:02.331-0700][gc,cpu      ] GC(11) User=0.03s Sys=0.05s Real=0.04s
[2022-04-22T16:00:56.546-0700][gc,start    ] GC(12) Pause Young (Normal) (G1 Evacuation Pause)
[2022-04-22T16:00:56.548-0700][gc,task     ] GC(12) Using 9 workers of 9 for evacuation
[2022-04-22T16:00:56.593-0700][gc,phases   ] GC(12)   Pre Evacuate Collection Set: 1.2ms
[2022-04-22T16:00:56.593-0700][gc,phases   ] GC(12)   Merge Heap Roots: 0.6ms
[2022-04-22T16:00:56.593-0700][gc,phases   ] GC(12)   Evacuate Collection Set: 41.1ms
[2022-04-22T16:00:56.593-0700][gc,phases   ] GC(12)   Post Evacuate Collection Set: 0.9ms
[2022-04-22T16:00:56.593-0700][gc,phases   ] GC(12)   Other: 2.6ms
[2022-04-22T16:00:56.593-0700][gc,heap     ] GC(12) Eden regions: 239->0(240)
[2022-04-22T16:00:56.593-0700][gc,heap     ] GC(12) Survivor regions: 17->16(32)
[2022-04-22T16:00:56.593-0700][gc,heap     ] GC(12) Old regions: 16->16
[2022-04-22T16:00:56.593-0700][gc,heap     ] GC(12) Archive regions: 2->2
[2022-04-22T16:00:56.593-0700][gc,heap     ] GC(12) Humongous regions: 6->6
[2022-04-22T16:00:56.593-0700][gc,metaspace] GC(12) Metaspace: 65788K(66368K)->65788K(66368K) NonClass: 57955K(58240K)->57955K(58240K) Class: 7832K(8128K)->7832K(8128K)
[2022-04-22T16:00:56.593-0700][gc          ] GC(12) Pause Young (Normal) (G1 Evacuation Pause) 278M->38M(512M) 46.589ms
[2022-04-22T16:00:56.593-0700][gc,cpu      ] GC(12) User=0.05s Sys=0.08s Real=0.05s
[2022-04-22T16:46:08.313-0700][gc,start    ] GC(13) Pause Young (Normal) (G1 Evacuation Pause)
[2022-04-22T16:46:08.315-0700][gc,task     ] GC(13) Using 9 workers of 9 for evacuation
[2022-04-22T16:46:08.368-0700][gc,phases   ] GC(13)   Pre Evacuate Collection Set: 15.5ms
[2022-04-22T16:46:08.368-0700][gc,phases   ] GC(13)   Merge Heap Roots: 1.2ms
[2022-04-22T16:46:08.368-0700][gc,phases   ] GC(13)   Evacuate Collection Set: 33.8ms
[2022-04-22T16:46:08.368-0700][gc,phases   ] GC(13)   Post Evacuate Collection Set: 2.1ms
[2022-04-22T16:46:08.368-0700][gc,phases   ] GC(13)   Other: 2.5ms
[2022-04-22T16:46:08.368-0700][gc,heap     ] GC(13) Eden regions: 240->0(240)
[2022-04-22T16:46:08.368-0700][gc,heap     ] GC(13) Survivor regions: 16->16(32)
[2022-04-22T16:46:08.368-0700][gc,heap     ] GC(13) Old regions: 16->16
[2022-04-22T16:46:08.368-0700][gc,heap     ] GC(13) Archive regions: 2->2
[2022-04-22T16:46:08.368-0700][gc,heap     ] GC(13) Humongous regions: 6->6
[2022-04-22T16:46:08.368-0700][gc,metaspace] GC(13) Metaspace: 65809K(66432K)->65809K(66432K) NonClass: 57974K(58304K)->57974K(58304K) Class: 7834K(8128K)->7834K(8128K)
[2022-04-22T16:46:08.368-0700][gc          ] GC(13) Pause Young (Normal) (G1 Evacuation Pause) 278M->38M(512M) 55.331ms
[2022-04-22T16:46:08.368-0700][gc,cpu      ] GC(13) User=0.05s Sys=0.07s Real=0.05s
[2022-04-22T17:32:49.613-0700][gc,start    ] GC(14) Pause Young (Normal) (G1 Evacuation Pause)
[2022-04-22T17:32:49.615-0700][gc,task     ] GC(14) Using 9 workers of 9 for evacuation
[2022-04-22T17:32:49.646-0700][gc,phases   ] GC(14)   Pre Evacuate Collection Set: 0.5ms
[2022-04-22T17:32:49.646-0700][gc,phases   ] GC(14)   Merge Heap Roots: 0.4ms
[2022-04-22T17:32:49.646-0700][gc,phases   ] GC(14)   Evacuate Collection Set: 29.8ms
[2022-04-22T17:32:49.646-0700][gc,phases   ] GC(14)   Post Evacuate Collection Set: 0.8ms
[2022-04-22T17:32:49.646-0700][gc,phases   ] GC(14)   Other: 2.1ms
[2022-04-22T17:32:49.646-0700][gc,heap     ] GC(14) Eden regions: 240->0(240)
[2022-04-22T17:32:49.646-0700][gc,heap     ] GC(14) Survivor regions: 16->16(32)
[2022-04-22T17:32:49.646-0700][gc,heap     ] GC(14) Old regions: 16->16
[2022-04-22T17:32:49.646-0700][gc,heap     ] GC(14) Archive regions: 2->2
[2022-04-22T17:32:49.646-0700][gc,heap     ] GC(14) Humongous regions: 6->6
[2022-04-22T17:32:49.646-0700][gc,metaspace] GC(14) Metaspace: 65832K(66432K)->65832K(66432K) NonClass: 57996K(58304K)->57996K(58304K) Class: 7836K(8128K)->7836K(8128K)
[2022-04-22T17:32:49.646-0700][gc          ] GC(14) Pause Young (Normal) (G1 Evacuation Pause) 278M->38M(512M) 33.585ms
[2022-04-22T17:32:49.647-0700][gc,cpu      ] GC(14) User=0.05s Sys=0.07s Real=0.03s
[2022-04-22T18:18:11.174-0700][gc,start    ] GC(15) Pause Young (Normal) (G1 Evacuation Pause)
[2022-04-22T18:18:11.175-0700][gc,task     ] GC(15) Using 9 workers of 9 for evacuation
[2022-04-22T18:18:11.218-0700][gc,phases   ] GC(15)   Pre Evacuate Collection Set: 0.6ms
[2022-04-22T18:18:11.218-0700][gc,phases   ] GC(15)   Merge Heap Roots: 0.4ms
[2022-04-22T18:18:11.218-0700][gc,phases   ] GC(15)   Evacuate Collection Set: 39.9ms
[2022-04-22T18:18:11.218-0700][gc,phases   ] GC(15)   Post Evacuate Collection Set: 1.0ms
[2022-04-22T18:18:11.218-0700][gc,phases   ] GC(15)   Other: 2.3ms
[2022-04-22T18:18:11.218-0700][gc,heap     ] GC(15) Eden regions: 240->0(240)
[2022-04-22T18:18:11.218-0700][gc,heap     ] GC(15) Survivor regions: 16->16(32)
[2022-04-22T18:18:11.218-0700][gc,heap     ] GC(15) Old regions: 16->16
[2022-04-22T18:18:11.218-0700][gc,heap     ] GC(15) Archive regions: 2->2
[2022-04-22T18:18:11.218-0700][gc,heap     ] GC(15) Humongous regions: 6->6
[2022-04-22T18:18:11.218-0700][gc,metaspace] GC(15) Metaspace: 65859K(66432K)->65859K(66432K) NonClass: 58021K(58304K)->58021K(58304K) Class: 7837K(8128K)->7837K(8128K)
[2022-04-22T18:18:11.218-0700][gc          ] GC(15) Pause Young (Normal) (G1 Evacuation Pause) 278M->38M(512M) 44.169ms
[2022-04-22T18:18:11.218-0700][gc,cpu      ] GC(15) User=0.04s Sys=0.07s Real=0.04s
[2022-04-22T19:03:31.768-0700][gc,start    ] GC(16) Pause Young (Normal) (G1 Evacuation Pause)
[2022-04-22T19:03:31.768-0700][gc,task     ] GC(16) Using 9 workers of 9 for evacuation
[2022-04-22T19:03:31.788-0700][gc,phases   ] GC(16)   Pre Evacuate Collection Set: 0.3ms
[2022-04-22T19:03:31.788-0700][gc,phases   ] GC(16)   Merge Heap Roots: 0.4ms
[2022-04-22T19:03:31.788-0700][gc,phases   ] GC(16)   Evacuate Collection Set: 17.1ms
[2022-04-22T19:03:31.788-0700][gc,phases   ] GC(16)   Post Evacuate Collection Set: 1.7ms
[2022-04-22T19:03:31.788-0700][gc,phases   ] GC(16)   Other: 1.9ms
[2022-04-22T19:03:31.788-0700][gc,heap     ] GC(16) Eden regions: 240->0(240)
[2022-04-22T19:03:31.788-0700][gc,heap     ] GC(16) Survivor regions: 16->16(32)
[2022-04-22T19:03:31.788-0700][gc,heap     ] GC(16) Old regions: 16->16
[2022-04-22T19:03:31.788-0700][gc,heap     ] GC(16) Archive regions: 2->2
[2022-04-22T19:03:31.788-0700][gc,heap     ] GC(16) Humongous regions: 6->6
[2022-04-22T19:03:31.788-0700][gc,metaspace] GC(16) Metaspace: 65876K(66496K)->65876K(66496K) NonClass: 58038K(58368K)->58038K(58368K) Class: 7837K(8128K)->7837K(8128K)
[2022-04-22T19:03:31.788-0700][gc          ] GC(16) Pause Young (Normal) (G1 Evacuation Pause) 278M->38M(512M) 20.988ms
[2022-04-22T19:03:31.788-0700][gc,cpu      ] GC(16) User=0.03s Sys=0.05s Real=0.02s
[2022-04-22T19:48:46.529-0700][gc,start    ] GC(17) Pause Young (Normal) (G1 Evacuation Pause)
[2022-04-22T19:48:46.531-0700][gc,task     ] GC(17) Using 9 workers of 9 for evacuation
[2022-04-22T19:48:46.561-0700][gc,phases   ] GC(17)   Pre Evacuate Collection Set: 0.4ms
[2022-04-22T19:48:46.561-0700][gc,phases   ] GC(17)   Merge Heap Roots: 0.1ms
[2022-04-22T19:48:46.561-0700][gc,phases   ] GC(17)   Evacuate Collection Set: 28.4ms
[2022-04-22T19:48:46.561-0700][gc,phases   ] GC(17)   Post Evacuate Collection Set: 1.3ms
[2022-04-22T19:48:46.561-0700][gc,phases   ] GC(17)   Other: 1.6ms
[2022-04-22T19:48:46.561-0700][gc,heap     ] GC(17) Eden regions: 240->0(240)
[2022-04-22T19:48:46.561-0700][gc,heap     ] GC(17) Survivor regions: 16->16(32)
[2022-04-22T19:48:46.561-0700][gc,heap     ] GC(17) Old regions: 16->16
[2022-04-22T19:48:46.561-0700][gc,heap     ] GC(17) Archive regions: 2->2
[2022-04-22T19:48:46.561-0700][gc,heap     ] GC(17) Humongous regions: 6->6
[2022-04-22T19:48:46.561-0700][gc,metaspace] GC(17) Metaspace: 65883K(66496K)->65883K(66496K) NonClass: 58045K(58368K)->58045K(58368K) Class: 7838K(8128K)->7838K(8128K)
[2022-04-22T19:48:46.561-0700][gc          ] GC(17) Pause Young (Normal) (G1 Evacuation Pause) 278M->38M(512M) 31.946ms
[2022-04-22T19:48:46.561-0700][gc,cpu      ] GC(17) User=0.04s Sys=0.06s Real=0.04s
[2022-04-22T20:32:17.847-0700][gc,start    ] GC(18) Pause Young (Normal) (G1 Evacuation Pause)
[2022-04-22T20:32:17.848-0700][gc,task     ] GC(18) Using 9 workers of 9 for evacuation
[2022-04-22T20:32:17.875-0700][gc,phases   ] GC(18)   Pre Evacuate Collection Set: 0.4ms
[2022-04-22T20:32:17.875-0700][gc,phases   ] GC(18)   Merge Heap Roots: 0.2ms
[2022-04-22T20:32:17.875-0700][gc,phases   ] GC(18)   Evacuate Collection Set: 25.5ms
[2022-04-22T20:32:17.875-0700][gc,phases   ] GC(18)   Post Evacuate Collection Set: 0.9ms
[2022-04-22T20:32:17.876-0700][gc,phases   ] GC(18)   Other: 1.7ms
[2022-04-22T20:32:17.876-0700][gc,heap     ] GC(18) Eden regions: 240->0(240)
[2022-04-22T20:32:17.876-0700][gc,heap     ] GC(18) Survivor regions: 16->16(32)
[2022-04-22T20:32:17.876-0700][gc,heap     ] GC(18) Old regions: 16->16
[2022-04-22T20:32:17.876-0700][gc,heap     ] GC(18) Archive regions: 2->2
[2022-04-22T20:32:17.876-0700][gc,heap     ] GC(18) Humongous regions: 6->6
[2022-04-22T20:32:17.876-0700][gc,metaspace] GC(18) Metaspace: 65918K(66496K)->65918K(66496K) NonClass: 58080K(58368K)->58080K(58368K) Class: 7838K(8128K)->7838K(8128K)
[2022-04-22T20:32:17.876-0700][gc          ] GC(18) Pause Young (Normal) (G1 Evacuation Pause) 278M->38M(512M) 28.793ms
[2022-04-22T20:32:17.876-0700][gc,cpu      ] GC(18) User=0.04s Sys=0.06s Real=0.03s
[2022-04-22T21:12:24.336-0700][gc,start    ] GC(19) Pause Young (Normal) (G1 Evacuation Pause)
[2022-04-22T21:12:24.337-0700][gc,task     ] GC(19) Using 9 workers of 9 for evacuation
[2022-04-22T21:12:24.368-0700][gc,phases   ] GC(19)   Pre Evacuate Collection Set: 0.4ms
[2022-04-22T21:12:24.368-0700][gc,phases   ] GC(19)   Merge Heap Roots: 0.3ms
[2022-04-22T21:12:24.368-0700][gc,phases   ] GC(19)   Evacuate Collection Set: 29.3ms
[2022-04-22T21:12:24.368-0700][gc,phases   ] GC(19)   Post Evacuate Collection Set: 0.9ms
[2022-04-22T21:12:24.368-0700][gc,phases   ] GC(19)   Other: 1.9ms
[2022-04-22T21:12:24.368-0700][gc,heap     ] GC(19) Eden regions: 240->0(240)
[2022-04-22T21:12:24.368-0700][gc,heap     ] GC(19) Survivor regions: 16->16(32)
[2022-04-22T21:12:24.368-0700][gc,heap     ] GC(19) Old regions: 16->16
[2022-04-22T21:12:24.368-0700][gc,heap     ] GC(19) Archive regions: 2->2
[2022-04-22T21:12:24.368-0700][gc,heap     ] GC(19) Humongous regions: 6->6
[2022-04-22T21:12:24.368-0700][gc,metaspace] GC(19) Metaspace: 65973K(66560K)->65973K(66560K) NonClass: 58135K(58432K)->58135K(58432K) Class: 7838K(8128K)->7838K(8128K)
[2022-04-22T21:12:24.368-0700][gc          ] GC(19) Pause Young (Normal) (G1 Evacuation Pause) 278M->38M(512M) 32.674ms
[2022-04-22T21:12:24.368-0700][gc,cpu      ] GC(19) User=0.03s Sys=0.06s Real=0.03s
[2022-04-22T21:51:54.061-0700][gc,start    ] GC(20) Pause Young (Normal) (G1 Evacuation Pause)
[2022-04-22T21:51:54.063-0700][gc,task     ] GC(20) Using 9 workers of 9 for evacuation
[2022-04-22T21:51:54.095-0700][gc,phases   ] GC(20)   Pre Evacuate Collection Set: 0.7ms
[2022-04-22T21:51:54.095-0700][gc,phases   ] GC(20)   Merge Heap Roots: 0.5ms
[2022-04-22T21:51:54.095-0700][gc,phases   ] GC(20)   Evacuate Collection Set: 28.9ms
[2022-04-22T21:51:54.095-0700][gc,phases   ] GC(20)   Post Evacuate Collection Set: 0.8ms
[2022-04-22T21:51:54.095-0700][gc,phases   ] GC(20)   Other: 2.7ms
[2022-04-22T21:51:54.095-0700][gc,heap     ] GC(20) Eden regions: 240->0(240)
[2022-04-22T21:51:54.095-0700][gc,heap     ] GC(20) Survivor regions: 16->16(32)
[2022-04-22T21:51:54.095-0700][gc,heap     ] GC(20) Old regions: 16->16
[2022-04-22T21:51:54.095-0700][gc,heap     ] GC(20) Archive regions: 2->2
[2022-04-22T21:51:54.095-0700][gc,heap     ] GC(20) Humongous regions: 6->6
[2022-04-22T21:51:54.095-0700][gc,metaspace] GC(20) Metaspace: 65995K(66560K)->65995K(66560K) NonClass: 58157K(58432K)->58157K(58432K) Class: 7838K(8128K)->7838K(8128K)
[2022-04-22T21:51:54.095-0700][gc          ] GC(20) Pause Young (Normal) (G1 Evacuation Pause) 278M->38M(512M) 33.572ms
[2022-04-22T21:51:54.095-0700][gc,cpu      ] GC(20) User=0.05s Sys=0.07s Real=0.03s
[2022-04-22T22:31:22.169-0700][gc,start    ] GC(21) Pause Young (Normal) (G1 Evacuation Pause)
[2022-04-22T22:31:22.171-0700][gc,task     ] GC(21) Using 9 workers of 9 for evacuation
[2022-04-22T22:31:22.210-0700][gc,phases   ] GC(21)   Pre Evacuate Collection Set: 1.4ms
[2022-04-22T22:31:22.210-0700][gc,phases   ] GC(21)   Merge Heap Roots: 0.6ms
[2022-04-22T22:31:22.210-0700][gc,phases   ] GC(21)   Evacuate Collection Set: 35.6ms
[2022-04-22T22:31:22.210-0700][gc,phases   ] GC(21)   Post Evacuate Collection Set: 0.9ms
[2022-04-22T22:31:22.210-0700][gc,phases   ] GC(21)   Other: 2.9ms
[2022-04-22T22:31:22.210-0700][gc,heap     ] GC(21) Eden regions: 240->0(240)
[2022-04-22T22:31:22.210-0700][gc,heap     ] GC(21) Survivor regions: 16->16(32)
[2022-04-22T22:31:22.210-0700][gc,heap     ] GC(21) Old regions: 16->16
[2022-04-22T22:31:22.210-0700][gc,heap     ] GC(21) Archive regions: 2->2
[2022-04-22T22:31:22.210-0700][gc,heap     ] GC(21) Humongous regions: 6->6
[2022-04-22T22:31:22.210-0700][gc,metaspace] GC(21) Metaspace: 66006K(66624K)->66006K(66624K) NonClass: 58167K(58496K)->58167K(58496K) Class: 7839K(8128K)->7839K(8128K)
[2022-04-22T22:31:22.210-0700][gc          ] GC(21) Pause Young (Normal) (G1 Evacuation Pause) 278M->38M(512M) 41.246ms
[2022-04-22T22:31:22.210-0700][gc,cpu      ] GC(21) User=0.03s Sys=0.06s Real=0.05s
[2022-04-22T23:10:56.276-0700][gc,start    ] GC(22) Pause Young (Normal) (G1 Evacuation Pause)
[2022-04-22T23:10:56.279-0700][gc,task     ] GC(22) Using 9 workers of 9 for evacuation
[2022-04-22T23:10:56.325-0700][gc,phases   ] GC(22)   Pre Evacuate Collection Set: 1.0ms
[2022-04-22T23:10:56.325-0700][gc,phases   ] GC(22)   Merge Heap Roots: 0.7ms
[2022-04-22T23:10:56.325-0700][gc,phases   ] GC(22)   Evacuate Collection Set: 42.8ms
[2022-04-22T23:10:56.325-0700][gc,phases   ] GC(22)   Post Evacuate Collection Set: 0.9ms
[2022-04-22T23:10:56.325-0700][gc,phases   ] GC(22)   Other: 4.0ms
[2022-04-22T23:10:56.325-0700][gc,heap     ] GC(22) Eden regions: 240->0(248)
[2022-04-22T23:10:56.325-0700][gc,heap     ] GC(22) Survivor regions: 16->8(32)
[2022-04-22T23:10:56.325-0700][gc,heap     ] GC(22) Old regions: 16->24
[2022-04-22T23:10:56.325-0700][gc,heap     ] GC(22) Archive regions: 2->2
[2022-04-22T23:10:56.325-0700][gc,heap     ] GC(22) Humongous regions: 6->6
[2022-04-22T23:10:56.325-0700][gc,metaspace] GC(22) Metaspace: 66008K(66624K)->66008K(66624K) NonClass: 58168K(58496K)->58168K(58496K) Class: 7839K(8128K)->7839K(8128K)
[2022-04-22T23:10:56.325-0700][gc          ] GC(22) Pause Young (Normal) (G1 Evacuation Pause) 278M->38M(512M) 49.299ms
[2022-04-22T23:10:56.325-0700][gc,cpu      ] GC(22) User=0.06s Sys=0.10s Real=0.05s
[2022-04-22T23:51:53.950-0700][gc,start    ] GC(23) Pause Young (Normal) (G1 Evacuation Pause)
[2022-04-22T23:51:53.952-0700][gc,task     ] GC(23) Using 9 workers of 9 for evacuation
[2022-04-22T23:51:53.987-0700][gc,phases   ] GC(23)   Pre Evacuate Collection Set: 1.5ms
[2022-04-22T23:51:53.987-0700][gc,phases   ] GC(23)   Merge Heap Roots: 13.4ms
[2022-04-22T23:51:53.987-0700][gc,phases   ] GC(23)   Evacuate Collection Set: 18.9ms
[2022-04-22T23:51:53.987-0700][gc,phases   ] GC(23)   Post Evacuate Collection Set: 0.8ms
[2022-04-22T23:51:53.987-0700][gc,phases   ] GC(23)   Other: 2.0ms
[2022-04-22T23:51:53.987-0700][gc,heap     ] GC(23) Eden regions: 248->0(252)
[2022-04-22T23:51:53.987-0700][gc,heap     ] GC(23) Survivor regions: 8->4(32)
[2022-04-22T23:51:53.987-0700][gc,heap     ] GC(23) Old regions: 24->29
[2022-04-22T23:51:53.987-0700][gc,heap     ] GC(23) Archive regions: 2->2
[2022-04-22T23:51:53.987-0700][gc,heap     ] GC(23) Humongous regions: 6->6
[2022-04-22T23:51:53.987-0700][gc,metaspace] GC(23) Metaspace: 66019K(66624K)->66019K(66624K) NonClass: 58180K(58496K)->58180K(58496K) Class: 7839K(8128K)->7839K(8128K)
[2022-04-22T23:51:53.987-0700][gc          ] GC(23) Pause Young (Normal) (G1 Evacuation Pause) 286M->39M(512M) 36.649ms
[2022-04-22T23:51:53.987-0700][gc,cpu      ] GC(23) User=0.03s Sys=0.06s Real=0.03s
[2022-04-23T00:32:48.103-0700][gc,start    ] GC(24) Pause Young (Normal) (G1 Evacuation Pause)
[2022-04-23T00:32:48.105-0700][gc,task     ] GC(24) Using 9 workers of 9 for evacuation
[2022-04-23T00:32:48.128-0700][gc,phases   ] GC(24)   Pre Evacuate Collection Set: 0.9ms
[2022-04-23T00:32:48.128-0700][gc,phases   ] GC(24)   Merge Heap Roots: 0.5ms
[2022-04-23T00:32:48.128-0700][gc,phases   ] GC(24)   Evacuate Collection Set: 20.3ms
[2022-04-23T00:32:48.128-0700][gc,phases   ] GC(24)   Post Evacuate Collection Set: 1.1ms
[2022-04-23T00:32:48.128-0700][gc,phases   ] GC(24)   Other: 3.2ms
[2022-04-23T00:32:48.129-0700][gc,heap     ] GC(24) Eden regions: 252->0(253)
[2022-04-23T00:32:48.129-0700][gc,heap     ] GC(24) Survivor regions: 4->3(32)
[2022-04-23T00:32:48.129-0700][gc,heap     ] GC(24) Old regions: 29->30
[2022-04-23T00:32:48.129-0700][gc,heap     ] GC(24) Archive regions: 2->2
[2022-04-23T00:32:48.129-0700][gc,heap     ] GC(24) Humongous regions: 6->6
[2022-04-23T00:32:48.129-0700][gc,metaspace] GC(24) Metaspace: 66034K(66624K)->66034K(66624K) NonClass: 58194K(58496K)->58194K(58496K) Class: 7840K(8128K)->7840K(8128K)
[2022-04-23T00:32:48.129-0700][gc          ] GC(24) Pause Young (Normal) (G1 Evacuation Pause) 291M->39M(512M) 25.891ms
[2022-04-23T00:32:48.129-0700][gc,cpu      ] GC(24) User=0.03s Sys=0.04s Real=0.02s
[2022-04-23T01:14:27.456-0700][gc,start    ] GC(25) Pause Young (Normal) (G1 Evacuation Pause)
[2022-04-23T01:14:27.458-0700][gc,task     ] GC(25) Using 9 workers of 9 for evacuation
[2022-04-23T01:14:27.494-0700][gc,phases   ] GC(25)   Pre Evacuate Collection Set: 1.6ms
[2022-04-23T01:14:27.494-0700][gc,phases   ] GC(25)   Merge Heap Roots: 0.8ms
[2022-04-23T01:14:27.494-0700][gc,phases   ] GC(25)   Evacuate Collection Set: 31.4ms
[2022-04-23T01:14:27.494-0700][gc,phases   ] GC(25)   Post Evacuate Collection Set: 1.4ms
[2022-04-23T01:14:27.496-0700][gc,phases   ] GC(25)   Other: 2.9ms
[2022-04-23T01:14:27.496-0700][gc,heap     ] GC(25) Eden regions: 253->0(254)
[2022-04-23T01:14:27.496-0700][gc,heap     ] GC(25) Survivor regions: 3->2(32)
[2022-04-23T01:14:27.496-0700][gc,heap     ] GC(25) Old regions: 30->31
[2022-04-23T01:14:27.496-0700][gc,heap     ] GC(25) Archive regions: 2->2
[2022-04-23T01:14:27.496-0700][gc,heap     ] GC(25) Humongous regions: 6->6
[2022-04-23T01:14:27.496-0700][gc,metaspace] GC(25) Metaspace: 66056K(66688K)->66056K(66688K) NonClass: 58216K(58560K)->58216K(58560K) Class: 7840K(8128K)->7840K(8128K)
[2022-04-23T01:14:27.496-0700][gc          ] GC(25) Pause Young (Normal) (G1 Evacuation Pause) 292M->39M(512M) 39.975ms
[2022-04-23T01:14:27.496-0700][gc,cpu      ] GC(25) User=0.02s Sys=0.05s Real=0.04s
[2022-04-23T01:56:21.380-0700][gc,start    ] GC(26) Pause Young (Normal) (G1 Evacuation Pause)
[2022-04-23T01:56:21.381-0700][gc,task     ] GC(26) Using 9 workers of 9 for evacuation
[2022-04-23T01:56:21.387-0700][gc,phases   ] GC(26)   Pre Evacuate Collection Set: 0.6ms
[2022-04-23T01:56:21.401-0700][gc,phases   ] GC(26)   Merge Heap Roots: 0.1ms
[2022-04-23T01:56:21.401-0700][gc,phases   ] GC(26)   Evacuate Collection Set: 3.3ms
[2022-04-23T01:56:21.401-0700][gc,phases   ] GC(26)   Post Evacuate Collection Set: 1.8ms
[2022-04-23T01:56:21.401-0700][gc,phases   ] GC(26)   Other: 1.3ms
[2022-04-23T01:56:21.401-0700][gc,heap     ] GC(26) Eden regions: 254->0(255)
[2022-04-23T01:56:21.401-0700][gc,heap     ] GC(26) Survivor regions: 2->1(32)
[2022-04-23T01:56:21.401-0700][gc,heap     ] GC(26) Old regions: 31->32
[2022-04-23T01:56:21.401-0700][gc,heap     ] GC(26) Archive regions: 2->2
[2022-04-23T01:56:21.401-0700][gc,heap     ] GC(26) Humongous regions: 6->6
[2022-04-23T01:56:21.401-0700][gc,metaspace] GC(26) Metaspace: 66081K(66688K)->66081K(66688K) NonClass: 58241K(58560K)->58241K(58560K) Class: 7840K(8128K)->7840K(8128K)
[2022-04-23T01:56:21.401-0700][gc          ] GC(26) Pause Young (Normal) (G1 Evacuation Pause) 293M->39M(512M) 20.739ms
[2022-04-23T01:56:21.401-0700][gc,cpu      ] GC(26) User=0.01s Sys=0.01s Real=0.02s
[2022-04-23T02:38:16.989-0700][gc,start    ] GC(27) Pause Young (Normal) (G1 Evacuation Pause)
[2022-04-23T02:38:16.990-0700][gc,task     ] GC(27) Using 9 workers of 9 for evacuation
[2022-04-23T02:38:17.007-0700][gc,phases   ] GC(27)   Pre Evacuate Collection Set: 1.3ms
[2022-04-23T02:38:17.007-0700][gc,phases   ] GC(27)   Merge Heap Roots: 0.3ms
[2022-04-23T02:38:17.007-0700][gc,phases   ] GC(27)   Evacuate Collection Set: 13.2ms
[2022-04-23T02:38:17.007-0700][gc,phases   ] GC(27)   Post Evacuate Collection Set: 1.2ms
[2022-04-23T02:38:17.007-0700][gc,phases   ] GC(27)   Other: 1.9ms
[2022-04-23T02:38:17.007-0700][gc,heap     ] GC(27) Eden regions: 255->0(255)
[2022-04-23T02:38:17.007-0700][gc,heap     ] GC(27) Survivor regions: 1->1(32)
[2022-04-23T02:38:17.007-0700][gc,heap     ] GC(27) Old regions: 32->32
[2022-04-23T02:38:17.007-0700][gc,heap     ] GC(27) Archive regions: 2->2
[2022-04-23T02:38:17.007-0700][gc,heap     ] GC(27) Humongous regions: 6->6
[2022-04-23T02:38:17.007-0700][gc,metaspace] GC(27) Metaspace: 66107K(66688K)->66107K(66688K) NonClass: 58266K(58560K)->58266K(58560K) Class: 7840K(8128K)->7840K(8128K)
[2022-04-23T02:38:17.007-0700][gc          ] GC(27) Pause Young (Normal) (G1 Evacuation Pause) 294M->39M(512M) 17.846ms
[2022-04-23T02:38:17.007-0700][gc,cpu      ] GC(27) User=0.01s Sys=0.02s Real=0.02s
[2022-04-23T03:20:07.428-0700][gc,start    ] GC(28) Pause Young (Normal) (G1 Evacuation Pause)
[2022-04-23T03:20:07.430-0700][gc,task     ] GC(28) Using 9 workers of 9 for evacuation
[2022-04-23T03:20:07.444-0700][gc,phases   ] GC(28)   Pre Evacuate Collection Set: 1.2ms
[2022-04-23T03:20:07.444-0700][gc,phases   ] GC(28)   Merge Heap Roots: 0.3ms
[2022-04-23T03:20:07.444-0700][gc,phases   ] GC(28)   Evacuate Collection Set: 9.7ms
[2022-04-23T03:20:07.444-0700][gc,phases   ] GC(28)   Post Evacuate Collection Set: 1.4ms
[2022-04-23T03:20:07.444-0700][gc,phases   ] GC(28)   Other: 3.6ms
[2022-04-23T03:20:07.444-0700][gc,heap     ] GC(28) Eden regions: 255->0(255)
[2022-04-23T03:20:07.444-0700][gc,heap     ] GC(28) Survivor regions: 1->1(32)
[2022-04-23T03:20:07.444-0700][gc,heap     ] GC(28) Old regions: 32->32
[2022-04-23T03:20:07.444-0700][gc,heap     ] GC(28) Archive regions: 2->2
[2022-04-23T03:20:07.444-0700][gc,heap     ] GC(28) Humongous regions: 6->6
[2022-04-23T03:20:07.444-0700][gc,metaspace] GC(28) Metaspace: 66115K(66752K)->66115K(66752K) NonClass: 58274K(58624K)->58274K(58624K) Class: 7840K(8128K)->7840K(8128K)
[2022-04-23T03:20:07.444-0700][gc          ] GC(28) Pause Young (Normal) (G1 Evacuation Pause) 294M->39M(512M) 16.239ms
[2022-04-23T03:20:07.444-0700][gc,cpu      ] GC(28) User=0.01s Sys=0.02s Real=0.02s
[2022-04-23T04:02:11.962-0700][gc,start    ] GC(29) Pause Young (Normal) (G1 Evacuation Pause)
[2022-04-23T04:02:11.964-0700][gc,task     ] GC(29) Using 9 workers of 9 for evacuation
[2022-04-23T04:02:11.981-0700][gc,phases   ] GC(29)   Pre Evacuate Collection Set: 1.1ms
[2022-04-23T04:02:11.981-0700][gc,phases   ] GC(29)   Merge Heap Roots: 0.3ms
[2022-04-23T04:02:11.981-0700][gc,phases   ] GC(29)   Evacuate Collection Set: 12.5ms
[2022-04-23T04:02:11.981-0700][gc,phases   ] GC(29)   Post Evacuate Collection Set: 2.7ms
[2022-04-23T04:02:11.981-0700][gc,phases   ] GC(29)   Other: 3.0ms
[2022-04-23T04:02:11.981-0700][gc,heap     ] GC(29) Eden regions: 255->0(255)
[2022-04-23T04:02:11.981-0700][gc,heap     ] GC(29) Survivor regions: 1->1(32)
[2022-04-23T04:02:11.981-0700][gc,heap     ] GC(29) Old regions: 32->32
[2022-04-23T04:02:11.981-0700][gc,heap     ] GC(29) Archive regions: 2->2
[2022-04-23T04:02:11.981-0700][gc,heap     ] GC(29) Humongous regions: 6->6
[2022-04-23T04:02:11.981-0700][gc,metaspace] GC(29) Metaspace: 66115K(66752K)->66115K(66752K) NonClass: 58275K(58624K)->58275K(58624K) Class: 7840K(8128K)->7840K(8128K)
[2022-04-23T04:02:11.982-0700][gc          ] GC(29) Pause Young (Normal) (G1 Evacuation Pause) 294M->39M(512M) 19.660ms
[2022-04-23T04:02:11.982-0700][gc,cpu      ] GC(29) User=0.01s Sys=0.01s Real=0.02s
[2022-04-23T04:44:26.449-0700][gc,start    ] GC(30) Pause Young (Normal) (G1 Evacuation Pause)
[2022-04-23T04:44:26.452-0700][gc,task     ] GC(30) Using 9 workers of 9 for evacuation
[2022-04-23T04:44:26.470-0700][gc,phases   ] GC(30)   Pre Evacuate Collection Set: 1.4ms
[2022-04-23T04:44:26.471-0700][gc,phases   ] GC(30)   Merge Heap Roots: 0.4ms
[2022-04-23T04:44:26.471-0700][gc,phases   ] GC(30)   Evacuate Collection Set: 15.5ms
[2022-04-23T04:44:26.471-0700][gc,phases   ] GC(30)   Post Evacuate Collection Set: 1.1ms
[2022-04-23T04:44:26.471-0700][gc,phases   ] GC(30)   Other: 3.7ms
[2022-04-23T04:44:26.471-0700][gc,heap     ] GC(30) Eden regions: 255->0(255)
[2022-04-23T04:44:26.471-0700][gc,heap     ] GC(30) Survivor regions: 1->1(32)
[2022-04-23T04:44:26.471-0700][gc,heap     ] GC(30) Old regions: 32->32
[2022-04-23T04:44:26.471-0700][gc,heap     ] GC(30) Archive regions: 2->2
[2022-04-23T04:44:26.471-0700][gc,heap     ] GC(30) Humongous regions: 6->6
[2022-04-23T04:44:26.471-0700][gc,metaspace] GC(30) Metaspace: 66117K(66752K)->66117K(66752K) NonClass: 58276K(58624K)->58276K(58624K) Class: 7840K(8128K)->7840K(8128K)
[2022-04-23T04:44:26.471-0700][gc          ] GC(30) Pause Young (Normal) (G1 Evacuation Pause) 294M->39M(512M) 22.218ms
[2022-04-23T04:44:26.471-0700][gc,cpu      ] GC(30) User=0.01s Sys=0.01s Real=0.03s
[2022-04-23T05:26:33.773-0700][gc,start    ] GC(31) Pause Young (Normal) (G1 Evacuation Pause)
[2022-04-23T05:26:33.775-0700][gc,task     ] GC(31) Using 9 workers of 9 for evacuation
[2022-04-23T05:26:33.796-0700][gc,phases   ] GC(31)   Pre Evacuate Collection Set: 0.9ms
[2022-04-23T05:26:33.796-0700][gc,phases   ] GC(31)   Merge Heap Roots: 0.3ms
[2022-04-23T05:26:33.796-0700][gc,phases   ] GC(31)   Evacuate Collection Set: 18.7ms
[2022-04-23T05:26:33.796-0700][gc,phases   ] GC(31)   Post Evacuate Collection Set: 0.9ms
[2022-04-23T05:26:33.796-0700][gc,phases   ] GC(31)   Other: 2.3ms
[2022-04-23T05:26:33.796-0700][gc,heap     ] GC(31) Eden regions: 255->0(255)
[2022-04-23T05:26:33.796-0700][gc,heap     ] GC(31) Survivor regions: 1->1(32)
[2022-04-23T05:26:33.796-0700][gc,heap     ] GC(31) Old regions: 32->32
[2022-04-23T05:26:33.796-0700][gc,heap     ] GC(31) Archive regions: 2->2
[2022-04-23T05:26:33.796-0700][gc,heap     ] GC(31) Humongous regions: 6->6
[2022-04-23T05:26:33.796-0700][gc,metaspace] GC(31) Metaspace: 66123K(66752K)->66123K(66752K) NonClass: 58283K(58624K)->58283K(58624K) Class: 7840K(8128K)->7840K(8128K)
[2022-04-23T05:26:33.796-0700][gc          ] GC(31) Pause Young (Normal) (G1 Evacuation Pause) 294M->39M(512M) 22.943ms
[2022-04-23T05:26:33.796-0700][gc,cpu      ] GC(31) User=0.01s Sys=0.02s Real=0.02s
[2022-04-23T06:08:33.235-0700][gc,start    ] GC(32) Pause Young (Normal) (G1 Evacuation Pause)
[2022-04-23T06:08:33.237-0700][gc,task     ] GC(32) Using 9 workers of 9 for evacuation
[2022-04-23T06:08:33.254-0700][gc,phases   ] GC(32)   Pre Evacuate Collection Set: 1.0ms
[2022-04-23T06:08:33.254-0700][gc,phases   ] GC(32)   Merge Heap Roots: 0.4ms
[2022-04-23T06:08:33.254-0700][gc,phases   ] GC(32)   Evacuate Collection Set: 13.4ms
[2022-04-23T06:08:33.254-0700][gc,phases   ] GC(32)   Post Evacuate Collection Set: 1.5ms
[2022-04-23T06:08:33.254-0700][gc,phases   ] GC(32)   Other: 2.8ms
[2022-04-23T06:08:33.254-0700][gc,heap     ] GC(32) Eden regions: 255->0(255)
[2022-04-23T06:08:33.254-0700][gc,heap     ] GC(32) Survivor regions: 1->1(32)
[2022-04-23T06:08:33.254-0700][gc,heap     ] GC(32) Old regions: 32->32
[2022-04-23T06:08:33.254-0700][gc,heap     ] GC(32) Archive regions: 2->2
[2022-04-23T06:08:33.254-0700][gc,heap     ] GC(32) Humongous regions: 6->6
[2022-04-23T06:08:33.254-0700][gc,metaspace] GC(32) Metaspace: 66130K(66752K)->66130K(66752K) NonClass: 58289K(58624K)->58289K(58624K) Class: 7840K(8128K)->7840K(8128K)
[2022-04-23T06:08:33.254-0700][gc          ] GC(32) Pause Young (Normal) (G1 Evacuation Pause) 294M->39M(512M) 19.043ms
[2022-04-23T06:08:33.254-0700][gc,cpu      ] GC(32) User=0.02s Sys=0.02s Real=0.02s
[2022-04-23T06:50:39.209-0700][gc,start    ] GC(33) Pause Young (Normal) (G1 Evacuation Pause)
[2022-04-23T06:50:39.210-0700][gc,task     ] GC(33) Using 9 workers of 9 for evacuation
[2022-04-23T06:50:39.224-0700][gc,phases   ] GC(33)   Pre Evacuate Collection Set: 0.8ms
[2022-04-23T06:50:39.224-0700][gc,phases   ] GC(33)   Merge Heap Roots: 0.5ms
[2022-04-23T06:50:39.224-0700][gc,phases   ] GC(33)   Evacuate Collection Set: 11.7ms
[2022-04-23T06:50:39.224-0700][gc,phases   ] GC(33)   Post Evacuate Collection Set: 0.9ms
[2022-04-23T06:50:39.224-0700][gc,phases   ] GC(33)   Other: 1.5ms
[2022-04-23T06:50:39.224-0700][gc,heap     ] GC(33) Eden regions: 255->0(255)
[2022-04-23T06:50:39.224-0700][gc,heap     ] GC(33) Survivor regions: 1->1(32)
[2022-04-23T06:50:39.224-0700][gc,heap     ] GC(33) Old regions: 32->32
[2022-04-23T06:50:39.224-0700][gc,heap     ] GC(33) Archive regions: 2->2
[2022-04-23T06:50:39.224-0700][gc,heap     ] GC(33) Humongous regions: 6->6
[2022-04-23T06:50:39.224-0700][gc,metaspace] GC(33) Metaspace: 66131K(66752K)->66131K(66752K) NonClass: 58290K(58624K)->58290K(58624K) Class: 7840K(8128K)->7840K(8128K)
[2022-04-23T06:50:39.224-0700][gc          ] GC(33) Pause Young (Normal) (G1 Evacuation Pause) 294M->39M(512M) 15.485ms
[2022-04-23T06:50:39.224-0700][gc,cpu      ] GC(33) User=0.01s Sys=0.02s Real=0.02s
[2022-04-23T07:32:45.005-0700][gc,start    ] GC(34) Pause Young (Normal) (G1 Evacuation Pause)
[2022-04-23T07:32:45.007-0700][gc,task     ] GC(34) Using 9 workers of 9 for evacuation
[2022-04-23T07:32:45.037-0700][gc,phases   ] GC(34)   Pre Evacuate Collection Set: 2.0ms
[2022-04-23T07:32:45.038-0700][gc,phases   ] GC(34)   Merge Heap Roots: 1.7ms
[2022-04-23T07:32:45.038-0700][gc,phases   ] GC(34)   Evacuate Collection Set: 25.1ms
[2022-04-23T07:32:45.038-0700][gc,phases   ] GC(34)   Post Evacuate Collection Set: 1.1ms
[2022-04-23T07:32:45.038-0700][gc,phases   ] GC(34)   Other: 3.0ms
[2022-04-23T07:32:45.038-0700][gc,heap     ] GC(34) Eden regions: 255->0(255)
[2022-04-23T07:32:45.038-0700][gc,heap     ] GC(34) Survivor regions: 1->1(32)
[2022-04-23T07:32:45.038-0700][gc,heap     ] GC(34) Old regions: 32->32
[2022-04-23T07:32:45.038-0700][gc,heap     ] GC(34) Archive regions: 2->2
[2022-04-23T07:32:45.038-0700][gc,heap     ] GC(34) Humongous regions: 6->6
[2022-04-23T07:32:45.038-0700][gc,metaspace] GC(34) Metaspace: 66141K(66752K)->66141K(66752K) NonClass: 58299K(58624K)->58299K(58624K) Class: 7842K(8128K)->7842K(8128K)
[2022-04-23T07:32:45.038-0700][gc          ] GC(34) Pause Young (Normal) (G1 Evacuation Pause) 294M->39M(512M) 32.893ms
[2022-04-23T07:32:45.038-0700][gc,cpu      ] GC(34) User=0.01s Sys=0.01s Real=0.03s
[2022-04-23T08:14:48.939-0700][gc,start    ] GC(35) Pause Young (Normal) (G1 Evacuation Pause)
[2022-04-23T08:14:48.941-0700][gc,task     ] GC(35) Using 9 workers of 9 for evacuation
[2022-04-23T08:14:48.969-0700][gc,phases   ] GC(35)   Pre Evacuate Collection Set: 2.8ms
[2022-04-23T08:14:48.969-0700][gc,phases   ] GC(35)   Merge Heap Roots: 0.5ms
[2022-04-23T08:14:48.969-0700][gc,phases   ] GC(35)   Evacuate Collection Set: 22.6ms
[2022-04-23T08:14:48.969-0700][gc,phases   ] GC(35)   Post Evacuate Collection Set: 1.4ms
[2022-04-23T08:14:48.969-0700][gc,phases   ] GC(35)   Other: 2.9ms
[2022-04-23T08:14:48.969-0700][gc,heap     ] GC(35) Eden regions: 255->0(255)
[2022-04-23T08:14:48.969-0700][gc,heap     ] GC(35) Survivor regions: 1->1(32)
[2022-04-23T08:14:48.969-0700][gc,heap     ] GC(35) Old regions: 32->32
[2022-04-23T08:14:48.969-0700][gc,heap     ] GC(35) Archive regions: 2->2
[2022-04-23T08:14:48.969-0700][gc,heap     ] GC(35) Humongous regions: 6->6
[2022-04-23T08:14:48.969-0700][gc,metaspace] GC(35) Metaspace: 66148K(66752K)->66148K(66752K) NonClass: 58306K(58624K)->58306K(58624K) Class: 7842K(8128K)->7842K(8128K)
[2022-04-23T08:14:48.969-0700][gc          ] GC(35) Pause Young (Normal) (G1 Evacuation Pause) 294M->39M(512M) 30.016ms
[2022-04-23T08:14:48.969-0700][gc,cpu      ] GC(35) User=0.01s Sys=0.02s Real=0.03s
[2022-04-23T08:56:48.980-0700][gc,start    ] GC(36) Pause Young (Normal) (G1 Evacuation Pause)
[2022-04-23T08:56:48.982-0700][gc,task     ] GC(36) Using 9 workers of 9 for evacuation
[2022-04-23T08:56:49.001-0700][gc,phases   ] GC(36)   Pre Evacuate Collection Set: 1.6ms
[2022-04-23T08:56:49.002-0700][gc,phases   ] GC(36)   Merge Heap Roots: 0.8ms
[2022-04-23T08:56:49.002-0700][gc,phases   ] GC(36)   Evacuate Collection Set: 15.0ms
[2022-04-23T08:56:49.002-0700][gc,phases   ] GC(36)   Post Evacuate Collection Set: 1.9ms
[2022-04-23T08:56:49.002-0700][gc,phases   ] GC(36)   Other: 2.8ms
[2022-04-23T08:56:49.002-0700][gc,heap     ] GC(36) Eden regions: 255->0(255)
[2022-04-23T08:56:49.002-0700][gc,heap     ] GC(36) Survivor regions: 1->1(32)
[2022-04-23T08:56:49.002-0700][gc,heap     ] GC(36) Old regions: 32->32
[2022-04-23T08:56:49.002-0700][gc,heap     ] GC(36) Archive regions: 2->2
[2022-04-23T08:56:49.002-0700][gc,heap     ] GC(36) Humongous regions: 6->6
[2022-04-23T08:56:49.002-0700][gc,metaspace] GC(36) Metaspace: 66166K(66752K)->66166K(66752K) NonClass: 58323K(58624K)->58323K(58624K) Class: 7842K(8128K)->7842K(8128K)
[2022-04-23T08:56:49.002-0700][gc          ] GC(36) Pause Young (Normal) (G1 Evacuation Pause) 294M->39M(512M) 22.189ms
[2022-04-23T08:56:49.002-0700][gc,cpu      ] GC(36) User=0.01s Sys=0.02s Real=0.02s
[2022-04-23T09:38:51.861-0700][gc,start    ] GC(37) Pause Young (Normal) (G1 Evacuation Pause)
[2022-04-23T09:38:51.864-0700][gc,task     ] GC(37) Using 9 workers of 9 for evacuation
[2022-04-23T09:38:51.876-0700][gc,phases   ] GC(37)   Pre Evacuate Collection Set: 1.1ms
[2022-04-23T09:38:51.876-0700][gc,phases   ] GC(37)   Merge Heap Roots: 0.2ms
[2022-04-23T09:38:51.876-0700][gc,phases   ] GC(37)   Evacuate Collection Set: 8.8ms
[2022-04-23T09:38:51.877-0700][gc,phases   ] GC(37)   Post Evacuate Collection Set: 2.1ms
[2022-04-23T09:38:51.877-0700][gc,phases   ] GC(37)   Other: 2.9ms
[2022-04-23T09:38:51.877-0700][gc,heap     ] GC(37) Eden regions: 255->0(255)
[2022-04-23T09:38:51.877-0700][gc,heap     ] GC(37) Survivor regions: 1->1(32)
[2022-04-23T09:38:51.877-0700][gc,heap     ] GC(37) Old regions: 32->32
[2022-04-23T09:38:51.877-0700][gc,heap     ] GC(37) Archive regions: 2->2
[2022-04-23T09:38:51.877-0700][gc,heap     ] GC(37) Humongous regions: 6->6
[2022-04-23T09:38:51.877-0700][gc,metaspace] GC(37) Metaspace: 66185K(66752K)->66185K(66752K) NonClass: 58343K(58624K)->58343K(58624K) Class: 7842K(8128K)->7842K(8128K)
[2022-04-23T09:38:51.877-0700][gc          ] GC(37) Pause Young (Normal) (G1 Evacuation Pause) 294M->39M(512M) 15.525ms
[2022-04-23T09:38:51.877-0700][gc,cpu      ] GC(37) User=0.01s Sys=0.01s Real=0.01s
[2022-04-23T10:21:04.697-0700][gc,start    ] GC(38) Pause Young (Normal) (G1 Evacuation Pause)
[2022-04-23T10:21:04.699-0700][gc,task     ] GC(38) Using 9 workers of 9 for evacuation
[2022-04-23T10:21:04.725-0700][gc,phases   ] GC(38)   Pre Evacuate Collection Set: 1.7ms
[2022-04-23T10:21:04.725-0700][gc,phases   ] GC(38)   Merge Heap Roots: 0.2ms
[2022-04-23T10:21:04.725-0700][gc,phases   ] GC(38)   Evacuate Collection Set: 21.6ms
[2022-04-23T10:21:04.725-0700][gc,phases   ] GC(38)   Post Evacuate Collection Set: 1.4ms
[2022-04-23T10:21:04.725-0700][gc,phases   ] GC(38)   Other: 2.7ms
[2022-04-23T10:21:04.725-0700][gc,heap     ] GC(38) Eden regions: 255->0(255)
[2022-04-23T10:21:04.725-0700][gc,heap     ] GC(38) Survivor regions: 1->1(32)
[2022-04-23T10:21:04.725-0700][gc,heap     ] GC(38) Old regions: 32->32
[2022-04-23T10:21:04.725-0700][gc,heap     ] GC(38) Archive regions: 2->2
[2022-04-23T10:21:04.725-0700][gc,heap     ] GC(38) Humongous regions: 6->6
[2022-04-23T10:21:04.725-0700][gc,metaspace] GC(38) Metaspace: 66188K(66816K)->66188K(66816K) NonClass: 58346K(58688K)->58346K(58688K) Class: 7842K(8128K)->7842K(8128K)
[2022-04-23T10:21:04.725-0700][gc          ] GC(38) Pause Young (Normal) (G1 Evacuation Pause) 294M->39M(512M) 27.771ms
[2022-04-23T10:21:04.725-0700][gc,cpu      ] GC(38) User=0.01s Sys=0.01s Real=0.03s
[2022-04-23T11:03:04.227-0700][gc,start    ] GC(39) Pause Young (Normal) (G1 Evacuation Pause)
[2022-04-23T11:03:04.229-0700][gc,task     ] GC(39) Using 9 workers of 9 for evacuation
[2022-04-23T11:03:04.242-0700][gc,phases   ] GC(39)   Pre Evacuate Collection Set: 1.6ms
[2022-04-23T11:03:04.242-0700][gc,phases   ] GC(39)   Merge Heap Roots: 0.2ms
[2022-04-23T11:03:04.242-0700][gc,phases   ] GC(39)   Evacuate Collection Set: 8.9ms
[2022-04-23T11:03:04.242-0700][gc,phases   ] GC(39)   Post Evacuate Collection Set: 2.1ms
[2022-04-23T11:03:04.242-0700][gc,phases   ] GC(39)   Other: 2.5ms
[2022-04-23T11:03:04.242-0700][gc,heap     ] GC(39) Eden regions: 255->0(255)
[2022-04-23T11:03:04.242-0700][gc,heap     ] GC(39) Survivor regions: 1->1(32)
[2022-04-23T11:03:04.242-0700][gc,heap     ] GC(39) Old regions: 32->32
[2022-04-23T11:03:04.242-0700][gc,heap     ] GC(39) Archive regions: 2->2
[2022-04-23T11:03:04.242-0700][gc,heap     ] GC(39) Humongous regions: 6->6
[2022-04-23T11:03:04.242-0700][gc,metaspace] GC(39) Metaspace: 66190K(66816K)->66190K(66816K) NonClass: 58348K(58688K)->58348K(58688K) Class: 7842K(8128K)->7842K(8128K)
[2022-04-23T11:03:04.242-0700][gc          ] GC(39) Pause Young (Normal) (G1 Evacuation Pause) 294M->39M(512M) 15.573ms
[2022-04-23T11:03:04.242-0700][gc,cpu      ] GC(39) User=0.02s Sys=0.01s Real=0.02s
[2022-04-23T11:45:13.775-0700][gc,start    ] GC(40) Pause Young (Normal) (G1 Evacuation Pause)
[2022-04-23T11:45:13.776-0700][gc,task     ] GC(40) Using 9 workers of 9 for evacuation
[2022-04-23T11:45:13.792-0700][gc,phases   ] GC(40)   Pre Evacuate Collection Set: 1.2ms
[2022-04-23T11:45:13.792-0700][gc,phases   ] GC(40)   Merge Heap Roots: 0.3ms
[2022-04-23T11:45:13.792-0700][gc,phases   ] GC(40)   Evacuate Collection Set: 12.6ms
[2022-04-23T11:45:13.792-0700][gc,phases   ] GC(40)   Post Evacuate Collection Set: 1.2ms
[2022-04-23T11:45:13.792-0700][gc,phases   ] GC(40)   Other: 1.9ms
[2022-04-23T11:45:13.792-0700][gc,heap     ] GC(40) Eden regions: 255->0(255)
[2022-04-23T11:45:13.792-0700][gc,heap     ] GC(40) Survivor regions: 1->1(32)
[2022-04-23T11:45:13.792-0700][gc,heap     ] GC(40) Old regions: 32->32
[2022-04-23T11:45:13.792-0700][gc,heap     ] GC(40) Archive regions: 2->2
[2022-04-23T11:45:13.792-0700][gc,heap     ] GC(40) Humongous regions: 6->6
[2022-04-23T11:45:13.792-0700][gc,metaspace] GC(40) Metaspace: 66190K(66816K)->66190K(66816K) NonClass: 58348K(58688K)->58348K(58688K) Class: 7842K(8128K)->7842K(8128K)
[2022-04-23T11:45:13.793-0700][gc          ] GC(40) Pause Young (Normal) (G1 Evacuation Pause) 294M->39M(512M) 18.318ms
[2022-04-23T11:45:13.793-0700][gc,cpu      ] GC(40) User=0.02s Sys=0.02s Real=0.02s
[2022-04-23T12:27:23.280-0700][gc,start    ] GC(41) Pause Young (Normal) (G1 Evacuation Pause)
[2022-04-23T12:27:23.283-0700][gc,task     ] GC(41) Using 9 workers of 9 for evacuation
[2022-04-23T12:27:23.311-0700][gc,phases   ] GC(41)   Pre Evacuate Collection Set: 2.2ms
[2022-04-23T12:27:23.311-0700][gc,phases   ] GC(41)   Merge Heap Roots: 0.2ms
[2022-04-23T12:27:23.311-0700][gc,phases   ] GC(41)   Evacuate Collection Set: 9.5ms
[2022-04-23T12:27:23.311-0700][gc,phases   ] GC(41)   Post Evacuate Collection Set: 15.8ms
[2022-04-23T12:27:23.311-0700][gc,phases   ] GC(41)   Other: 3.0ms
[2022-04-23T12:27:23.311-0700][gc,heap     ] GC(41) Eden regions: 255->0(255)
[2022-04-23T12:27:23.311-0700][gc,heap     ] GC(41) Survivor regions: 1->1(32)
[2022-04-23T12:27:23.311-0700][gc,heap     ] GC(41) Old regions: 32->32
[2022-04-23T12:27:23.311-0700][gc,heap     ] GC(41) Archive regions: 2->2
[2022-04-23T12:27:23.311-0700][gc,heap     ] GC(41) Humongous regions: 6->6
[2022-04-23T12:27:23.311-0700][gc,metaspace] GC(41) Metaspace: 66195K(66816K)->66195K(66816K) NonClass: 58353K(58688K)->58353K(58688K) Class: 7842K(8128K)->7842K(8128K)
[2022-04-23T12:27:23.311-0700][gc          ] GC(41) Pause Young (Normal) (G1 Evacuation Pause) 294M->39M(512M) 30.657ms
[2022-04-23T12:27:23.311-0700][gc,cpu      ] GC(41) User=0.01s Sys=0.01s Real=0.03s
[2022-04-23T13:09:29.514-0700][gc,start    ] GC(42) Pause Young (Normal) (G1 Evacuation Pause)
[2022-04-23T13:09:29.516-0700][gc,task     ] GC(42) Using 9 workers of 9 for evacuation
[2022-04-23T13:09:29.539-0700][gc,phases   ] GC(42)   Pre Evacuate Collection Set: 2.0ms
[2022-04-23T13:09:29.539-0700][gc,phases   ] GC(42)   Merge Heap Roots: 0.3ms
[2022-04-23T13:09:29.539-0700][gc,phases   ] GC(42)   Evacuate Collection Set: 16.6ms
[2022-04-23T13:09:29.539-0700][gc,phases   ] GC(42)   Post Evacuate Collection Set: 3.6ms
[2022-04-23T13:09:29.539-0700][gc,phases   ] GC(42)   Other: 3.0ms
[2022-04-23T13:09:29.539-0700][gc,heap     ] GC(42) Eden regions: 255->0(255)
[2022-04-23T13:09:29.539-0700][gc,heap     ] GC(42) Survivor regions: 1->1(32)
[2022-04-23T13:09:29.539-0700][gc,heap     ] GC(42) Old regions: 32->32
[2022-04-23T13:09:29.539-0700][gc,heap     ] GC(42) Archive regions: 2->2
[2022-04-23T13:09:29.539-0700][gc,heap     ] GC(42) Humongous regions: 6->6
[2022-04-23T13:09:29.539-0700][gc,metaspace] GC(42) Metaspace: 66195K(66816K)->66195K(66816K) NonClass: 58353K(58688K)->58353K(58688K) Class: 7842K(8128K)->7842K(8128K)
[2022-04-23T13:09:29.539-0700][gc          ] GC(42) Pause Young (Normal) (G1 Evacuation Pause) 294M->39M(512M) 25.577ms
[2022-04-23T13:09:29.539-0700][gc,cpu      ] GC(42) User=0.01s Sys=0.02s Real=0.02s
[2022-04-23T13:51:30.736-0700][gc,start    ] GC(43) Pause Young (Normal) (G1 Evacuation Pause)
[2022-04-23T13:51:30.738-0700][gc,task     ] GC(43) Using 9 workers of 9 for evacuation
[2022-04-23T13:51:30.760-0700][gc,phases   ] GC(43)   Pre Evacuate Collection Set: 1.3ms
[2022-04-23T13:51:30.760-0700][gc,phases   ] GC(43)   Merge Heap Roots: 0.9ms
[2022-04-23T13:51:30.760-0700][gc,phases   ] GC(43)   Evacuate Collection Set: 18.4ms
[2022-04-23T13:51:30.760-0700][gc,phases   ] GC(43)   Post Evacuate Collection Set: 0.9ms
[2022-04-23T13:51:30.760-0700][gc,phases   ] GC(43)   Other: 2.2ms
[2022-04-23T13:51:30.760-0700][gc,heap     ] GC(43) Eden regions: 255->0(255)
[2022-04-23T13:51:30.760-0700][gc,heap     ] GC(43) Survivor regions: 1->1(32)
[2022-04-23T13:51:30.760-0700][gc,heap     ] GC(43) Old regions: 32->32
[2022-04-23T13:51:30.760-0700][gc,heap     ] GC(43) Archive regions: 2->2
[2022-04-23T13:51:30.760-0700][gc,heap     ] GC(43) Humongous regions: 6->6
[2022-04-23T13:51:30.760-0700][gc,metaspace] GC(43) Metaspace: 66195K(66816K)->66195K(66816K) NonClass: 58353K(58688K)->58353K(58688K) Class: 7842K(8128K)->7842K(8128K)
[2022-04-23T13:51:30.760-0700][gc          ] GC(43) Pause Young (Normal) (G1 Evacuation Pause) 294M->39M(512M) 23.739ms
[2022-04-23T13:51:30.760-0700][gc,cpu      ] GC(43) User=0.01s Sys=0.02s Real=0.03s
[2022-04-23T13:58:26.196-0700][gc,heap,exit] Heap
[2022-04-23T13:58:26.196-0700][gc,heap,exit]  garbage-first heap   total 524288K, used 85951K [0x00000007e0000000, 0x0000000800000000)
[2022-04-23T13:58:26.196-0700][gc,heap,exit]   region size 1024K, 46 young (47104K), 1 survivors (1024K)
[2022-04-23T13:58:26.196-0700][gc,heap,exit]  Metaspace       used 66339K, committed 66944K, reserved 1114112K
[2022-04-23T13:58:26.196-0700][gc,heap,exit]   class space    used 7857K, committed 8128K, reserved 1048576K
