[2022-04-23T13:58:41.714-0700][gc] Using G1
[2022-04-23T13:58:41.715-0700][gc,init] Version: 17.0.2+0 (release)
[2022-04-23T13:58:41.715-0700][gc,init] CPUs: 10 total, 10 available
[2022-04-23T13:58:41.715-0700][gc,init] Memory: 16384M
[2022-04-23T13:58:41.715-0700][gc,init] Large Page Support: Disabled
[2022-04-23T13:58:41.715-0700][gc,init] NUMA Support: Disabled
[2022-04-23T13:58:41.715-0700][gc,init] Compressed Oops: Enabled (Zero based)
[2022-04-23T13:58:41.715-0700][gc,init] Heap Region Size: 1M
[2022-04-23T13:58:41.715-0700][gc,init] Heap Min Capacity: 512M
[2022-04-23T13:58:41.715-0700][gc,init] Heap Initial Capacity: 512M
[2022-04-23T13:58:41.715-0700][gc,init] Heap Max Capacity: 512M
[2022-04-23T13:58:41.715-0700][gc,init] Pre-touch: Disabled
[2022-04-23T13:58:41.715-0700][gc,init] Parallel Workers: 9
[2022-04-23T13:58:41.715-0700][gc,init] Concurrent Workers: 2
[2022-04-23T13:58:41.715-0700][gc,init] Concurrent Refinement Workers: 9
[2022-04-23T13:58:41.715-0700][gc,init] Periodic GC: Disabled
[2022-04-23T13:58:41.716-0700][gc,metaspace] CDS archive(s) mapped at: [0x0000000800000000-0x0000000800bd4000-0x0000000800bd4000), size 12402688, SharedBaseAddress: 0x0000000800000000, ArchiveRelocationMode: 0.
[2022-04-23T13:58:41.716-0700][gc,metaspace] Compressed class space mapped at: 0x0000000800c00000-0x0000000840c00000, reserved size: 1073741824
[2022-04-23T13:58:41.716-0700][gc,metaspace] Narrow klass base: 0x0000000800000000, Narrow klass shift: 0, Narrow klass range: 0x100000000
[2022-04-23T13:58:42.375-0700][gc,start    ] GC(0) Pause Young (Normal) (G1 Evacuation Pause)
[2022-04-23T13:58:42.375-0700][gc,task     ] GC(0) Using 9 workers of 9 for evacuation
[2022-04-23T13:58:42.378-0700][gc,phases   ] GC(0)   Pre Evacuate Collection Set: 0.1ms
[2022-04-23T13:58:42.378-0700][gc,phases   ] GC(0)   Merge Heap Roots: 0.1ms
[2022-04-23T13:58:42.378-0700][gc,phases   ] GC(0)   Evacuate Collection Set: 2.6ms
[2022-04-23T13:58:42.378-0700][gc,phases   ] GC(0)   Post Evacuate Collection Set: 0.3ms
[2022-04-23T13:58:42.378-0700][gc,phases   ] GC(0)   Other: 0.4ms
[2022-04-23T13:58:42.378-0700][gc,heap     ] GC(0) Eden regions: 256->0(249)
[2022-04-23T13:58:42.378-0700][gc,heap     ] GC(0) Survivor regions: 0->7(32)
[2022-04-23T13:58:42.378-0700][gc,heap     ] GC(0) Old regions: 0->0
[2022-04-23T13:58:42.378-0700][gc,heap     ] GC(0) Archive regions: 2->2
[2022-04-23T13:58:42.378-0700][gc,heap     ] GC(0) Humongous regions: 0->0
[2022-04-23T13:58:42.378-0700][gc,metaspace] GC(0) Metaspace: 16015K(16256K)->16015K(16256K) NonClass: 14007K(14144K)->14007K(14144K) Class: 2008K(2112K)->2008K(2112K)
[2022-04-23T13:58:42.378-0700][gc          ] GC(0) Pause Young (Normal) (G1 Evacuation Pause) 256M->7M(512M) 3.369ms
[2022-04-23T13:58:42.378-0700][gc,cpu      ] GC(0) User=0.02s Sys=0.00s Real=0.00s
[2022-04-23T13:58:42.744-0700][gc,start    ] GC(1) Pause Young (Concurrent Start) (Metadata GC Threshold)
[2022-04-23T13:58:42.744-0700][gc,task     ] GC(1) Using 9 workers of 9 for evacuation
[2022-04-23T13:58:42.747-0700][gc,phases   ] GC(1)   Pre Evacuate Collection Set: 0.1ms
[2022-04-23T13:58:42.747-0700][gc,phases   ] GC(1)   Merge Heap Roots: 0.0ms
[2022-04-23T13:58:42.747-0700][gc,phases   ] GC(1)   Evacuate Collection Set: 2.4ms
[2022-04-23T13:58:42.747-0700][gc,phases   ] GC(1)   Post Evacuate Collection Set: 0.3ms
[2022-04-23T13:58:42.747-0700][gc,phases   ] GC(1)   Other: 0.1ms
[2022-04-23T13:58:42.747-0700][gc,heap     ] GC(1) Eden regions: 165->0(245)
[2022-04-23T13:58:42.747-0700][gc,heap     ] GC(1) Survivor regions: 7->11(32)
[2022-04-23T13:58:42.747-0700][gc,heap     ] GC(1) Old regions: 0->0
[2022-04-23T13:58:42.747-0700][gc,heap     ] GC(1) Archive regions: 2->2
[2022-04-23T13:58:42.747-0700][gc,heap     ] GC(1) Humongous regions: 0->0
[2022-04-23T13:58:42.747-0700][gc,metaspace] GC(1) Metaspace: 21222K(21504K)->21222K(21504K) NonClass: 18622K(18816K)->18622K(18816K) Class: 2600K(2688K)->2600K(2688K)
[2022-04-23T13:58:42.747-0700][gc          ] GC(1) Pause Young (Concurrent Start) (Metadata GC Threshold) 172M->11M(512M) 3.127ms
[2022-04-23T13:58:42.747-0700][gc,cpu      ] GC(1) User=0.02s Sys=0.01s Real=0.00s
[2022-04-23T13:58:42.747-0700][gc          ] GC(2) Concurrent Mark Cycle
[2022-04-23T13:58:42.747-0700][gc,marking  ] GC(2) Concurrent Clear Claimed Marks
[2022-04-23T13:58:42.747-0700][gc,marking  ] GC(2) Concurrent Clear Claimed Marks 0.012ms
[2022-04-23T13:58:42.747-0700][gc,marking  ] GC(2) Concurrent Scan Root Regions
[2022-04-23T13:58:42.749-0700][gc,marking  ] GC(2) Concurrent Scan Root Regions 1.854ms
[2022-04-23T13:58:42.749-0700][gc,marking  ] GC(2) Concurrent Mark
[2022-04-23T13:58:42.749-0700][gc,marking  ] GC(2) Concurrent Mark From Roots
[2022-04-23T13:58:42.749-0700][gc,task     ] GC(2) Using 2 workers of 2 for marking
[2022-04-23T13:58:42.750-0700][gc,marking  ] GC(2) Concurrent Mark From Roots 1.178ms
[2022-04-23T13:58:42.750-0700][gc,marking  ] GC(2) Concurrent Preclean
[2022-04-23T13:58:42.750-0700][gc,marking  ] GC(2) Concurrent Preclean 0.014ms
[2022-04-23T13:58:42.751-0700][gc,start    ] GC(2) Pause Remark
[2022-04-23T13:58:42.751-0700][gc          ] GC(2) Pause Remark 11M->11M(512M) 0.756ms
[2022-04-23T13:58:42.751-0700][gc,cpu      ] GC(2) User=0.00s Sys=0.00s Real=0.00s
[2022-04-23T13:58:42.751-0700][gc,marking  ] GC(2) Concurrent Mark 2.066ms
[2022-04-23T13:58:42.751-0700][gc,marking  ] GC(2) Concurrent Rebuild Remembered Sets
[2022-04-23T13:58:42.751-0700][gc,marking  ] GC(2) Concurrent Rebuild Remembered Sets 0.005ms
[2022-04-23T13:58:42.751-0700][gc,start    ] GC(2) Pause Cleanup
[2022-04-23T13:58:42.751-0700][gc          ] GC(2) Pause Cleanup 11M->11M(512M) 0.008ms
[2022-04-23T13:58:42.751-0700][gc,cpu      ] GC(2) User=0.00s Sys=0.00s Real=0.00s
[2022-04-23T13:58:42.751-0700][gc,marking  ] GC(2) Concurrent Cleanup for Next Mark
[2022-04-23T13:58:42.752-0700][gc,marking  ] GC(2) Concurrent Cleanup for Next Mark 0.628ms
[2022-04-23T13:58:42.752-0700][gc          ] GC(2) Concurrent Mark Cycle 4.713ms
[2022-04-23T13:58:43.079-0700][gc,start    ] GC(3) Pause Young (Normal) (G1 Evacuation Pause)
[2022-04-23T13:58:43.079-0700][gc,task     ] GC(3) Using 9 workers of 9 for evacuation
[2022-04-23T13:58:43.082-0700][gc,phases   ] GC(3)   Pre Evacuate Collection Set: 0.1ms
[2022-04-23T13:58:43.082-0700][gc,phases   ] GC(3)   Merge Heap Roots: 0.1ms
[2022-04-23T13:58:43.082-0700][gc,phases   ] GC(3)   Evacuate Collection Set: 2.9ms
[2022-04-23T13:58:43.082-0700][gc,phases   ] GC(3)   Post Evacuate Collection Set: 0.5ms
[2022-04-23T13:58:43.082-0700][gc,phases   ] GC(3)   Other: 0.1ms
[2022-04-23T13:58:43.082-0700][gc,heap     ] GC(3) Eden regions: 245->0(242)
[2022-04-23T13:58:43.082-0700][gc,heap     ] GC(3) Survivor regions: 11->14(32)
[2022-04-23T13:58:43.082-0700][gc,heap     ] GC(3) Old regions: 0->0
[2022-04-23T13:58:43.082-0700][gc,heap     ] GC(3) Archive regions: 2->2
[2022-04-23T13:58:43.082-0700][gc,heap     ] GC(3) Humongous regions: 0->0
[2022-04-23T13:58:43.082-0700][gc,metaspace] GC(3) Metaspace: 24419K(24704K)->24419K(24704K) NonClass: 21364K(21504K)->21364K(21504K) Class: 3054K(3200K)->3054K(3200K)
[2022-04-23T13:58:43.082-0700][gc          ] GC(3) Pause Young (Normal) (G1 Evacuation Pause) 256M->14M(512M) 3.626ms
[2022-04-23T13:58:43.082-0700][gc,cpu      ] GC(3) User=0.02s Sys=0.00s Real=0.01s
[2022-04-23T13:58:43.686-0700][gc,start    ] GC(4) Pause Young (Concurrent Start) (Metadata GC Threshold)
[2022-04-23T13:58:43.686-0700][gc,task     ] GC(4) Using 9 workers of 9 for evacuation
[2022-04-23T13:58:43.691-0700][gc,phases   ] GC(4)   Pre Evacuate Collection Set: 0.1ms
[2022-04-23T13:58:43.691-0700][gc,phases   ] GC(4)   Merge Heap Roots: 0.0ms
[2022-04-23T13:58:43.691-0700][gc,phases   ] GC(4)   Evacuate Collection Set: 4.0ms
[2022-04-23T13:58:43.691-0700][gc,phases   ] GC(4)   Post Evacuate Collection Set: 0.6ms
[2022-04-23T13:58:43.691-0700][gc,phases   ] GC(4)   Other: 0.1ms
[2022-04-23T13:58:43.691-0700][gc,heap     ] GC(4) Eden regions: 189->0(236)
[2022-04-23T13:58:43.691-0700][gc,heap     ] GC(4) Survivor regions: 14->20(32)
[2022-04-23T13:58:43.691-0700][gc,heap     ] GC(4) Old regions: 0->0
[2022-04-23T13:58:43.691-0700][gc,heap     ] GC(4) Archive regions: 2->2
[2022-04-23T13:58:43.691-0700][gc,heap     ] GC(4) Humongous regions: 0->0
[2022-04-23T13:58:43.691-0700][gc,metaspace] GC(4) Metaspace: 35569K(35968K)->35569K(35968K) NonClass: 31177K(31360K)->31177K(31360K) Class: 4391K(4608K)->4391K(4608K)
[2022-04-23T13:58:43.691-0700][gc          ] GC(4) Pause Young (Concurrent Start) (Metadata GC Threshold) 203M->20M(512M) 4.954ms
[2022-04-23T13:58:43.691-0700][gc,cpu      ] GC(4) User=0.04s Sys=0.01s Real=0.01s
[2022-04-23T13:58:43.691-0700][gc          ] GC(5) Concurrent Mark Cycle
[2022-04-23T13:58:43.691-0700][gc,marking  ] GC(5) Concurrent Clear Claimed Marks
[2022-04-23T13:58:43.691-0700][gc,marking  ] GC(5) Concurrent Clear Claimed Marks 0.019ms
[2022-04-23T13:58:43.691-0700][gc,marking  ] GC(5) Concurrent Scan Root Regions
[2022-04-23T13:58:43.695-0700][gc,marking  ] GC(5) Concurrent Scan Root Regions 3.770ms
[2022-04-23T13:58:43.695-0700][gc,marking  ] GC(5) Concurrent Mark
[2022-04-23T13:58:43.695-0700][gc,marking  ] GC(5) Concurrent Mark From Roots
[2022-04-23T13:58:43.695-0700][gc,task     ] GC(5) Using 2 workers of 2 for marking
[2022-04-23T13:58:43.696-0700][gc,marking  ] GC(5) Concurrent Mark From Roots 1.162ms
[2022-04-23T13:58:43.696-0700][gc,marking  ] GC(5) Concurrent Preclean
[2022-04-23T13:58:43.696-0700][gc,marking  ] GC(5) Concurrent Preclean 0.015ms
[2022-04-23T13:58:43.697-0700][gc,start    ] GC(5) Pause Remark
[2022-04-23T13:58:43.698-0700][gc          ] GC(5) Pause Remark 23M->23M(512M) 1.119ms
[2022-04-23T13:58:43.698-0700][gc,cpu      ] GC(5) User=0.01s Sys=0.00s Real=0.00s
[2022-04-23T13:58:43.698-0700][gc,marking  ] GC(5) Concurrent Mark 3.086ms
[2022-04-23T13:58:43.698-0700][gc,marking  ] GC(5) Concurrent Rebuild Remembered Sets
[2022-04-23T13:58:43.698-0700][gc,marking  ] GC(5) Concurrent Rebuild Remembered Sets 0.004ms
[2022-04-23T13:58:43.698-0700][gc,start    ] GC(5) Pause Cleanup
[2022-04-23T13:58:43.698-0700][gc          ] GC(5) Pause Cleanup 23M->23M(512M) 0.008ms
[2022-04-23T13:58:43.698-0700][gc,cpu      ] GC(5) User=0.00s Sys=0.00s Real=0.00s
[2022-04-23T13:58:43.698-0700][gc,marking  ] GC(5) Concurrent Cleanup for Next Mark
[2022-04-23T13:58:43.699-0700][gc,marking  ] GC(5) Concurrent Cleanup for Next Mark 0.772ms
[2022-04-23T13:58:43.699-0700][gc          ] GC(5) Concurrent Mark Cycle 7.774ms
[2022-04-23T13:58:44.787-0700][gc,start    ] GC(6) Pause Young (Normal) (G1 Evacuation Pause)
[2022-04-23T13:58:44.787-0700][gc,task     ] GC(6) Using 9 workers of 9 for evacuation
[2022-04-23T13:58:44.798-0700][gc,phases   ] GC(6)   Pre Evacuate Collection Set: 0.1ms
[2022-04-23T13:58:44.798-0700][gc,phases   ] GC(6)   Merge Heap Roots: 0.1ms
[2022-04-23T13:58:44.798-0700][gc,phases   ] GC(6)   Evacuate Collection Set: 10.0ms
[2022-04-23T13:58:44.798-0700][gc,phases   ] GC(6)   Post Evacuate Collection Set: 1.0ms
[2022-04-23T13:58:44.798-0700][gc,phases   ] GC(6)   Other: 0.1ms
[2022-04-23T13:58:44.798-0700][gc,heap     ] GC(6) Eden regions: 236->0(233)
[2022-04-23T13:58:44.798-0700][gc,heap     ] GC(6) Survivor regions: 20->23(32)
[2022-04-23T13:58:44.798-0700][gc,heap     ] GC(6) Old regions: 0->6
[2022-04-23T13:58:44.798-0700][gc,heap     ] GC(6) Archive regions: 2->2
[2022-04-23T13:58:44.798-0700][gc,heap     ] GC(6) Humongous regions: 0->0
[2022-04-23T13:58:44.798-0700][gc,metaspace] GC(6) Metaspace: 52399K(52864K)->52399K(52864K) NonClass: 45939K(46144K)->45939K(46144K) Class: 6460K(6720K)->6460K(6720K)
[2022-04-23T13:58:44.798-0700][gc          ] GC(6) Pause Young (Normal) (G1 Evacuation Pause) 256M->29M(512M) 11.263ms
[2022-04-23T13:58:44.798-0700][gc,cpu      ] GC(6) User=0.05s Sys=0.01s Real=0.01s
[2022-04-23T13:58:45.705-0700][gc,start    ] GC(7) Pause Young (Concurrent Start) (Metadata GC Threshold)
[2022-04-23T13:58:45.705-0700][gc,task     ] GC(7) Using 9 workers of 9 for evacuation
[2022-04-23T13:58:45.710-0700][gc,phases   ] GC(7)   Pre Evacuate Collection Set: 0.1ms
[2022-04-23T13:58:45.710-0700][gc,phases   ] GC(7)   Merge Heap Roots: 0.1ms
[2022-04-23T13:58:45.710-0700][gc,phases   ] GC(7)   Evacuate Collection Set: 4.9ms
[2022-04-23T13:58:45.710-0700][gc,phases   ] GC(7)   Post Evacuate Collection Set: 0.6ms
[2022-04-23T13:58:45.710-0700][gc,phases   ] GC(7)   Other: 0.1ms
[2022-04-23T13:58:45.710-0700][gc,heap     ] GC(7) Eden regions: 184->0(236)
[2022-04-23T13:58:45.710-0700][gc,heap     ] GC(7) Survivor regions: 23->20(32)
[2022-04-23T13:58:45.710-0700][gc,heap     ] GC(7) Old regions: 6->11
[2022-04-23T13:58:45.710-0700][gc,heap     ] GC(7) Archive regions: 2->2
[2022-04-23T13:58:45.710-0700][gc,heap     ] GC(7) Humongous regions: 4->4
[2022-04-23T13:58:45.711-0700][gc,metaspace] GC(7) Metaspace: 59652K(60160K)->59652K(60160K) NonClass: 52192K(52416K)->52192K(52416K) Class: 7460K(7744K)->7460K(7744K)
[2022-04-23T13:58:45.711-0700][gc          ] GC(7) Pause Young (Concurrent Start) (Metadata GC Threshold) 216M->35M(512M) 5.855ms
[2022-04-23T13:58:45.711-0700][gc,cpu      ] GC(7) User=0.04s Sys=0.00s Real=0.01s
[2022-04-23T13:58:45.711-0700][gc          ] GC(8) Concurrent Mark Cycle
[2022-04-23T13:58:45.711-0700][gc,marking  ] GC(8) Concurrent Clear Claimed Marks
[2022-04-23T13:58:45.711-0700][gc,marking  ] GC(8) Concurrent Clear Claimed Marks 0.039ms
[2022-04-23T13:58:45.711-0700][gc,marking  ] GC(8) Concurrent Scan Root Regions
[2022-04-23T13:58:45.716-0700][gc,marking  ] GC(8) Concurrent Scan Root Regions 5.362ms
[2022-04-23T13:58:45.716-0700][gc,marking  ] GC(8) Concurrent Mark
[2022-04-23T13:58:45.716-0700][gc,marking  ] GC(8) Concurrent Mark From Roots
[2022-04-23T13:58:45.716-0700][gc,task     ] GC(8) Using 2 workers of 2 for marking
[2022-04-23T13:58:45.720-0700][gc,marking  ] GC(8) Concurrent Mark From Roots 3.797ms
[2022-04-23T13:58:45.720-0700][gc,marking  ] GC(8) Concurrent Preclean
[2022-04-23T13:58:45.720-0700][gc,marking  ] GC(8) Concurrent Preclean 0.027ms
[2022-04-23T13:58:45.720-0700][gc,start    ] GC(8) Pause Remark
[2022-04-23T13:58:45.721-0700][gc          ] GC(8) Pause Remark 38M->38M(512M) 1.530ms
[2022-04-23T13:58:45.722-0700][gc,cpu      ] GC(8) User=0.01s Sys=0.00s Real=0.00s
[2022-04-23T13:58:45.722-0700][gc,marking  ] GC(8) Concurrent Mark 5.506ms
[2022-04-23T13:58:45.722-0700][gc,marking  ] GC(8) Concurrent Rebuild Remembered Sets
[2022-04-23T13:58:45.725-0700][gc,marking  ] GC(8) Concurrent Rebuild Remembered Sets 3.344ms
[2022-04-23T13:58:45.725-0700][gc,start    ] GC(8) Pause Cleanup
[2022-04-23T13:58:45.725-0700][gc          ] GC(8) Pause Cleanup 39M->39M(512M) 0.075ms
[2022-04-23T13:58:45.725-0700][gc,cpu      ] GC(8) User=0.00s Sys=0.00s Real=0.00s
[2022-04-23T13:58:45.725-0700][gc,marking  ] GC(8) Concurrent Cleanup for Next Mark
[2022-04-23T13:58:45.728-0700][gc,marking  ] GC(8) Concurrent Cleanup for Next Mark 3.374ms
[2022-04-23T13:58:45.728-0700][gc          ] GC(8) Concurrent Mark Cycle 17.914ms
[2022-04-23T14:10:23.697-0700][gc,heap,exit] Heap
[2022-04-23T14:10:23.697-0700][gc,heap,exit]  garbage-first heap   total 524288K, used 129465K [0x00000007e0000000, 0x0000000800000000)
[2022-04-23T14:10:23.697-0700][gc,heap,exit]   region size 1024K, 111 young (113664K), 20 survivors (20480K)
[2022-04-23T14:10:23.697-0700][gc,heap,exit]  Metaspace       used 63243K, committed 63808K, reserved 1105920K
[2022-04-23T14:10:23.697-0700][gc,heap,exit]   class space    used 7663K, committed 7936K, reserved 1048576K
