[2022-04-25T06:17:55.977-0700][gc          ] GC(73) Pause Young (Normal) (G1 Evacuation Pause) 301M->47M(512M) 24.321ms
[2022-04-25T06:17:55.977-0700][gc,cpu      ] GC(73) User=0.01s Sys=0.02s Real=0.02s
[2022-04-25T06:37:34.826-0700][gc,start    ] GC(74) Pause Young (Normal) (G1 Evacuation Pause)
[2022-04-25T06:37:34.829-0700][gc,task     ] GC(74) Using 9 workers of 9 for evacuation
[2022-04-25T06:37:34.844-0700][gc,phases   ] GC(74)   Pre Evacuate Collection Set: 3.0ms
[2022-04-25T06:37:34.844-0700][gc,phases   ] GC(74)   Merge Heap Roots: 0.5ms
[2022-04-25T06:37:34.844-0700][gc,phases   ] GC(74)   Evacuate Collection Set: 9.7ms
[2022-04-25T06:37:34.844-0700][gc,phases   ] GC(74)   Post Evacuate Collection Set: 1.8ms
[2022-04-25T06:37:34.844-0700][gc,phases   ] GC(74)   Other: 3.2ms
[2022-04-25T06:37:34.844-0700][gc,heap     ] GC(74) Eden regions: 255->0(255)
[2022-04-25T06:37:34.844-0700][gc,heap     ] GC(74) Survivor regions: 1->1(32)
[2022-04-25T06:37:34.844-0700][gc,heap     ] GC(74) Old regions: 34->34
[2022-04-25T06:37:34.844-0700][gc,heap     ] GC(74) Archive regions: 2->2
[2022-04-25T06:37:34.844-0700][gc,heap     ] GC(74) Humongous regions: 12->12
[2022-04-25T06:37:34.844-0700][gc,metaspace] GC(74) Metaspace: 67581K(68160K)->67581K(68160K) NonClass: 59593K(59904K)->59593K(59904K) Class: 7988K(8256K)->7988K(8256K)
[2022-04-25T06:37:34.845-0700][gc          ] GC(74) Pause Young (Normal) (G1 Evacuation Pause) 302M->47M(512M) 18.290ms
[2022-04-25T06:37:34.845-0700][gc,cpu      ] GC(74) User=0.01s Sys=0.01s Real=0.02s
[2022-04-25T06:57:08.899-0700][gc,start    ] GC(75) Pause Young (Normal) (G1 Evacuation Pause)
[2022-04-25T06:57:08.901-0700][gc,task     ] GC(75) Using 9 workers of 9 for evacuation
[2022-04-25T06:57:08.917-0700][gc,phases   ] GC(75)   Pre Evacuate Collection Set: 1.0ms
[2022-04-25T06:57:08.917-0700][gc,phases   ] GC(75)   Merge Heap Roots: 0.2ms
[2022-04-25T06:57:08.917-0700][gc,phases   ] GC(75)   Evacuate Collection Set: 11.3ms
[2022-04-25T06:57:08.917-0700][gc,phases   ] GC(75)   Post Evacuate Collection Set: 3.6ms
[2022-04-25T06:57:08.917-0700][gc,phases   ] GC(75)   Other: 2.6ms
[2022-04-25T06:57:08.917-0700][gc,heap     ] GC(75) Eden regions: 255->0(255)
[2022-04-25T06:57:08.917-0700][gc,heap     ] GC(75) Survivor regions: 1->1(32)
[2022-04-25T06:57:08.917-0700][gc,heap     ] GC(75) Old regions: 34->34
[2022-04-25T06:57:08.917-0700][gc,heap     ] GC(75) Archive regions: 2->2
[2022-04-25T06:57:08.917-0700][gc,heap     ] GC(75) Humongous regions: 12->12
[2022-04-25T06:57:08.917-0700][gc,metaspace] GC(75) Metaspace: 67585K(68160K)->67585K(68160K) NonClass: 59597K(59904K)->59597K(59904K) Class: 7988K(8256K)->7988K(8256K)
[2022-04-25T06:57:08.918-0700][gc          ] GC(75) Pause Young (Normal) (G1 Evacuation Pause) 302M->47M(512M) 18.826ms
[2022-04-25T06:57:08.918-0700][gc,cpu      ] GC(75) User=0.02s Sys=0.01s Real=0.02s
[2022-04-25T07:16:42.032-0700][gc,start    ] GC(76) Pause Young (Normal) (G1 Evacuation Pause)
[2022-04-25T07:16:42.034-0700][gc,task     ] GC(76) Using 9 workers of 9 for evacuation
[2022-04-25T07:16:42.049-0700][gc,phases   ] GC(76)   Pre Evacuate Collection Set: 1.1ms
[2022-04-25T07:16:42.049-0700][gc,phases   ] GC(76)   Merge Heap Roots: 0.3ms
[2022-04-25T07:16:42.049-0700][gc,phases   ] GC(76)   Evacuate Collection Set: 10.5ms
[2022-04-25T07:16:42.049-0700][gc,phases   ] GC(76)   Post Evacuate Collection Set: 2.0ms
[2022-04-25T07:16:42.049-0700][gc,phases   ] GC(76)   Other: 3.0ms
[2022-04-25T07:16:42.049-0700][gc,heap     ] GC(76) Eden regions: 255->0(255)
[2022-04-25T07:16:42.049-0700][gc,heap     ] GC(76) Survivor regions: 1->1(32)
[2022-04-25T07:16:42.049-0700][gc,heap     ] GC(76) Old regions: 34->34
[2022-04-25T07:16:42.049-0700][gc,heap     ] GC(76) Archive regions: 2->2
[2022-04-25T07:16:42.049-0700][gc,heap     ] GC(76) Humongous regions: 12->12
[2022-04-25T07:16:42.049-0700][gc,metaspace] GC(76) Metaspace: 67634K(68224K)->67634K(68224K) NonClass: 59646K(59968K)->59646K(59968K) Class: 7988K(8256K)->7988K(8256K)
[2022-04-25T07:16:42.049-0700][gc          ] GC(76) Pause Young (Normal) (G1 Evacuation Pause) 302M->47M(512M) 17.157ms
[2022-04-25T07:16:42.049-0700][gc,cpu      ] GC(76) User=0.01s Sys=0.01s Real=0.01s
[2022-04-25T07:36:11.529-0700][gc,start    ] GC(77) Pause Young (Normal) (G1 Evacuation Pause)
[2022-04-25T07:36:11.532-0700][gc,task     ] GC(77) Using 9 workers of 9 for evacuation
[2022-04-25T07:36:11.548-0700][gc,phases   ] GC(77)   Pre Evacuate Collection Set: 1.6ms
[2022-04-25T07:36:11.548-0700][gc,phases   ] GC(77)   Merge Heap Roots: 0.2ms
[2022-04-25T07:36:11.548-0700][gc,phases   ] GC(77)   Evacuate Collection Set: 12.0ms
[2022-04-25T07:36:11.548-0700][gc,phases   ] GC(77)   Post Evacuate Collection Set: 1.8ms
[2022-04-25T07:36:11.548-0700][gc,phases   ] GC(77)   Other: 3.1ms
[2022-04-25T07:36:11.548-0700][gc,heap     ] GC(77) Eden regions: 255->0(255)
[2022-04-25T07:36:11.548-0700][gc,heap     ] GC(77) Survivor regions: 1->1(32)
[2022-04-25T07:36:11.548-0700][gc,heap     ] GC(77) Old regions: 34->34
[2022-04-25T07:36:11.548-0700][gc,heap     ] GC(77) Archive regions: 2->2
[2022-04-25T07:36:11.548-0700][gc,heap     ] GC(77) Humongous regions: 12->12
[2022-04-25T07:36:11.548-0700][gc,metaspace] GC(77) Metaspace: 67638K(68224K)->67638K(68224K) NonClass: 59650K(59968K)->59650K(59968K) Class: 7988K(8256K)->7988K(8256K)
[2022-04-25T07:36:11.548-0700][gc          ] GC(77) Pause Young (Normal) (G1 Evacuation Pause) 302M->47M(512M) 18.906ms
[2022-04-25T07:36:11.548-0700][gc,cpu      ] GC(77) User=0.01s Sys=0.02s Real=0.02s
[2022-04-25T07:55:38.762-0700][gc,start    ] GC(78) Pause Young (Normal) (G1 Evacuation Pause)
[2022-04-25T07:55:38.764-0700][gc,task     ] GC(78) Using 9 workers of 9 for evacuation
[2022-04-25T07:55:38.780-0700][gc,phases   ] GC(78)   Pre Evacuate Collection Set: 1.2ms
[2022-04-25T07:55:38.780-0700][gc,phases   ] GC(78)   Merge Heap Roots: 0.7ms
[2022-04-25T07:55:38.780-0700][gc,phases   ] GC(78)   Evacuate Collection Set: 13.3ms
[2022-04-25T07:55:38.780-0700][gc,phases   ] GC(78)   Post Evacuate Collection Set: 1.1ms
[2022-04-25T07:55:38.780-0700][gc,phases   ] GC(78)   Other: 1.9ms
[2022-04-25T07:55:38.780-0700][gc,heap     ] GC(78) Eden regions: 255->0(255)
[2022-04-25T07:55:38.781-0700][gc,heap     ] GC(78) Survivor regions: 1->1(32)
[2022-04-25T07:55:38.781-0700][gc,heap     ] GC(78) Old regions: 34->34
[2022-04-25T07:55:38.781-0700][gc,heap     ] GC(78) Archive regions: 2->2
[2022-04-25T07:55:38.781-0700][gc,heap     ] GC(78) Humongous regions: 12->12
[2022-04-25T07:55:38.781-0700][gc,metaspace] GC(78) Metaspace: 67643K(68224K)->67643K(68224K) NonClass: 59655K(59968K)->59655K(59968K) Class: 7988K(8256K)->7988K(8256K)
[2022-04-25T07:55:38.781-0700][gc          ] GC(78) Pause Young (Normal) (G1 Evacuation Pause) 302M->47M(512M) 18.351ms
[2022-04-25T07:55:38.781-0700][gc,cpu      ] GC(78) User=0.01s Sys=0.02s Real=0.02s
[2022-04-25T08:15:08.922-0700][gc,start    ] GC(79) Pause Young (Normal) (G1 Evacuation Pause)
[2022-04-25T08:15:08.924-0700][gc,task     ] GC(79) Using 9 workers of 9 for evacuation
[2022-04-25T08:15:08.944-0700][gc,phases   ] GC(79)   Pre Evacuate Collection Set: 3.3ms
[2022-04-25T08:15:08.944-0700][gc,phases   ] GC(79)   Merge Heap Roots: 0.3ms
[2022-04-25T08:15:08.944-0700][gc,phases   ] GC(79)   Evacuate Collection Set: 13.7ms
[2022-04-25T08:15:08.944-0700][gc,phases   ] GC(79)   Post Evacuate Collection Set: 2.3ms
[2022-04-25T08:15:08.944-0700][gc,phases   ] GC(79)   Other: 2.2ms
[2022-04-25T08:15:08.944-0700][gc,heap     ] GC(79) Eden regions: 255->0(255)
[2022-04-25T08:15:08.944-0700][gc,heap     ] GC(79) Survivor regions: 1->1(32)
[2022-04-25T08:15:08.944-0700][gc,heap     ] GC(79) Old regions: 34->34
[2022-04-25T08:15:08.944-0700][gc,heap     ] GC(79) Archive regions: 2->2
[2022-04-25T08:15:08.944-0700][gc,heap     ] GC(79) Humongous regions: 12->12
[2022-04-25T08:15:08.944-0700][gc,metaspace] GC(79) Metaspace: 67643K(68224K)->67643K(68224K) NonClass: 59655K(59968K)->59655K(59968K) Class: 7988K(8256K)->7988K(8256K)
[2022-04-25T08:15:08.944-0700][gc          ] GC(79) Pause Young (Normal) (G1 Evacuation Pause) 302M->47M(512M) 21.900ms
[2022-04-25T08:15:08.944-0700][gc,cpu      ] GC(79) User=0.01s Sys=0.02s Real=0.02s
[2022-04-25T08:34:42.685-0700][gc,start    ] GC(80) Pause Young (Normal) (G1 Evacuation Pause)
[2022-04-25T08:34:42.687-0700][gc,task     ] GC(80) Using 9 workers of 9 for evacuation
[2022-04-25T08:34:42.702-0700][gc,phases   ] GC(80)   Pre Evacuate Collection Set: 1.5ms
[2022-04-25T08:34:42.702-0700][gc,phases   ] GC(80)   Merge Heap Roots: 0.2ms
[2022-04-25T08:34:42.702-0700][gc,phases   ] GC(80)   Evacuate Collection Set: 11.3ms
[2022-04-25T08:34:42.702-0700][gc,phases   ] GC(80)   Post Evacuate Collection Set: 1.5ms
[2022-04-25T08:34:42.702-0700][gc,phases   ] GC(80)   Other: 2.6ms
[2022-04-25T08:34:42.702-0700][gc,heap     ] GC(80) Eden regions: 255->0(255)
[2022-04-25T08:34:42.702-0700][gc,heap     ] GC(80) Survivor regions: 1->1(32)
[2022-04-25T08:34:42.702-0700][gc,heap     ] GC(80) Old regions: 34->34
[2022-04-25T08:34:42.702-0700][gc,heap     ] GC(80) Archive regions: 2->2
[2022-04-25T08:34:42.702-0700][gc,heap     ] GC(80) Humongous regions: 12->12
[2022-04-25T08:34:42.702-0700][gc,metaspace] GC(80) Metaspace: 67644K(68224K)->67644K(68224K) NonClass: 59656K(59968K)->59656K(59968K) Class: 7988K(8256K)->7988K(8256K)
[2022-04-25T08:34:42.702-0700][gc          ] GC(80) Pause Young (Normal) (G1 Evacuation Pause) 302M->47M(512M) 17.164ms
[2022-04-25T08:34:42.702-0700][gc,cpu      ] GC(80) User=0.01s Sys=0.01s Real=0.02s
[2022-04-25T08:54:06.589-0700][gc,start    ] GC(81) Pause Young (Normal) (G1 Evacuation Pause)
[2022-04-25T08:54:06.593-0700][gc,task     ] GC(81) Using 9 workers of 9 for evacuation
[2022-04-25T08:54:06.605-0700][gc,phases   ] GC(81)   Pre Evacuate Collection Set: 1.0ms
[2022-04-25T08:54:06.605-0700][gc,phases   ] GC(81)   Merge Heap Roots: 0.2ms
[2022-04-25T08:54:06.605-0700][gc,phases   ] GC(81)   Evacuate Collection Set: 8.4ms
[2022-04-25T08:54:06.605-0700][gc,phases   ] GC(81)   Post Evacuate Collection Set: 2.1ms
[2022-04-25T08:54:06.605-0700][gc,phases   ] GC(81)   Other: 3.7ms
[2022-04-25T08:54:06.605-0700][gc,heap     ] GC(81) Eden regions: 255->0(255)
[2022-04-25T08:54:06.605-0700][gc,heap     ] GC(81) Survivor regions: 1->1(32)
[2022-04-25T08:54:06.605-0700][gc,heap     ] GC(81) Old regions: 34->34
[2022-04-25T08:54:06.605-0700][gc,heap     ] GC(81) Archive regions: 2->2
[2022-04-25T08:54:06.605-0700][gc,heap     ] GC(81) Humongous regions: 12->12
[2022-04-25T08:54:06.605-0700][gc,metaspace] GC(81) Metaspace: 67667K(68224K)->67667K(68224K) NonClass: 59679K(59968K)->59679K(59968K) Class: 7988K(8256K)->7988K(8256K)
[2022-04-25T08:54:06.605-0700][gc          ] GC(81) Pause Young (Normal) (G1 Evacuation Pause) 302M->47M(512M) 15.781ms
[2022-04-25T08:54:06.605-0700][gc,cpu      ] GC(81) User=0.01s Sys=0.01s Real=0.02s
[2022-04-25T09:13:42.161-0700][gc,start    ] GC(82) Pause Young (Normal) (G1 Evacuation Pause)
[2022-04-25T09:13:42.164-0700][gc,task     ] GC(82) Using 9 workers of 9 for evacuation
[2022-04-25T09:13:42.180-0700][gc,phases   ] GC(82)   Pre Evacuate Collection Set: 2.7ms
[2022-04-25T09:13:42.180-0700][gc,phases   ] GC(82)   Merge Heap Roots: 0.4ms
[2022-04-25T09:13:42.180-0700][gc,phases   ] GC(82)   Evacuate Collection Set: 10.4ms
[2022-04-25T09:13:42.180-0700][gc,phases   ] GC(82)   Post Evacuate Collection Set: 1.9ms
[2022-04-25T09:13:42.180-0700][gc,phases   ] GC(82)   Other: 3.6ms
[2022-04-25T09:13:42.180-0700][gc,heap     ] GC(82) Eden regions: 255->0(255)
[2022-04-25T09:13:42.180-0700][gc,heap     ] GC(82) Survivor regions: 1->1(32)
[2022-04-25T09:13:42.180-0700][gc,heap     ] GC(82) Old regions: 34->34
[2022-04-25T09:13:42.180-0700][gc,heap     ] GC(82) Archive regions: 2->2
[2022-04-25T09:13:42.180-0700][gc,heap     ] GC(82) Humongous regions: 12->12
[2022-04-25T09:13:42.180-0700][gc,metaspace] GC(82) Metaspace: 67667K(68224K)->67667K(68224K) NonClass: 59679K(59968K)->59679K(59968K) Class: 7988K(8256K)->7988K(8256K)
[2022-04-25T09:13:42.180-0700][gc          ] GC(82) Pause Young (Normal) (G1 Evacuation Pause) 302M->47M(512M) 19.257ms
[2022-04-25T09:13:42.181-0700][gc,cpu      ] GC(82) User=0.01s Sys=0.01s Real=0.02s
[2022-04-25T09:33:17.078-0700][gc,start    ] GC(83) Pause Young (Normal) (G1 Evacuation Pause)
[2022-04-25T09:33:17.078-0700][gc,task     ] GC(83) Using 9 workers of 9 for evacuation
[2022-04-25T09:33:17.096-0700][gc,phases   ] GC(83)   Pre Evacuate Collection Set: 0.7ms
[2022-04-25T09:33:17.096-0700][gc,phases   ] GC(83)   Merge Heap Roots: 0.1ms
[2022-04-25T09:33:17.096-0700][gc,phases   ] GC(83)   Evacuate Collection Set: 15.8ms
[2022-04-25T09:33:17.096-0700][gc,phases   ] GC(83)   Post Evacuate Collection Set: 1.1ms
[2022-04-25T09:33:17.096-0700][gc,phases   ] GC(83)   Other: 1.0ms
[2022-04-25T09:33:17.096-0700][gc,heap     ] GC(83) Eden regions: 255->0(255)
[2022-04-25T09:33:17.096-0700][gc,heap     ] GC(83) Survivor regions: 1->1(32)
[2022-04-25T09:33:17.096-0700][gc,heap     ] GC(83) Old regions: 34->34
[2022-04-25T09:33:17.096-0700][gc,heap     ] GC(83) Archive regions: 2->2
[2022-04-25T09:33:17.096-0700][gc,heap     ] GC(83) Humongous regions: 12->12
[2022-04-25T09:33:17.096-0700][gc,metaspace] GC(83) Metaspace: 67670K(68224K)->67670K(68224K) NonClass: 59682K(59968K)->59682K(59968K) Class: 7988K(8256K)->7988K(8256K)
[2022-04-25T09:33:17.097-0700][gc          ] GC(83) Pause Young (Normal) (G1 Evacuation Pause) 302M->47M(512M) 18.858ms
[2022-04-25T09:33:17.097-0700][gc,cpu      ] GC(83) User=0.01s Sys=0.01s Real=0.02s
[2022-04-25T09:52:42.301-0700][gc,start    ] GC(84) Pause Young (Normal) (G1 Evacuation Pause)
[2022-04-25T09:52:42.303-0700][gc,task     ] GC(84) Using 9 workers of 9 for evacuation
[2022-04-25T09:52:42.315-0700][gc,phases   ] GC(84)   Pre Evacuate Collection Set: 1.1ms
[2022-04-25T09:52:42.315-0700][gc,phases   ] GC(84)   Merge Heap Roots: 0.1ms
[2022-04-25T09:52:42.315-0700][gc,phases   ] GC(84)   Evacuate Collection Set: 9.9ms
[2022-04-25T09:52:42.315-0700][gc,phases   ] GC(84)   Post Evacuate Collection Set: 0.9ms
[2022-04-25T09:52:42.315-0700][gc,phases   ] GC(84)   Other: 2.2ms
[2022-04-25T09:52:42.315-0700][gc,heap     ] GC(84) Eden regions: 255->0(255)
[2022-04-25T09:52:42.315-0700][gc,heap     ] GC(84) Survivor regions: 1->1(32)
[2022-04-25T09:52:42.315-0700][gc,heap     ] GC(84) Old regions: 34->34
[2022-04-25T09:52:42.315-0700][gc,heap     ] GC(84) Archive regions: 2->2
[2022-04-25T09:52:42.315-0700][gc,heap     ] GC(84) Humongous regions: 12->12
[2022-04-25T09:52:42.315-0700][gc,metaspace] GC(84) Metaspace: 67682K(68288K)->67682K(68288K) NonClass: 59694K(60032K)->59694K(60032K) Class: 7988K(8256K)->7988K(8256K)
[2022-04-25T09:52:42.315-0700][gc          ] GC(84) Pause Young (Normal) (G1 Evacuation Pause) 302M->47M(512M) 14.233ms
[2022-04-25T09:52:42.315-0700][gc,cpu      ] GC(84) User=0.01s Sys=0.01s Real=0.01s
[2022-04-25T10:12:13.878-0700][gc,start    ] GC(85) Pause Young (Normal) (G1 Evacuation Pause)
[2022-04-25T10:12:13.879-0700][gc,task     ] GC(85) Using 9 workers of 9 for evacuation
[2022-04-25T10:12:13.899-0700][gc,phases   ] GC(85)   Pre Evacuate Collection Set: 1.3ms
[2022-04-25T10:12:13.899-0700][gc,phases   ] GC(85)   Merge Heap Roots: 0.1ms
[2022-04-25T10:12:13.899-0700][gc,phases   ] GC(85)   Evacuate Collection Set: 11.3ms
[2022-04-25T10:12:13.899-0700][gc,phases   ] GC(85)   Post Evacuate Collection Set: 6.5ms
[2022-04-25T10:12:13.899-0700][gc,phases   ] GC(85)   Other: 1.3ms
[2022-04-25T10:12:13.899-0700][gc,heap     ] GC(85) Eden regions: 255->0(255)
[2022-04-25T10:12:13.899-0700][gc,heap     ] GC(85) Survivor regions: 1->1(32)
[2022-04-25T10:12:13.899-0700][gc,heap     ] GC(85) Old regions: 34->34
[2022-04-25T10:12:13.899-0700][gc,heap     ] GC(85) Archive regions: 2->2
[2022-04-25T10:12:13.899-0700][gc,heap     ] GC(85) Humongous regions: 12->12
[2022-04-25T10:12:13.899-0700][gc,metaspace] GC(85) Metaspace: 67682K(68288K)->67682K(68288K) NonClass: 59694K(60032K)->59694K(60032K) Class: 7988K(8256K)->7988K(8256K)
[2022-04-25T10:12:13.899-0700][gc          ] GC(85) Pause Young (Normal) (G1 Evacuation Pause) 302M->47M(512M) 20.718ms
[2022-04-25T10:12:13.899-0700][gc,cpu      ] GC(85) User=0.01s Sys=0.02s Real=0.02s
[2022-04-25T10:31:35.536-0700][gc,start    ] GC(86) Pause Young (Normal) (G1 Evacuation Pause)
[2022-04-25T10:31:35.537-0700][gc,task     ] GC(86) Using 9 workers of 9 for evacuation
[2022-04-25T10:31:35.552-0700][gc,phases   ] GC(86)   Pre Evacuate Collection Set: 0.6ms
[2022-04-25T10:31:35.552-0700][gc,phases   ] GC(86)   Merge Heap Roots: 0.3ms
[2022-04-25T10:31:35.552-0700][gc,phases   ] GC(86)   Evacuate Collection Set: 6.7ms
[2022-04-25T10:31:35.552-0700][gc,phases   ] GC(86)   Post Evacuate Collection Set: 7.4ms
[2022-04-25T10:31:35.552-0700][gc,phases   ] GC(86)   Other: 1.8ms
[2022-04-25T10:31:35.552-0700][gc,heap     ] GC(86) Eden regions: 255->0(255)
[2022-04-25T10:31:35.552-0700][gc,heap     ] GC(86) Survivor regions: 1->1(32)
[2022-04-25T10:31:35.552-0700][gc,heap     ] GC(86) Old regions: 34->34
[2022-04-25T10:31:35.552-0700][gc,heap     ] GC(86) Archive regions: 2->2
[2022-04-25T10:31:35.552-0700][gc,heap     ] GC(86) Humongous regions: 12->12
[2022-04-25T10:31:35.552-0700][gc,metaspace] GC(86) Metaspace: 67683K(68288K)->67683K(68288K) NonClass: 59694K(60032K)->59694K(60032K) Class: 7988K(8256K)->7988K(8256K)
[2022-04-25T10:31:35.553-0700][gc          ] GC(86) Pause Young (Normal) (G1 Evacuation Pause) 302M->47M(512M) 17.241ms
[2022-04-25T10:31:35.553-0700][gc,cpu      ] GC(86) User=0.01s Sys=0.01s Real=0.02s
[2022-04-25T10:46:23.723-0700][gc,start    ] GC(87) Pause Young (Normal) (G1 Evacuation Pause)
[2022-04-25T10:46:23.727-0700][gc,task     ] GC(87) Using 9 workers of 9 for evacuation
[2022-04-25T10:46:23.740-0700][gc,phases   ] GC(87)   Pre Evacuate Collection Set: 0.7ms
[2022-04-25T10:46:23.740-0700][gc,phases   ] GC(87)   Merge Heap Roots: 0.2ms
[2022-04-25T10:46:23.740-0700][gc,phases   ] GC(87)   Evacuate Collection Set: 10.3ms
[2022-04-25T10:46:23.740-0700][gc,phases   ] GC(87)   Post Evacuate Collection Set: 1.6ms
[2022-04-25T10:46:23.740-0700][gc,phases   ] GC(87)   Other: 3.5ms
[2022-04-25T10:46:23.740-0700][gc,heap     ] GC(87) Eden regions: 255->0(255)
[2022-04-25T10:46:23.740-0700][gc,heap     ] GC(87) Survivor regions: 1->1(32)
[2022-04-25T10:46:23.740-0700][gc,heap     ] GC(87) Old regions: 34->34
[2022-04-25T10:46:23.740-0700][gc,heap     ] GC(87) Archive regions: 2->2
[2022-04-25T10:46:23.740-0700][gc,heap     ] GC(87) Humongous regions: 12->12
[2022-04-25T10:46:23.740-0700][gc,metaspace] GC(87) Metaspace: 67684K(68288K)->67684K(68288K) NonClass: 59695K(60032K)->59695K(60032K) Class: 7988K(8256K)->7988K(8256K)
[2022-04-25T10:46:23.740-0700][gc          ] GC(87) Pause Young (Normal) (G1 Evacuation Pause) 302M->47M(512M) 16.574ms
[2022-04-25T10:46:23.740-0700][gc,cpu      ] GC(87) User=0.00s Sys=0.01s Real=0.02s
[2022-04-25T11:01:18.683-0700][gc,start    ] GC(88) Pause Young (Normal) (G1 Evacuation Pause)
[2022-04-25T11:01:18.685-0700][gc,task     ] GC(88) Using 9 workers of 9 for evacuation
[2022-04-25T11:01:18.717-0700][gc,phases   ] GC(88)   Pre Evacuate Collection Set: 1.9ms
[2022-04-25T11:01:18.717-0700][gc,phases   ] GC(88)   Merge Heap Roots: 0.3ms
[2022-04-25T11:01:18.717-0700][gc,phases   ] GC(88)   Evacuate Collection Set: 27.6ms
[2022-04-25T11:01:18.717-0700][gc,phases   ] GC(88)   Post Evacuate Collection Set: 1.3ms
[2022-04-25T11:01:18.717-0700][gc,phases   ] GC(88)   Other: 2.7ms
[2022-04-25T11:01:18.717-0700][gc,heap     ] GC(88) Eden regions: 255->0(255)
[2022-04-25T11:01:18.717-0700][gc,heap     ] GC(88) Survivor regions: 1->1(32)
[2022-04-25T11:01:18.717-0700][gc,heap     ] GC(88) Old regions: 34->34
[2022-04-25T11:01:18.717-0700][gc,heap     ] GC(88) Archive regions: 2->2
[2022-04-25T11:01:18.717-0700][gc,heap     ] GC(88) Humongous regions: 12->12
[2022-04-25T11:01:18.717-0700][gc,metaspace] GC(88) Metaspace: 67687K(68288K)->67687K(68288K) NonClass: 59699K(60032K)->59699K(60032K) Class: 7988K(8256K)->7988K(8256K)
[2022-04-25T11:01:18.717-0700][gc          ] GC(88) Pause Young (Normal) (G1 Evacuation Pause) 302M->47M(512M) 33.629ms
[2022-04-25T11:01:18.717-0700][gc,cpu      ] GC(88) User=0.01s Sys=0.03s Real=0.03s
[2022-04-25T11:16:48.196-0700][gc,start    ] GC(89) Pause Young (Normal) (G1 Evacuation Pause)
[2022-04-25T11:16:48.198-0700][gc,task     ] GC(89) Using 9 workers of 9 for evacuation
[2022-04-25T11:16:48.222-0700][gc,phases   ] GC(89)   Pre Evacuate Collection Set: 0.6ms
[2022-04-25T11:16:48.222-0700][gc,phases   ] GC(89)   Merge Heap Roots: 0.1ms
[2022-04-25T11:16:48.222-0700][gc,phases   ] GC(89)   Evacuate Collection Set: 17.8ms
[2022-04-25T11:16:48.222-0700][gc,phases   ] GC(89)   Post Evacuate Collection Set: 5.6ms
[2022-04-25T11:16:48.223-0700][gc,phases   ] GC(89)   Other: 1.7ms
[2022-04-25T11:16:48.223-0700][gc,heap     ] GC(89) Eden regions: 255->0(255)
[2022-04-25T11:16:48.223-0700][gc,heap     ] GC(89) Survivor regions: 1->1(32)
[2022-04-25T11:16:48.223-0700][gc,heap     ] GC(89) Old regions: 34->34
[2022-04-25T11:16:48.223-0700][gc,heap     ] GC(89) Archive regions: 2->2
[2022-04-25T11:16:48.223-0700][gc,heap     ] GC(89) Humongous regions: 12->12
[2022-04-25T11:16:48.223-0700][gc,metaspace] GC(89) Metaspace: 67687K(68288K)->67687K(68288K) NonClass: 59699K(60032K)->59699K(60032K) Class: 7988K(8256K)->7988K(8256K)
[2022-04-25T11:16:48.223-0700][gc          ] GC(89) Pause Young (Normal) (G1 Evacuation Pause) 302M->47M(512M) 26.370ms
[2022-04-25T11:16:48.223-0700][gc,cpu      ] GC(89) User=0.01s Sys=0.01s Real=0.03s
[2022-04-25T11:30:56.975-0700][gc,start    ] GC(90) Pause Young (Normal) (G1 Evacuation Pause)
[2022-04-25T11:30:56.976-0700][gc,task     ] GC(90) Using 9 workers of 9 for evacuation
[2022-04-25T11:30:57.011-0700][gc,phases   ] GC(90)   Pre Evacuate Collection Set: 0.6ms
[2022-04-25T11:30:57.011-0700][gc,phases   ] GC(90)   Merge Heap Roots: 0.2ms
[2022-04-25T11:30:57.011-0700][gc,phases   ] GC(90)   Evacuate Collection Set: 23.2ms
[2022-04-25T11:30:57.011-0700][gc,phases   ] GC(90)   Post Evacuate Collection Set: 10.9ms
[2022-04-25T11:30:57.011-0700][gc,phases   ] GC(90)   Other: 1.1ms
[2022-04-25T11:30:57.011-0700][gc,heap     ] GC(90) Eden regions: 255->0(255)
[2022-04-25T11:30:57.011-0700][gc,heap     ] GC(90) Survivor regions: 1->1(32)
[2022-04-25T11:30:57.011-0700][gc,heap     ] GC(90) Old regions: 34->34
[2022-04-25T11:30:57.011-0700][gc,heap     ] GC(90) Archive regions: 2->2
[2022-04-25T11:30:57.011-0700][gc,heap     ] GC(90) Humongous regions: 12->12
[2022-04-25T11:30:57.011-0700][gc,metaspace] GC(90) Metaspace: 67687K(68288K)->67687K(68288K) NonClass: 59699K(60032K)->59699K(60032K) Class: 7988K(8256K)->7988K(8256K)
[2022-04-25T11:30:57.012-0700][gc          ] GC(90) Pause Young (Normal) (G1 Evacuation Pause) 302M->47M(512M) 36.251ms
[2022-04-25T11:30:57.012-0700][gc,cpu      ] GC(90) User=0.01s Sys=0.01s Real=0.04s
[2022-04-25T11:45:14.696-0700][gc,start    ] GC(91) Pause Young (Normal) (G1 Evacuation Pause)
[2022-04-25T11:45:14.697-0700][gc,task     ] GC(91) Using 9 workers of 9 for evacuation
[2022-04-25T11:45:14.718-0700][gc,phases   ] GC(91)   Pre Evacuate Collection Set: 0.9ms
[2022-04-25T11:45:14.718-0700][gc,phases   ] GC(91)   Merge Heap Roots: 0.2ms
[2022-04-25T11:45:14.718-0700][gc,phases   ] GC(91)   Evacuate Collection Set: 18.2ms
[2022-04-25T11:45:14.718-0700][gc,phases   ] GC(91)   Post Evacuate Collection Set: 1.6ms
[2022-04-25T11:45:14.718-0700][gc,phases   ] GC(91)   Other: 0.9ms
[2022-04-25T11:45:14.718-0700][gc,heap     ] GC(91) Eden regions: 255->0(255)
[2022-04-25T11:45:14.718-0700][gc,heap     ] GC(91) Survivor regions: 1->1(32)
[2022-04-25T11:45:14.718-0700][gc,heap     ] GC(91) Old regions: 34->34
[2022-04-25T11:45:14.718-0700][gc,heap     ] GC(91) Archive regions: 2->2
[2022-04-25T11:45:14.718-0700][gc,heap     ] GC(91) Humongous regions: 12->12
[2022-04-25T11:45:14.718-0700][gc,metaspace] GC(91) Metaspace: 67687K(68288K)->67687K(68288K) NonClass: 59699K(60032K)->59699K(60032K) Class: 7988K(8256K)->7988K(8256K)
[2022-04-25T11:45:14.718-0700][gc          ] GC(91) Pause Young (Normal) (G1 Evacuation Pause) 302M->47M(512M) 21.963ms
[2022-04-25T11:45:14.718-0700][gc,cpu      ] GC(91) User=0.01s Sys=0.02s Real=0.02s
[2022-04-25T11:59:55.339-0700][gc,start    ] GC(92) Pause Young (Normal) (G1 Evacuation Pause)
[2022-04-25T11:59:55.341-0700][gc,task     ] GC(92) Using 9 workers of 9 for evacuation
[2022-04-25T11:59:55.355-0700][gc,phases   ] GC(92)   Pre Evacuate Collection Set: 1.1ms
[2022-04-25T11:59:55.355-0700][gc,phases   ] GC(92)   Merge Heap Roots: 0.2ms
[2022-04-25T11:59:55.355-0700][gc,phases   ] GC(92)   Evacuate Collection Set: 10.1ms
[2022-04-25T11:59:55.355-0700][gc,phases   ] GC(92)   Post Evacuate Collection Set: 1.9ms
[2022-04-25T11:59:55.355-0700][gc,phases   ] GC(92)   Other: 3.2ms
[2022-04-25T11:59:55.355-0700][gc,heap     ] GC(92) Eden regions: 255->0(255)
[2022-04-25T11:59:55.355-0700][gc,heap     ] GC(92) Survivor regions: 1->1(32)
[2022-04-25T11:59:55.355-0700][gc,heap     ] GC(92) Old regions: 34->34
[2022-04-25T11:59:55.355-0700][gc,heap     ] GC(92) Archive regions: 2->2
[2022-04-25T11:59:55.355-0700][gc,heap     ] GC(92) Humongous regions: 12->12
[2022-04-25T11:59:55.355-0700][gc,metaspace] GC(92) Metaspace: 67688K(68288K)->67688K(68288K) NonClass: 59700K(60032K)->59700K(60032K) Class: 7988K(8256K)->7988K(8256K)
[2022-04-25T11:59:55.355-0700][gc          ] GC(92) Pause Young (Normal) (G1 Evacuation Pause) 302M->47M(512M) 16.313ms
[2022-04-25T11:59:55.355-0700][gc,cpu      ] GC(92) User=0.01s Sys=0.03s Real=0.02s
[2022-04-25T12:14:02.555-0700][gc,start    ] GC(93) Pause Young (Normal) (G1 Evacuation Pause)
[2022-04-25T12:14:02.555-0700][gc,task     ] GC(93) Using 9 workers of 9 for evacuation
[2022-04-25T12:14:02.580-0700][gc,phases   ] GC(93)   Pre Evacuate Collection Set: 1.0ms
[2022-04-25T12:14:02.580-0700][gc,phases   ] GC(93)   Merge Heap Roots: 0.3ms
[2022-04-25T12:14:02.580-0700][gc,phases   ] GC(93)   Evacuate Collection Set: 18.3ms
[2022-04-25T12:14:02.580-0700][gc,phases   ] GC(93)   Post Evacuate Collection Set: 4.4ms
[2022-04-25T12:14:02.580-0700][gc,phases   ] GC(93)   Other: 2.7ms
[2022-04-25T12:14:02.580-0700][gc,heap     ] GC(93) Eden regions: 255->0(255)
[2022-04-25T12:14:02.580-0700][gc,heap     ] GC(93) Survivor regions: 1->1(32)
[2022-04-25T12:14:02.580-0700][gc,heap     ] GC(93) Old regions: 34->34
[2022-04-25T12:14:02.580-0700][gc,heap     ] GC(93) Archive regions: 2->2
[2022-04-25T12:14:02.580-0700][gc,heap     ] GC(93) Humongous regions: 12->12
[2022-04-25T12:14:02.580-0700][gc,metaspace] GC(93) Metaspace: 67690K(68288K)->67690K(68288K) NonClass: 59701K(60032K)->59701K(60032K) Class: 7988K(8256K)->7988K(8256K)
[2022-04-25T12:14:02.581-0700][gc          ] GC(93) Pause Young (Normal) (G1 Evacuation Pause) 302M->47M(512M) 26.188ms
[2022-04-25T12:14:02.581-0700][gc,cpu      ] GC(93) User=0.00s Sys=0.02s Real=0.03s
[2022-04-25T12:28:14.042-0700][gc,start    ] GC(94) Pause Young (Normal) (G1 Evacuation Pause)
[2022-04-25T12:28:14.043-0700][gc,task     ] GC(94) Using 9 workers of 9 for evacuation
[2022-04-25T12:28:14.061-0700][gc,phases   ] GC(94)   Pre Evacuate Collection Set: 1.5ms
[2022-04-25T12:28:14.061-0700][gc,phases   ] GC(94)   Merge Heap Roots: 0.2ms
[2022-04-25T12:28:14.061-0700][gc,phases   ] GC(94)   Evacuate Collection Set: 13.4ms
[2022-04-25T12:28:14.061-0700][gc,phases   ] GC(94)   Post Evacuate Collection Set: 2.0ms
[2022-04-25T12:28:14.061-0700][gc,phases   ] GC(94)   Other: 1.4ms
[2022-04-25T12:28:14.061-0700][gc,heap     ] GC(94) Eden regions: 255->0(255)
[2022-04-25T12:28:14.061-0700][gc,heap     ] GC(94) Survivor regions: 1->1(32)
[2022-04-25T12:28:14.061-0700][gc,heap     ] GC(94) Old regions: 34->34
[2022-04-25T12:28:14.061-0700][gc,heap     ] GC(94) Archive regions: 2->2
[2022-04-25T12:28:14.061-0700][gc,heap     ] GC(94) Humongous regions: 12->12
[2022-04-25T12:28:14.061-0700][gc,metaspace] GC(94) Metaspace: 67692K(68288K)->67692K(68288K) NonClass: 59703K(60032K)->59703K(60032K) Class: 7989K(8256K)->7989K(8256K)
[2022-04-25T12:28:14.061-0700][gc          ] GC(94) Pause Young (Normal) (G1 Evacuation Pause) 302M->47M(512M) 18.526ms
[2022-04-25T12:28:14.061-0700][gc,cpu      ] GC(94) User=0.01s Sys=0.02s Real=0.02s
[2022-04-25T12:42:28.531-0700][gc,start    ] GC(95) Pause Young (Normal) (G1 Evacuation Pause)
[2022-04-25T12:42:28.534-0700][gc,task     ] GC(95) Using 9 workers of 9 for evacuation
[2022-04-25T12:42:28.555-0700][gc,phases   ] GC(95)   Pre Evacuate Collection Set: 1.5ms
[2022-04-25T12:42:28.556-0700][gc,phases   ] GC(95)   Merge Heap Roots: 0.4ms
[2022-04-25T12:42:28.556-0700][gc,phases   ] GC(95)   Evacuate Collection Set: 15.9ms
[2022-04-25T12:42:28.556-0700][gc,phases   ] GC(95)   Post Evacuate Collection Set: 2.7ms
[2022-04-25T12:42:28.556-0700][gc,phases   ] GC(95)   Other: 3.8ms
[2022-04-25T12:42:28.556-0700][gc,heap     ] GC(95) Eden regions: 255->0(255)
[2022-04-25T12:42:28.556-0700][gc,heap     ] GC(95) Survivor regions: 1->1(32)
[2022-04-25T12:42:28.556-0700][gc,heap     ] GC(95) Old regions: 34->34
[2022-04-25T12:42:28.556-0700][gc,heap     ] GC(95) Archive regions: 2->2
[2022-04-25T12:42:28.556-0700][gc,heap     ] GC(95) Humongous regions: 12->12
[2022-04-25T12:42:28.556-0700][gc,metaspace] GC(95) Metaspace: 67693K(68288K)->67693K(68288K) NonClass: 59703K(60032K)->59703K(60032K) Class: 7989K(8256K)->7989K(8256K)
[2022-04-25T12:42:28.556-0700][gc          ] GC(95) Pause Young (Normal) (G1 Evacuation Pause) 302M->47M(512M) 24.887ms
[2022-04-25T12:42:28.556-0700][gc,cpu      ] GC(95) User=0.02s Sys=0.01s Real=0.02s
[2022-04-25T12:56:42.568-0700][gc,start    ] GC(96) Pause Young (Normal) (G1 Evacuation Pause)
[2022-04-25T12:56:42.569-0700][gc,task     ] GC(96) Using 9 workers of 9 for evacuation
[2022-04-25T12:56:42.586-0700][gc,phases   ] GC(96)   Pre Evacuate Collection Set: 1.7ms
[2022-04-25T12:56:42.586-0700][gc,phases   ] GC(96)   Merge Heap Roots: 0.2ms
[2022-04-25T12:56:42.586-0700][gc,phases   ] GC(96)   Evacuate Collection Set: 12.2ms
[2022-04-25T12:56:42.586-0700][gc,phases   ] GC(96)   Post Evacuate Collection Set: 2.3ms
[2022-04-25T12:56:42.586-0700][gc,phases   ] GC(96)   Other: 2.1ms
[2022-04-25T12:56:42.586-0700][gc,heap     ] GC(96) Eden regions: 255->0(255)
[2022-04-25T12:56:42.586-0700][gc,heap     ] GC(96) Survivor regions: 1->1(32)
[2022-04-25T12:56:42.586-0700][gc,heap     ] GC(96) Old regions: 34->34
[2022-04-25T12:56:42.586-0700][gc,heap     ] GC(96) Archive regions: 2->2
[2022-04-25T12:56:42.586-0700][gc,heap     ] GC(96) Humongous regions: 12->12
[2022-04-25T12:56:42.586-0700][gc,metaspace] GC(96) Metaspace: 67693K(68288K)->67693K(68288K) NonClass: 59703K(60032K)->59703K(60032K) Class: 7989K(8256K)->7989K(8256K)
[2022-04-25T12:56:42.586-0700][gc          ] GC(96) Pause Young (Normal) (G1 Evacuation Pause) 302M->47M(512M) 18.593ms
[2022-04-25T12:56:42.586-0700][gc,cpu      ] GC(96) User=0.02s Sys=0.02s Real=0.02s
[2022-04-25T13:10:56.590-0700][gc,start    ] GC(97) Pause Young (Normal) (G1 Evacuation Pause)
[2022-04-25T13:10:56.590-0700][gc,task     ] GC(97) Using 9 workers of 9 for evacuation
[2022-04-25T13:10:56.611-0700][gc,phases   ] GC(97)   Pre Evacuate Collection Set: 0.7ms
[2022-04-25T13:10:56.611-0700][gc,phases   ] GC(97)   Merge Heap Roots: 0.2ms
[2022-04-25T13:10:56.611-0700][gc,phases   ] GC(97)   Evacuate Collection Set: 14.2ms
[2022-04-25T13:10:56.611-0700][gc,phases   ] GC(97)   Post Evacuate Collection Set: 4.9ms
[2022-04-25T13:10:56.611-0700][gc,phases   ] GC(97)   Other: 0.9ms
[2022-04-25T13:10:56.611-0700][gc,heap     ] GC(97) Eden regions: 255->0(255)
[2022-04-25T13:10:56.611-0700][gc,heap     ] GC(97) Survivor regions: 1->1(32)
[2022-04-25T13:10:56.611-0700][gc,heap     ] GC(97) Old regions: 34->34
[2022-04-25T13:10:56.611-0700][gc,heap     ] GC(97) Archive regions: 2->2
[2022-04-25T13:10:56.611-0700][gc,heap     ] GC(97) Humongous regions: 12->12
[2022-04-25T13:10:56.611-0700][gc,metaspace] GC(97) Metaspace: 67693K(68288K)->67693K(68288K) NonClass: 59704K(60032K)->59704K(60032K) Class: 7989K(8256K)->7989K(8256K)
[2022-04-25T13:10:56.611-0700][gc          ] GC(97) Pause Young (Normal) (G1 Evacuation Pause) 302M->47M(512M) 21.190ms
[2022-04-25T13:10:56.611-0700][gc,cpu      ] GC(97) User=0.00s Sys=0.03s Real=0.02s
[2022-04-25T13:25:54.109-0700][gc,start    ] GC(98) Pause Young (Normal) (G1 Evacuation Pause)
[2022-04-25T13:25:54.111-0700][gc,task     ] GC(98) Using 9 workers of 9 for evacuation
[2022-04-25T13:25:54.130-0700][gc,phases   ] GC(98)   Pre Evacuate Collection Set: 1.9ms
[2022-04-25T13:25:54.130-0700][gc,phases   ] GC(98)   Merge Heap Roots: 0.6ms
[2022-04-25T13:25:54.130-0700][gc,phases   ] GC(98)   Evacuate Collection Set: 13.8ms
[2022-04-25T13:25:54.130-0700][gc,phases   ] GC(98)   Post Evacuate Collection Set: 1.2ms
[2022-04-25T13:25:54.130-0700][gc,phases   ] GC(98)   Other: 3.3ms
[2022-04-25T13:25:54.130-0700][gc,heap     ] GC(98) Eden regions: 255->0(255)
[2022-04-25T13:25:54.130-0700][gc,heap     ] GC(98) Survivor regions: 1->1(32)
[2022-04-25T13:25:54.130-0700][gc,heap     ] GC(98) Old regions: 34->34
[2022-04-25T13:25:54.130-0700][gc,heap     ] GC(98) Archive regions: 2->2
[2022-04-25T13:25:54.130-0700][gc,heap     ] GC(98) Humongous regions: 12->12
[2022-04-25T13:25:54.130-0700][gc,metaspace] GC(98) Metaspace: 67736K(68288K)->67736K(68288K) NonClass: 59747K(60032K)->59747K(60032K) Class: 7989K(8256K)->7989K(8256K)
[2022-04-25T13:25:54.130-0700][gc          ] GC(98) Pause Young (Normal) (G1 Evacuation Pause) 302M->47M(512M) 20.903ms
[2022-04-25T13:25:54.130-0700][gc,cpu      ] GC(98) User=0.01s Sys=0.03s Real=0.03s
[2022-04-25T13:42:32.069-0700][gc,start    ] GC(99) Pause Young (Normal) (G1 Evacuation Pause)
[2022-04-25T13:42:32.070-0700][gc,task     ] GC(99) Using 9 workers of 9 for evacuation
[2022-04-25T13:42:32.083-0700][gc,phases   ] GC(99)   Pre Evacuate Collection Set: 0.8ms
[2022-04-25T13:42:32.083-0700][gc,phases   ] GC(99)   Merge Heap Roots: 0.2ms
[2022-04-25T13:42:32.083-0700][gc,phases   ] GC(99)   Evacuate Collection Set: 10.1ms
[2022-04-25T13:42:32.083-0700][gc,phases   ] GC(99)   Post Evacuate Collection Set: 1.9ms
[2022-04-25T13:42:32.084-0700][gc,phases   ] GC(99)   Other: 1.5ms
[2022-04-25T13:42:32.084-0700][gc,heap     ] GC(99) Eden regions: 255->0(255)
[2022-04-25T13:42:32.084-0700][gc,heap     ] GC(99) Survivor regions: 1->1(32)
[2022-04-25T13:42:32.084-0700][gc,heap     ] GC(99) Old regions: 34->34
[2022-04-25T13:42:32.084-0700][gc,heap     ] GC(99) Archive regions: 2->2
[2022-04-25T13:42:32.084-0700][gc,heap     ] GC(99) Humongous regions: 12->12
[2022-04-25T13:42:32.084-0700][gc,metaspace] GC(99) Metaspace: 67739K(68288K)->67739K(68288K) NonClass: 59750K(60032K)->59750K(60032K) Class: 7989K(8256K)->7989K(8256K)
[2022-04-25T13:42:32.084-0700][gc          ] GC(99) Pause Young (Normal) (G1 Evacuation Pause) 302M->47M(512M) 15.085ms
[2022-04-25T13:42:32.084-0700][gc,cpu      ] GC(99) User=0.01s Sys=0.01s Real=0.02s
[2022-04-25T13:59:38.821-0700][gc,start    ] GC(100) Pause Young (Normal) (G1 Evacuation Pause)
[2022-04-25T13:59:38.822-0700][gc,task     ] GC(100) Using 9 workers of 9 for evacuation
[2022-04-25T13:59:38.863-0700][gc,phases   ] GC(100)   Pre Evacuate Collection Set: 1.8ms
[2022-04-25T13:59:38.863-0700][gc,phases   ] GC(100)   Merge Heap Roots: 0.2ms
[2022-04-25T13:59:38.863-0700][gc,phases   ] GC(100)   Evacuate Collection Set: 25.1ms
[2022-04-25T13:59:38.863-0700][gc,phases   ] GC(100)   Post Evacuate Collection Set: 12.3ms
[2022-04-25T13:59:38.863-0700][gc,phases   ] GC(100)   Other: 3.7ms
[2022-04-25T13:59:38.863-0700][gc,heap     ] GC(100) Eden regions: 255->0(255)
[2022-04-25T13:59:38.863-0700][gc,heap     ] GC(100) Survivor regions: 1->1(32)
[2022-04-25T13:59:38.863-0700][gc,heap     ] GC(100) Old regions: 34->34
[2022-04-25T13:59:38.863-0700][gc,heap     ] GC(100) Archive regions: 2->2
[2022-04-25T13:59:38.863-0700][gc,heap     ] GC(100) Humongous regions: 12->12
[2022-04-25T13:59:38.863-0700][gc,metaspace] GC(100) Metaspace: 67741K(68288K)->67741K(68288K) NonClass: 59752K(60032K)->59752K(60032K) Class: 7989K(8256K)->7989K(8256K)
[2022-04-25T13:59:38.863-0700][gc          ] GC(100) Pause Young (Normal) (G1 Evacuation Pause) 302M->47M(512M) 42.295ms
[2022-04-25T13:59:38.863-0700][gc,cpu      ] GC(100) User=0.01s Sys=0.04s Real=0.04s
[2022-04-25T14:16:00.597-0700][gc,start    ] GC(101) Pause Young (Normal) (G1 Evacuation Pause)
[2022-04-25T14:16:00.598-0700][gc,task     ] GC(101) Using 9 workers of 9 for evacuation
[2022-04-25T14:16:00.623-0700][gc,phases   ] GC(101)   Pre Evacuate Collection Set: 0.5ms
[2022-04-25T14:16:00.623-0700][gc,phases   ] GC(101)   Merge Heap Roots: 0.2ms
[2022-04-25T14:16:00.624-0700][gc,phases   ] GC(101)   Evacuate Collection Set: 23.6ms
[2022-04-25T14:16:00.624-0700][gc,phases   ] GC(101)   Post Evacuate Collection Set: 0.8ms
[2022-04-25T14:16:00.624-0700][gc,phases   ] GC(101)   Other: 1.2ms
[2022-04-25T14:16:00.624-0700][gc,heap     ] GC(101) Eden regions: 255->0(255)
[2022-04-25T14:16:00.624-0700][gc,heap     ] GC(101) Survivor regions: 1->1(32)
[2022-04-25T14:16:00.624-0700][gc,heap     ] GC(101) Old regions: 34->34
[2022-04-25T14:16:00.624-0700][gc,heap     ] GC(101) Archive regions: 2->2
[2022-04-25T14:16:00.624-0700][gc,heap     ] GC(101) Humongous regions: 12->12
[2022-04-25T14:16:00.624-0700][gc,metaspace] GC(101) Metaspace: 67745K(68288K)->67745K(68288K) NonClass: 59756K(60032K)->59756K(60032K) Class: 7989K(8256K)->7989K(8256K)
[2022-04-25T14:16:00.624-0700][gc          ] GC(101) Pause Young (Normal) (G1 Evacuation Pause) 302M->47M(512M) 26.380ms
[2022-04-25T14:16:00.624-0700][gc,cpu      ] GC(101) User=0.01s Sys=0.02s Real=0.03s
[2022-04-25T14:31:39.561-0700][gc,start    ] GC(102) Pause Young (Normal) (G1 Evacuation Pause)
[2022-04-25T14:31:39.562-0700][gc,task     ] GC(102) Using 9 workers of 9 for evacuation
[2022-04-25T14:31:39.580-0700][gc,phases   ] GC(102)   Pre Evacuate Collection Set: 0.7ms
[2022-04-25T14:31:39.580-0700][gc,phases   ] GC(102)   Merge Heap Roots: 0.2ms
[2022-04-25T14:31:39.580-0700][gc,phases   ] GC(102)   Evacuate Collection Set: 17.1ms
[2022-04-25T14:31:39.580-0700][gc,phases   ] GC(102)   Post Evacuate Collection Set: 0.7ms
[2022-04-25T14:31:39.580-0700][gc,phases   ] GC(102)   Other: 1.0ms
[2022-04-25T14:31:39.580-0700][gc,heap     ] GC(102) Eden regions: 255->0(255)
[2022-04-25T14:31:39.580-0700][gc,heap     ] GC(102) Survivor regions: 1->1(32)
[2022-04-25T14:31:39.580-0700][gc,heap     ] GC(102) Old regions: 34->34
[2022-04-25T14:31:39.580-0700][gc,heap     ] GC(102) Archive regions: 2->2
[2022-04-25T14:31:39.580-0700][gc,heap     ] GC(102) Humongous regions: 12->12
[2022-04-25T14:31:39.580-0700][gc,metaspace] GC(102) Metaspace: 67746K(68288K)->67746K(68288K) NonClass: 59757K(60032K)->59757K(60032K) Class: 7989K(8256K)->7989K(8256K)
[2022-04-25T14:31:39.581-0700][gc          ] GC(102) Pause Young (Normal) (G1 Evacuation Pause) 302M->47M(512M) 19.696ms
[2022-04-25T14:31:39.581-0700][gc,cpu      ] GC(102) User=0.00s Sys=0.02s Real=0.02s
[2022-04-25T14:48:33.521-0700][gc,start    ] GC(103) Pause Young (Normal) (G1 Evacuation Pause)
[2022-04-25T14:48:33.521-0700][gc,task     ] GC(103) Using 9 workers of 9 for evacuation
[2022-04-25T14:48:33.551-0700][gc,phases   ] GC(103)   Pre Evacuate Collection Set: 0.9ms
[2022-04-25T14:48:33.551-0700][gc,phases   ] GC(103)   Merge Heap Roots: 0.2ms
[2022-04-25T14:48:33.551-0700][gc,phases   ] GC(103)   Evacuate Collection Set: 13.6ms
[2022-04-25T14:48:33.551-0700][gc,phases   ] GC(103)   Post Evacuate Collection Set: 14.3ms
[2022-04-25T14:48:33.551-0700][gc,phases   ] GC(103)   Other: 0.9ms
[2022-04-25T14:48:33.551-0700][gc,heap     ] GC(103) Eden regions: 255->0(255)
[2022-04-25T14:48:33.551-0700][gc,heap     ] GC(103) Survivor regions: 1->1(32)
[2022-04-25T14:48:33.551-0700][gc,heap     ] GC(103) Old regions: 34->34
[2022-04-25T14:48:33.551-0700][gc,heap     ] GC(103) Archive regions: 2->2
[2022-04-25T14:48:33.551-0700][gc,heap     ] GC(103) Humongous regions: 12->12
[2022-04-25T14:48:33.551-0700][gc,metaspace] GC(103) Metaspace: 67750K(68288K)->67750K(68288K) NonClass: 59761K(60032K)->59761K(60032K) Class: 7989K(8256K)->7989K(8256K)
[2022-04-25T14:48:33.551-0700][gc          ] GC(103) Pause Young (Normal) (G1 Evacuation Pause) 302M->47M(512M) 29.990ms
[2022-04-25T14:48:33.551-0700][gc,cpu      ] GC(103) User=0.01s Sys=0.02s Real=0.03s
[2022-04-25T15:04:45.007-0700][gc,start    ] GC(104) Pause Young (Normal) (G1 Evacuation Pause)
[2022-04-25T15:04:45.009-0700][gc,task     ] GC(104) Using 9 workers of 9 for evacuation
[2022-04-25T15:04:45.026-0700][gc,phases   ] GC(104)   Pre Evacuate Collection Set: 1.7ms
[2022-04-25T15:04:45.026-0700][gc,phases   ] GC(104)   Merge Heap Roots: 0.3ms
[2022-04-25T15:04:45.026-0700][gc,phases   ] GC(104)   Evacuate Collection Set: 14.4ms
[2022-04-25T15:04:45.026-0700][gc,phases   ] GC(104)   Post Evacuate Collection Set: 0.8ms
[2022-04-25T15:04:45.026-0700][gc,phases   ] GC(104)   Other: 2.5ms
[2022-04-25T15:04:45.026-0700][gc,heap     ] GC(104) Eden regions: 255->0(255)
[2022-04-25T15:04:45.026-0700][gc,heap     ] GC(104) Survivor regions: 1->1(32)
[2022-04-25T15:04:45.026-0700][gc,heap     ] GC(104) Old regions: 34->34
[2022-04-25T15:04:45.026-0700][gc,heap     ] GC(104) Archive regions: 2->2
[2022-04-25T15:04:45.026-0700][gc,heap     ] GC(104) Humongous regions: 12->12
[2022-04-25T15:04:45.026-0700][gc,metaspace] GC(104) Metaspace: 67757K(68288K)->67757K(68288K) NonClass: 59767K(60032K)->59767K(60032K) Class: 7989K(8256K)->7989K(8256K)
[2022-04-25T15:04:45.026-0700][gc          ] GC(104) Pause Young (Normal) (G1 Evacuation Pause) 302M->47M(512M) 19.419ms
[2022-04-25T15:04:45.026-0700][gc,cpu      ] GC(104) User=0.00s Sys=0.01s Real=0.02s
[2022-04-25T15:21:34.393-0700][gc,start    ] GC(105) Pause Young (Normal) (G1 Evacuation Pause)
[2022-04-25T15:21:34.394-0700][gc,task     ] GC(105) Using 9 workers of 9 for evacuation
[2022-04-25T15:21:34.426-0700][gc,phases   ] GC(105)   Pre Evacuate Collection Set: 2.1ms
[2022-04-25T15:21:34.426-0700][gc,phases   ] GC(105)   Merge Heap Roots: 0.2ms
[2022-04-25T15:21:34.426-0700][gc,phases   ] GC(105)   Evacuate Collection Set: 29.2ms
[2022-04-25T15:21:34.426-0700][gc,phases   ] GC(105)   Post Evacuate Collection Set: 0.8ms
[2022-04-25T15:21:34.426-0700][gc,phases   ] GC(105)   Other: 1.1ms
[2022-04-25T15:21:34.426-0700][gc,heap     ] GC(105) Eden regions: 255->0(255)
[2022-04-25T15:21:34.426-0700][gc,heap     ] GC(105) Survivor regions: 1->1(32)
[2022-04-25T15:21:34.426-0700][gc,heap     ] GC(105) Old regions: 34->34
[2022-04-25T15:21:34.426-0700][gc,heap     ] GC(105) Archive regions: 2->2
[2022-04-25T15:21:34.426-0700][gc,heap     ] GC(105) Humongous regions: 12->12
[2022-04-25T15:21:34.426-0700][gc,metaspace] GC(105) Metaspace: 67813K(68352K)->67813K(68352K) NonClass: 59824K(60096K)->59824K(60096K) Class: 7989K(8256K)->7989K(8256K)
[2022-04-25T15:21:34.427-0700][gc          ] GC(105) Pause Young (Normal) (G1 Evacuation Pause) 302M->47M(512M) 33.379ms
[2022-04-25T15:21:34.427-0700][gc,cpu      ] GC(105) User=0.00s Sys=0.01s Real=0.03s
[2022-04-25T15:35:46.844-0700][gc,start    ] GC(106) Pause Young (Normal) (G1 Evacuation Pause)
[2022-04-25T15:35:46.846-0700][gc,task     ] GC(106) Using 9 workers of 9 for evacuation
[2022-04-25T15:35:46.858-0700][gc,phases   ] GC(106)   Pre Evacuate Collection Set: 1.2ms
[2022-04-25T15:35:46.858-0700][gc,phases   ] GC(106)   Merge Heap Roots: 0.2ms
[2022-04-25T15:35:46.858-0700][gc,phases   ] GC(106)   Evacuate Collection Set: 9.4ms
[2022-04-25T15:35:46.858-0700][gc,phases   ] GC(106)   Post Evacuate Collection Set: 1.5ms
[2022-04-25T15:35:46.858-0700][gc,phases   ] GC(106)   Other: 1.7ms
[2022-04-25T15:35:46.858-0700][gc,heap     ] GC(106) Eden regions: 255->0(255)
[2022-04-25T15:35:46.858-0700][gc,heap     ] GC(106) Survivor regions: 1->1(32)
[2022-04-25T15:35:46.858-0700][gc,heap     ] GC(106) Old regions: 34->34
[2022-04-25T15:35:46.858-0700][gc,heap     ] GC(106) Archive regions: 2->2
[2022-04-25T15:35:46.858-0700][gc,heap     ] GC(106) Humongous regions: 12->12
[2022-04-25T15:35:46.858-0700][gc,metaspace] GC(106) Metaspace: 67813K(68352K)->67813K(68352K) NonClass: 59824K(60096K)->59824K(60096K) Class: 7989K(8256K)->7989K(8256K)
[2022-04-25T15:35:46.858-0700][gc          ] GC(106) Pause Young (Normal) (G1 Evacuation Pause) 302M->47M(512M) 14.233ms
[2022-04-25T15:35:46.859-0700][gc,cpu      ] GC(106) User=0.01s Sys=0.01s Real=0.01s
[2022-04-25T15:49:46.408-0700][gc,start    ] GC(107) Pause Young (Normal) (G1 Evacuation Pause)
[2022-04-25T15:49:46.409-0700][gc,task     ] GC(107) Using 9 workers of 9 for evacuation
[2022-04-25T15:49:46.435-0700][gc,phases   ] GC(107)   Pre Evacuate Collection Set: 1.7ms
[2022-04-25T15:49:46.435-0700][gc,phases   ] GC(107)   Merge Heap Roots: 0.3ms
[2022-04-25T15:49:46.435-0700][gc,phases   ] GC(107)   Evacuate Collection Set: 22.3ms
[2022-04-25T15:49:46.435-0700][gc,phases   ] GC(107)   Post Evacuate Collection Set: 1.1ms
[2022-04-25T15:49:46.435-0700][gc,phases   ] GC(107)   Other: 2.0ms
[2022-04-25T15:49:46.435-0700][gc,heap     ] GC(107) Eden regions: 255->0(255)
[2022-04-25T15:49:46.435-0700][gc,heap     ] GC(107) Survivor regions: 1->1(32)
[2022-04-25T15:49:46.435-0700][gc,heap     ] GC(107) Old regions: 34->34
[2022-04-25T15:49:46.435-0700][gc,heap     ] GC(107) Archive regions: 2->2
[2022-04-25T15:49:46.435-0700][gc,heap     ] GC(107) Humongous regions: 12->12
[2022-04-25T15:49:46.435-0700][gc,metaspace] GC(107) Metaspace: 67815K(68352K)->67815K(68352K) NonClass: 59825K(60096K)->59825K(60096K) Class: 7989K(8256K)->7989K(8256K)
[2022-04-25T15:49:46.435-0700][gc          ] GC(107) Pause Young (Normal) (G1 Evacuation Pause) 302M->47M(512M) 27.338ms
[2022-04-25T15:49:46.435-0700][gc,cpu      ] GC(107) User=0.01s Sys=0.02s Real=0.03s
[2022-04-25T16:04:09.643-0700][gc,start    ] GC(108) Pause Young (Normal) (G1 Evacuation Pause)
[2022-04-25T16:04:09.645-0700][gc,task     ] GC(108) Using 9 workers of 9 for evacuation
[2022-04-25T16:04:09.669-0700][gc,phases   ] GC(108)   Pre Evacuate Collection Set: 1.5ms
[2022-04-25T16:04:09.669-0700][gc,phases   ] GC(108)   Merge Heap Roots: 0.4ms
[2022-04-25T16:04:09.669-0700][gc,phases   ] GC(108)   Evacuate Collection Set: 18.0ms
[2022-04-25T16:04:09.669-0700][gc,phases   ] GC(108)   Post Evacuate Collection Set: 3.3ms
[2022-04-25T16:04:09.669-0700][gc,phases   ] GC(108)   Other: 3.2ms
[2022-04-25T16:04:09.669-0700][gc,heap     ] GC(108) Eden regions: 255->0(255)
[2022-04-25T16:04:09.669-0700][gc,heap     ] GC(108) Survivor regions: 1->1(32)
[2022-04-25T16:04:09.669-0700][gc,heap     ] GC(108) Old regions: 34->34
[2022-04-25T16:04:09.669-0700][gc,heap     ] GC(108) Archive regions: 2->2
[2022-04-25T16:04:09.669-0700][gc,heap     ] GC(108) Humongous regions: 12->12
[2022-04-25T16:04:09.669-0700][gc,metaspace] GC(108) Metaspace: 67815K(68352K)->67815K(68352K) NonClass: 59825K(60096K)->59825K(60096K) Class: 7989K(8256K)->7989K(8256K)
[2022-04-25T16:04:09.669-0700][gc          ] GC(108) Pause Young (Normal) (G1 Evacuation Pause) 302M->47M(512M) 26.448ms
[2022-04-25T16:04:09.670-0700][gc,cpu      ] GC(108) User=0.01s Sys=0.01s Real=0.03s
[2022-04-25T16:19:50.458-0700][gc,start    ] GC(109) Pause Young (Normal) (G1 Evacuation Pause)
[2022-04-25T16:19:50.459-0700][gc,task     ] GC(109) Using 9 workers of 9 for evacuation
[2022-04-25T16:19:50.469-0700][gc,phases   ] GC(109)   Pre Evacuate Collection Set: 0.9ms
[2022-04-25T16:19:50.469-0700][gc,phases   ] GC(109)   Merge Heap Roots: 0.2ms
[2022-04-25T16:19:50.469-0700][gc,phases   ] GC(109)   Evacuate Collection Set: 7.3ms
[2022-04-25T16:19:50.469-0700][gc,phases   ] GC(109)   Post Evacuate Collection Set: 1.5ms
[2022-04-25T16:19:50.469-0700][gc,phases   ] GC(109)   Other: 1.5ms
[2022-04-25T16:19:50.469-0700][gc,heap     ] GC(109) Eden regions: 255->0(255)
[2022-04-25T16:19:50.469-0700][gc,heap     ] GC(109) Survivor regions: 1->1(32)
[2022-04-25T16:19:50.469-0700][gc,heap     ] GC(109) Old regions: 34->34
[2022-04-25T16:19:50.469-0700][gc,heap     ] GC(109) Archive regions: 2->2
[2022-04-25T16:19:50.469-0700][gc,heap     ] GC(109) Humongous regions: 12->12
[2022-04-25T16:19:50.469-0700][gc,metaspace] GC(109) Metaspace: 67816K(68352K)->67816K(68352K) NonClass: 59827K(60096K)->59827K(60096K) Class: 7989K(8256K)->7989K(8256K)
[2022-04-25T16:19:50.469-0700][gc          ] GC(109) Pause Young (Normal) (G1 Evacuation Pause) 302M->47M(512M) 11.463ms
[2022-04-25T16:19:50.469-0700][gc,cpu      ] GC(109) User=0.01s Sys=0.03s Real=0.01s
[2022-04-25T16:34:16.661-0700][gc,start    ] GC(110) Pause Young (Normal) (G1 Evacuation Pause)
[2022-04-25T16:34:16.663-0700][gc,task     ] GC(110) Using 9 workers of 9 for evacuation
[2022-04-25T16:34:16.680-0700][gc,phases   ] GC(110)   Pre Evacuate Collection Set: 2.4ms
[2022-04-25T16:34:16.680-0700][gc,phases   ] GC(110)   Merge Heap Roots: 0.3ms
[2022-04-25T16:34:16.680-0700][gc,phases   ] GC(110)   Evacuate Collection Set: 13.6ms
[2022-04-25T16:34:16.680-0700][gc,phases   ] GC(110)   Post Evacuate Collection Set: 0.9ms
[2022-04-25T16:34:16.680-0700][gc,phases   ] GC(110)   Other: 2.4ms
[2022-04-25T16:34:16.680-0700][gc,heap     ] GC(110) Eden regions: 255->0(255)
[2022-04-25T16:34:16.680-0700][gc,heap     ] GC(110) Survivor regions: 1->1(32)
[2022-04-25T16:34:16.680-0700][gc,heap     ] GC(110) Old regions: 34->34
[2022-04-25T16:34:16.680-0700][gc,heap     ] GC(110) Archive regions: 2->2
[2022-04-25T16:34:16.680-0700][gc,heap     ] GC(110) Humongous regions: 12->12
[2022-04-25T16:34:16.680-0700][gc,metaspace] GC(110) Metaspace: 67816K(68352K)->67816K(68352K) NonClass: 59827K(60096K)->59827K(60096K) Class: 7989K(8256K)->7989K(8256K)
[2022-04-25T16:34:16.680-0700][gc          ] GC(110) Pause Young (Normal) (G1 Evacuation Pause) 302M->47M(512M) 19.651ms
[2022-04-25T16:34:16.680-0700][gc,cpu      ] GC(110) User=0.01s Sys=0.01s Real=0.02s
[2022-04-25T16:49:42.116-0700][gc,start    ] GC(111) Pause Young (Normal) (G1 Evacuation Pause)
[2022-04-25T16:49:42.117-0700][gc,task     ] GC(111) Using 9 workers of 9 for evacuation
[2022-04-25T16:49:42.134-0700][gc,phases   ] GC(111)   Pre Evacuate Collection Set: 1.3ms
[2022-04-25T16:49:42.134-0700][gc,phases   ] GC(111)   Merge Heap Roots: 0.2ms
[2022-04-25T16:49:42.134-0700][gc,phases   ] GC(111)   Evacuate Collection Set: 12.2ms
[2022-04-25T16:49:42.134-0700][gc,phases   ] GC(111)   Post Evacuate Collection Set: 3.3ms
[2022-04-25T16:49:42.134-0700][gc,phases   ] GC(111)   Other: 1.4ms
[2022-04-25T16:49:42.134-0700][gc,heap     ] GC(111) Eden regions: 255->0(255)
[2022-04-25T16:49:42.134-0700][gc,heap     ] GC(111) Survivor regions: 1->1(32)
[2022-04-25T16:49:42.134-0700][gc,heap     ] GC(111) Old regions: 34->34
[2022-04-25T16:49:42.134-0700][gc,heap     ] GC(111) Archive regions: 2->2
[2022-04-25T16:49:42.134-0700][gc,heap     ] GC(111) Humongous regions: 12->12
[2022-04-25T16:49:42.134-0700][gc,metaspace] GC(111) Metaspace: 67816K(68352K)->67816K(68352K) NonClass: 59827K(60096K)->59827K(60096K) Class: 7989K(8256K)->7989K(8256K)
[2022-04-25T16:49:42.134-0700][gc          ] GC(111) Pause Young (Normal) (G1 Evacuation Pause) 302M->47M(512M) 18.779ms
[2022-04-25T16:49:42.134-0700][gc,cpu      ] GC(111) User=0.01s Sys=0.01s Real=0.02s
[2022-04-25T18:19:17.729-0700][gc,start    ] GC(112) Pause Young (Normal) (G1 Evacuation Pause)
[2022-04-25T18:19:17.730-0700][gc,task     ] GC(112) Using 9 workers of 9 for evacuation
[2022-04-25T18:19:17.737-0700][gc,phases   ] GC(112)   Pre Evacuate Collection Set: 0.8ms
[2022-04-25T18:19:17.737-0700][gc,phases   ] GC(112)   Merge Heap Roots: 0.2ms
[2022-04-25T18:19:17.737-0700][gc,phases   ] GC(112)   Evacuate Collection Set: 4.4ms
[2022-04-25T18:19:17.737-0700][gc,phases   ] GC(112)   Post Evacuate Collection Set: 1.7ms
[2022-04-25T18:19:17.737-0700][gc,phases   ] GC(112)   Other: 1.6ms
[2022-04-25T18:19:17.737-0700][gc,heap     ] GC(112) Eden regions: 255->0(255)
[2022-04-25T18:19:17.737-0700][gc,heap     ] GC(112) Survivor regions: 1->1(32)
[2022-04-25T18:19:17.737-0700][gc,heap     ] GC(112) Old regions: 34->34
[2022-04-25T18:19:17.737-0700][gc,heap     ] GC(112) Archive regions: 2->2
[2022-04-25T18:19:17.737-0700][gc,heap     ] GC(112) Humongous regions: 12->12
[2022-04-25T18:19:17.737-0700][gc,metaspace] GC(112) Metaspace: 67817K(68352K)->67817K(68352K) NonClass: 59828K(60096K)->59828K(60096K) Class: 7989K(8256K)->7989K(8256K)
[2022-04-25T18:19:17.738-0700][gc          ] GC(112) Pause Young (Normal) (G1 Evacuation Pause) 302M->47M(512M) 8.974ms
[2022-04-25T18:19:17.738-0700][gc,cpu      ] GC(112) User=0.00s Sys=0.01s Real=0.01s
[2022-04-25T19:52:44.691-0700][gc,start    ] GC(113) Pause Young (Normal) (G1 Evacuation Pause)
[2022-04-25T19:52:44.693-0700][gc,task     ] GC(113) Using 9 workers of 9 for evacuation
[2022-04-25T19:52:44.696-0700][gc,phases   ] GC(113)   Pre Evacuate Collection Set: 0.2ms
[2022-04-25T19:52:44.696-0700][gc,phases   ] GC(113)   Merge Heap Roots: 0.2ms
[2022-04-25T19:52:44.696-0700][gc,phases   ] GC(113)   Evacuate Collection Set: 1.5ms
[2022-04-25T19:52:44.696-0700][gc,phases   ] GC(113)   Post Evacuate Collection Set: 0.7ms
[2022-04-25T19:52:44.696-0700][gc,phases   ] GC(113)   Other: 2.0ms
[2022-04-25T19:52:44.696-0700][gc,heap     ] GC(113) Eden regions: 255->0(255)
[2022-04-25T19:52:44.696-0700][gc,heap     ] GC(113) Survivor regions: 1->1(32)
[2022-04-25T19:52:44.696-0700][gc,heap     ] GC(113) Old regions: 34->34
[2022-04-25T19:52:44.696-0700][gc,heap     ] GC(113) Archive regions: 2->2
[2022-04-25T19:52:44.696-0700][gc,heap     ] GC(113) Humongous regions: 12->12
[2022-04-25T19:52:44.696-0700][gc,metaspace] GC(113) Metaspace: 67828K(68352K)->67828K(68352K) NonClass: 59839K(60096K)->59839K(60096K) Class: 7989K(8256K)->7989K(8256K)
[2022-04-25T19:52:44.696-0700][gc          ] GC(113) Pause Young (Normal) (G1 Evacuation Pause) 302M->47M(512M) 4.543ms
[2022-04-25T19:52:44.696-0700][gc,cpu      ] GC(113) User=0.01s Sys=0.01s Real=0.00s
[2022-04-25T23:13:00.651-0700][gc,start    ] GC(114) Pause Young (Normal) (G1 Evacuation Pause)
[2022-04-25T23:13:00.653-0700][gc,task     ] GC(114) Using 9 workers of 9 for evacuation
[2022-04-25T23:13:00.658-0700][gc,phases   ] GC(114)   Pre Evacuate Collection Set: 0.6ms
[2022-04-25T23:13:00.658-0700][gc,phases   ] GC(114)   Merge Heap Roots: 0.2ms
[2022-04-25T23:13:00.658-0700][gc,phases   ] GC(114)   Evacuate Collection Set: 2.6ms
[2022-04-25T23:13:00.658-0700][gc,phases   ] GC(114)   Post Evacuate Collection Set: 1.2ms
[2022-04-25T23:13:00.658-0700][gc,phases   ] GC(114)   Other: 2.4ms
[2022-04-25T23:13:00.658-0700][gc,heap     ] GC(114) Eden regions: 255->0(255)
[2022-04-25T23:13:00.658-0700][gc,heap     ] GC(114) Survivor regions: 1->1(32)
[2022-04-25T23:13:00.658-0700][gc,heap     ] GC(114) Old regions: 34->34
[2022-04-25T23:13:00.658-0700][gc,heap     ] GC(114) Archive regions: 2->2
[2022-04-25T23:13:00.658-0700][gc,heap     ] GC(114) Humongous regions: 12->12
[2022-04-25T23:13:00.658-0700][gc,metaspace] GC(114) Metaspace: 67839K(68416K)->67839K(68416K) NonClass: 59850K(60160K)->59850K(60160K) Class: 7989K(8256K)->7989K(8256K)
[2022-04-25T23:13:00.658-0700][gc          ] GC(114) Pause Young (Normal) (G1 Evacuation Pause) 302M->47M(512M) 7.203ms
[2022-04-25T23:13:00.658-0700][gc,cpu      ] GC(114) User=0.01s Sys=0.01s Real=0.00s
[2022-04-26T01:32:39.692-0700][gc,start    ] GC(115) Pause Young (Normal) (G1 Evacuation Pause)
[2022-04-26T01:32:39.694-0700][gc,task     ] GC(115) Using 9 workers of 9 for evacuation
[2022-04-26T01:32:39.702-0700][gc,phases   ] GC(115)   Pre Evacuate Collection Set: 0.5ms
[2022-04-26T01:32:39.702-0700][gc,phases   ] GC(115)   Merge Heap Roots: 0.3ms
[2022-04-26T01:32:39.702-0700][gc,phases   ] GC(115)   Evacuate Collection Set: 5.2ms
[2022-04-26T01:32:39.703-0700][gc,phases   ] GC(115)   Post Evacuate Collection Set: 1.6ms
[2022-04-26T01:32:39.703-0700][gc,phases   ] GC(115)   Other: 3.0ms
[2022-04-26T01:32:39.703-0700][gc,heap     ] GC(115) Eden regions: 255->0(255)
[2022-04-26T01:32:39.703-0700][gc,heap     ] GC(115) Survivor regions: 1->1(32)
[2022-04-26T01:32:39.703-0700][gc,heap     ] GC(115) Old regions: 34->34
[2022-04-26T01:32:39.703-0700][gc,heap     ] GC(115) Archive regions: 2->2
[2022-04-26T01:32:39.703-0700][gc,heap     ] GC(115) Humongous regions: 12->12
[2022-04-26T01:32:39.703-0700][gc,metaspace] GC(115) Metaspace: 67850K(68480K)->67850K(68480K) NonClass: 59860K(60224K)->59860K(60224K) Class: 7990K(8256K)->7990K(8256K)
[2022-04-26T01:32:39.703-0700][gc          ] GC(115) Pause Young (Normal) (G1 Evacuation Pause) 302M->47M(512M) 11.416ms
[2022-04-26T01:32:39.703-0700][gc,cpu      ] GC(115) User=0.01s Sys=0.00s Real=0.01s
[2022-04-26T04:07:06.142-0700][gc,start    ] GC(116) Pause Young (Normal) (G1 Evacuation Pause)
[2022-04-26T04:07:06.142-0700][gc,task     ] GC(116) Using 9 workers of 9 for evacuation
[2022-04-26T04:07:06.149-0700][gc,phases   ] GC(116)   Pre Evacuate Collection Set: 0.4ms
[2022-04-26T04:07:06.150-0700][gc,phases   ] GC(116)   Merge Heap Roots: 0.1ms
[2022-04-26T04:07:06.150-0700][gc,phases   ] GC(116)   Evacuate Collection Set: 4.3ms
[2022-04-26T04:07:06.150-0700][gc,phases   ] GC(116)   Post Evacuate Collection Set: 1.9ms
[2022-04-26T04:07:06.150-0700][gc,phases   ] GC(116)   Other: 1.0ms
[2022-04-26T04:07:06.150-0700][gc,heap     ] GC(116) Eden regions: 255->0(255)
[2022-04-26T04:07:06.150-0700][gc,heap     ] GC(116) Survivor regions: 1->1(32)
[2022-04-26T04:07:06.150-0700][gc,heap     ] GC(116) Old regions: 34->34
[2022-04-26T04:07:06.150-0700][gc,heap     ] GC(116) Archive regions: 2->2
[2022-04-26T04:07:06.150-0700][gc,heap     ] GC(116) Humongous regions: 12->12
[2022-04-26T04:07:06.150-0700][gc,metaspace] GC(116) Metaspace: 67851K(68480K)->67851K(68480K) NonClass: 59860K(60224K)->59860K(60224K) Class: 7990K(8256K)->7990K(8256K)
[2022-04-26T04:07:06.150-0700][gc          ] GC(116) Pause Young (Normal) (G1 Evacuation Pause) 302M->47M(512M) 8.113ms
[2022-04-26T04:07:06.150-0700][gc,cpu      ] GC(116) User=0.01s Sys=0.00s Real=0.01s
[2022-04-26T05:59:46.155-0700][gc,start    ] GC(117) Pause Young (Normal) (G1 Evacuation Pause)
[2022-04-26T05:59:46.157-0700][gc,task     ] GC(117) Using 9 workers of 9 for evacuation
[2022-04-26T05:59:46.168-0700][gc,phases   ] GC(117)   Pre Evacuate Collection Set: 0.5ms
[2022-04-26T05:59:46.168-0700][gc,phases   ] GC(117)   Merge Heap Roots: 0.4ms
[2022-04-26T05:59:46.168-0700][gc,phases   ] GC(117)   Evacuate Collection Set: 6.3ms
[2022-04-26T05:59:46.168-0700][gc,phases   ] GC(117)   Post Evacuate Collection Set: 3.3ms
[2022-04-26T05:59:46.168-0700][gc,phases   ] GC(117)   Other: 3.2ms
[2022-04-26T05:59:46.168-0700][gc,heap     ] GC(117) Eden regions: 255->0(255)
[2022-04-26T05:59:46.168-0700][gc,heap     ] GC(117) Survivor regions: 1->1(32)
[2022-04-26T05:59:46.168-0700][gc,heap     ] GC(117) Old regions: 34->34
[2022-04-26T05:59:46.168-0700][gc,heap     ] GC(117) Archive regions: 2->2
[2022-04-26T05:59:46.168-0700][gc,heap     ] GC(117) Humongous regions: 12->12
[2022-04-26T05:59:46.168-0700][gc,metaspace] GC(117) Metaspace: 67851K(68480K)->67851K(68480K) NonClass: 59860K(60224K)->59860K(60224K) Class: 7990K(8256K)->7990K(8256K)
[2022-04-26T05:59:46.169-0700][gc          ] GC(117) Pause Young (Normal) (G1 Evacuation Pause) 302M->47M(512M) 13.862ms
[2022-04-26T05:59:46.169-0700][gc,cpu      ] GC(117) User=0.01s Sys=0.00s Real=0.01s
[2022-04-26T08:24:22.615-0700][gc,start    ] GC(118) Pause Young (Normal) (G1 Evacuation Pause)
[2022-04-26T08:24:22.617-0700][gc,task     ] GC(118) Using 9 workers of 9 for evacuation
[2022-04-26T08:24:22.625-0700][gc,phases   ] GC(118)   Pre Evacuate Collection Set: 0.5ms
[2022-04-26T08:24:22.626-0700][gc,phases   ] GC(118)   Merge Heap Roots: 0.2ms
[2022-04-26T08:24:22.626-0700][gc,phases   ] GC(118)   Evacuate Collection Set: 4.9ms
[2022-04-26T08:24:22.626-0700][gc,phases   ] GC(118)   Post Evacuate Collection Set: 2.0ms
[2022-04-26T08:24:22.626-0700][gc,phases   ] GC(118)   Other: 2.6ms
[2022-04-26T08:24:22.626-0700][gc,heap     ] GC(118) Eden regions: 255->0(255)
[2022-04-26T08:24:22.626-0700][gc,heap     ] GC(118) Survivor regions: 1->1(32)
[2022-04-26T08:24:22.626-0700][gc,heap     ] GC(118) Old regions: 34->34
[2022-04-26T08:24:22.626-0700][gc,heap     ] GC(118) Archive regions: 2->2
[2022-04-26T08:24:22.626-0700][gc,heap     ] GC(118) Humongous regions: 12->12
[2022-04-26T08:24:22.626-0700][gc,metaspace] GC(118) Metaspace: 67854K(68480K)->67854K(68480K) NonClass: 59863K(60224K)->59863K(60224K) Class: 7990K(8256K)->7990K(8256K)
[2022-04-26T08:24:22.626-0700][gc          ] GC(118) Pause Young (Normal) (G1 Evacuation Pause) 302M->47M(512M) 10.510ms
[2022-04-26T08:24:22.626-0700][gc,cpu      ] GC(118) User=0.01s Sys=0.01s Real=0.01s
[2022-04-26T10:01:03.937-0700][gc,start    ] GC(119) Pause Young (Normal) (G1 Evacuation Pause)
[2022-04-26T10:01:03.939-0700][gc,task     ] GC(119) Using 9 workers of 9 for evacuation
[2022-04-26T10:01:03.945-0700][gc,phases   ] GC(119)   Pre Evacuate Collection Set: 0.3ms
[2022-04-26T10:01:03.946-0700][gc,phases   ] GC(119)   Merge Heap Roots: 0.2ms
[2022-04-26T10:01:03.946-0700][gc,phases   ] GC(119)   Evacuate Collection Set: 4.6ms
[2022-04-26T10:01:03.946-0700][gc,phases   ] GC(119)   Post Evacuate Collection Set: 1.2ms
[2022-04-26T10:01:03.946-0700][gc,phases   ] GC(119)   Other: 2.2ms
[2022-04-26T10:01:03.946-0700][gc,heap     ] GC(119) Eden regions: 255->0(255)
[2022-04-26T10:01:03.946-0700][gc,heap     ] GC(119) Survivor regions: 1->1(32)
[2022-04-26T10:01:03.946-0700][gc,heap     ] GC(119) Old regions: 34->34
[2022-04-26T10:01:03.946-0700][gc,heap     ] GC(119) Archive regions: 2->2
[2022-04-26T10:01:03.946-0700][gc,heap     ] GC(119) Humongous regions: 12->12
[2022-04-26T10:01:03.946-0700][gc,metaspace] GC(119) Metaspace: 67875K(68480K)->67875K(68480K) NonClass: 59884K(60224K)->59884K(60224K) Class: 7990K(8256K)->7990K(8256K)
[2022-04-26T10:01:03.946-0700][gc          ] GC(119) Pause Young (Normal) (G1 Evacuation Pause) 302M->47M(512M) 8.677ms
[2022-04-26T10:01:03.946-0700][gc,cpu      ] GC(119) User=0.01s Sys=0.00s Real=0.01s
[2022-04-26T11:39:49.217-0700][gc,start    ] GC(120) Pause Young (Normal) (G1 Evacuation Pause)
[2022-04-26T11:39:49.219-0700][gc,task     ] GC(120) Using 9 workers of 9 for evacuation
[2022-04-26T11:39:49.230-0700][gc,phases   ] GC(120)   Pre Evacuate Collection Set: 4.5ms
[2022-04-26T11:39:49.230-0700][gc,phases   ] GC(120)   Merge Heap Roots: 0.2ms
[2022-04-26T11:39:49.230-0700][gc,phases   ] GC(120)   Evacuate Collection Set: 4.0ms
[2022-04-26T11:39:49.230-0700][gc,phases   ] GC(120)   Post Evacuate Collection Set: 2.1ms
[2022-04-26T11:39:49.230-0700][gc,phases   ] GC(120)   Other: 2.6ms
[2022-04-26T11:39:49.230-0700][gc,heap     ] GC(120) Eden regions: 255->0(255)
[2022-04-26T11:39:49.230-0700][gc,heap     ] GC(120) Survivor regions: 1->1(32)
[2022-04-26T11:39:49.230-0700][gc,heap     ] GC(120) Old regions: 34->34
[2022-04-26T11:39:49.230-0700][gc,heap     ] GC(120) Archive regions: 2->2
[2022-04-26T11:39:49.230-0700][gc,heap     ] GC(120) Humongous regions: 12->12
[2022-04-26T11:39:49.230-0700][gc,metaspace] GC(120) Metaspace: 67882K(68480K)->67882K(68480K) NonClass: 59891K(60224K)->59891K(60224K) Class: 7990K(8256K)->7990K(8256K)
[2022-04-26T11:39:49.231-0700][gc          ] GC(120) Pause Young (Normal) (G1 Evacuation Pause) 302M->47M(512M) 13.764ms
[2022-04-26T11:39:49.231-0700][gc,cpu      ] GC(120) User=0.01s Sys=0.00s Real=0.02s
[2022-04-26T13:53:07.831-0700][gc,start    ] GC(121) Pause Young (Normal) (G1 Evacuation Pause)
[2022-04-26T13:53:07.832-0700][gc,task     ] GC(121) Using 9 workers of 9 for evacuation
[2022-04-26T13:53:07.844-0700][gc,phases   ] GC(121)   Pre Evacuate Collection Set: 1.2ms
[2022-04-26T13:53:07.844-0700][gc,phases   ] GC(121)   Merge Heap Roots: 0.1ms
[2022-04-26T13:53:07.844-0700][gc,phases   ] GC(121)   Evacuate Collection Set: 8.6ms
[2022-04-26T13:53:07.844-0700][gc,phases   ] GC(121)   Post Evacuate Collection Set: 1.5ms
[2022-04-26T13:53:07.844-0700][gc,phases   ] GC(121)   Other: 2.0ms
[2022-04-26T13:53:07.844-0700][gc,heap     ] GC(121) Eden regions: 255->0(254)
[2022-04-26T13:53:07.844-0700][gc,heap     ] GC(121) Survivor regions: 1->2(32)
[2022-04-26T13:53:07.844-0700][gc,heap     ] GC(121) Old regions: 34->34
[2022-04-26T13:53:07.844-0700][gc,heap     ] GC(121) Archive regions: 2->2
[2022-04-26T13:53:07.844-0700][gc,heap     ] GC(121) Humongous regions: 12->12
[2022-04-26T13:53:07.844-0700][gc,metaspace] GC(121) Metaspace: 67916K(68480K)->67916K(68480K) NonClass: 59923K(60224K)->59923K(60224K) Class: 7993K(8256K)->7993K(8256K)
[2022-04-26T13:53:07.844-0700][gc          ] GC(121) Pause Young (Normal) (G1 Evacuation Pause) 302M->47M(512M) 13.763ms
[2022-04-26T13:53:07.844-0700][gc,cpu      ] GC(121) User=0.00s Sys=0.01s Real=0.01s
[2022-04-26T17:58:45.006-0700][gc,start    ] GC(122) Pause Young (Normal) (G1 Evacuation Pause)
[2022-04-26T17:58:45.009-0700][gc,task     ] GC(122) Using 9 workers of 9 for evacuation
[2022-04-26T17:58:45.023-0700][gc,phases   ] GC(122)   Pre Evacuate Collection Set: 1.2ms
[2022-04-26T17:58:45.023-0700][gc,phases   ] GC(122)   Merge Heap Roots: 0.3ms
[2022-04-26T17:58:45.023-0700][gc,phases   ] GC(122)   Evacuate Collection Set: 10.4ms
[2022-04-26T17:58:45.023-0700][gc,phases   ] GC(122)   Post Evacuate Collection Set: 2.3ms
[2022-04-26T17:58:45.023-0700][gc,phases   ] GC(122)   Other: 3.5ms
[2022-04-26T17:58:45.023-0700][gc,heap     ] GC(122) Eden regions: 254->0(254)
[2022-04-26T17:58:45.023-0700][gc,heap     ] GC(122) Survivor regions: 2->2(32)
[2022-04-26T17:58:45.023-0700][gc,heap     ] GC(122) Old regions: 34->34
[2022-04-26T17:58:45.023-0700][gc,heap     ] GC(122) Archive regions: 2->2
[2022-04-26T17:58:45.023-0700][gc,heap     ] GC(122) Humongous regions: 12->12
[2022-04-26T17:58:45.023-0700][gc,metaspace] GC(122) Metaspace: 67924K(68480K)->67924K(68480K) NonClass: 59931K(60224K)->59931K(60224K) Class: 7993K(8256K)->7993K(8256K)
[2022-04-26T17:58:45.023-0700][gc          ] GC(122) Pause Young (Normal) (G1 Evacuation Pause) 301M->48M(512M) 17.697ms
[2022-04-26T17:58:45.024-0700][gc,cpu      ] GC(122) User=0.02s Sys=0.02s Real=0.02s
[2022-04-27T09:53:49.844-0700][gc,start    ] GC(123) Pause Young (Normal) (G1 Evacuation Pause)
[2022-04-27T09:53:49.846-0700][gc,task     ] GC(123) Using 9 workers of 9 for evacuation
[2022-04-27T09:53:49.853-0700][gc,phases   ] GC(123)   Pre Evacuate Collection Set: 1.0ms
[2022-04-27T09:53:49.853-0700][gc,phases   ] GC(123)   Merge Heap Roots: 0.2ms
[2022-04-27T09:53:49.853-0700][gc,phases   ] GC(123)   Evacuate Collection Set: 4.2ms
[2022-04-27T09:53:49.853-0700][gc,phases   ] GC(123)   Post Evacuate Collection Set: 1.3ms
[2022-04-27T09:53:49.853-0700][gc,phases   ] GC(123)   Other: 2.2ms
[2022-04-27T09:53:49.853-0700][gc,heap     ] GC(123) Eden regions: 254->0(254)
[2022-04-27T09:53:49.853-0700][gc,heap     ] GC(123) Survivor regions: 2->2(32)
[2022-04-27T09:53:49.853-0700][gc,heap     ] GC(123) Old regions: 34->34
[2022-04-27T09:53:49.853-0700][gc,heap     ] GC(123) Archive regions: 2->2
[2022-04-27T09:53:49.853-0700][gc,heap     ] GC(123) Humongous regions: 12->12
[2022-04-27T09:53:49.853-0700][gc,metaspace] GC(123) Metaspace: 67972K(68544K)->67972K(68544K) NonClass: 59978K(60288K)->59978K(60288K) Class: 7993K(8256K)->7993K(8256K)
[2022-04-27T09:53:49.853-0700][gc          ] GC(123) Pause Young (Normal) (G1 Evacuation Pause) 302M->48M(512M) 8.840ms
[2022-04-27T09:53:49.853-0700][gc,cpu      ] GC(123) User=0.01s Sys=0.02s Real=0.01s
[2022-04-27T10:09:26.358-0700][gc,start    ] GC(124) Pause Young (Normal) (G1 Evacuation Pause)
[2022-04-27T10:09:26.360-0700][gc,task     ] GC(124) Using 9 workers of 9 for evacuation
[2022-04-27T10:09:26.379-0700][gc,phases   ] GC(124)   Pre Evacuate Collection Set: 1.0ms
[2022-04-27T10:09:26.379-0700][gc,phases   ] GC(124)   Merge Heap Roots: 0.2ms
[2022-04-27T10:09:26.379-0700][gc,phases   ] GC(124)   Evacuate Collection Set: 14.6ms
[2022-04-27T10:09:26.379-0700][gc,phases   ] GC(124)   Post Evacuate Collection Set: 2.5ms
[2022-04-27T10:09:26.379-0700][gc,phases   ] GC(124)   Other: 2.8ms
[2022-04-27T10:09:26.379-0700][gc,heap     ] GC(124) Eden regions: 254->0(254)
[2022-04-27T10:09:26.379-0700][gc,heap     ] GC(124) Survivor regions: 2->2(32)
[2022-04-27T10:09:26.379-0700][gc,heap     ] GC(124) Old regions: 34->34
[2022-04-27T10:09:26.379-0700][gc,heap     ] GC(124) Archive regions: 2->2
[2022-04-27T10:09:26.379-0700][gc,heap     ] GC(124) Humongous regions: 12->12
[2022-04-27T10:09:26.379-0700][gc,metaspace] GC(124) Metaspace: 67973K(68544K)->67973K(68544K) NonClass: 59979K(60288K)->59979K(60288K) Class: 7993K(8256K)->7993K(8256K)
[2022-04-27T10:09:26.379-0700][gc          ] GC(124) Pause Young (Normal) (G1 Evacuation Pause) 302M->48M(512M) 21.391ms
[2022-04-27T10:09:26.379-0700][gc,cpu      ] GC(124) User=0.01s Sys=0.01s Real=0.02s
[2022-04-27T10:25:04.293-0700][gc,start    ] GC(125) Pause Young (Normal) (G1 Evacuation Pause)
[2022-04-27T10:25:04.295-0700][gc,task     ] GC(125) Using 9 workers of 9 for evacuation
[2022-04-27T10:25:04.311-0700][gc,phases   ] GC(125)   Pre Evacuate Collection Set: 1.5ms
[2022-04-27T10:25:04.311-0700][gc,phases   ] GC(125)   Merge Heap Roots: 0.4ms
[2022-04-27T10:25:04.311-0700][gc,phases   ] GC(125)   Evacuate Collection Set: 8.6ms
[2022-04-27T10:25:04.311-0700][gc,phases   ] GC(125)   Post Evacuate Collection Set: 5.3ms
[2022-04-27T10:25:04.311-0700][gc,phases   ] GC(125)   Other: 3.0ms
[2022-04-27T10:25:04.311-0700][gc,heap     ] GC(125) Eden regions: 254->0(254)
[2022-04-27T10:25:04.311-0700][gc,heap     ] GC(125) Survivor regions: 2->2(32)
[2022-04-27T10:25:04.311-0700][gc,heap     ] GC(125) Old regions: 34->34
[2022-04-27T10:25:04.311-0700][gc,heap     ] GC(125) Archive regions: 2->2
[2022-04-27T10:25:04.311-0700][gc,heap     ] GC(125) Humongous regions: 12->12
[2022-04-27T10:25:04.311-0700][gc,metaspace] GC(125) Metaspace: 67973K(68544K)->67973K(68544K) NonClass: 59979K(60288K)->59979K(60288K) Class: 7993K(8256K)->7993K(8256K)
[2022-04-27T10:25:04.312-0700][gc          ] GC(125) Pause Young (Normal) (G1 Evacuation Pause) 302M->48M(512M) 18.856ms
[2022-04-27T10:25:04.312-0700][gc,cpu      ] GC(125) User=0.01s Sys=0.01s Real=0.02s
[2022-04-27T10:40:39.100-0700][gc,start    ] GC(126) Pause Young (Normal) (G1 Evacuation Pause)
[2022-04-27T10:40:39.101-0700][gc,task     ] GC(126) Using 9 workers of 9 for evacuation
[2022-04-27T10:40:39.123-0700][gc,phases   ] GC(126)   Pre Evacuate Collection Set: 1.0ms
[2022-04-27T10:40:39.123-0700][gc,phases   ] GC(126)   Merge Heap Roots: 0.3ms
[2022-04-27T10:40:39.123-0700][gc,phases   ] GC(126)   Evacuate Collection Set: 18.9ms
[2022-04-27T10:40:39.123-0700][gc,phases   ] GC(126)   Post Evacuate Collection Set: 1.3ms
[2022-04-27T10:40:39.123-0700][gc,phases   ] GC(126)   Other: 1.3ms
[2022-04-27T10:40:39.123-0700][gc,heap     ] GC(126) Eden regions: 254->0(254)
[2022-04-27T10:40:39.123-0700][gc,heap     ] GC(126) Survivor regions: 2->2(32)
[2022-04-27T10:40:39.123-0700][gc,heap     ] GC(126) Old regions: 34->34
[2022-04-27T10:40:39.123-0700][gc,heap     ] GC(126) Archive regions: 2->2
[2022-04-27T10:40:39.123-0700][gc,heap     ] GC(126) Humongous regions: 12->12
[2022-04-27T10:40:39.123-0700][gc,metaspace] GC(126) Metaspace: 67973K(68544K)->67973K(68544K) NonClass: 59979K(60288K)->59979K(60288K) Class: 7993K(8256K)->7993K(8256K)
[2022-04-27T10:40:39.123-0700][gc          ] GC(126) Pause Young (Normal) (G1 Evacuation Pause) 302M->48M(512M) 22.902ms
[2022-04-27T10:40:39.123-0700][gc,cpu      ] GC(126) User=0.00s Sys=0.02s Real=0.02s
[2022-04-27T10:56:08.885-0700][gc,start    ] GC(127) Pause Young (Normal) (G1 Evacuation Pause)
[2022-04-27T10:56:08.886-0700][gc,task     ] GC(127) Using 9 workers of 9 for evacuation
[2022-04-27T10:56:08.899-0700][gc,phases   ] GC(127)   Pre Evacuate Collection Set: 1.0ms
[2022-04-27T10:56:08.899-0700][gc,phases   ] GC(127)   Merge Heap Roots: 0.3ms
[2022-04-27T10:56:08.899-0700][gc,phases   ] GC(127)   Evacuate Collection Set: 9.4ms
[2022-04-27T10:56:08.899-0700][gc,phases   ] GC(127)   Post Evacuate Collection Set: 1.5ms
[2022-04-27T10:56:08.899-0700][gc,phases   ] GC(127)   Other: 1.6ms
[2022-04-27T10:56:08.899-0700][gc,heap     ] GC(127) Eden regions: 254->0(254)
[2022-04-27T10:56:08.899-0700][gc,heap     ] GC(127) Survivor regions: 2->2(32)
[2022-04-27T10:56:08.899-0700][gc,heap     ] GC(127) Old regions: 34->34
[2022-04-27T10:56:08.899-0700][gc,heap     ] GC(127) Archive regions: 2->2
[2022-04-27T10:56:08.899-0700][gc,heap     ] GC(127) Humongous regions: 12->12
[2022-04-27T10:56:08.899-0700][gc,metaspace] GC(127) Metaspace: 67973K(68544K)->67973K(68544K) NonClass: 59979K(60288K)->59979K(60288K) Class: 7993K(8256K)->7993K(8256K)
[2022-04-27T10:56:08.899-0700][gc          ] GC(127) Pause Young (Normal) (G1 Evacuation Pause) 302M->47M(512M) 13.887ms
[2022-04-27T10:56:08.899-0700][gc,cpu      ] GC(127) User=0.01s Sys=0.01s Real=0.01s
[2022-04-27T11:11:39.999-0700][gc,start    ] GC(128) Pause Young (Normal) (G1 Evacuation Pause)
[2022-04-27T11:11:40.001-0700][gc,task     ] GC(128) Using 9 workers of 9 for evacuation
[2022-04-27T11:11:40.019-0700][gc,phases   ] GC(128)   Pre Evacuate Collection Set: 2.2ms
[2022-04-27T11:11:40.019-0700][gc,phases   ] GC(128)   Merge Heap Roots: 0.6ms
[2022-04-27T11:11:40.019-0700][gc,phases   ] GC(128)   Evacuate Collection Set: 13.1ms
[2022-04-27T11:11:40.019-0700][gc,phases   ] GC(128)   Post Evacuate Collection Set: 1.4ms
[2022-04-27T11:11:40.019-0700][gc,phases   ] GC(128)   Other: 2.7ms
[2022-04-27T11:11:40.019-0700][gc,heap     ] GC(128) Eden regions: 254->0(254)
[2022-04-27T11:11:40.019-0700][gc,heap     ] GC(128) Survivor regions: 2->2(32)
[2022-04-27T11:11:40.019-0700][gc,heap     ] GC(128) Old regions: 34->34
[2022-04-27T11:11:40.019-0700][gc,heap     ] GC(128) Archive regions: 2->2
[2022-04-27T11:11:40.019-0700][gc,heap     ] GC(128) Humongous regions: 12->12
[2022-04-27T11:11:40.019-0700][gc,metaspace] GC(128) Metaspace: 67973K(68544K)->67973K(68544K) NonClass: 59979K(60288K)->59979K(60288K) Class: 7993K(8256K)->7993K(8256K)
[2022-04-27T11:11:40.019-0700][gc          ] GC(128) Pause Young (Normal) (G1 Evacuation Pause) 301M->48M(512M) 20.062ms
[2022-04-27T11:11:40.020-0700][gc,cpu      ] GC(128) User=0.01s Sys=0.02s Real=0.03s
[2022-04-27T11:27:02.241-0700][gc,start    ] GC(129) Pause Young (Normal) (G1 Evacuation Pause)
[2022-04-27T11:27:02.245-0700][gc,task     ] GC(129) Using 9 workers of 9 for evacuation
[2022-04-27T11:27:02.262-0700][gc,phases   ] GC(129)   Pre Evacuate Collection Set: 2.1ms
[2022-04-27T11:27:02.262-0700][gc,phases   ] GC(129)   Merge Heap Roots: 0.4ms
[2022-04-27T11:27:02.262-0700][gc,phases   ] GC(129)   Evacuate Collection Set: 13.1ms
[2022-04-27T11:27:02.262-0700][gc,phases   ] GC(129)   Post Evacuate Collection Set: 1.8ms
[2022-04-27T11:27:02.262-0700][gc,phases   ] GC(129)   Other: 3.8ms
[2022-04-27T11:27:02.262-0700][gc,heap     ] GC(129) Eden regions: 254->0(254)
[2022-04-27T11:27:02.262-0700][gc,heap     ] GC(129) Survivor regions: 2->2(32)
[2022-04-27T11:27:02.262-0700][gc,heap     ] GC(129) Old regions: 34->34
[2022-04-27T11:27:02.262-0700][gc,heap     ] GC(129) Archive regions: 2->2
[2022-04-27T11:27:02.263-0700][gc,heap     ] GC(129) Humongous regions: 12->12
[2022-04-27T11:27:02.263-0700][gc,metaspace] GC(129) Metaspace: 67973K(68544K)->67973K(68544K) NonClass: 59979K(60288K)->59979K(60288K) Class: 7993K(8256K)->7993K(8256K)
[2022-04-27T11:27:02.263-0700][gc          ] GC(129) Pause Young (Normal) (G1 Evacuation Pause) 302M->48M(512M) 21.229ms
[2022-04-27T11:27:02.263-0700][gc,cpu      ] GC(129) User=0.02s Sys=0.02s Real=0.02s
[2022-04-27T11:42:32.508-0700][gc,start    ] GC(130) Pause Young (Normal) (G1 Evacuation Pause)
[2022-04-27T11:42:32.509-0700][gc,task     ] GC(130) Using 9 workers of 9 for evacuation
[2022-04-27T11:42:32.522-0700][gc,phases   ] GC(130)   Pre Evacuate Collection Set: 0.6ms
[2022-04-27T11:42:32.522-0700][gc,phases   ] GC(130)   Merge Heap Roots: 0.2ms
[2022-04-27T11:42:32.522-0700][gc,phases   ] GC(130)   Evacuate Collection Set: 11.8ms
[2022-04-27T11:42:32.522-0700][gc,phases   ] GC(130)   Post Evacuate Collection Set: 0.9ms
[2022-04-27T11:42:32.522-0700][gc,phases   ] GC(130)   Other: 1.1ms
[2022-04-27T11:42:32.522-0700][gc,heap     ] GC(130) Eden regions: 254->0(254)
[2022-04-27T11:42:32.522-0700][gc,heap     ] GC(130) Survivor regions: 2->2(32)
[2022-04-27T11:42:32.523-0700][gc,heap     ] GC(130) Old regions: 34->34
[2022-04-27T11:42:32.523-0700][gc,heap     ] GC(130) Archive regions: 2->2
[2022-04-27T11:42:32.523-0700][gc,heap     ] GC(130) Humongous regions: 14->14
[2022-04-27T11:42:32.523-0700][gc,metaspace] GC(130) Metaspace: 67973K(68544K)->67973K(68544K) NonClass: 59979K(60288K)->59979K(60288K) Class: 7993K(8256K)->7993K(8256K)
[2022-04-27T11:42:32.523-0700][gc          ] GC(130) Pause Young (Normal) (G1 Evacuation Pause) 304M->50M(512M) 14.697ms
[2022-04-27T11:42:32.523-0700][gc,cpu      ] GC(130) User=0.02s Sys=0.01s Real=0.02s
[2022-04-27T11:58:04.325-0700][gc,start    ] GC(131) Pause Young (Normal) (G1 Evacuation Pause)
[2022-04-27T11:58:04.327-0700][gc,task     ] GC(131) Using 9 workers of 9 for evacuation
[2022-04-27T11:58:04.339-0700][gc,phases   ] GC(131)   Pre Evacuate Collection Set: 0.7ms
[2022-04-27T11:58:04.340-0700][gc,phases   ] GC(131)   Merge Heap Roots: 0.3ms
[2022-04-27T11:58:04.340-0700][gc,phases   ] GC(131)   Evacuate Collection Set: 8.7ms
[2022-04-27T11:58:04.340-0700][gc,phases   ] GC(131)   Post Evacuate Collection Set: 2.1ms
[2022-04-27T11:58:04.340-0700][gc,phases   ] GC(131)   Other: 3.2ms
[2022-04-27T11:58:04.340-0700][gc,heap     ] GC(131) Eden regions: 254->0(254)
[2022-04-27T11:58:04.340-0700][gc,heap     ] GC(131) Survivor regions: 2->2(32)
[2022-04-27T11:58:04.340-0700][gc,heap     ] GC(131) Old regions: 34->34
[2022-04-27T11:58:04.340-0700][gc,heap     ] GC(131) Archive regions: 2->2
[2022-04-27T11:58:04.340-0700][gc,heap     ] GC(131) Humongous regions: 14->14
[2022-04-27T11:58:04.340-0700][gc,metaspace] GC(131) Metaspace: 67974K(68544K)->67974K(68544K) NonClass: 59980K(60288K)->59980K(60288K) Class: 7993K(8256K)->7993K(8256K)
[2022-04-27T11:58:04.340-0700][gc          ] GC(131) Pause Young (Normal) (G1 Evacuation Pause) 304M->50M(512M) 15.278ms
[2022-04-27T11:58:04.340-0700][gc,cpu      ] GC(131) User=0.01s Sys=0.02s Real=0.02s
[2022-04-27T12:13:28.964-0700][gc,start    ] GC(132) Pause Young (Normal) (G1 Evacuation Pause)
[2022-04-27T12:13:28.966-0700][gc,task     ] GC(132) Using 9 workers of 9 for evacuation
[2022-04-27T12:13:28.978-0700][gc,phases   ] GC(132)   Pre Evacuate Collection Set: 0.8ms
[2022-04-27T12:13:28.978-0700][gc,phases   ] GC(132)   Merge Heap Roots: 0.3ms
[2022-04-27T12:13:28.978-0700][gc,phases   ] GC(132)   Evacuate Collection Set: 7.8ms
[2022-04-27T12:13:28.978-0700][gc,phases   ] GC(132)   Post Evacuate Collection Set: 2.7ms
[2022-04-27T12:13:28.978-0700][gc,phases   ] GC(132)   Other: 2.9ms
[2022-04-27T12:13:28.978-0700][gc,heap     ] GC(132) Eden regions: 254->0(254)
[2022-04-27T12:13:28.978-0700][gc,heap     ] GC(132) Survivor regions: 2->2(32)
[2022-04-27T12:13:28.978-0700][gc,heap     ] GC(132) Old regions: 34->34
[2022-04-27T12:13:28.978-0700][gc,heap     ] GC(132) Archive regions: 2->2
[2022-04-27T12:13:28.978-0700][gc,heap     ] GC(132) Humongous regions: 14->14
[2022-04-27T12:13:28.978-0700][gc,metaspace] GC(132) Metaspace: 67974K(68544K)->67974K(68544K) NonClass: 59980K(60288K)->59980K(60288K) Class: 7993K(8256K)->7993K(8256K)
[2022-04-27T12:13:28.979-0700][gc          ] GC(132) Pause Young (Normal) (G1 Evacuation Pause) 304M->50M(512M) 14.741ms
[2022-04-27T12:13:28.979-0700][gc,cpu      ] GC(132) User=0.02s Sys=0.00s Real=0.01s
[2022-04-27T12:28:55.994-0700][gc,start    ] GC(133) Pause Young (Normal) (G1 Evacuation Pause)
[2022-04-27T12:28:55.996-0700][gc,task     ] GC(133) Using 9 workers of 9 for evacuation
[2022-04-27T12:28:56.014-0700][gc,phases   ] GC(133)   Pre Evacuate Collection Set: 1.2ms
[2022-04-27T12:28:56.014-0700][gc,phases   ] GC(133)   Merge Heap Roots: 0.3ms
[2022-04-27T12:28:56.014-0700][gc,phases   ] GC(133)   Evacuate Collection Set: 13.9ms
[2022-04-27T12:28:56.014-0700][gc,phases   ] GC(133)   Post Evacuate Collection Set: 1.9ms
[2022-04-27T12:28:56.014-0700][gc,phases   ] GC(133)   Other: 3.1ms
[2022-04-27T12:28:56.014-0700][gc,heap     ] GC(133) Eden regions: 254->0(254)
[2022-04-27T12:28:56.014-0700][gc,heap     ] GC(133) Survivor regions: 2->2(32)
[2022-04-27T12:28:56.014-0700][gc,heap     ] GC(133) Old regions: 34->35
[2022-04-27T12:28:56.014-0700][gc,heap     ] GC(133) Archive regions: 2->2
[2022-04-27T12:28:56.014-0700][gc,heap     ] GC(133) Humongous regions: 14->14
[2022-04-27T12:28:56.014-0700][gc,metaspace] GC(133) Metaspace: 67974K(68544K)->67974K(68544K) NonClass: 59980K(60288K)->59980K(60288K) Class: 7993K(8256K)->7993K(8256K)
[2022-04-27T12:28:56.015-0700][gc          ] GC(133) Pause Young (Normal) (G1 Evacuation Pause) 304M->50M(512M) 20.797ms
[2022-04-27T12:28:56.015-0700][gc,cpu      ] GC(133) User=0.01s Sys=0.01s Real=0.02s
[2022-04-27T12:44:20.940-0700][gc,start    ] GC(134) Pause Young (Normal) (G1 Evacuation Pause)
[2022-04-27T12:44:20.942-0700][gc,task     ] GC(134) Using 9 workers of 9 for evacuation
[2022-04-27T12:44:20.971-0700][gc,phases   ] GC(134)   Pre Evacuate Collection Set: 2.8ms
[2022-04-27T12:44:20.971-0700][gc,phases   ] GC(134)   Merge Heap Roots: 0.2ms
[2022-04-27T12:44:20.971-0700][gc,phases   ] GC(134)   Evacuate Collection Set: 23.2ms
[2022-04-27T12:44:20.971-0700][gc,phases   ] GC(134)   Post Evacuate Collection Set: 2.6ms
[2022-04-27T12:44:20.971-0700][gc,phases   ] GC(134)   Other: 2.4ms
[2022-04-27T12:44:20.971-0700][gc,heap     ] GC(134) Eden regions: 254->0(254)
[2022-04-27T12:44:20.971-0700][gc,heap     ] GC(134) Survivor regions: 2->2(32)
[2022-04-27T12:44:20.971-0700][gc,heap     ] GC(134) Old regions: 35->35
[2022-04-27T12:44:20.971-0700][gc,heap     ] GC(134) Archive regions: 2->2
[2022-04-27T12:44:20.971-0700][gc,heap     ] GC(134) Humongous regions: 14->14
[2022-04-27T12:44:20.971-0700][gc,metaspace] GC(134) Metaspace: 67974K(68544K)->67974K(68544K) NonClass: 59980K(60288K)->59980K(60288K) Class: 7993K(8256K)->7993K(8256K)
[2022-04-27T12:44:20.971-0700][gc          ] GC(134) Pause Young (Normal) (G1 Evacuation Pause) 304M->50M(512M) 31.212ms
[2022-04-27T12:44:20.971-0700][gc,cpu      ] GC(134) User=0.01s Sys=0.03s Real=0.03s
[2022-04-27T12:59:44.021-0700][gc,start    ] GC(135) Pause Young (Normal) (G1 Evacuation Pause)
[2022-04-27T12:59:44.022-0700][gc,task     ] GC(135) Using 9 workers of 9 for evacuation
[2022-04-27T12:59:44.039-0700][gc,phases   ] GC(135)   Pre Evacuate Collection Set: 1.8ms
[2022-04-27T12:59:44.039-0700][gc,phases   ] GC(135)   Merge Heap Roots: 0.3ms
[2022-04-27T12:59:44.040-0700][gc,phases   ] GC(135)   Evacuate Collection Set: 12.3ms
[2022-04-27T12:59:44.040-0700][gc,phases   ] GC(135)   Post Evacuate Collection Set: 2.5ms
[2022-04-27T12:59:44.040-0700][gc,phases   ] GC(135)   Other: 2.0ms
[2022-04-27T12:59:44.040-0700][gc,heap     ] GC(135) Eden regions: 254->0(254)
[2022-04-27T12:59:44.040-0700][gc,heap     ] GC(135) Survivor regions: 2->2(32)
[2022-04-27T12:59:44.040-0700][gc,heap     ] GC(135) Old regions: 35->35
[2022-04-27T12:59:44.040-0700][gc,heap     ] GC(135) Archive regions: 2->2
[2022-04-27T12:59:44.040-0700][gc,heap     ] GC(135) Humongous regions: 14->14
[2022-04-27T12:59:44.040-0700][gc,metaspace] GC(135) Metaspace: 67975K(68544K)->67975K(68544K) NonClass: 59981K(60288K)->59981K(60288K) Class: 7993K(8256K)->7993K(8256K)
[2022-04-27T12:59:44.040-0700][gc          ] GC(135) Pause Young (Normal) (G1 Evacuation Pause) 304M->50M(512M) 19.002ms
[2022-04-27T12:59:44.040-0700][gc,cpu      ] GC(135) User=0.00s Sys=0.02s Real=0.02s
[2022-04-27T13:15:02.150-0700][gc,start    ] GC(136) Pause Young (Normal) (G1 Evacuation Pause)
[2022-04-27T13:15:02.152-0700][gc,task     ] GC(136) Using 9 workers of 9 for evacuation
[2022-04-27T13:15:02.192-0700][gc,phases   ] GC(136)   Pre Evacuate Collection Set: 6.7ms
[2022-04-27T13:15:02.192-0700][gc,phases   ] GC(136)   Merge Heap Roots: 0.3ms
[2022-04-27T13:15:02.192-0700][gc,phases   ] GC(136)   Evacuate Collection Set: 30.6ms
[2022-04-27T13:15:02.192-0700][gc,phases   ] GC(136)   Post Evacuate Collection Set: 1.5ms
[2022-04-27T13:15:02.192-0700][gc,phases   ] GC(136)   Other: 2.6ms
[2022-04-27T13:15:02.192-0700][gc,heap     ] GC(136) Eden regions: 254->0(254)
[2022-04-27T13:15:02.192-0700][gc,heap     ] GC(136) Survivor regions: 2->2(32)
[2022-04-27T13:15:02.192-0700][gc,heap     ] GC(136) Old regions: 35->35
[2022-04-27T13:15:02.192-0700][gc,heap     ] GC(136) Archive regions: 2->2
[2022-04-27T13:15:02.192-0700][gc,heap     ] GC(136) Humongous regions: 14->14
[2022-04-27T13:15:02.192-0700][gc,metaspace] GC(136) Metaspace: 67976K(68544K)->67976K(68544K) NonClass: 59982K(60288K)->59982K(60288K) Class: 7993K(8256K)->7993K(8256K)
[2022-04-27T13:15:02.192-0700][gc          ] GC(136) Pause Young (Normal) (G1 Evacuation Pause) 304M->50M(512M) 41.711ms
[2022-04-27T13:15:02.192-0700][gc,cpu      ] GC(136) User=0.01s Sys=0.05s Real=0.04s
[2022-04-27T13:30:24.532-0700][gc,start    ] GC(137) Pause Young (Normal) (G1 Evacuation Pause)
[2022-04-27T13:30:24.534-0700][gc,task     ] GC(137) Using 9 workers of 9 for evacuation
[2022-04-27T13:30:24.547-0700][gc,phases   ] GC(137)   Pre Evacuate Collection Set: 1.2ms
[2022-04-27T13:30:24.547-0700][gc,phases   ] GC(137)   Merge Heap Roots: 1.2ms
[2022-04-27T13:30:24.547-0700][gc,phases   ] GC(137)   Evacuate Collection Set: 8.9ms
[2022-04-27T13:30:24.548-0700][gc,phases   ] GC(137)   Post Evacuate Collection Set: 1.8ms
[2022-04-27T13:30:24.548-0700][gc,phases   ] GC(137)   Other: 2.5ms
[2022-04-27T13:30:24.548-0700][gc,heap     ] GC(137) Eden regions: 254->0(254)
[2022-04-27T13:30:24.548-0700][gc,heap     ] GC(137) Survivor regions: 2->2(32)
[2022-04-27T13:30:24.548-0700][gc,heap     ] GC(137) Old regions: 35->35
[2022-04-27T13:30:24.548-0700][gc,heap     ] GC(137) Archive regions: 2->2
[2022-04-27T13:30:24.548-0700][gc,heap     ] GC(137) Humongous regions: 14->14
[2022-04-27T13:30:24.548-0700][gc,metaspace] GC(137) Metaspace: 67976K(68544K)->67976K(68544K) NonClass: 59982K(60288K)->59982K(60288K) Class: 7993K(8256K)->7993K(8256K)
[2022-04-27T13:30:24.548-0700][gc          ] GC(137) Pause Young (Normal) (G1 Evacuation Pause) 304M->50M(512M) 15.770ms
[2022-04-27T13:30:24.548-0700][gc,cpu      ] GC(137) User=0.01s Sys=0.01s Real=0.01s
[2022-04-27T13:44:32.613-0700][gc,start    ] GC(138) Pause Young (Normal) (G1 Evacuation Pause)
[2022-04-27T13:44:32.615-0700][gc,task     ] GC(138) Using 9 workers of 9 for evacuation
[2022-04-27T13:44:32.644-0700][gc,phases   ] GC(138)   Pre Evacuate Collection Set: 1.5ms
[2022-04-27T13:44:32.644-0700][gc,phases   ] GC(138)   Merge Heap Roots: 0.2ms
[2022-04-27T13:44:32.644-0700][gc,phases   ] GC(138)   Evacuate Collection Set: 6.3ms
[2022-04-27T13:44:32.644-0700][gc,phases   ] GC(138)   Post Evacuate Collection Set: 3.4ms
[2022-04-27T13:44:32.644-0700][gc,phases   ] GC(138)   Other: 20.3ms
[2022-04-27T13:44:32.644-0700][gc,heap     ] GC(138) Eden regions: 254->0(255)
[2022-04-27T13:44:32.644-0700][gc,heap     ] GC(138) Survivor regions: 2->1(32)
[2022-04-27T13:44:32.644-0700][gc,heap     ] GC(138) Old regions: 35->35
[2022-04-27T13:44:32.644-0700][gc,heap     ] GC(138) Archive regions: 2->2
[2022-04-27T13:44:32.644-0700][gc,heap     ] GC(138) Humongous regions: 14->14
[2022-04-27T13:44:32.644-0700][gc,metaspace] GC(138) Metaspace: 67976K(68544K)->67976K(68544K) NonClass: 59982K(60288K)->59982K(60288K) Class: 7993K(8256K)->7993K(8256K)
[2022-04-27T13:44:32.644-0700][gc          ] GC(138) Pause Young (Normal) (G1 Evacuation Pause) 304M->50M(512M) 30.955ms
[2022-04-27T13:44:32.644-0700][gc,cpu      ] GC(138) User=0.00s Sys=0.02s Real=0.03s
[2022-04-27T13:58:44.033-0700][gc,start    ] GC(139) Pause Young (Normal) (G1 Evacuation Pause)
[2022-04-27T13:58:44.034-0700][gc,task     ] GC(139) Using 9 workers of 9 for evacuation
[2022-04-27T13:58:44.051-0700][gc,phases   ] GC(139)   Pre Evacuate Collection Set: 1.4ms
[2022-04-27T13:58:44.051-0700][gc,phases   ] GC(139)   Merge Heap Roots: 0.3ms
[2022-04-27T13:58:44.051-0700][gc,phases   ] GC(139)   Evacuate Collection Set: 13.5ms
[2022-04-27T13:58:44.051-0700][gc,phases   ] GC(139)   Post Evacuate Collection Set: 1.5ms
[2022-04-27T13:58:44.051-0700][gc,phases   ] GC(139)   Other: 2.0ms
[2022-04-27T13:58:44.051-0700][gc,heap     ] GC(139) Eden regions: 255->0(255)
[2022-04-27T13:58:44.051-0700][gc,heap     ] GC(139) Survivor regions: 1->1(32)
[2022-04-27T13:58:44.051-0700][gc,heap     ] GC(139) Old regions: 35->35
[2022-04-27T13:58:44.051-0700][gc,heap     ] GC(139) Archive regions: 2->2
[2022-04-27T13:58:44.051-0700][gc,heap     ] GC(139) Humongous regions: 14->14
[2022-04-27T13:58:44.051-0700][gc,metaspace] GC(139) Metaspace: 67976K(68544K)->67976K(68544K) NonClass: 59982K(60288K)->59982K(60288K) Class: 7993K(8256K)->7993K(8256K)
[2022-04-27T13:58:44.051-0700][gc          ] GC(139) Pause Young (Normal) (G1 Evacuation Pause) 305M->50M(512M) 18.689ms
[2022-04-27T13:58:44.051-0700][gc,cpu      ] GC(139) User=0.01s Sys=0.03s Real=0.02s
[2022-04-27T14:13:01.998-0700][gc,start    ] GC(140) Pause Young (Normal) (G1 Evacuation Pause)
[2022-04-27T14:13:02.000-0700][gc,task     ] GC(140) Using 9 workers of 9 for evacuation
[2022-04-27T14:13:02.020-0700][gc,phases   ] GC(140)   Pre Evacuate Collection Set: 0.6ms
[2022-04-27T14:13:02.020-0700][gc,phases   ] GC(140)   Merge Heap Roots: 0.1ms
[2022-04-27T14:13:02.020-0700][gc,phases   ] GC(140)   Evacuate Collection Set: 7.0ms
[2022-04-27T14:13:02.020-0700][gc,phases   ] GC(140)   Post Evacuate Collection Set: 1.2ms
[2022-04-27T14:13:02.020-0700][gc,phases   ] GC(140)   Other: 2.1ms
[2022-04-27T14:13:02.020-0700][gc,heap     ] GC(140) Eden regions: 255->0(255)
[2022-04-27T14:13:02.020-0700][gc,heap     ] GC(140) Survivor regions: 1->1(32)
[2022-04-27T14:13:02.020-0700][gc,heap     ] GC(140) Old regions: 35->35
[2022-04-27T14:13:02.020-0700][gc,heap     ] GC(140) Archive regions: 2->2
[2022-04-27T14:13:02.020-0700][gc,heap     ] GC(140) Humongous regions: 14->14
[2022-04-27T14:13:02.020-0700][gc,metaspace] GC(140) Metaspace: 67976K(68544K)->67976K(68544K) NonClass: 59982K(60288K)->59982K(60288K) Class: 7993K(8256K)->7993K(8256K)
[2022-04-27T14:13:02.020-0700][gc          ] GC(140) Pause Young (Normal) (G1 Evacuation Pause) 305M->50M(512M) 21.999ms
[2022-04-27T14:13:02.020-0700][gc,cpu      ] GC(140) User=0.00s Sys=0.01s Real=0.03s
[2022-04-27T14:27:16.493-0700][gc,start    ] GC(141) Pause Young (Normal) (G1 Evacuation Pause)
[2022-04-27T14:27:16.495-0700][gc,task     ] GC(141) Using 9 workers of 9 for evacuation
[2022-04-27T14:27:16.505-0700][gc,phases   ] GC(141)   Pre Evacuate Collection Set: 1.0ms
[2022-04-27T14:27:16.505-0700][gc,phases   ] GC(141)   Merge Heap Roots: 0.1ms
[2022-04-27T14:27:16.505-0700][gc,phases   ] GC(141)   Evacuate Collection Set: 6.9ms
[2022-04-27T14:27:16.505-0700][gc,phases   ] GC(141)   Post Evacuate Collection Set: 2.0ms
[2022-04-27T14:27:16.505-0700][gc,phases   ] GC(141)   Other: 2.2ms
[2022-04-27T14:27:16.505-0700][gc,heap     ] GC(141) Eden regions: 255->0(255)
[2022-04-27T14:27:16.505-0700][gc,heap     ] GC(141) Survivor regions: 1->1(32)
[2022-04-27T14:27:16.505-0700][gc,heap     ] GC(141) Old regions: 35->35
[2022-04-27T14:27:16.505-0700][gc,heap     ] GC(141) Archive regions: 2->2
[2022-04-27T14:27:16.505-0700][gc,heap     ] GC(141) Humongous regions: 14->14
[2022-04-27T14:27:16.505-0700][gc,metaspace] GC(141) Metaspace: 67982K(68544K)->67982K(68544K) NonClass: 59989K(60288K)->59989K(60288K) Class: 7993K(8256K)->7993K(8256K)
[2022-04-27T14:27:16.505-0700][gc          ] GC(141) Pause Young (Normal) (G1 Evacuation Pause) 305M->50M(512M) 12.401ms
[2022-04-27T14:27:16.505-0700][gc,cpu      ] GC(141) User=0.01s Sys=0.01s Real=0.01s
[2022-04-27T14:41:32.291-0700][gc,start    ] GC(142) Pause Young (Normal) (G1 Evacuation Pause)
[2022-04-27T14:41:32.293-0700][gc,task     ] GC(142) Using 9 workers of 9 for evacuation
[2022-04-27T14:41:32.325-0700][gc,phases   ] GC(142)   Pre Evacuate Collection Set: 0.6ms
[2022-04-27T14:41:32.325-0700][gc,phases   ] GC(142)   Merge Heap Roots: 0.2ms
[2022-04-27T14:41:32.325-0700][gc,phases   ] GC(142)   Evacuate Collection Set: 17.6ms
[2022-04-27T14:41:32.325-0700][gc,phases   ] GC(142)   Post Evacuate Collection Set: 13.0ms
[2022-04-27T14:41:32.325-0700][gc,phases   ] GC(142)   Other: 2.3ms
[2022-04-27T14:41:32.325-0700][gc,heap     ] GC(142) Eden regions: 255->0(255)
[2022-04-27T14:41:32.325-0700][gc,heap     ] GC(142) Survivor regions: 1->1(32)
[2022-04-27T14:41:32.325-0700][gc,heap     ] GC(142) Old regions: 35->35
[2022-04-27T14:41:32.325-0700][gc,heap     ] GC(142) Archive regions: 2->2
[2022-04-27T14:41:32.325-0700][gc,heap     ] GC(142) Humongous regions: 14->14
[2022-04-27T14:41:32.325-0700][gc,metaspace] GC(142) Metaspace: 67982K(68544K)->67982K(68544K) NonClass: 59989K(60288K)->59989K(60288K) Class: 7993K(8256K)->7993K(8256K)
[2022-04-27T14:41:32.325-0700][gc          ] GC(142) Pause Young (Normal) (G1 Evacuation Pause) 305M->50M(512M) 33.932ms
[2022-04-27T14:41:32.325-0700][gc,cpu      ] GC(142) User=0.01s Sys=0.01s Real=0.03s
[2022-04-27T14:55:47.242-0700][gc,start    ] GC(143) Pause Young (Normal) (G1 Evacuation Pause)
[2022-04-27T14:55:47.244-0700][gc,task     ] GC(143) Using 9 workers of 9 for evacuation
[2022-04-27T14:55:47.273-0700][gc,phases   ] GC(143)   Pre Evacuate Collection Set: 9.6ms
[2022-04-27T14:55:47.273-0700][gc,phases   ] GC(143)   Merge Heap Roots: 10.3ms
[2022-04-27T14:55:47.273-0700][gc,phases   ] GC(143)   Evacuate Collection Set: 7.7ms
[2022-04-27T14:55:47.273-0700][gc,phases   ] GC(143)   Post Evacuate Collection Set: 1.1ms
[2022-04-27T14:55:47.273-0700][gc,phases   ] GC(143)   Other: 1.9ms
[2022-04-27T14:55:47.273-0700][gc,heap     ] GC(143) Eden regions: 255->0(255)
[2022-04-27T14:55:47.273-0700][gc,heap     ] GC(143) Survivor regions: 1->1(32)
[2022-04-27T14:55:47.273-0700][gc,heap     ] GC(143) Old regions: 35->35
[2022-04-27T14:55:47.273-0700][gc,heap     ] GC(143) Archive regions: 2->2
[2022-04-27T14:55:47.273-0700][gc,heap     ] GC(143) Humongous regions: 14->14
[2022-04-27T14:55:47.273-0700][gc,metaspace] GC(143) Metaspace: 67982K(68544K)->67982K(68544K) NonClass: 59989K(60288K)->59989K(60288K) Class: 7993K(8256K)->7993K(8256K)
[2022-04-27T14:55:47.273-0700][gc          ] GC(143) Pause Young (Normal) (G1 Evacuation Pause) 305M->50M(512M) 30.674ms
[2022-04-27T14:55:47.273-0700][gc,cpu      ] GC(143) User=0.01s Sys=0.02s Real=0.03s
[2022-04-27T15:09:58.729-0700][gc,start    ] GC(144) Pause Young (Normal) (G1 Evacuation Pause)
[2022-04-27T15:09:58.732-0700][gc,task     ] GC(144) Using 9 workers of 9 for evacuation
[2022-04-27T15:09:58.755-0700][gc,phases   ] GC(144)   Pre Evacuate Collection Set: 1.6ms
[2022-04-27T15:09:58.755-0700][gc,phases   ] GC(144)   Merge Heap Roots: 0.3ms
[2022-04-27T15:09:58.755-0700][gc,phases   ] GC(144)   Evacuate Collection Set: 19.1ms
[2022-04-27T15:09:58.755-0700][gc,phases   ] GC(144)   Post Evacuate Collection Set: 1.4ms
[2022-04-27T15:09:58.755-0700][gc,phases   ] GC(144)   Other: 3.6ms
[2022-04-27T15:09:58.755-0700][gc,heap     ] GC(144) Eden regions: 255->0(255)
[2022-04-27T15:09:58.755-0700][gc,heap     ] GC(144) Survivor regions: 1->1(32)
[2022-04-27T15:09:58.755-0700][gc,heap     ] GC(144) Old regions: 35->35
[2022-04-27T15:09:58.755-0700][gc,heap     ] GC(144) Archive regions: 2->2
[2022-04-27T15:09:58.755-0700][gc,heap     ] GC(144) Humongous regions: 14->14
[2022-04-27T15:09:58.755-0700][gc,metaspace] GC(144) Metaspace: 67982K(68544K)->67982K(68544K) NonClass: 59989K(60288K)->59989K(60288K) Class: 7993K(8256K)->7993K(8256K)
[2022-04-27T15:09:58.755-0700][gc          ] GC(144) Pause Young (Normal) (G1 Evacuation Pause) 305M->50M(512M) 26.000ms
[2022-04-27T15:09:58.755-0700][gc,cpu      ] GC(144) User=0.01s Sys=0.01s Real=0.03s
[2022-04-27T15:24:09.738-0700][gc,start    ] GC(145) Pause Young (Normal) (G1 Evacuation Pause)
[2022-04-27T15:24:09.741-0700][gc,task     ] GC(145) Using 9 workers of 9 for evacuation
[2022-04-27T15:24:09.759-0700][gc,phases   ] GC(145)   Pre Evacuate Collection Set: 1.8ms
[2022-04-27T15:24:09.759-0700][gc,phases   ] GC(145)   Merge Heap Roots: 0.3ms
[2022-04-27T15:24:09.759-0700][gc,phases   ] GC(145)   Evacuate Collection Set: 13.0ms
[2022-04-27T15:24:09.759-0700][gc,phases   ] GC(145)   Post Evacuate Collection Set: 2.0ms
[2022-04-27T15:24:09.759-0700][gc,phases   ] GC(145)   Other: 3.8ms
[2022-04-27T15:24:09.759-0700][gc,heap     ] GC(145) Eden regions: 255->0(255)
[2022-04-27T15:24:09.759-0700][gc,heap     ] GC(145) Survivor regions: 1->1(32)
[2022-04-27T15:24:09.759-0700][gc,heap     ] GC(145) Old regions: 35->35
[2022-04-27T15:24:09.759-0700][gc,heap     ] GC(145) Archive regions: 2->2
[2022-04-27T15:24:09.759-0700][gc,heap     ] GC(145) Humongous regions: 14->14
[2022-04-27T15:24:09.759-0700][gc,metaspace] GC(145) Metaspace: 67982K(68544K)->67982K(68544K) NonClass: 59989K(60288K)->59989K(60288K) Class: 7993K(8256K)->7993K(8256K)
[2022-04-27T15:24:09.759-0700][gc          ] GC(145) Pause Young (Normal) (G1 Evacuation Pause) 305M->50M(512M) 20.499ms
[2022-04-27T15:24:09.759-0700][gc,cpu      ] GC(145) User=0.01s Sys=0.02s Real=0.02s
[2022-04-27T15:38:21.163-0700][gc,start    ] GC(146) Pause Young (Normal) (G1 Evacuation Pause)
[2022-04-27T15:38:21.165-0700][gc,task     ] GC(146) Using 9 workers of 9 for evacuation
[2022-04-27T15:38:21.193-0700][gc,phases   ] GC(146)   Pre Evacuate Collection Set: 1.4ms
[2022-04-27T15:38:21.193-0700][gc,phases   ] GC(146)   Merge Heap Roots: 0.4ms
[2022-04-27T15:38:21.193-0700][gc,phases   ] GC(146)   Evacuate Collection Set: 23.0ms
[2022-04-27T15:38:21.193-0700][gc,phases   ] GC(146)   Post Evacuate Collection Set: 3.2ms
[2022-04-27T15:38:21.194-0700][gc,phases   ] GC(146)   Other: 2.9ms
[2022-04-27T15:38:21.194-0700][gc,heap     ] GC(146) Eden regions: 255->0(255)
[2022-04-27T15:38:21.194-0700][gc,heap     ] GC(146) Survivor regions: 1->1(32)
[2022-04-27T15:38:21.194-0700][gc,heap     ] GC(146) Old regions: 35->35
[2022-04-27T15:38:21.194-0700][gc,heap     ] GC(146) Archive regions: 2->2
[2022-04-27T15:38:21.194-0700][gc,heap     ] GC(146) Humongous regions: 14->14
[2022-04-27T15:38:21.194-0700][gc,metaspace] GC(146) Metaspace: 67982K(68544K)->67982K(68544K) NonClass: 59989K(60288K)->59989K(60288K) Class: 7993K(8256K)->7993K(8256K)
[2022-04-27T15:38:21.194-0700][gc          ] GC(146) Pause Young (Normal) (G1 Evacuation Pause) 305M->50M(512M) 30.962ms
[2022-04-27T15:38:21.194-0700][gc,cpu      ] GC(146) User=0.01s Sys=0.01s Real=0.03s
[2022-04-27T15:52:37.579-0700][gc,start    ] GC(147) Pause Young (Normal) (G1 Evacuation Pause)
[2022-04-27T15:52:37.582-0700][gc,task     ] GC(147) Using 9 workers of 9 for evacuation
[2022-04-27T15:52:37.605-0700][gc,phases   ] GC(147)   Pre Evacuate Collection Set: 1.9ms
[2022-04-27T15:52:37.605-0700][gc,phases   ] GC(147)   Merge Heap Roots: 0.4ms
[2022-04-27T15:52:37.605-0700][gc,phases   ] GC(147)   Evacuate Collection Set: 18.2ms
[2022-04-27T15:52:37.605-0700][gc,phases   ] GC(147)   Post Evacuate Collection Set: 1.5ms
[2022-04-27T15:52:37.605-0700][gc,phases   ] GC(147)   Other: 3.6ms
[2022-04-27T15:52:37.605-0700][gc,heap     ] GC(147) Eden regions: 255->0(255)
[2022-04-27T15:52:37.605-0700][gc,heap     ] GC(147) Survivor regions: 1->1(32)
[2022-04-27T15:52:37.605-0700][gc,heap     ] GC(147) Old regions: 35->35
[2022-04-27T15:52:37.605-0700][gc,heap     ] GC(147) Archive regions: 2->2
[2022-04-27T15:52:37.605-0700][gc,heap     ] GC(147) Humongous regions: 14->14
[2022-04-27T15:52:37.605-0700][gc,metaspace] GC(147) Metaspace: 67982K(68544K)->67982K(68544K) NonClass: 59989K(60288K)->59989K(60288K) Class: 7993K(8256K)->7993K(8256K)
[2022-04-27T15:52:37.605-0700][gc          ] GC(147) Pause Young (Normal) (G1 Evacuation Pause) 305M->50M(512M) 25.559ms
[2022-04-27T15:52:37.605-0700][gc,cpu      ] GC(147) User=0.01s Sys=0.01s Real=0.03s
[2022-04-27T16:06:53.336-0700][gc,start    ] GC(148) Pause Young (Normal) (G1 Evacuation Pause)
[2022-04-27T16:06:53.339-0700][gc,task     ] GC(148) Using 9 workers of 9 for evacuation
[2022-04-27T16:06:53.352-0700][gc,phases   ] GC(148)   Pre Evacuate Collection Set: 1.3ms
[2022-04-27T16:06:53.352-0700][gc,phases   ] GC(148)   Merge Heap Roots: 0.3ms
[2022-04-27T16:06:53.352-0700][gc,phases   ] GC(148)   Evacuate Collection Set: 7.9ms
[2022-04-27T16:06:53.352-0700][gc,phases   ] GC(148)   Post Evacuate Collection Set: 2.8ms
[2022-04-27T16:06:53.352-0700][gc,phases   ] GC(148)   Other: 3.3ms
[2022-04-27T16:06:53.352-0700][gc,heap     ] GC(148) Eden regions: 255->0(255)
[2022-04-27T16:06:53.352-0700][gc,heap     ] GC(148) Survivor regions: 1->1(32)
[2022-04-27T16:06:53.352-0700][gc,heap     ] GC(148) Old regions: 35->35
[2022-04-27T16:06:53.352-0700][gc,heap     ] GC(148) Archive regions: 2->2
[2022-04-27T16:06:53.352-0700][gc,heap     ] GC(148) Humongous regions: 14->14
[2022-04-27T16:06:53.352-0700][gc,metaspace] GC(148) Metaspace: 67982K(68544K)->67982K(68544K) NonClass: 59989K(60288K)->59989K(60288K) Class: 7993K(8256K)->7993K(8256K)
[2022-04-27T16:06:53.352-0700][gc          ] GC(148) Pause Young (Normal) (G1 Evacuation Pause) 305M->50M(512M) 16.022ms
[2022-04-27T16:06:53.353-0700][gc,cpu      ] GC(148) User=0.01s Sys=0.01s Real=0.02s
[2022-04-27T16:21:05.385-0700][gc,start    ] GC(149) Pause Young (Normal) (G1 Evacuation Pause)
[2022-04-27T16:21:05.388-0700][gc,task     ] GC(149) Using 9 workers of 9 for evacuation
[2022-04-27T16:21:05.407-0700][gc,phases   ] GC(149)   Pre Evacuate Collection Set: 3.9ms
[2022-04-27T16:21:05.407-0700][gc,phases   ] GC(149)   Merge Heap Roots: 0.3ms
[2022-04-27T16:21:05.407-0700][gc,phases   ] GC(149)   Evacuate Collection Set: 12.4ms
[2022-04-27T16:21:05.407-0700][gc,phases   ] GC(149)   Post Evacuate Collection Set: 2.0ms
